 Bounce

 Timestamp is 3e4e598d (Sat Feb 15 10:15:25 2003)

 Preferred load address is 00400000

 Start         Length     Name                   Class
 0001:00000000 000006aaH .text                   CODE
 0002:00000000 000000c4H .idata$5                DATA
 0002:000000d0 000000f0H .rdata                  DATA
 0002:000001c0 0000003fH .rdata$debug            DATA
 0002:00000200 00000004H .rdata$sxdata           DATA
 0002:00000204 00000004H .rtc$IAA                DATA
 0002:00000208 00000004H .rtc$IZZ                DATA
 0002:0000020c 00000004H .rtc$TAA                DATA
 0002:00000210 00000004H .rtc$TZZ                DATA
 0002:00000214 0000003cH .idata$2                DATA
 0002:00000250 00000014H .idata$3                DATA
 0002:00000264 000000c4H .idata$4                DATA
 0002:00000328 00000354H .idata$6                DATA
 0002:0000067c 00000000H .edata                  DATA
 0003:00000000 00000004H .CRT$XCA                DATA
 0003:00000004 00000004H .CRT$XCAA               DATA
 0003:00000008 00000004H .CRT$XCZ                DATA
 0003:0000000c 00000004H .CRT$XIA                DATA
 0003:00000010 00000004H .CRT$XIZ                DATA
 0003:00000014 00000008H .data                   DATA
 0003:00000020 00000050H .bss                    DATA

  Address         Publics by Value              Rva+Base     Lib:Object

 0000:00000001       ___safe_se_handler_count   00000001     <absolute>
 0001:00000000       _BounceProc                00401000 f   Bounce.obj
 0001:000001b1       _WriteTitle                004011b1 f   Bounce.obj
 0001:000001e8       _ClearScreen               004011e8 f   Bounce.obj
 0001:0000021f       _ShutDown                  0040121f f   Bounce.obj
 0001:0000024f       _KbdFunc                   0040124f f   Bounce.obj
 0001:000002a7       _main                      004012a7 f   Bounce.obj
 0001:00000352       @__security_check_cookie@4 00401352 f   MSVCRT:secchk.obj
 0001:00000360       _mainCRTStartup            00401360 f   MSVCRT:crtexe.obj
 0001:000004f8       ___security_init_cookie    004014f8 f   MSVCRT:seccinit.obj
 0001:0000055e       ___security_error_handler  0040155e f   MSVCRT:MSVCR71.dll
 0001:00000564       __SEH_prolog               00401564 f   MSVCRT:sehprolg.obj
 0001:0000059f       __SEH_epilog               0040159f f   MSVCRT:sehprolg.obj
 0001:000005b0       __except_handler3          004015b0 f   MSVCRT:MSVCR71.dll
 0001:000005b6       __XcptFilter               004015b6 f   MSVCRT:MSVCR71.dll
 0001:000005bc       __amsg_exit                004015bc f   MSVCRT:MSVCR71.dll
 0001:000005c2       __onexit                   004015c2 f   MSVCRT:atonexit.obj
 0001:000005e8       _atexit                    004015e8 f   MSVCRT:atonexit.obj
 0001:000005fa       __RTC_Initialize           004015fa f   MSVCRT:initsect.obj
 0001:0000063e       __RTC_Terminate            0040163e f   MSVCRT:initsect.obj
 0001:00000682       __initterm                 00401682 f   MSVCRT:MSVCR71.dll
 0001:00000688       __setdefaultprecision      00401688 f   MSVCRT:fp8.obj
 0001:0000069a       __setargv                  0040169a f   MSVCRT:dllargv.obj
 0001:0000069a       __matherr                  0040169a f   MSVCRT:merr.obj
 0001:0000069e       ___dllonexit               0040169e f   MSVCRT:MSVCR71.dll
 0001:000006a4       __controlfp                004016a4 f   MSVCRT:MSVCR71.dll
 0002:00000000       __imp__OpenDeadlockDetection@4 00402000     DeadlockDetection:DeadlockDetection.dll
 0002:00000004       \177DeadlockDetection_NULL_THUNK_DATA 00402004     DeadlockDetection:DeadlockDetection.dll
 0002:00000008       __imp__Beep@8              00402008     kernel32:KERNEL32.dll
 0002:0000000c       __imp__ReleaseMutex@4      0040200c     kernel32:KERNEL32.dll
 0002:00000010       __imp__WriteConsoleOutputAttribute@20 00402010     kernel32:KERNEL32.dll
 0002:00000014       __imp__ReadConsoleOutputAttribute@20 00402014     kernel32:KERNEL32.dll
 0002:00000018       __imp__ReadConsoleOutputCharacterA@20 00402018     kernel32:KERNEL32.dll
 0002:0000001c       __imp__WaitForSingleObject@8 0040201c     kernel32:KERNEL32.dll
 0002:00000020       __imp__WriteConsoleOutputCharacterA@20 00402020     kernel32:KERNEL32.dll
 0002:00000024       __imp__SetConsoleTitleA@4  00402024     kernel32:KERNEL32.dll
 0002:00000028       __imp__FillConsoleOutputCharacterA@20 00402028     kernel32:KERNEL32.dll
 0002:0000002c       __imp__CloseHandle@4       0040202c     kernel32:KERNEL32.dll
 0002:00000030       __imp__CreateMutexA@12     00402030     kernel32:KERNEL32.dll
 0002:00000034       __imp__GetConsoleScreenBufferInfo@8 00402034     kernel32:KERNEL32.dll
 0002:00000038       __imp__GetStdHandle@4      00402038     kernel32:KERNEL32.dll
 0002:0000003c       __imp__GetCurrentProcessId@0 0040203c     kernel32:KERNEL32.dll
 0002:00000040       __imp__GetCurrentThreadId@0 00402040     kernel32:KERNEL32.dll
 0002:00000044       __imp__GetTickCount@0      00402044     kernel32:KERNEL32.dll
 0002:00000048       __imp__QueryPerformanceCounter@4 00402048     kernel32:KERNEL32.dll
 0002:0000004c       __imp__GetModuleHandleA@4  0040204c     kernel32:KERNEL32.dll
 0002:00000050       __imp__ExitProcess@4       00402050     kernel32:KERNEL32.dll
 0002:00000054       __imp__GetSystemTimeAsFileTime@4 00402054     kernel32:KERNEL32.dll
 0002:00000058       \177KERNEL32_NULL_THUNK_DATA 00402058     kernel32:KERNEL32.dll
 0002:0000005c       __imp___except_handler3    0040205c     MSVCRT:MSVCR71.dll
 0002:00000060       __imp____security_error_handler 00402060     MSVCRT:MSVCR71.dll
 0002:00000064       __imp___exit               00402064     MSVCRT:MSVCR71.dll
 0002:00000068       __imp___XcptFilter         00402068     MSVCRT:MSVCR71.dll
 0002:0000006c       __imp___cexit              0040206c     MSVCRT:MSVCR71.dll
 0002:00000070       __imp__exit                00402070     MSVCRT:MSVCR71.dll
 0002:00000074       __imp____p___initenv       00402074     MSVCRT:MSVCR71.dll
 0002:00000078       __imp___amsg_exit          00402078     MSVCRT:MSVCR71.dll
 0002:0000007c       __imp____getmainargs       0040207c     MSVCRT:MSVCR71.dll
 0002:00000080       __imp___initterm           00402080     MSVCRT:MSVCR71.dll
 0002:00000084       __imp____setusermatherr    00402084     MSVCRT:MSVCR71.dll
 0002:00000088       __imp___adjust_fdiv        00402088     MSVCRT:MSVCR71.dll
 0002:0000008c       __imp____p__commode        0040208c     MSVCRT:MSVCR71.dll
 0002:00000090       __imp____p__fmode          00402090     MSVCRT:MSVCR71.dll
 0002:00000094       __imp____set_app_type      00402094     MSVCRT:MSVCR71.dll
 0002:00000098       __imp____dllonexit         00402098     MSVCRT:MSVCR71.dll
 0002:0000009c       __imp___onexit             0040209c     MSVCRT:MSVCR71.dll
 0002:000000a0       __imp___controlfp          004020a0     MSVCRT:MSVCR71.dll
 0002:000000a4       __imp__tolower             004020a4     MSVCRT:MSVCR71.dll
 0002:000000a8       __imp___getch              004020a8     MSVCRT:MSVCR71.dll
 0002:000000ac       __imp___beginthread        004020ac     MSVCRT:MSVCR71.dll
 0002:000000b0       __imp__sprintf             004020b0     MSVCRT:MSVCR71.dll
 0002:000000b4       __imp__srand               004020b4     MSVCRT:MSVCR71.dll
 0002:000000b8       __imp__rand                004020b8     MSVCRT:MSVCR71.dll
 0002:000000bc       __imp___c_exit             004020bc     MSVCRT:MSVCR71.dll
 0002:000000c0       \177MSVCR71_NULL_THUNK_DATA 004020c0     MSVCRT:MSVCR71.dll
 0002:000000f0       ??_C@_0EB@LDDEDDME@Threads?5running?3?5?$CF02d?4?5?5Press?5?8A@ 004020f0     Bounce.obj
 0002:00000178       __load_config_used         00402178     MSVCRT:loadcfg.obj
 0002:00000200       ___safe_se_handler_table   00402200     <linker-defined>
 0002:00000204       ___rtc_iaa                 00402204     MSVCRT:initsect.obj
 0002:00000208       ___rtc_izz                 00402208     MSVCRT:initsect.obj
 0002:0000020c       ___rtc_taa                 0040220c     MSVCRT:initsect.obj
 0002:00000210       ___rtc_tzz                 00402210     MSVCRT:initsect.obj
 0002:00000214       __IMPORT_DESCRIPTOR_DeadlockDetection 00402214     DeadlockDetection:DeadlockDetection.dll
 0002:00000228       __IMPORT_DESCRIPTOR_KERNEL32 00402228     kernel32:KERNEL32.dll
 0002:0000023c       __IMPORT_DESCRIPTOR_MSVCR71 0040223c     MSVCRT:MSVCR71.dll
 0002:00000250       __NULL_IMPORT_DESCRIPTOR   00402250     DeadlockDetection:DeadlockDetection.dll
 0003:00000000       ___xc_a                    00403000     MSVCRT:cinitexe.obj
 0003:00000008       ___xc_z                    00403008     MSVCRT:cinitexe.obj
 0003:0000000c       ___xi_a                    0040300c     MSVCRT:cinitexe.obj
 0003:00000010       ___xi_z                    00403010     MSVCRT:cinitexe.obj
 0003:00000014       ___security_cookie         00403014     MSVCRT:seccook.obj
 0003:00000018       ___defaultmatherr          00403018     MSVCRT:merr.obj
 0003:00000020       __dowildcard               00403020     MSVCRT:wildcard.obj
 0003:00000024       __newmode                  00403024     MSVCRT:_newmode.obj
 0003:00000028       __commode                  00403028     MSVCRT:xncommod.obj
 0003:0000002c       __fmode                    0040302c     MSVCRT:xtxtmode.obj
 0003:00000030       _hConsoleOut               00403030     <common>
 0003:00000040       _csbiInfo                  00403040     <common>
 0003:00000058       _hScreenMutex              00403058     <common>
 0003:0000005c       _hRunMutex                 0040305c     <common>
 0003:00000060       _ThreadNr                  00403060     <common>
 0003:00000064       __adjust_fdiv              00403064     <common>
 0003:00000068       ___onexitend               00403068     <common>
 0003:0000006c       ___onexitbegin             0040306c     <common>

 entry point at        0001:00000360

 Static symbols

 0001:00000321       _report_failure            00401321 f   MSVCRT:secchk.obj

Line numbers for .\Release\Bounce.obj(d:\dev\booktwo\disk\deadlockdetection\bounce\bounce.c) segment .text

    94 0001:00000000    99 0001:00000006   103 0001:00000011   104 0001:00000027
   105 0001:0000003e   106 0001:0000004e   107 0001:0000005f   110 0001:00000067
   114 0001:00000069   119 0001:0000008b   122 0001:00000099   123 0001:000000b2
   124 0001:000000cb   125 0001:000000dd   128 0001:000000f2   129 0001:00000107
   130 0001:00000120   133 0001:0000012c   134 0001:00000130   136 0001:00000134
   139 0001:0000013f   141 0001:00000155   142 0001:00000158   144 0001:0000016b
   146 0001:0000017d   147 0001:00000180   151 0001:00000193   153 0001:000001af
   156 0001:000001b1   159 0001:000001bc   160 0001:000001d4   161 0001:000001de
   164 0001:000001e8   167 0001:000001ec   168 0001:0000021d    68 0001:0000021f
    63 0001:0000021f    67 0001:00000221    68 0001:0000022d    64 0001:00000233
    71 0001:0000023c    72 0001:0000024a    76 0001:0000024f    81 0001:00000257
    82 0001:0000025f    84 0001:00000271    85 0001:00000277    86 0001:00000289
    88 0001:00000297    90 0001:000002a2    40 0001:000002a7    41 0001:000002a9
    44 0001:000002b1    45 0001:000002b9    46 0001:000002ca    47 0001:000002cf
    49 0001:000002d7    50 0001:000002e3    51 0001:000002f3    54 0001:000002f9
    57 0001:000002fe    58 0001:0000030c    59 0001:00000314    60 0001:0000031d

Line numbers for G:\VSNET\Vc7\lib\MSVCRT.lib(f:\vs70builds\3036\vc\crtbld\crt\src\atonexit.c) segment .text

    81 0001:000005c2    76 0001:000005c2    90 0001:000005e7    96 0001:000005e8
    95 0001:000005e8    97 0001:000005f9

Line numbers for G:\VSNET\Vc7\lib\MSVCRT.lib(f:\vs70builds\3036\vc\crtbld\crt\src\crtexe.c) segment .text

   202 0001:00000360   222 0001:0000036c   229 0001:000003c7   236 0001:000003ca
   244 0001:000003d3   249 0001:000003e1   250 0001:000003ef   257 0001:000003fd
   264 0001:00000409   275 0001:0000040e   282 0001:00000413   283 0001:0000041b
   286 0001:00000427   305 0001:0000042c   308 0001:0000043b   324 0001:00000445
   327 0001:0000044d   329 0001:0000046f   330 0001:00000473   336 0001:0000047b
   397 0001:0000048a   398 0001:00000495   403 0001:000004ab   404 0001:000004b0
   406 0001:000004b7   409 0001:000004bf   415 0001:000004d6   417 0001:000004d9
   418 0001:000004df   420 0001:000004e6   424 0001:000004f0   425 0001:000004f2

Line numbers for G:\VSNET\Vc7\lib\MSVCRT.lib(f:\vs70builds\3036\vc\crtbld\crt\src\dllargv.c) segment .text

    49 0001:0000069a    48 0001:0000069a    50 0001:0000069c

Line numbers for G:\VSNET\Vc7\lib\MSVCRT.lib(f:\vs70builds\3036\vc\crtbld\crt\src\merr.c) segment .text

    33 0001:0000069a    32 0001:0000069a    34 0001:0000069c

Line numbers for G:\VSNET\Vc7\lib\MSVCRT.lib(f:\vs70builds\3036\vc\crtbld\crt\src\intel\fp8.c) segment .text

    19 0001:00000688    18 0001:00000688    20 0001:00000699

Line numbers for G:\VSNET\Vc7\lib\MSVCRT.lib(f:\vs70builds\3036\vc\crtbld\crt\src\secchk.c) segment .text

   114 0001:00000321   116 0001:0000032d   117 0001:00000331   119 0001:0000033e
   123 0001:00000349   100 0001:00000352   103 0001:00000352   104 0001:00000358
   105 0001:0000035a   107 0001:0000035b

Line numbers for G:\VSNET\Vc7\lib\MSVCRT.lib(f:\vs70builds\3036\vc\crtbld\crt\src\seccinit.c) segment .text

    49 0001:000004f8    58 0001:000004fe    67 0001:0000050f    70 0001:00000519
    75 0001:0000051f    76 0001:00000527    77 0001:0000052f    79 0001:00000537
    93 0001:00000541    94 0001:0000055c
