 BSU_ExpEval_AddIn

 Timestamp is 3e4e5804 (Sat Feb 15 10:08:52 2003)

 Preferred load address is 60040000

 Start         Length     Name                   Class
 0001:00000000 00000b98H .text                   CODE
 0002:00000000 00000068H .idata$5                DATA
 0002:00000070 00000220H .rdata                  DATA
 0002:00000290 0000004aH .rdata$debug            DATA
 0002:000002e0 00000004H .rdata$sxdata           DATA
 0002:000002e4 00000004H .rtc$IAA                DATA
 0002:000002e8 00000004H .rtc$IZZ                DATA
 0002:000002ec 00000004H .rtc$TAA                DATA
 0002:000002f0 00000004H .rtc$TZZ                DATA
 0002:000002f4 0000003cH .idata$2                DATA
 0002:00000330 00000014H .idata$3                DATA
 0002:00000344 00000068H .idata$4                DATA
 0002:000003ac 000001b6H .idata$6                DATA
 0002:00000570 000000f2H .edata                  DATA
 0003:00000000 00000004H .CRT$XCA                DATA
 0003:00000004 00000004H .CRT$XCAA               DATA
 0003:00000008 00000004H .CRT$XCZ                DATA
 0003:0000000c 00000004H .CRT$XIA                DATA
 0003:00000010 00000004H .CRT$XIZ                DATA
 0003:00000014 00000004H .data                   DATA
 0003:00000018 00000014H .bss                    DATA
 0004:00000000 00000058H .rsrc$01                DATA
 0004:00000060 000003e0H .rsrc$02                DATA

  Address         Publics by Value              Rva+Base     Lib:Object

 0000:00000001       ___safe_se_handler_count   00000001     <absolute>
 0001:00000000       _DllMain@12                60041000 f   BSU_ExpEval_AddIn.obj
 0001:0000006c       _AddIn_SYSTEMTIME@28       6004106c f   BSU_ExpEval_AddIn.obj
 0001:000000f8       _AddIn_FILETIME@28         600410f8 f   BSU_ExpEval_AddIn.obj
 0001:0000024a       _AddIn_OSVERSIONINFOA@28   6004124a f   BSU_ExpEval_AddIn.obj
 0001:00000368       _AddIn_OSVERSIONINFOW@28   60041368 f   BSU_ExpEval_AddIn.obj
 0001:0000057e       _AddIn_OSVERSIONINFOEXA@28 6004157e f   BSU_ExpEval_AddIn.obj
 0001:000006ca       _AddIn_OSVERSIONINFOEXW@28 600416ca f   BSU_ExpEval_AddIn.obj
 0001:00000818       _strlen                    60041818 f   MSVCRT:MSVCR71.dll
 0001:0000081e       _strcpy                    6004181e f   MSVCRT:MSVCR71.dll
 0001:00000824       __CRT_INIT@12              60041824 f   MSVCRT:crtdll.obj
 0001:000008e2       __DllMainCRTStartup@12     600418e2 f   MSVCRT:crtdll.obj
 0001:000009c6       __initterm                 600419c6 f   MSVCRT:MSVCR71.dll
 0001:000009cc       __onexit                   600419cc f   MSVCRT:atonexit.obj
 0001:000009f2       _atexit                    600419f2 f   MSVCRT:atonexit.obj
 0001:00000a04       __RTC_Initialize           60041a04 f   MSVCRT:initsect.obj
 0001:00000a48       __RTC_Terminate            60041a48 f   MSVCRT:initsect.obj
 0001:00000a8c       ___CppXcptFilter           60041a8c f   MSVCRT:MSVCR71.dll
 0001:00000a94       __SEH_prolog               60041a94 f   MSVCRT:sehprolg.obj
 0001:00000acf       __SEH_epilog               60041acf f   MSVCRT:sehprolg.obj
 0001:00000ae0       __except_handler3          60041ae0 f   MSVCRT:MSVCR71.dll
 0001:00000ae6       ___dllonexit               60041ae6 f   MSVCRT:MSVCR71.dll
 0001:00000b1d       @__security_check_cookie@4 60041b1d f   MSVCRT:secchk.obj
 0001:00000b2b       ___security_init_cookie    60041b2b f   MSVCRT:seccinit.obj
 0001:00000b92       ___security_error_handler  60041b92 f   MSVCRT:MSVCR71.dll
 0002:00000000       __imp__DisableThreadLibraryCalls@4 60042000     kernel32:KERNEL32.dll
 0002:00000004       __imp__GetDateFormatA@24   60042004     kernel32:KERNEL32.dll
 0002:00000008       __imp__GetThreadLocale@0   60042008     kernel32:KERNEL32.dll
 0002:0000000c       __imp__GetTimeFormatA@24   6004200c     kernel32:KERNEL32.dll
 0002:00000010       __imp__FileTimeToSystemTime@8 60042010     kernel32:KERNEL32.dll
 0002:00000014       __imp__GetCurrentProcessId@0 60042014     kernel32:KERNEL32.dll
 0002:00000018       __imp__GetCurrentThreadId@0 60042018     kernel32:KERNEL32.dll
 0002:0000001c       __imp__GetTickCount@0      6004201c     kernel32:KERNEL32.dll
 0002:00000020       __imp__QueryPerformanceCounter@4 60042020     kernel32:KERNEL32.dll
 0002:00000024       __imp__ExitProcess@4       60042024     kernel32:KERNEL32.dll
 0002:00000028       __imp__GetSystemTimeAsFileTime@4 60042028     kernel32:KERNEL32.dll
 0002:0000002c       \177KERNEL32_NULL_THUNK_DATA 6004202c     kernel32:KERNEL32.dll
 0002:00000030       __imp__malloc              60042030     MSVCRT:MSVCR71.dll
 0002:00000034       __imp___initterm           60042034     MSVCRT:MSVCR71.dll
 0002:00000038       __imp____CppXcptFilter     60042038     MSVCRT:MSVCR71.dll
 0002:0000003c       __imp___except_handler3    6004203c     MSVCRT:MSVCR71.dll
 0002:00000040       __imp____dllonexit         60042040     MSVCRT:MSVCR71.dll
 0002:00000044       __imp___onexit             60042044     MSVCRT:MSVCR71.dll
 0002:00000048       __imp____security_error_handler 60042048     MSVCRT:MSVCR71.dll
 0002:0000004c       __imp__free                6004204c     MSVCRT:MSVCR71.dll
 0002:00000050       __imp__strcpy              60042050     MSVCRT:MSVCR71.dll
 0002:00000054       __imp__strlen              60042054     MSVCRT:MSVCR71.dll
 0002:00000058       __imp___adjust_fdiv        60042058     MSVCRT:MSVCR71.dll
 0002:0000005c       \177MSVCR71_NULL_THUNK_DATA 6004205c     MSVCRT:MSVCR71.dll
 0002:00000060       __imp__wsprintfA           60042060     user32:USER32.dll
 0002:00000064       \177USER32_NULL_THUNK_DATA 60042064     user32:USER32.dll
 0002:000000bc       ??_C@_0BC@IGDCANHF@Standard?5Edition?5?$AA@ 600420bc     BSU_ExpEval_AddIn.obj
 0002:000000d0       ??_C@_0N@BNPFCBGM@Web?5Edition?5?$AA@ 600420d0     BSU_ExpEval_AddIn.obj
 0002:000000e0       ??_C@_0BE@NLEGHPDC@Enterprise?5Edition?5?$AA@ 600420e0     BSU_ExpEval_AddIn.obj
 0002:000000f4       ??_C@_0BE@GKJIIJAP@Datacenter?5Edition?5?$AA@ 600420f4     BSU_ExpEval_AddIn.obj
 0002:00000108       ??_C@_0O@MDJHKKNB@Home?5Edition?5?$AA@ 60042108     BSU_ExpEval_AddIn.obj
 0002:00000118       ??_C@_07GGILJBPJ@Server?5?$AA@ 60042118     BSU_ExpEval_AddIn.obj
 0002:00000120       ??_C@_0BB@BIAFMEFO@Advanced?5Server?5?$AA@ 60042120     BSU_ExpEval_AddIn.obj
 0002:00000134       ??_C@_0BD@CMGHKCOJ@Datacenter?5Server?5?$AA@ 60042134     BSU_ExpEval_AddIn.obj
 0002:00000148       ??_C@_0O@HLCCHGCK@Professional?5?$AA@ 60042148     BSU_ExpEval_AddIn.obj
 0002:00000158       ??_C@_02KPKOKMHB@?$CFS?$AA@ 60042158     BSU_ExpEval_AddIn.obj
 0002:0000015c       ??_C@_02DKCKIIND@?$CFs?$AA@ 6004215c     BSU_ExpEval_AddIn.obj
 0002:00000160       ??_C@_05LKLPEAOK@?$CI?$CFd?$CJ?5?$AA@ 60042160     BSU_ExpEval_AddIn.obj
 0002:00000168       ??_C@_0BF@CEALCGKE@Windows?5Server?52003?5?$AA@ 60042168     BSU_ExpEval_AddIn.obj
 0002:00000180       ??_C@_0M@LCADOHED@Windows?5XP?5?$AA@ 60042180     BSU_ExpEval_AddIn.obj
 0002:0000018c       ??_C@_0O@DEJBBEMC@Windows?52000?5?$AA@ 6004218c     BSU_ExpEval_AddIn.obj
 0002:0000019c       ??_C@_0M@PHGEGHJF@Windows?5Me?5?$AA@ 6004219c     BSU_ExpEval_AddIn.obj
 0002:000001a8       ??_C@_0M@HHFNONLN@Windows?598?5?$AA@ 600421a8     BSU_ExpEval_AddIn.obj
 0002:000001b4       ??_C@_0M@HPIFHOOO@Windows?595?5?$AA@ 600421b4     BSU_ExpEval_AddIn.obj
 0002:000001c0       ??_C@_0BA@MAHGKLFD@Windows?5NT?54?40?5?$AA@ 600421c0     BSU_ExpEval_AddIn.obj
 0002:000001d0       ??_C@_03KHICJKCI@?4?4?4?$AA@ 600421d0     BSU_ExpEval_AddIn.obj
 0002:00000248       __load_config_used         60042248     MSVCRT:loadcfg.obj
 0002:000002e0       ___safe_se_handler_table   600422e0     <linker-defined>
 0002:000002e4       ___rtc_iaa                 600422e4     MSVCRT:initsect.obj
 0002:000002e8       ___rtc_izz                 600422e8     MSVCRT:initsect.obj
 0002:000002ec       ___rtc_taa                 600422ec     MSVCRT:initsect.obj
 0002:000002f0       ___rtc_tzz                 600422f0     MSVCRT:initsect.obj
 0002:000002f4       __IMPORT_DESCRIPTOR_KERNEL32 600422f4     kernel32:KERNEL32.dll
 0002:00000308       __IMPORT_DESCRIPTOR_USER32 60042308     user32:USER32.dll
 0002:0000031c       __IMPORT_DESCRIPTOR_MSVCR71 6004231c     MSVCRT:MSVCR71.dll
 0002:00000330       __NULL_IMPORT_DESCRIPTOR   60042330     kernel32:KERNEL32.dll
 0003:00000000       ___xc_a                    60043000     MSVCRT:cinitexe.obj
 0003:00000008       ___xc_z                    60043008     MSVCRT:cinitexe.obj
 0003:0000000c       ___xi_a                    6004300c     MSVCRT:cinitexe.obj
 0003:00000010       ___xi_z                    60043010     MSVCRT:cinitexe.obj
 0003:00000014       ___security_cookie         60043014     MSVCRT:seccook.obj
 0003:0000001c       __adjust_fdiv              6004301c     <common>
 0003:00000020       ___onexitend               60043020     <common>
 0003:00000024       ___onexitbegin             60043024     <common>
 0003:00000028       __pRawDllMain              60043028     <common>

 entry point at        0001:000008e2

 Static symbols

 0001:00000017       ?FormatDateTime@@YAJPAU_SYSTEMTIME@@PADI@Z 60041017 f   BSU_ExpEval_AddIn.obj
 0001:00000197       ?ConvertBaseOSV@@YAHPAU_OSVERSIONINFOA@@PAD@Z 60041197 f   BSU_ExpEval_AddIn.obj
 0001:0000021e       ?ConvertBuildNumber@@YAHPAU_OSVERSIONINFOA@@PAD@Z 6004121e f   BSU_ExpEval_AddIn.obj
 0001:00000487       ?ConvertOSVEx@@YAHKGGPAD@Z 60041487 f   BSU_ExpEval_AddIn.obj
 0001:00000aec       _report_failure            60041aec f   MSVCRT:secchk.obj

Line numbers for .\Release\BSU_ExpEval_AddIn.obj(d:\dev\booktwo\disk\bsu_expeval_addin\bsu_expeval_addin.cpp) segment .text

    83 0001:00000000    85 0001:00000000    89 0001:00000007    96 0001:00000011
    97 0001:00000014   108 0001:00000017   114 0001:00000018   116 0001:00000034
   118 0001:0000003b   121 0001:00000044   123 0001:0000004b   124 0001:0000004f
   130 0001:00000050   131 0001:00000067   132 0001:0000006b   141 0001:0000006c
   142 0001:00000078   145 0001:00000083   148 0001:0000008a   150 0001:0000008c
   153 0001:0000008f   154 0001:00000092   157 0001:0000009c   165 0001:000000ac
   167 0001:000000c4   169 0001:000000ca   173 0001:000000de   175 0001:000000e5
   177 0001:000000ee   178 0001:000000f0   187 0001:000000f8   188 0001:00000104
   191 0001:0000010f   194 0001:00000116   196 0001:00000118   200 0001:0000011b
   201 0001:0000011e   204 0001:00000128   212 0001:00000138   214 0001:00000150
   218 0001:00000156   220 0001:00000169   225 0001:0000017d   227 0001:00000184
   229 0001:0000018d   230 0001:0000018f   235 0001:00000197   238 0001:00000197
   240 0001:000001a5   242 0001:000001ab   280 0001:000001b9   246 0001:000001ba
   249 0001:000001bf   250 0001:000001c1   252 0001:000001cc   254 0001:000001d1
   255 0001:000001d3   257 0001:000001de   259 0001:000001e3   260 0001:000001e5
   262 0001:000001f0   264 0001:000001f5   265 0001:000001f7   267 0001:00000202
   269 0001:00000207   270 0001:00000209   272 0001:00000214   274 0001:00000219
   277 0001:0000021b   280 0001:0000021d   287 0001:0000021e   285 0001:0000021e
   291 0001:00000228   293 0001:0000022b   296 0001:00000232   299 0001:00000249
   309 0001:0000024a   310 0001:00000261   313 0001:0000026c   316 0001:00000276
   318 0001:00000280   321 0001:00000285   322 0001:00000295   333 0001:0000029b
   337 0001:000002bd   341 0001:000002c5   342 0001:000002ce   343 0001:000002e1
   345 0001:000002e5   347 0001:000002ed   349 0001:00000300   350 0001:00000308
   354 0001:00000310   357 0001:00000326   359 0001:00000328   362 0001:00000335
   365 0001:0000033d   367 0001:00000344   369 0001:00000352   370 0001:00000358
   380 0001:00000368   381 0001:0000037f   384 0001:0000038a   387 0001:00000394
   389 0001:0000039e   392 0001:000003a3   393 0001:000003b3   404 0001:000003b9
   408 0001:000003db   412 0001:000003e3   414 0001:000003ec   415 0001:000003ff
   417 0001:00000403   421 0001:0000040b   423 0001:0000041e   424 0001:00000426
   428 0001:0000042f   431 0001:00000445   433 0001:00000447   436 0001:00000454
   439 0001:0000045c   441 0001:00000463   443 0001:00000471   444 0001:00000477
   450 0001:00000487   451 0001:0000048c   455 0001:0000048e   457 0001:00000496
   459 0001:000004a7   461 0001:000004a9   463 0001:000004b1   467 0001:000004b6
   470 0001:000004c2   472 0001:000004c8   475 0001:000004cd   476 0001:000004d2
   478 0001:000004d8   481 0001:000004dd   483 0001:000004e2   487 0001:000004e7
   489 0001:000004ec   493 0001:000004ee   495 0001:000004f9   497 0001:00000500
   501 0001:0000050e   503 0001:0000051b   506 0001:00000520   508 0001:00000522
   513 0001:00000528   515 0001:00000530   516 0001:00000541   519 0001:00000543
   521 0001:0000054a   524 0001:0000054f   525 0001:00000551   527 0001:00000557
   530 0001:0000055c   531 0001:0000055e   533 0001:00000564   536 0001:00000569
   538 0001:0000056b   547 0001:00000578   548 0001:0000057c   559 0001:0000057e
   560 0001:00000595   563 0001:000005a0   566 0001:000005aa   568 0001:000005b4
   571 0001:000005b9   572 0001:000005c9   583 0001:000005cf   587 0001:000005f1
   591 0001:000005fd   592 0001:00000606   594 0001:0000060c   599 0001:00000615
   601 0001:0000062e   604 0001:00000630   606 0001:00000643   608 0001:00000647
   611 0001:0000064f   613 0001:00000662   614 0001:0000066a   618 0001:00000672
   621 0001:00000688   623 0001:0000068a   626 0001:00000697   629 0001:0000069f
   631 0001:000006a6   633 0001:000006b4   634 0001:000006ba   644 0001:000006ca
   645 0001:000006e1   648 0001:000006ec   651 0001:000006f6   653 0001:00000700
   656 0001:00000705   657 0001:00000715   668 0001:0000071b   672 0001:0000073d
   676 0001:00000749   677 0001:00000752   679 0001:00000758   684 0001:00000761
   686 0001:0000077a   689 0001:0000077c   691 0001:0000078f   693 0001:00000793
   696 0001:0000079b   698 0001:000007ae   699 0001:000007b6   703 0001:000007bf
   706 0001:000007d5   708 0001:000007d7   711 0001:000007e4   714 0001:000007ec
   716 0001:000007f3   718 0001:00000801   719 0001:00000807

Line numbers for G:\VSNET\Vc7\lib\MSVCRT.lib(f:\vs70builds\3036\vc\crtbld\crt\src\atonexit.c) segment .text

    81 0001:000009cc    76 0001:000009cc    90 0001:000009f1    96 0001:000009f2
    95 0001:000009f2    97 0001:00000a03

Line numbers for G:\VSNET\Vc7\lib\MSVCRT.lib(f:\vs70builds\3036\vc\crtbld\crt\src\crtdll.c) segment .text

   134 0001:00000824   129 0001:00000824   135 0001:0000082c   136 0001:00000834
   158 0001:0000083a   163 0001:0000084d   168 0001:00000862   170 0001:00000866
   172 0001:00000869   178 0001:00000873   179 0001:00000878   184 0001:00000882
   189 0001:00000893   192 0001:0000089a   219 0001:000008a0   220 0001:000008a9
   225 0001:000008ab   226 0001:000008b7   234 0001:000008cd   236 0001:000008d4
   234 0001:000008db   240 0001:000008dc   241 0001:000008df   249 0001:000008e2
   250 0001:000008ee   252 0001:000008f4   257 0001:000008f9   258 0001:00000906
   260 0001:0000090c   262 0001:00000915   263 0001:0000091e   265 0001:0000092a
   266 0001:00000933   268 0001:00000942   269 0001:00000944   272 0001:00000946
   275 0001:00000956   283 0001:0000095f   286 0001:00000969   288 0001:00000972
   289 0001:00000980   291 0001:00000983   292 0001:00000991   298 0001:0000099f
   294 0001:000009a4   295 0001:000009bc   299 0001:000009be

Line numbers for G:\VSNET\Vc7\lib\MSVCRT.lib(f:\vs70builds\3036\vc\crtbld\crt\src\secchk.c) segment .text

   114 0001:00000aec   116 0001:00000af8   117 0001:00000afc   119 0001:00000b09
   123 0001:00000b14   100 0001:00000b1d   103 0001:00000b1d   104 0001:00000b23
   105 0001:00000b25   107 0001:00000b26

Line numbers for G:\VSNET\Vc7\lib\MSVCRT.lib(f:\vs70builds\3036\vc\crtbld\crt\src\seccinit.c) segment .text

    49 0001:00000b2b    58 0001:00000b31    67 0001:00000b42    70 0001:00000b4c
    75 0001:00000b52    76 0001:00000b5a    77 0001:00000b62    79 0001:00000b6a
    93 0001:00000b74    94 0001:00000b8f

 Exports

  ordinal    name

        1    _AddIn_FILETIME@28
               exported name: AddIn_FILETIME
        2    _AddIn_OSVERSIONINFOA@28
               exported name: AddIn_OSVERSIONINFOA
        3    _AddIn_OSVERSIONINFOEXA@28
               exported name: AddIn_OSVERSIONINFOEXA
        4    _AddIn_OSVERSIONINFOEXW@28
               exported name: AddIn_OSVERSIONINFOEXW
        5    _AddIn_OSVERSIONINFOW@28
               exported name: AddIn_OSVERSIONINFOW
        6    _AddIn_SYSTEMTIME@28
               exported name: AddIn_SYSTEMTIME
