 BugslayerUtil

 Timestamp is 3e4e5735 (Sat Feb 15 10:05:25 2003)

 Preferred load address is 60000000

 Start         Length     Name                   Class
 0001:00000000 00009380H .text                   CODE
 0001:00009380 0000003fH .text$x                 CODE
 0001:000093bf 0000007aH .text$yc                CODE
 0001:00009439 0000003eH .text$yd                CODE
 0002:00000000 000001f4H .idata$5                DATA
 0002:00000200 00001c00H .rdata                  DATA
 0002:00001e00 00000046H .rdata$debug            DATA
 0002:00001e50 00000010H .rdata$sxdata           DATA
 0002:00001e60 00000004H .rtc$IAA                DATA
 0002:00001e64 00000004H .rtc$IZZ                DATA
 0002:00001e68 00000004H .rtc$TAA                DATA
 0002:00001e6c 00000004H .rtc$TZZ                DATA
 0002:00001e70 0000006cH .xdata$x                DATA
 0002:00001edc 00000040H .didat$2                DATA
 0002:00001f1c 00000020H .didat$3                DATA
 0002:00001f3c 00000120H .didat$4                DATA
 0002:0000205c 0000048eH .didat$6                DATA
 0002:000024ec 00000120H .didat$7                DATA
 0002:0000260c 00000050H .idata$2                DATA
 0002:0000265c 00000014H .idata$3                DATA
 0002:00002670 000001f4H .idata$4                DATA
 0002:00002864 00000826H .idata$6                DATA
 0002:00003090 000006bcH .edata                  DATA
 0003:00000000 00000004H .CRT$XCA                DATA
 0003:00000004 00000004H .CRT$XCAA               DATA
 0003:00000008 00000004H .CRT$XCL                DATA
 0003:0000000c 00000014H .CRT$XCU                DATA
 0003:00000020 00000004H .CRT$XCZ                DATA
 0003:00000024 00000004H .CRT$XIA                DATA
 0003:00000028 00000004H .CRT$XIZ                DATA
 0003:00000030 00000060H .data                   DATA
 0003:00000090 00000120H .didat$5                DATA
 0003:000001b0 00001e14H .bss                    DATA
 0004:00000000 00000190H .rsrc$01                DATA
 0004:00000190 00000ec8H .rsrc$02                DATA

  Address         Publics by Value              Rva+Base     Lib:Object

 0000:00000000       __except_list              00000000     <absolute>
 0000:00000004       ___safe_se_handler_count   00000004     <absolute>
 0000:00009876       __fltused                  00009876     <absolute>
 0000:00009876       __ldused                   00009876     <absolute>
 0000:00000000       ___ImageBase               60000000     <linker-defined>
 0001:00000000       _AllocAndFillProcessModuleList@8 60001000 f   AllocAndFillProcessModuleList.obj
 0001:000000ac       ??1JWnd@@UAE@XZ            600010ac f i AssertDlg.obj
 0001:000000cf       ?Attach@JWnd@@QAEHPAUHWND__@@@Z 600010cf f i AssertDlg.obj
 0001:00000112       ?Attach@JWnd@@QAEHPAUHWND__@@H@Z 60001112 f i AssertDlg.obj
 0001:0000012c       ?Detach@JWnd@@QAEXXZ       6000112c f i AssertDlg.obj
 0001:0000014d       ?GetItemWindowRect@JWnd@@QAEHHPAUtagRECT@@@Z 6000114d f i AssertDlg.obj
 0001:0000016c       ?MoveWindow@JWnd@@QAEHHHHHH@Z 6000116c f i AssertDlg.obj
 0001:0000018b       ?MoveWindow@JWnd@@QAEHABUtagRECT@@H@Z 6000118b f i AssertDlg.obj
 0001:000001b0       ??_EJWnd@@UAEPAXI@Z        600011b0 f i AssertDlg.obj
 0001:000001b0       ??_GJWnd@@UAEPAXI@Z        600011b0 f i AssertDlg.obj
 0001:000001cc       ??0JWinApp@@QAE@XZ         600011cc f i AssertDlg.obj
 0001:000001ee       ?GetInstanceForClassRegistration@JWinApp@@UAEPAUHINSTANCE__@@XZ 600011ee f i AssertDlg.obj
 0001:000001f2       ?ExitInstance@JWinApp@@UAEHXZ 600011f2 f i AssertDlg.obj
 0001:000001f2       ?InitInstance@JWinApp@@UAEHXZ 600011f2 f i AssertDlg.obj
 0001:000001f5       ??0JModalDlg@@QAE@IPAVJWnd@@PAUHINSTANCE__@@@Z 600011f5 f i AssertDlg.obj
 0001:00000228       ??1JModalDlg@@UAE@XZ       60001228 f i AssertDlg.obj
 0001:00000233       ?DoModal@JModalDlg@@UAEHXZ 60001233 f i AssertDlg.obj
 0001:0000024f       ?OnOk@JModalDlg@@MAEXXZ    6000124f f i AssertDlg.obj
 0001:0000025b       ?OnCancel@JModalDlg@@MAEXXZ 6000125b f i AssertDlg.obj
 0001:00000267       ?OnCommand@JModalDlg@@MAEHGGPAUHWND__@@@Z 60001267 f i AssertDlg.obj
 0001:000002a4       ?WindowProc@JModalDlg@@MAEJIIJ@Z 600012a4 f i AssertDlg.obj
 0001:000002e5       ??_EJModalDlg@@UAEPAXI@Z   600012e5 f i AssertDlg.obj
 0001:000002e5       ??_GJModalDlg@@UAEPAXI@Z   600012e5 f i AssertDlg.obj
 0001:00000301       ??1JButton@@UAE@XZ         60001301 f i AssertDlg.obj
 0001:0000030c       ?GetCheck@JButton@@QBEHXZ  6000130c f i AssertDlg.obj
 0001:0000031f       ?SetCheck@JButton@@QAEXH@Z 6000131f f i AssertDlg.obj
 0001:00000336       ??_EJButton@@UAEPAXI@Z     60001336 f i AssertDlg.obj
 0001:00000336       ??_GJButton@@UAEPAXI@Z     60001336 f i AssertDlg.obj
 0001:00000352       ??1JMenu@@UAE@XZ           60001352 f i AssertDlg.obj
 0001:00000374       ?Detach@JMenu@@QAEPAUHMENU__@@XZ 60001374 f i AssertDlg.obj
 0001:00000398       ??_EJMenu@@UAEPAXI@Z       60001398 f i AssertDlg.obj
 0001:00000398       ??_GJMenu@@UAEPAXI@Z       60001398 f i AssertDlg.obj
 0001:000003b4       ??1JGdiObject@@UAE@XZ      600013b4 f i AssertDlg.obj
 0001:000003ce       ?DeleteObject@JGdiObject@@QAEHXZ 600013ce f i AssertDlg.obj
 0001:000003e1       ??_EJGdiObject@@UAEPAXI@Z  600013e1 f i AssertDlg.obj
 0001:000003e1       ??_GJGdiObject@@UAEPAXI@Z  600013e1 f i AssertDlg.obj
 0001:000003fd       ??1JFont@@UAE@XZ           600013fd f i AssertDlg.obj
 0001:00000408       ??_EJFont@@UAEPAXI@Z       60001408 f i AssertDlg.obj
 0001:00000408       ??_GJFont@@UAEPAXI@Z       60001408 f i AssertDlg.obj
 0001:00000424       ?Close@JRegistry@@QAEXXZ   60001424 f i AssertDlg.obj
 0001:00000437       ?OpenKey@JRegistry@@QAEHPAUHKEY__@@PBG@Z 60001437 f i AssertDlg.obj
 0001:0000045e       ?CreateKey@JRegistry@@QAEHPAUHKEY__@@PBGPAK@Z 6000145e f i AssertDlg.obj
 0001:0000048d       ?QueryValue@JRegistry@@QAEHPBGAAK@Z 6000148d f i AssertDlg.obj
 0001:000004c0       ?QueryValue@JRegistry@@QAEHPBGPAXK@Z 600014c0 f i AssertDlg.obj
 0001:000004f4       ?SetValue@JRegistry@@QAEHPBGK@Z 600014f4 f i AssertDlg.obj
 0001:00000518       ??_EJRegistry@@UAEPAXI@Z   60001518 f i AssertDlg.obj
 0001:00000518       ??_GJRegistry@@UAEPAXI@Z   60001518 f i AssertDlg.obj
 0001:0000053a       ??1JComboBox@@UAE@XZ       6000153a f i AssertDlg.obj
 0001:00000545       ?AddString@JComboBox@@QAEHPBG@Z 60001545 f i AssertDlg.obj
 0001:0000055c       ?GetCurSel@JComboBox@@QAEHXZ 6000155c f i AssertDlg.obj
 0001:0000056f       ?GetItemData@JComboBox@@QAEHH@Z 6000156f f i AssertDlg.obj
 0001:00000586       ?SetCurSel@JComboBox@@QAEHH@Z 60001586 f i AssertDlg.obj
 0001:0000059d       ?SetItemData@JComboBox@@QAEHHPAX@Z 6000159d f i AssertDlg.obj
 0001:000005b6       ?AddStringAndData@JComboBox@@QAEHPBGPAX@Z 600015b6 f i AssertDlg.obj
 0001:000005da       ??_EJComboBox@@UAEPAXI@Z   600015da f i AssertDlg.obj
 0001:000005da       ??_GJComboBox@@UAEPAXI@Z   600015da f i AssertDlg.obj
 0001:000005f6       ??0JAssertionOptionsDlg@@QAE@AAH000PAVJWnd@@@Z 600015f6 f i AssertDlg.obj
 0001:000006fc       ??1JAssertionOptionsDlg@@UAE@XZ 600016fc f i AssertDlg.obj
 0001:00000779       ??_EJAssertionOptionsDlg@@UAEPAXI@Z 60001779 f i AssertDlg.obj
 0001:00000779       ??_GJAssertionOptionsDlg@@UAEPAXI@Z 60001779 f i AssertDlg.obj
 0001:00000795       ??0JInputBox@@QAE@PBG0PAGHPAVJWnd@@@Z 60001795 f i AssertDlg.obj
 0001:00000802       ??1JInputBox@@UAE@XZ       60001802 f i AssertDlg.obj
 0001:00000829       ??_EJInputBox@@UAEPAXI@Z   60001829 f i AssertDlg.obj
 0001:00000829       ??_GJInputBox@@UAEPAXI@Z   60001829 f i AssertDlg.obj
 0001:00000845       ??0JBSUApp@@QAE@XZ         60001845 f i AssertDlg.obj
 0001:00000855       ??1JBSUApp@@QAE@XZ         60001855 f i AssertDlg.obj
 0001:00000866       ?WindowProc@JAssertionDlg@@MAEJIIJ@Z 60001866 f   AssertDlg.obj
 0001:000009f8       ??0JAssertionDlg@@QAE@PBGPBD_K22PAHPAUtag_THREADINFO@@K@Z 600019f8 f   AssertDlg.obj
 0001:00000d36       ??_EJAssertionDlg@@UAEPAXI@Z 60001d36 f i AssertDlg.obj
 0001:00000d36       ??_GJAssertionDlg@@UAEPAXI@Z 60001d36 f i AssertDlg.obj
 0001:00000d52       ??1JAssertionDlg@@UAE@XZ   60001d52 f   AssertDlg.obj
 0001:00000e27       ?Fold@JAssertionDlg@@QAEXH@Z 60001e27 f   AssertDlg.obj
 0001:00000f5d       ?SaveRestoreFoldedWindowStates@JAssertionDlg@@IAEXH@Z 60001f5d f   AssertDlg.obj
 0001:00000ff2       ?GetClientSize@JAssertionDlg@@IAEHAAUtagSIZE@@@Z 60001ff2 f   AssertDlg.obj
 0001:0000101d       ?GetItemWindowRectLocal@JAssertionDlg@@IAEHIAAUtagRECT@@@Z 6000201d f   AssertDlg.obj
 0001:0000105a       ?InvalidateGrip@JAssertionDlg@@IAEXXZ 6000205a f   AssertDlg.obj
 0001:00001094       ?PersistState@JAssertionDlg@@IAEXXZ 60002094 f   AssertDlg.obj
 0001:0000117f       ?EnumerateLocalsIntoBuffer@JAssertionDlg@@KGH_KPBG11HPAX@Z 6000217f f   AssertDlg.obj
 0001:0000125c       ?WalkTheSpecifiedStack@JAssertionDlg@@IAEXHH@Z 6000225c f   AssertDlg.obj
 0001:0000159f       ?OnInitDialog@JAssertionDlg@@MAEHPAUHWND__@@J@Z 6000259f f   AssertDlg.obj
 0001:00001b9f       ?OnGetMinMaxInfo@JAssertionDlg@@MAEHPAUtagMINMAXINFO@@@Z 60002b9f f   AssertDlg.obj
 0001:00001bec       ?OnDestroy@JAssertionDlg@@MAEXXZ 60002bec f   AssertDlg.obj
 0001:00001c32       ?OnSize@JAssertionDlg@@MAEXHHH@Z 60002c32 f   AssertDlg.obj
 0001:00001dd6       ?OnSetCursor@JAssertionDlg@@MAEJIJ@Z 60002dd6 f   AssertDlg.obj
 0001:00001e2a       ?OnPaint@JAssertionDlg@@MAEXXZ 60002e2a f   AssertDlg.obj
 0001:00001e92       ?OnSysCommand@JAssertionDlg@@MAEHH@Z 60002e92 f   AssertDlg.obj
 0001:00001fb3       ?OnLessMore@JAssertionDlg@@MAEXXZ 60002fb3 f   AssertDlg.obj
 0001:00001fc7       ?OnDoStackTrace@JAssertionDlg@@MAEXXZ 60002fc7 f   AssertDlg.obj
 0001:00001fe1       ?OnIgnoreOnce@JAssertionDlg@@MAEXXZ 60002fe1 f   AssertDlg.obj
 0001:00001fe1       ?OnCancel@JAssertionDlg@@MAEXXZ 60002fe1 f   AssertDlg.obj
 0001:00001fed       ?OnAbortProgram@JAssertionDlg@@MAEXXZ 60002fed f   AssertDlg.obj
 0001:00002002       ?OnBreakIntoDebugger@JAssertionDlg@@MAEXXZ 60003002 f   AssertDlg.obj
 0001:00002017       ?OnIgnoreAlways@JAssertionDlg@@MAEXXZ 60003017 f   AssertDlg.obj
 0001:0000202c       ?OnIgnoreThis@JAssertionDlg@@MAEXXZ 6000302c f   AssertDlg.obj
 0001:0000205b       ?OnIgnoreAll@JAssertionDlg@@MAEXXZ 6000305b f   AssertDlg.obj
 0001:00002087       ?AllocAndCopyAssertionData@JAssertionDlg@@IAEPBGPAI@Z 60003087 f   AssertDlg.obj
 0001:000021a8       ?FreeAssertionData@JAssertionDlg@@IAEXPBG@Z 600031a8 f   AssertDlg.obj
 0001:000021be       ?OnCopyToClipboard@JAssertionDlg@@MAEXXZ 600031be f   AssertDlg.obj
 0001:000021df       ?OnCreateMiniDump@JAssertionDlg@@MAEXXZ 600031df f   AssertDlg.obj
 0001:00002306       ?OnThreadSelectionChange@JAssertionDlg@@MAEXXZ 60003306 f   AssertDlg.obj
 0001:0000234d       ?OnLocalsDepthChange@JAssertionDlg@@MAEXXZ 6000334d f   AssertDlg.obj
 0001:00002378       ?OnShowArrays@JAssertionDlg@@MAEXXZ 60003378 f   AssertDlg.obj
 0001:000023a3       ?OnEmailAssert@JAssertionDlg@@MAEXXZ 600033a3 f   AssertDlg.obj
 0001:000024f5       ?IsMAPIAvailable@JAssertionDlg@@IAEHXZ 600034f5 f   AssertDlg.obj
 0001:0000255b       ?SetChecked@JButton@@QAEXXZ 6000355b f i AssertOptionsDlg.obj
 0001:0000256e       ?WindowProc@JInputBox@@MAEJIIJ@Z 6000356e f   InputBox.obj
 0001:0000256e       ?WindowProc@JAssertionOptionsDlg@@MAEJIIJ@Z 6000356e f   AssertOptionsDlg.obj
 0001:00002599       ?OnOk@JAssertionOptionsDlg@@UAEXXZ 60003599 f   AssertOptionsDlg.obj
 0001:00002647       ?OnInitDialog@JAssertionOptionsDlg@@MAEHPAUHWND__@@J@Z 60003647 f   AssertOptionsDlg.obj
 0001:00002777       _BSUGetModuleBaseNameA@16  60003777 f   BSUFunctions.obj
 0001:000027d4       _BSUGetModuleBaseNameW@16  600037d4 f   BSUFunctions.obj
 0001:000027d9       _BSUSymInitializeW@16      600037d9 f   BSUFunctions.obj
 0001:00002870       _BSUSymInitializeA@16      60003870 f   BSUFunctions.obj
 0001:000029b5       _BSUGetModuleFileNameExA@20 600039b5 f   BSUFunctions.obj
 0001:00002a18       _BSUGetModuleFileNameExW@20 60003a18 f   BSUFunctions.obj
 0001:00002a51       _BSUWide2Ansi@12           60003a51 f   BSUFunctions.obj
 0001:00002a74       _BSUAnsi2Wide@12           60003a74 f   BSUFunctions.obj
 0001:00002a94       _BSUIsInteractiveUser@0    60003a94 f   BSUFunctions.obj
 0001:00002ad9       _BSUSetThreadNameW@8       60003ad9 f   BSUFunctions.obj
 0001:00002b25       _BSUSetThreadNameA@8       60003b25 f   BSUFunctions.obj
 0001:00002b73       _BSUSetCurrentThreadNameW@4 60003b73 f   BSUFunctions.obj
 0001:00002b81       _BSUSetCurrentThreadNameA@4 60003b81 f   BSUFunctions.obj
 0001:00002b8f       ??1CleanUpCrashHandler@@QAE@XZ 60003b8f f i CrashHandler.obj
 0001:00002bce       _SetCrashHandlerFilter@4   60003bce f   CrashHandler.obj
 0001:00002c52       _AddCrashHandlerLimitModule@4 60003c52 f   CrashHandler.obj
 0001:00002cd4       _GetLimitModuleCount@0     60003cd4 f   CrashHandler.obj
 0001:00002cda       _GetLimitModulesArray@8    60003cda f   CrashHandler.obj
 0001:00002d4f       ?CrashHandlerExceptionFilter@@YGJPAU_EXCEPTION_POINTERS@@@Z 60003d4f f   CrashHandler.obj
 0001:00002e3f       _GetFaultReason@4          60003e3f f   CrashHandler.obj
 0001:000031bb       ?FillInStackFrame@@YAXPAU_CONTEXT@@@Z 600041bb f   CrashHandler.obj
 0001:0000321a       _GetFirstStackTraceString@8 6000421a f   CrashHandler.obj
 0001:00003257       _GetNextStackTraceString@8 60004257 f   CrashHandler.obj
 0001:00003263       ?CH_ReadProcessMemory@@YGHPAX_K0KPAK@Z 60004263 f   CrashHandler.obj
 0001:00003283       ?InternalGetStackTraceString@@YGPBGK@Z 60004283 f   CrashHandler.obj
 0001:00003634       _GetRegisterString@4       60004634 f   CrashHandler.obj
 0001:000036c8       ?ConvertSimpleException@@YAPBGK@Z 600046c8 f   CrashHandler.obj
 0001:00003808       ?InitSymEng@@YAXXZ         60004808 f   CrashHandler.obj
 0001:00003838       ?CleanupSymEng@@YAXXZ      60004838 f   CrashHandler.obj
 0001:00003856       ??0CVariableInfo@@QAE@XZ   60004856 f i DiagAssert.obj
 0001:00003871       ??1CVariableInfo@@UAE@XZ   60004871 f i DiagAssert.obj
 0001:00003885       ?ZeroData@CVariableInfo@@QAEXXZ 60004885 f i DiagAssert.obj
 0001:000038fa       ??_GCVariableInfo@@UAEPAXI@Z 600048fa f i DiagAssert.obj
 0001:000038fa       ??_ECVariableInfo@@UAEPAXI@Z 600048fa f i DiagAssert.obj
 0001:00003916       ??0CSymbolEngine@@QAE@XZ   60004916 f i DiagAssert.obj
 0001:00003966       ??1CSymbolEngine@@UAE@XZ   60004966 f i DiagAssert.obj
 0001:00003974       ?ZeroLocalEnumerationMemberVars@CSymbolEngine@@IAEXXZ 60004974 f i DiagAssert.obj
 0001:00003996       ??_ECSymbolEngine@@UAEPAXI@Z 60004996 f i DiagAssert.obj
 0001:00003996       ??_GCSymbolEngine@@UAEPAXI@Z 60004996 f i DiagAssert.obj
 0001:000039b2       ??0CritSecIniter@@QAE@XZ   600049b2 f i DiagAssert.obj
 0001:000039c9       ?AcquireCommonSymEngLock@@YAXXZ 600049c9 f   DiagAssert.obj
 0001:000039d5       ?ReleaseCommonSymEngLock@@YAXXZ 600049d5 f   DiagAssert.obj
 0001:000039e1       _SetDiagAssertOptions@4    600049e1 f   DiagAssert.obj
 0001:000039fb       _SetDiagAssertFile@4       600049fb f   DiagAssert.obj
 0001:00003a0d       _AddDiagAssertModule@4     60004a0d f   DiagAssert.obj
 0001:00003a24       _DiagAssertA@16            60004a24 f   DiagAssert.obj
 0001:00003a81       _DiagAssertW@16            60004a81 f   DiagAssert.obj
 0001:00003ade       ?RealAssert@@YGHKPBGH@Z    60004ade f   DiagAssert.obj
 0001:00003cee       _SetDiagOutputFile@4       60004cee f   DiagAssert.obj
 0001:00003d00       _DiagOutputA               60004d00 f   DiagAssert.obj
 0001:00003d80       _DiagOutputW               60004d80 f   DiagAssert.obj
 0001:00003e2f       ?GetModBase@@YG_KPAX_K@Z   60004e2f f   DiagAssert.obj
 0001:00003f0c       ?IsSharedUserDataSystemStubCallRet@@YAH_K@Z 60004f0c f   DiagAssert.obj
 0001:00003f48       ?ConvertAddress@@YAK_KPAGPBG@Z 60004f48 f   DiagAssert.obj
 0001:000041a2       ?InitializeCommonSymbolEngine@@YAXXZ 600051a2 f   DiagAssert.obj
 0001:000041e0       ?DoStackTrace@@YAXPAGK@Z   600051e0 f   DiagAssert.obj
 0001:000043c1       ?ConvertErrorToMessage@@YAKKPAGK@Z 600053c1 f   DiagAssert.obj
 0001:00004418       ?AddEventSource@@YAHPBG0@Z 60005418 f   DiagAssert.obj
 0001:000044d9       ?ReportSimpleEvent@@YAHGPBGK0@Z 600054d9 f   DiagAssert.obj
 0001:000045a3       ?OutputToEventLog@@YAHPBG@Z 600055a3 f   DiagAssert.obj
 0001:000046b0       ?Add@?$JSimpleArray@PAUHINSTANCE__@@V?$JSimpleArrayEqualHelper@PAUHINSTANCE__@@@@@@QAEHABQAUHINSTANCE__@@@Z 600056b0 f i DiagAssert.obj
 0001:000046fb       ?Add@?$JSimpleArray@_KV?$JSimpleArrayEqualHelper@_K@@@@QAEHAB_K@Z 600056fb f i DiagAssert.obj
 0001:00004746       ?InternalSetAtIndex@?$JSimpleArray@PAUHINSTANCE__@@V?$JSimpleArrayEqualHelper@PAUHINSTANCE__@@@@@@QAEXHABQAUHINSTANCE__@@@Z 60005746 f i DiagAssert.obj
 0001:0000475a       ?RemoveAll@?$JSimpleArray@_KV?$JSimpleArrayEqualHelper@_K@@@@QAEXXZ 6000575a f i DiagAssert.obj
 0001:0000475a       ?RemoveAll@?$JSimpleArray@PAUHINSTANCE__@@V?$JSimpleArrayEqualHelper@PAUHINSTANCE__@@@@@@QAEXXZ 6000575a f i DiagAssert.obj
 0001:00004774       ?InternalSetAtIndex@?$JSimpleArray@_KV?$JSimpleArrayEqualHelper@_K@@@@QAEXHAB_K@Z 60005774 f i DiagAssert.obj
 0001:00004788       _DllMain@12                60005788 f   DllMain.obj
 0001:000047a5       _GetLoadedModules@16       600057a5 f   GetLoadedModules.obj
 0001:00004819       _GetProcessThreadIds@16    60005819 f   GetThreadIds.obj
 0001:00004874       _HookImportedFunctionsByNameW@24 60005874 f   HookImportedFunctionByName.obj
 0001:000048d4       _HookImportedFunctionsByNameA@24 600058d4 f   HookImportedFunctionByName.obj
 0001:00004a9f       ?GetNamedImportDescriptor@@YAPAU_IMAGE_IMPORT_DESCRIPTOR@@PAUHINSTANCE__@@PBD@Z 60005a9f f   HookImportedFunctionByName.obj
 0001:00004b22       _HookOrdinalExportW@20     60005b22 f   HookOrdinalExport.obj
 0001:00004b6f       _HookOrdinalExportA@20     60005b6f f   HookOrdinalExport.obj
 0001:00004c79       ?OnOk@JInputBox@@UAEXXZ    60005c79 f   InputBox.obj
 0001:00004c98       ?OnInitDialog@JInputBox@@MAEHPAUHWND__@@J@Z 60005c98 f   InputBox.obj
 0001:00004d8c       _IsNT@0                    60005d8c f   IsNT.obj
 0001:00004da7       _IsNT4@0                   60005da7 f   IsNT.obj
 0001:00004dce       _IsW2K@0                   60005dce f   IsNT.obj
 0001:00004dfe       _IsXP@0                    60005dfe f   IsNT.obj
 0001:00004e2c       _IsServer2003@0            60005e2c f   IsNT.obj
 0001:00004e5c       _IsW2KorBetter@0           60005e5c f   IsNT.obj
 0001:00004e83       _IsXPorBetter@0            60005e83 f   IsNT.obj
 0001:00004eb1       _IsServer2003orBetter@0    60005eb1 f   IsNT.obj
 0001:00004ee1       ?AddClientDV@@YGHPAX@Z     60005ee1 f   MemDumperValidator.obj
 0001:00004ee6       ?ValidateAllBlocks@@YGXPAX@Z 60005ee6 f   MemDumperValidator.obj
 0001:00004ee9       ?MemStressInitializeW@@YGHPBD@Z 60005ee9 f   MemStress.obj
 0001:00004ee9       ?PreCreateWindow@JWnd@@UAEHAAUtagCREATESTRUCTW@@@Z 60005ee9 f   JFX_Release_BSU:JWnd.obj
 0001:00004ee9       ?MemStressInitializeA@@YGHPBG@Z 60005ee9 f   MemStress.obj
 0001:00004eef       ?MemStressTerminate@@YGHXZ 60005eef f   MemStress.obj
 0001:00004ef3       _IsMiniDumpFunctionAvailable@0 60005ef3 f   MiniDump.obj
 0001:00004f5d       _CreateCurrentProcessCrashDumpA@16 60005f5d f   MiniDump.obj
 0001:00004fd9       _CreateCurrentProcessCrashDumpW@16 60005fd9 f   MiniDump.obj
 0001:000050b8       ?CommonSnapCurrentProcessMiniDump@@YA?AW4tag_BSUMDRET@@W4_MINIDUMP_TYPE@@PBGPAU_CONTEXT@@@Z 600060b8 f   MiniDump.obj
 0001:000051a5       _SnapCurrentProcessMiniDumpA 600061a5 f   MiniDump.obj
 0001:000053bf       _SnapCurrentProcessMiniDumpW 600063bf f   MiniDump.obj
 0001:00005598       ?CalculateBeginningOfCallInstruction@@YAHAAI@Z 60006598 f   MiniDump.obj
 0001:0000564e       ?NT4GetLoadedModules@@YGHKIPAPAUHINSTANCE__@@PAK@Z 6000664e f   NT4ProcessInfo.obj
 0001:0000570b       ?NTGetModuleBaseNameW@@YGKPAXPAUHINSTANCE__@@PAGK@Z 6000670b f   NT4ProcessInfo.obj
 0001:0000572c       ?NTGetModuleFileNameEx@@YGKKPAXPAUHINSTANCE__@@PAGK@Z 6000672c f   NT4ProcessInfo.obj
 0001:0000574d       ?RealSuperAssertion@@YAHPBG000HPBD_K22PAH3@Z 6000674d f   SuperAssert.obj
 0001:00005c48       ?SuperAssertionA@@YAHPBD000H0_K1PAH2@Z 60006c48 f   SuperAssert.obj
 0001:00005d5f       ?SuperAssertionW@@YAHPBG000HPBD_K2PAH3@Z 60006d5f f   SuperAssert.obj
 0001:00005d96       ?GetSuperAssertionCount@@YAHXZ 60006d96 f   SuperAssert.obj
 0001:00005f1d       ?TLHELPGetLoadedModules@@YGHKIPAPAUHINSTANCE__@@PAK@Z 60006f1d f   TLHELPProcessInfo.obj
 0001:00006015       ?TLHELPGetModuleFileNameEx@@YGKKPAXPAUHINSTANCE__@@PAGK@Z 60007015 f   TLHELPProcessInfo.obj
 0001:0000612c       ?TLHELPGetProcessThreadIds@@YGHKIPAK0@Z 6000712c f   TLHELPProcessInfo.obj
 0001:00006230       ??0JString@@QAE@XZ         60007230 f   JFX_Release_BSU:JString.obj
 0001:00006246       ??0JString@@QAE@PBG@Z      60007246 f   JFX_Release_BSU:JString.obj
 0001:0000628e       ??1JString@@QAE@XZ         6000728e f   JFX_Release_BSU:JString.obj
 0001:000062a7       ??8@YA_NABVJString@@PBG@Z  600072a7 f   JFX_Release_BSU:JString.obj
 0001:000062bc       ??4JString@@QAEAAV0@ABV0@@Z 600072bc f   JFX_Release_BSU:JString.obj
 0001:0000632d       ??4JString@@QAEAAV0@PBG@Z  6000732d f   JFX_Release_BSU:JString.obj
 0001:0000639b       ??4JString@@QAEAAV0@PBD@Z  6000739b f   JFX_Release_BSU:JString.obj
 0001:00006404       ?Length@JString@@QBEIXZ    60007404 f   JFX_Release_BSU:JString.obj
 0001:00006415       ??YJString@@QAEAAV0@ABV0@@Z 60007415 f   JFX_Release_BSU:JString.obj
 0001:000064be       ??YJString@@QAEAAV0@PBG@Z  600074be f   JFX_Release_BSU:JString.obj
 0001:0000655d       ??YJString@@QAEAAV0@PBD@Z  6000755d f   JFX_Release_BSU:JString.obj
 0001:000065ed       ?NullString@JString@@QAEXXZ 600075ed f   JFX_Release_BSU:JString.obj
 0001:000065fd       ?LoadStringW@JString@@QAEHI@Z 600075fd f   JFX_Release_BSU:JString.obj
 0001:00006668       ?Dialog@JWnd@@QAEHPBGPAUHWND__@@PAUHINSTANCE__@@J@Z 60007668 f   JFX_Release_BSU:JWnd.obj
 0001:000066e0       ?CenterWindow@JWnd@@QAEHPAUHWND__@@H@Z 600076e0 f   JFX_Release_BSU:JWnd.obj
 0001:00006872       ?DefWindowProcW@JWnd@@IAEJIIJ@Z 60007872 f   JFX_Release_BSU:JWnd.obj
 0001:000068b8       ?WindowProc@JWnd@@MAEJIIJ@Z 600078b8 f   JFX_Release_BSU:JWnd.obj
 0001:000068dc       ?CallWndProc@JWnd@@CGJHIJ@Z 600078dc f   JFX_Release_BSU:JWnd.obj
 0001:0000698f       ?CommonWndProc@JWnd@@CGJPAUHWND__@@IIJ@Z 6000798f f   JFX_Release_BSU:JWnd.obj
 0001:000069b1       ?CommonDlgProc@JWnd@@CGHPAUHWND__@@IIJ@Z 600079b1 f   JFX_Release_BSU:JWnd.obj
 0001:000069f7       ?CopyTextToClipboard@@YAHPBGPAUHWND__@@@Z 600079f7 f   JFX_Release_BSU:JWnd.obj
 0001:00006a82       ?LoadInternationalResourcesDLL@JWinApp@@UAEHPBG@Z 60007a82 f   JFX_Release_BSU:JWinApp.obj
 0001:00006b7b       ?LoadDialog@JWinApp@@QAEPBUDLGTEMPLATE@@PBGPAPAUHINSTANCE__@@@Z 60007b7b f   JFX_Release_BSU:JWinApp.obj
 0001:00006bd9       ?Run@JWinApp@@UAEHXZ       60007bd9 f   JFX_Release_BSU:JWinApp.obj
 0001:00006c35       ?JfxMessageBox@@YAHPAUHWND__@@PBGI@Z 60007c35 f   JFX_Release_BSU:JWinApp.obj
 0001:00006c51       ?CreatePointFont@JFont@@QAEHHPBGPAUHDC__@@HH@Z 60007c51 f   JFX_Release_BSU:JGDI.obj
 0001:00006d30       ?DecodeVariable@CSymbolEngine@@IAEHAAVCVariableInfo@@H@Z 60007d30 f   SymbolEngine_Release_BSU:SymbolEngine.obj
 0001:00007056       ?DumpArray@CSymbolEngine@@IAEHAAVCVariableInfo@@H@Z 60008056 f   SymbolEngine_Release_BSU:SymbolEngine.obj
 0001:00007236       ?LocalsEnumSymbols@@YGHPAU_SYMBOL_INFO@@KPAX@Z 60008236 f   SymbolEngine_Release_BSU:SymbolEngine.obj
 0001:00007291       ?EnumLocalVariables@CSymbolEngine@@QAEHP6GH_KPBG11HPAX@ZHHP6GH202KPAK@ZPAU_tagSTACKFRAME64@@PAU_CONTEXT@@2@Z 60008291 f   SymbolEngine_Release_BSU:SymbolEngine.obj
 0001:00007342       ?OutputVariable@CSymbolEngine@@IAEHAAVCVariableInfo@@H@Z 60008342 f   SymbolEngine_Release_BSU:SymbolEngine.obj
 0001:00007369       ?MemRead@CSymbolEngine@@IAEHPBXPAEHPAK@Z 60008369 f   SymbolEngine_Release_BSU:SymbolEngine.obj
 0001:00007396       ?ReadPointerAddress@CSymbolEngine@@IAEHAAVCVariableInfo@@@Z 60008396 f   SymbolEngine_Release_BSU:SymbolEngine.obj
 0001:0000741f       ?GetDbgHelpAddress@CSymbolEngine@@IAEP6GHXZPBD@Z 6000841f f   SymbolEngine_Release_BSU:SymbolEngine.obj
 0001:00007444       ?SymEnumSymbols@CSymbolEngine@@QAEH_KPBDP6GHPAU_SYMBOL_INFO@@KPAX@Z3@Z 60008444 f   SymbolEngine_Release_BSU:SymbolEngine.obj
 0001:00007480       ?SymSetContext@CSymbolEngine@@QAEKPAU_IMAGEHLP_STACK_FRAME@@PAX@Z 60008480 f   SymbolEngine_Release_BSU:SymbolEngine.obj
 0001:000074b1       ?SymGetTypeInfo@CSymbolEngine@@QAEH_KKW4_IMAGEHLP_SYMBOL_TYPE_INFO@@PAX@Z 600084b1 f   SymbolEngine_Release_BSU:SymbolEngine.obj
 0001:000074ed       ?InitializeFromSymbolInfo@CVariableInfo@@QAEXPAU_SYMBOL_INFO@@W4SymTagEnum@@@Z 600084ed f i SymbolEngine_Release_BSU:SymbolEngine.obj
 0001:0000759e       ?DecodeTypeSymTagBaseType@CSymbolEngine@@IAEHAAVCVariableInfo@@@Z 6000859e f   SymbolEngine_Release_BSU:TypeDecoding.obj
 0001:00007779       ?DecodeTypeSymTagPointerType@CSymbolEngine@@IAEHAAVCVariableInfo@@@Z 60008779 f   SymbolEngine_Release_BSU:TypeDecoding.obj
 0001:000077d6       ?DecodeTypeSymTagUDT@CSymbolEngine@@IAEHAAVCVariableInfo@@@Z 600087d6 f   SymbolEngine_Release_BSU:TypeDecoding.obj
 0001:00007820       ?DecodeTypeTagArrayType@CSymbolEngine@@IAEHAAVCVariableInfo@@@Z 60008820 f   SymbolEngine_Release_BSU:TypeDecoding.obj
 0001:000078d1       ?DecodeTypeSymTagFunctionType@CSymbolEngine@@IAEHAAVCVariableInfo@@@Z 600088d1 f   SymbolEngine_Release_BSU:TypeDecoding.obj
 0001:00007ac9       ?DecodeTypeSymTagFunctionArgType@CSymbolEngine@@IAEHAAVCVariableInfo@@@Z 60008ac9 f   SymbolEngine_Release_BSU:TypeDecoding.obj
 0001:00007b1f       ?DecodeTypeSymTagEnum@CSymbolEngine@@IAEHAAVCVariableInfo@@@Z 60008b1f f   SymbolEngine_Release_BSU:TypeDecoding.obj
 0001:00007b66       ?DecodeTypeSymTagData@CSymbolEngine@@IAEHAAVCVariableInfo@@@Z 60008b66 f   SymbolEngine_Release_BSU:TypeDecoding.obj
 0001:00007c07       ?DecodeTypeSymTagVTable@CSymbolEngine@@IAEHAAVCVariableInfo@@@Z 60008c07 f   SymbolEngine_Release_BSU:TypeDecoding.obj
 0001:00007c79       ?DecodeTypeSymTagBaseClass@CSymbolEngine@@IAEHAAVCVariableInfo@@@Z 60008c79 f   SymbolEngine_Release_BSU:TypeDecoding.obj
 0001:00007d09       ?DecodeType@CSymbolEngine@@IAEHAAVCVariableInfo@@@Z 60008d09 f   SymbolEngine_Release_BSU:TypeDecoding.obj
 0001:00007daa       ?DetermineAddress@CSymbolEngine@@IAEHAAVCVariableInfo@@@Z 60008daa f   SymbolEngine_Release_BSU:DetermineAddress.obj
 0001:00007e8d       ?ConvertRegisterToValueIA32@CSymbolEngine@@IAEHW4CV_HREG_e@@AA_KPAU_CONTEXT@@@Z 60008e8d f   SymbolEngine_Release_BSU:DetermineAddress.obj
 0001:00008072       ?DecodeValue@CSymbolEngine@@IAEHAAVCVariableInfo@@@Z 60009072 f   SymbolEngine_Release_BSU:ValueDecoding.obj
 0001:000080a6       ?DecodeValueSymTagArrayType@CSymbolEngine@@IAEHAAVCVariableInfo@@@Z 600090a6 f   SymbolEngine_Release_BSU:ValueDecoding.obj
 0001:0000823d       ?DecodeValueSymTagEnum@CSymbolEngine@@IAEHAAVCVariableInfo@@@Z 6000923d f   SymbolEngine_Release_BSU:ValueDecoding.obj
 0001:000083fd       ?DecodeValueSymTagPointerType@CSymbolEngine@@IAEHAAVCVariableInfo@@@Z 600093fd f   SymbolEngine_Release_BSU:ValueDecoding.obj
 0001:000085bf       ?DecodeValueSymTagBaseType@CSymbolEngine@@IAEHAAVCVariableInfo@@@Z 600095bf f   SymbolEngine_Release_BSU:ValueDecoding.obj
 0001:0000893e       __imp_load__LoadStringW@16 6000993e     user32:USER32.dll
 0001:00008948       __tailMerge_USER32         60009948     user32:USER32.dll
 0001:00008959       __imp_load__IsWindow@4     60009959     user32:USER32.dll
 0001:00008963       __imp_load__GetWindowLongW@8 60009963     user32:USER32.dll
 0001:0000896d       __imp_load__SetWindowLongW@12 6000996d     user32:USER32.dll
 0001:00008977       __imp_load__GetDlgItem@8   60009977     user32:USER32.dll
 0001:00008981       __imp_load__SetWindowTextW@8 60009981     user32:USER32.dll
 0001:0000898b       __imp_load__GetWindowTextW@12 6000998b     user32:USER32.dll
 0001:00008995       __imp_load__GetWindowTextLengthW@4 60009995     user32:USER32.dll
 0001:0000899f       __imp_load__GetWindowRect@8 6000999f     user32:USER32.dll
 0001:000089a9       __imp_load__GetClientRect@8 600099a9     user32:USER32.dll
 0001:000089b3       __imp_load__SendMessageW@16 600099b3     user32:USER32.dll
 0001:000089bd       __imp_load__GetDlgItemInt@16 600099bd     user32:USER32.dll
 0001:000089c7       __imp_load__ShowWindow@8   600099c7     user32:USER32.dll
 0001:000089d1       __imp_load__EnableWindow@8 600099d1     user32:USER32.dll
 0001:000089db       __imp_load__IsWindowEnabled@4 600099db     user32:USER32.dll
 0001:000089e5       __imp_load__SetFocus@4     600099e5     user32:USER32.dll
 0001:000089ef       __imp_load__MoveWindow@24  600099ef     user32:USER32.dll
 0001:000089f9       __imp_load__BeginPaint@8   600099f9     user32:USER32.dll
 0001:00008a03       __imp_load__EndPaint@8     60009a03     user32:USER32.dll
 0001:00008a0d       __imp_load__InvalidateRect@12 60009a0d     user32:USER32.dll
 0001:00008a17       __imp_load__GetSystemMenu@8 60009a17     user32:USER32.dll
 0001:00008a21       __imp_load__SetWindowPos@28 60009a21     user32:USER32.dll
 0001:00008a2b       __imp_load__LoadCursorW@8  60009a2b     user32:USER32.dll
 0001:00008a35       __imp_load__LoadIconW@8    60009a35     user32:USER32.dll
 0001:00008a3f       __imp_load__EndDialog@8    60009a3f     user32:USER32.dll
 0001:00008a49       __imp_load__DestroyMenu@4  60009a49     user32:USER32.dll
 0001:00008a53       __imp_load__AppendMenuW@16 60009a53     user32:USER32.dll
 0001:00008a5d       __imp_load__GetSystemMetrics@4 60009a5d     user32:USER32.dll
 0001:00008a67       __imp_load__GetFocus@0     60009a67     user32:USER32.dll
 0001:00008a71       __imp_load__GetDlgCtrlID@4 60009a71     user32:USER32.dll
 0001:00008a7b       __imp_load__GetWindow@8    60009a7b     user32:USER32.dll
 0001:00008a85       __imp_load__ScreenToClient@8 60009a85     user32:USER32.dll
 0001:00008a8f       __imp_load__wsprintfW      60009a8f     user32:USER32.dll
 0001:00008a99       __imp_load__MessageBeep@4  60009a99     user32:USER32.dll
 0001:00008aa3       __imp_load__SetCursor@4    60009aa3     user32:USER32.dll
 0001:00008aad       __imp_load__DrawFrameControl@16 60009aad     user32:USER32.dll
 0001:00008ab7       __imp_load__MessageBoxW@16 60009ab7     user32:USER32.dll
 0001:00008ac1       __imp_load__GetParent@4    60009ac1     user32:USER32.dll
 0001:00008acb       __imp_load__GetProcessWindowStation@0 60009acb     user32:USER32.dll
 0001:00008ad5       __imp_load__GetUserObjectInformationW@20 60009ad5     user32:USER32.dll
 0001:00008adf       __imp_load__GetActiveWindow@0 60009adf     user32:USER32.dll
 0001:00008ae9       __imp_load__GetLastActivePopup@4 60009ae9     user32:USER32.dll
 0001:00008af3       __imp_load__wvsprintfA@12  60009af3     user32:USER32.dll
 0001:00008afd       __imp_load__wvsprintfW@12  60009afd     user32:USER32.dll
 0001:00008b07       __imp_load__SetLastErrorEx@8 60009b07     user32:USER32.dll
 0001:00008b11       __imp_load__SystemParametersInfoW@16 60009b11     user32:USER32.dll
 0001:00008b1b       __imp_load__SetWindowsHookExW@16 60009b1b     user32:USER32.dll
 0001:00008b25       __imp_load__DialogBoxIndirectParamW@20 60009b25     user32:USER32.dll
 0001:00008b2f       __imp_load__UnhookWindowsHookEx@4 60009b2f     user32:USER32.dll
 0001:00008b39       __imp_load__MonitorFromWindow@8 60009b39     user32:USER32.dll
 0001:00008b43       __imp_load__GetMonitorInfoW@8 60009b43     user32:USER32.dll
 0001:00008b4d       __imp_load__MapWindowPoints@16 60009b4d     user32:USER32.dll
 0001:00008b57       __imp_load__CallWindowProcW@20 60009b57     user32:USER32.dll
 0001:00008b61       __imp_load__DefWindowProcW@16 60009b61     user32:USER32.dll
 0001:00008b6b       __imp_load__CallNextHookEx@16 60009b6b     user32:USER32.dll
 0001:00008b75       __imp_load__GetClassNameW@12 60009b75     user32:USER32.dll
 0001:00008b7f       __imp_load__OpenClipboard@4 60009b7f     user32:USER32.dll
 0001:00008b89       __imp_load__EmptyClipboard@0 60009b89     user32:USER32.dll
 0001:00008b93       __imp_load__SetClipboardData@8 60009b93     user32:USER32.dll
 0001:00008b9d       __imp_load__CloseClipboard@0 60009b9d     user32:USER32.dll
 0001:00008ba7       __imp_load__GetMessageW@16 60009ba7     user32:USER32.dll
 0001:00008bb1       __imp_load__IsDialogMessageW@8 60009bb1     user32:USER32.dll
 0001:00008bbb       __imp_load__TranslateMessage@4 60009bbb     user32:USER32.dll
 0001:00008bc5       __imp_load__DispatchMessageW@4 60009bc5     user32:USER32.dll
 0001:00008bcf       __imp_load__GetDC@4        60009bcf     user32:USER32.dll
 0001:00008bd9       __imp_load__ReleaseDC@8    60009bd9     user32:USER32.dll
 0001:00008be3       __imp_load__DeleteObject@4 60009be3     gdi32:GDI32.dll
 0001:00008bed       __tailMerge_GDI32          60009bed     gdi32:GDI32.dll
 0001:00008bfe       __imp_load__CreateFontIndirectW@4 60009bfe     gdi32:GDI32.dll
 0001:00008c08       __imp_load__GetDeviceCaps@8 60009c08     gdi32:GDI32.dll
 0001:00008c12       __imp_load__DPtoLP@12      60009c12     gdi32:GDI32.dll
 0001:00008c1c       _StringCopyWorkerW@12      60009c1c f   strsafe:strsafe.obj
 0001:00008c5e       _StringVPrintfWorkerW@16   60009c5e f   strsafe:strsafe.obj
 0001:00008ca9       _StringCchCopyW@12         60009ca9 f   strsafe:strsafe.obj
 0001:00008cc0       _StringCchPrintfW          60009cc0 f   strsafe:strsafe.obj
 0001:00008ce8       ??3@YAXPAX@Z               60009ce8 f   MSVCRT:MSVCR71.dll
 0001:00008cee       _memset                    60009cee f   MSVCRT:MSVCR71.dll
 0001:00008cf4       __onexit                   60009cf4 f   MSVCRT:atonexit.obj
 0001:00008d1a       _atexit                    60009d1a f   MSVCRT:atonexit.obj
 0001:00008d2c       _memcpy                    60009d2c f   MSVCRT:MSVCR71.dll
 0001:00008d32       _strlen                    60009d32 f   MSVCRT:MSVCR71.dll
 0001:00008d38       _strcpy                    60009d38 f   MSVCRT:MSVCR71.dll
 0001:00008d3e       _strcat                    60009d3e f   MSVCRT:MSVCR71.dll
 0001:00008d44       ??_U@YAPAXI@Z              60009d44 f   MSVCRT:MSVCR71.dll
 0001:00008d4a       ??_V@YAXPAX@Z              60009d4a f   MSVCRT:MSVCR71.dll
 0001:00008d50       __CRT_INIT@12              60009d50 f   MSVCRT:crtdll.obj
 0001:00008e0e       __DllMainCRTStartup@12     60009e0e f   MSVCRT:crtdll.obj
 0001:00008ef2       _abs                       60009ef2 f   MSVCRT:MSVCR71.dll
 0001:00008ef8       __vsnwprintf               60009ef8 f   MSVCRT:MSVCR71.dll
 0001:00008efe       ___dllonexit               60009efe f   MSVCRT:MSVCR71.dll
 0001:00008f04       __initterm                 60009f04 f   MSVCRT:MSVCR71.dll
 0001:00008f0a       __RTC_Initialize           60009f0a f   MSVCRT:initsect.obj
 0001:00008f4e       __RTC_Terminate            60009f4e f   MSVCRT:initsect.obj
 0001:00008f92       ___CppXcptFilter           60009f92 f   MSVCRT:MSVCR71.dll
 0001:00008f98       __SEH_prolog               60009f98 f   MSVCRT:sehprolg.obj
 0001:00008fd3       __SEH_epilog               60009fd3 f   MSVCRT:sehprolg.obj
 0001:00008fe4       __except_handler3          60009fe4 f   MSVCRT:MSVCR71.dll
 0001:00008fea       ___delayLoadHelper2@8      60009fea f   DELAYIMP:delayhlp.obj
 0001:0000925e       @__security_check_cookie@4 6000a25e f   MSVCRT:secchk.obj
 0001:00009270       __chkstk                   6000a270 f   MSVCRT:chkstk.obj
 0001:00009270       __alloca_probe             6000a270     MSVCRT:chkstk.obj
 0001:000092ae       ___CxxFrameHandler         6000a2ae f   MSVCRT:MSVCR71.dll
 0001:000092b4       __EH_prolog                6000a2b4 f   MSVCRT:ehprolog.obj
 0001:000092e0       __allmul                   6000a2e0 f   MSVCRT:llmul.obj
 0001:00009314       ___security_init_cookie    6000a314 f   MSVCRT:seccinit.obj
 0001:0000937a       ___security_error_handler  6000a37a f   MSVCRT:MSVCR71.dll
 0002:00000000       __imp__RegOpenKeyExW@20    6000b000     advapi32:ADVAPI32.dll
 0002:00000004       __imp__RegCloseKey@4       6000b004     advapi32:ADVAPI32.dll
 0002:00000008       __imp__RegCreateKeyExW@36  6000b008     advapi32:ADVAPI32.dll
 0002:0000000c       __imp__RegQueryValueExW@24 6000b00c     advapi32:ADVAPI32.dll
 0002:00000010       __imp__RegSetValueExW@24   6000b010     advapi32:ADVAPI32.dll
 0002:00000014       __imp__RegCreateKeyW@12    6000b014     advapi32:ADVAPI32.dll
 0002:00000018       \177ADVAPI32_NULL_THUNK_DATA 6000b018     advapi32:ADVAPI32.dll
 0002:0000001c       __imp__LocalAlloc@8        6000b01c     kernel32:KERNEL32.dll
 0002:00000020       __imp__InterlockedExchange@8 6000b020     kernel32:KERNEL32.dll
 0002:00000024       __imp__LoadLibraryA@4      6000b024     kernel32:KERNEL32.dll
 0002:00000028       __imp__QueryPerformanceCounter@4 6000b028     kernel32:KERNEL32.dll
 0002:0000002c       __imp__IsBadWritePtr@8     6000b02c     kernel32:KERNEL32.dll
 0002:00000030       __imp__SetLastError@4      6000b030     kernel32:KERNEL32.dll
 0002:00000034       __imp__GetCurrentProcessId@0 6000b034     kernel32:KERNEL32.dll
 0002:00000038       __imp__HeapAlloc@12        6000b038     kernel32:KERNEL32.dll
 0002:0000003c       __imp__GetLastError@0      6000b03c     kernel32:KERNEL32.dll
 0002:00000040       __imp__lstrlenW@4          6000b040     kernel32:KERNEL32.dll
 0002:00000044       __imp__HeapFree@12         6000b044     kernel32:KERNEL32.dll
 0002:00000048       __imp__GetProcessHeap@0    6000b048     kernel32:KERNEL32.dll
 0002:0000004c       __imp__GetCurrentProcess@0 6000b04c     kernel32:KERNEL32.dll
 0002:00000050       __imp__GetThreadContext@8  6000b050     kernel32:KERNEL32.dll
 0002:00000054       __imp__OutputDebugStringW@4 6000b054     kernel32:KERNEL32.dll
 0002:00000058       __imp__WriteFile@20        6000b058     kernel32:KERNEL32.dll
 0002:0000005c       __imp__IsDebuggerPresent@0 6000b05c     kernel32:KERNEL32.dll
 0002:00000060       __imp__GetProfileIntW@12   6000b060     kernel32:KERNEL32.dll
 0002:00000064       __imp__SearchPathW@24      6000b064     kernel32:KERNEL32.dll
 0002:00000068       __imp__LoadLibraryW@4      6000b068     kernel32:KERNEL32.dll
 0002:0000006c       __imp__GetProcAddress@8    6000b06c     kernel32:KERNEL32.dll
 0002:00000070       __imp__MultiByteToWideChar@24 6000b070     kernel32:KERNEL32.dll
 0002:00000074       __imp__GetModuleFileNameA@12 6000b074     kernel32:KERNEL32.dll
 0002:00000078       __imp__CreateFileA@28      6000b078     kernel32:KERNEL32.dll
 0002:0000007c       __imp__WideCharToMultiByte@32 6000b07c     kernel32:KERNEL32.dll
 0002:00000080       __imp__GetACP@0            6000b080     kernel32:KERNEL32.dll
 0002:00000084       __imp__RaiseException@16   6000b084     kernel32:KERNEL32.dll
 0002:00000088       __imp__GetModuleHandleW@4  6000b088     kernel32:KERNEL32.dll
 0002:0000008c       __imp__SetUnhandledExceptionFilter@4 6000b08c     kernel32:KERNEL32.dll
 0002:00000090       __imp__IsBadCodePtr@4      6000b090     kernel32:KERNEL32.dll
 0002:00000094       __imp__GetTickCount@0      6000b094     kernel32:KERNEL32.dll
 0002:00000098       __imp__FormatMessageW@28   6000b098     kernel32:KERNEL32.dll
 0002:0000009c       __imp__lstrlenA@4          6000b09c     kernel32:KERNEL32.dll
 0002:000000a0       __imp__lstrcpynW@12        6000b0a0     kernel32:KERNEL32.dll
 0002:000000a4       __imp__ReadProcessMemory@20 6000b0a4     kernel32:KERNEL32.dll
 0002:000000a8       __imp__GetCurrentThread@0  6000b0a8     kernel32:KERNEL32.dll
 0002:000000ac       __imp__InitializeCriticalSectionAndSpinCount@8 6000b0ac     kernel32:KERNEL32.dll
 0002:000000b0       __imp__DeleteCriticalSection@4 6000b0b0     kernel32:KERNEL32.dll
 0002:000000b4       __imp__EnterCriticalSection@4 6000b0b4     kernel32:KERNEL32.dll
 0002:000000b8       __imp__LeaveCriticalSection@4 6000b0b8     kernel32:KERNEL32.dll
 0002:000000bc       __imp__GetModuleFileNameW@12 6000b0bc     kernel32:KERNEL32.dll
 0002:000000c0       __imp__LocalFree@4         6000b0c0     kernel32:KERNEL32.dll
 0002:000000c4       __imp__ExitProcess@4       6000b0c4     kernel32:KERNEL32.dll
 0002:000000c8       __imp__OutputDebugStringA@4 6000b0c8     kernel32:KERNEL32.dll
 0002:000000cc       __imp__VirtualQueryEx@16   6000b0cc     kernel32:KERNEL32.dll
 0002:000000d0       __imp__GetVersionExW@4     6000b0d0     kernel32:KERNEL32.dll
 0002:000000d4       __imp__DisableThreadLibraryCalls@4 6000b0d4     kernel32:KERNEL32.dll
 0002:000000d8       __imp__VirtualQuery@12     6000b0d8     kernel32:KERNEL32.dll
 0002:000000dc       __imp__VirtualProtect@16   6000b0dc     kernel32:KERNEL32.dll
 0002:000000e0       __imp__IsBadStringPtrA@8   6000b0e0     kernel32:KERNEL32.dll
 0002:000000e4       __imp__IsBadStringPtrW@8   6000b0e4     kernel32:KERNEL32.dll
 0002:000000e8       __imp__CreateFileW@28      6000b0e8     kernel32:KERNEL32.dll
 0002:000000ec       __imp__CloseHandle@4       6000b0ec     kernel32:KERNEL32.dll
 0002:000000f0       __imp__GetCurrentThreadId@0 6000b0f0     kernel32:KERNEL32.dll
 0002:000000f4       __imp__OpenProcess@12      6000b0f4     kernel32:KERNEL32.dll
 0002:000000f8       __imp__GetThreadPriority@4 6000b0f8     kernel32:KERNEL32.dll
 0002:000000fc       __imp__SetThreadPriority@8 6000b0fc     kernel32:KERNEL32.dll
 0002:00000100       __imp__OpenThread@12       6000b100     kernel32:KERNEL32.dll
 0002:00000104       __imp__GetSystemTimeAsFileTime@4 6000b104     kernel32:KERNEL32.dll
 0002:00000108       __imp__ResumeThread@4      6000b108     kernel32:KERNEL32.dll
 0002:0000010c       __imp__FreeLibrary@4       6000b10c     kernel32:KERNEL32.dll
 0002:00000110       __imp__GlobalAlloc@8       6000b110     kernel32:KERNEL32.dll
 0002:00000114       __imp__GlobalLock@4        6000b114     kernel32:KERNEL32.dll
 0002:00000118       __imp__GlobalUnlock@4      6000b118     kernel32:KERNEL32.dll
 0002:0000011c       __imp__GetLocaleInfoW@16   6000b11c     kernel32:KERNEL32.dll
 0002:00000120       __imp__FindResourceExW@16  6000b120     kernel32:KERNEL32.dll
 0002:00000124       __imp__LoadResource@8      6000b124     kernel32:KERNEL32.dll
 0002:00000128       __imp__LockResource@4      6000b128     kernel32:KERNEL32.dll
 0002:0000012c       __imp__IsBadReadPtr@8      6000b12c     kernel32:KERNEL32.dll
 0002:00000130       __imp__SuspendThread@4     6000b130     kernel32:KERNEL32.dll
 0002:00000134       \177KERNEL32_NULL_THUNK_DATA 6000b134     kernel32:KERNEL32.dll
 0002:00000138       __imp__wcsncpy             6000b138     MSVCRT:MSVCR71.dll
 0002:0000013c       __imp____CxxFrameHandler   6000b13c     MSVCRT:MSVCR71.dll
 0002:00000140       __imp___stricmp            6000b140     MSVCRT:MSVCR71.dll
 0002:00000140       __imp__stricmp             6000b140     MSVCRT:MSVCR71.dll
 0002:00000144       __imp___strcmpi            6000b144     MSVCRT:MSVCR71.dll
 0002:00000144       __imp__strcmpi             6000b144     MSVCRT:MSVCR71.dll
 0002:00000148       __imp___except_handler3    6000b148     MSVCRT:MSVCR71.dll
 0002:0000014c       __imp____CppXcptFilter     6000b14c     MSVCRT:MSVCR71.dll
 0002:00000150       __imp___adjust_fdiv        6000b150     MSVCRT:MSVCR71.dll
 0002:00000154       __imp___initterm           6000b154     MSVCRT:MSVCR71.dll
 0002:00000158       __imp__free                6000b158     MSVCRT:MSVCR71.dll
 0002:0000015c       __imp_??3@YAXPAX@Z         6000b15c     MSVCRT:MSVCR71.dll
 0002:00000160       __imp__memset              6000b160     MSVCRT:MSVCR71.dll
 0002:00000164       __imp__wcscpy              6000b164     MSVCRT:MSVCR71.dll
 0002:00000168       __imp__wcscmp              6000b168     MSVCRT:MSVCR71.dll
 0002:0000016c       __imp__wcslen              6000b16c     MSVCRT:MSVCR71.dll
 0002:00000170       __imp__wcscat              6000b170     MSVCRT:MSVCR71.dll
 0002:00000174       __imp__memcpy              6000b174     MSVCRT:MSVCR71.dll
 0002:00000178       __imp__strlen              6000b178     MSVCRT:MSVCR71.dll
 0002:0000017c       __imp__strcpy              6000b17c     MSVCRT:MSVCR71.dll
 0002:00000180       __imp__strcat              6000b180     MSVCRT:MSVCR71.dll
 0002:00000184       __imp_??_U@YAPAXI@Z        6000b184     MSVCRT:MSVCR71.dll
 0002:00000188       __imp_??_V@YAXPAX@Z        6000b188     MSVCRT:MSVCR71.dll
 0002:0000018c       __imp__strrchr             6000b18c     MSVCRT:MSVCR71.dll
 0002:00000190       __imp__wcsstr              6000b190     MSVCRT:MSVCR71.dll
 0002:00000194       __imp__malloc              6000b194     MSVCRT:MSVCR71.dll
 0002:00000198       __imp__realloc             6000b198     MSVCRT:MSVCR71.dll
 0002:0000019c       __imp__wcsrchr             6000b19c     MSVCRT:MSVCR71.dll
 0002:000001a0       __imp___onexit             6000b1a0     MSVCRT:MSVCR71.dll
 0002:000001a4       __imp___wcsicmp            6000b1a4     MSVCRT:MSVCR71.dll
 0002:000001a8       __imp__abs                 6000b1a8     MSVCRT:MSVCR71.dll
 0002:000001ac       __imp__swprintf            6000b1ac     MSVCRT:MSVCR71.dll
 0002:000001b0       __imp___vsnwprintf         6000b1b0     MSVCRT:MSVCR71.dll
 0002:000001b4       __imp____dllonexit         6000b1b4     MSVCRT:MSVCR71.dll
 0002:000001b8       __imp____security_error_handler 6000b1b8     MSVCRT:MSVCR71.dll
 0002:000001bc       \177MSVCR71_NULL_THUNK_DATA 6000b1bc     MSVCRT:MSVCR71.dll
 0002:000001c0       __imp__SymGetOptions@0     6000b1c0     DBGHELP:dbghelp.dll
 0002:000001c4       __imp__SymGetLineFromAddr64@20 6000b1c4     DBGHELP:dbghelp.dll
 0002:000001c8       __imp__SymGetSymFromAddr64@20 6000b1c8     DBGHELP:dbghelp.dll
 0002:000001cc       __imp__SymGetModuleBase64@12 6000b1cc     DBGHELP:dbghelp.dll
 0002:000001d0       __imp__SymLoadModule@24    6000b1d0     DBGHELP:dbghelp.dll
 0002:000001d4       __imp__SymCleanup@4        6000b1d4     DBGHELP:dbghelp.dll
 0002:000001d8       __imp__SymSetOptions@4     6000b1d8     DBGHELP:dbghelp.dll
 0002:000001dc       __imp__SymLoadModule64@28  6000b1dc     DBGHELP:dbghelp.dll
 0002:000001e0       __imp__SymGetModuleInfo64@16 6000b1e0     DBGHELP:dbghelp.dll
 0002:000001e4       __imp__SymInitialize@12    6000b1e4     DBGHELP:dbghelp.dll
 0002:000001e8       __imp__StackWalk64@36      6000b1e8     DBGHELP:dbghelp.dll
 0002:000001ec       __imp__SymFunctionTableAccess64@12 6000b1ec     DBGHELP:dbghelp.dll
 0002:000001f0       \177dbghelp_NULL_THUNK_DATA 6000b1f0     DBGHELP:dbghelp.dll
 0002:00000220       __sz_USER32                6000b220     user32:USER32.dll
 0002:00000230       __sz_GDI32                 6000b230     gdi32:GDI32.dll
 0002:0000026c       ??_7JGdiObject@@6B@        6000b26c     AssertDlg.obj
 0002:00000270       ??_7JWnd@@6B@              6000b270     AssertDlg.obj
 0002:0000027c       ??_7JMenu@@6B@             6000b27c     AssertDlg.obj
 0002:00000280       ??_7JFont@@6B@             6000b280     AssertDlg.obj
 0002:00000284       ??_7JInputBox@@6B@         6000b284     AssertDlg.obj
 0002:000002a4       ??_7JRegistry@@6B@         6000b2a4     AssertDlg.obj
 0002:000002a8       ??_7JButton@@6B@           6000b2a8     AssertDlg.obj
 0002:000002b8       ??_7JAssertionDlg@@6B@     6000b2b8     AssertDlg.obj
 0002:00000328       ??_7JAssertionOptionsDlg@@6B@ 6000b328     AssertDlg.obj
 0002:00000348       ??_7JModalDlg@@6B@         6000b348     AssertDlg.obj
 0002:00000364       ??_7JBSUApp@@6B@           6000b364     AssertDlg.obj
 0002:00000364       ??_7JWinApp@@6B@           6000b364     AssertDlg.obj
 0002:00000378       ??_7JComboBox@@6B@         6000b378     AssertDlg.obj
 0002:00000384       ??_C@_0N@INHCDDHL@MAPISendMail?$AA@ 6000b384     AssertDlg.obj
 0002:00000394       ??_C@_19GLJDGFML@?$AAM?$AAA?$AAI?$AAL?$AA?$AA@ 6000b394     AssertDlg.obj
 0002:000003a0       ??_C@_19HIJEMGKK@?$AAM?$AAA?$AAP?$AAI?$AA?$AA@ 6000b3a0     AssertDlg.obj
 0002:000003ac       ??_C@_1BI@BADDCODK@?$AAS?$AAU?$AAP?$AAE?$AAR?$AAA?$AAS?$AAS?$AAE?$AAR?$AAT?$AA?$AA@ 6000b3ac     AssertDlg.obj
 0002:000003c4       ??_C@_1DK@IFLDIMNA@?$AAM?$AAi?$AAn?$AAi?$AAd?$AAu?$AAm?$AAp?$AA?5?$AAc?$AAr?$AAe?$AAa?$AAt?$AAi?$AAo?$AAn?$AA?5?$AAf?$AAa@ 6000b3c4     AssertDlg.obj
 0002:00000400       ??_C@_1HA@GOGJPIOE@?$AAE?$AAn?$AAt?$AAe?$AAr?$AA?5?$AAt?$AAh?$AAe?$AA?5?$AAc?$AAo?$AAm?$AAp?$AAl?$AAe?$AAt?$AAe?$AA?5?$AAp@ 6000b400     AssertDlg.obj
 0002:00000470       ??_C@_1CC@CBMHKONM@?$AAC?$AAr?$AAe?$AAa?$AAt?$AAe?$AA?5?$AAM?$AAi?$AAn?$AAi?$AA?5?$AAD?$AAu?$AAm?$AAp?$AA?$AA@ 6000b470     AssertDlg.obj
 0002:00000494       ??_C@_1CO@ECBNOMI@?$AA?$AN?$AA?6?$AAT?$AAh?$AAr?$AAe?$AAa?$AAd?$AA?5?$AAI?$AAD?$AA?5?$AA?3?$AA?5?$AA0?$AAx?$AA?$CF?$AA0?$AA8?$AAX@ 6000b494     AssertDlg.obj
 0002:000004c4       ??_C@_1CG@BFLAIGFF@?$AAC?$AA?$CG?$AAe?$AAn?$AAt?$AAe?$AAr?$AA?5?$AAo?$AAn?$AA?5?$AAM?$AAo?$AAn?$AAi?$AAt?$AAo?$AAr?$AA?$AA@ 6000b4c4     AssertDlg.obj
 0002:000004ec       ??_C@_1BC@MJCEFAPM@?$AA?$CG?$AAO?$AAp?$AAt?$AAi?$AAo?$AAn?$AAs?$AA?$AA@ 6000b4ec     AssertDlg.obj
 0002:00000500       ??_C@_13FDJIJHMI@?$AA9?$AA?$AA@ 6000b500     AssertDlg.obj
 0002:00000504       ??_C@_13OLCEPAKN@?$AA8?$AA?$AA@ 6000b504     AssertDlg.obj
 0002:00000508       ??_C@_13LDEHOAPL@?$AA7?$AA?$AA@ 6000b508     AssertDlg.obj
 0002:0000050c       ??_C@_13LPLIHJO@?$AA6?$AA?$AA@ 6000b50c     AssertDlg.obj
 0002:00000510       ??_C@_13BJEOCIHA@?$AA5?$AA?$AA@ 6000b510     AssertDlg.obj
 0002:00000514       ??_C@_13KBPCEPBF@?$AA4?$AA?$AA@ 6000b514     AssertDlg.obj
 0002:00000518       ??_C@_13DMCFHHKM@?$AA3?$AA?$AA@ 6000b518     AssertDlg.obj
 0002:0000051c       ??_C@_13IEJJBAMJ@?$AA2?$AA?$AA@ 6000b51c     AssertDlg.obj
 0002:00000520       ??_C@_13JGCMLPCH@?$AA1?$AA?$AA@ 6000b520     AssertDlg.obj
 0002:00000524       ??_C@_13COJANIEC@?$AA0?$AA?$AA@ 6000b524     AssertDlg.obj
 0002:00000528       ??_C@_13LBAGMAIH@?$AA?6?$AA?$AA@ 6000b528     AssertDlg.obj
 0002:0000052c       ??_C@_15JNBOKNOG@?$AA?$AN?$AA?6?$AA?$AA@ 6000b52c     AssertDlg.obj
 0002:00000534       ??_C@_02LJIJHEIM@?$DN?5?$AA@ 6000b534     AssertDlg.obj
 0002:00000538       ??_C@_13HOIJIPNN@?$AA?5?$AA?$AA@ 6000b538     AssertDlg.obj
 0002:0000053c       ??_C@_13KDLDGPGJ@?$AA?7?$AA?$AA@ 6000b53c     AssertDlg.obj
 0002:00000540       ??_C@_15BEDKEABO@?$AA?7?$AA?7?$AA?$AA@ 6000b540     AssertDlg.obj
 0002:00000548       ??_C@_1BK@CONLDHIG@?$AAd?$AAw?$AAS?$AAt?$AAa?$AAc?$AAk?$AAF?$AAr?$AAa?$AAm?$AAe?$AA?$AA@ 6000b548     AssertDlg.obj
 0002:00000564       ??_C@_1BA@LLNHGMOC@?$AAd?$AAw?$AAS?$AAt?$AAa?$AAc?$AAk?$AA?$AA@ 6000b564     AssertDlg.obj
 0002:00000574       ??_C@_1BG@CLNKDKNN@?$AAs?$AAF?$AAa?$AAi?$AAl?$AAC?$AAo?$AAu?$AAn?$AAt?$AA?$AA@ 6000b574     AssertDlg.obj
 0002:0000058c       ??_C@_1BK@DDBHFACD@?$AAs?$AAI?$AAg?$AAn?$AAo?$AAr?$AAe?$AAC?$AAo?$AAu?$AAn?$AAt?$AA?$AA@ 6000b58c     AssertDlg.obj
 0002:000005a8       ??_C@_1BC@PCAKHGPA@?$AA?$CG?$AAL?$AAe?$AAs?$AAs?$AA?$CG?$AA?$DM?$AA?$DM?$AA?$AA@ 6000b5a8     AssertDlg.obj
 0002:000005bc       ??_C@_1BA@BLGJBH@?$AAM?$AAo?$AAr?$AAe?$AA?$CG?$AA?$DO?$AA?$DO?$AA?$AA@ 6000b5bc     AssertDlg.obj
 0002:000005cc       ??_C@_1DG@BBHCFADO@?$AAS?$AAe?$AAn?$AAd?$AAi?$AAn?$AAg?$AA?5?$AAm?$AAa?$AAi?$AAl?$AA?5?$AAf?$AAa?$AAi?$AAl?$AAe?$AAd?$AA?5@ 6000b5cc     AssertDlg.obj
 0002:00000604       ??_C@_0BO@LAFOPGBL@SUPERASSERT?5Assertion?5Failure?$AA@ 6000b604     AssertDlg.obj
 0002:00000624       ??_C@_05GJDONAMB@SMTP?3?$AA@ 6000b624     AssertDlg.obj
 0002:0000062c       ??_C@_1BG@CCFIOIAG@?$AAM?$AAA?$AAP?$AAI?$AA3?$AA2?$AA?4?$AAD?$AAL?$AAL?$AA?$AA@ 6000b62c     AssertDlg.obj
 0002:00000644       ??_C@_1O@GNPNAMOC@?$AA0?$AAx?$AA?$CF?$AA0?$AA8?$AAX?$AA?$AA@ 6000b644     AssertDlg.obj
 0002:00000698       ??_C@_1BG@CDHOCEDF@?$AAS?$AAh?$AAo?$AAw?$AAA?$AAr?$AAr?$AAa?$AAy?$AAs?$AA?$AA@ 6000b698     AssertDlg.obj
 0002:000006b0       ??_C@_1BI@BJCBINGI@?$AAL?$AAo?$AAc?$AAa?$AAl?$AAs?$AAD?$AAe?$AAp?$AAt?$AAh?$AA?$AA@ 6000b6b0     AssertDlg.obj
 0002:000006c8       ??_C@_1BI@CANAPKGH@?$AAA?$AAl?$AAw?$AAa?$AAy?$AAs?$AAO?$AAn?$AAT?$AAo?$AAp?$AA?$AA@ 6000b6c8     AssertDlg.obj
 0002:000006e0       ??_C@_1BK@MIMBJEDO@?$AAM?$AAi?$AAn?$AAi?$AAD?$AAu?$AAm?$AAp?$AAI?$AAn?$AAf?$AAo?$AA?$AA@ 6000b6e0     AssertDlg.obj
 0002:000006fc       ??_C@_1BO@PPOCBNNP@?$AAS?$AAt?$AAa?$AAc?$AAk?$AAT?$AAr?$AAa?$AAc?$AAe?$AAT?$AAy?$AAp?$AAe?$AA?$AA@ 6000b6fc     AssertDlg.obj
 0002:0000071c       ??_C@_1BM@HANBFCEF@?$AAL?$AAa?$AAs?$AAt?$AAS?$AAc?$AAr?$AAe?$AAe?$AAn?$AAP?$AAo?$AAs?$AA?$AA@ 6000b71c     AssertDlg.obj
 0002:00000738       ??_C@_1BE@EDFMIID@?$AAP?$AAl?$AAa?$AAy?$AAS?$AAo?$AAu?$AAn?$AAd?$AA?$AA@ 6000b738     AssertDlg.obj
 0002:0000074c       ??_C@_1O@LOPOHNAE@?$AAF?$AAo?$AAl?$AAd?$AAe?$AAd?$AA?$AA@ 6000b74c     AssertDlg.obj
 0002:0000075c       ??_C@_1DO@KMOOEKCM@?$AAS?$AAo?$AAf?$AAt?$AAw?$AAa?$AAr?$AAe?$AA?2?$AAB?$AAu?$AAg?$AAs?$AAl?$AAa?$AAy?$AAe?$AAr?$AA?2?$AAS@ 6000b75c     AssertDlg.obj
 0002:0000079c       ??_C@_1BO@CJPKCNHF@?$AAL?$AAu?$AAc?$AAi?$AAd?$AAa?$AA?5?$AAC?$AAo?$AAn?$AAs?$AAo?$AAl?$AAe?$AA?$AA@ 6000b79c     AssertDlg.obj
 0002:000007bc       ??_C@_1DA@JIDPFPNH@?$AAM?$AAi?$AAc?$AAr?$AAo?$AAs?$AAo?$AAf?$AAt?$AA?5?$AAC?$AA?$CL?$AA?$CL?$AA?5?$AAE?$AAx?$AAc?$AAe?$AAp?$AAt@ 6000b7bc     CrashHandler.obj
 0002:000007ec       ??_C@_1DC@INLJHEHC@?$AAE?$AAX?$AAC?$AAE?$AAP?$AAT?$AAI?$AAO?$AAN?$AA_?$AAI?$AAN?$AAV?$AAA?$AAL?$AAI?$AAD?$AA_?$AAH?$AAA@ 6000b7ec     CrashHandler.obj
 0002:00000820       ??_C@_1CK@OFIKNIHE@?$AAE?$AAX?$AAC?$AAE?$AAP?$AAT?$AAI?$AAO?$AAN?$AA_?$AAG?$AAU?$AAA?$AAR?$AAD?$AA_?$AAP?$AAA?$AAG?$AAE@ 6000b820     CrashHandler.obj
 0002:0000084c       ??_C@_1DM@BHMFAFLP@?$AAE?$AAX?$AAC?$AAE?$AAP?$AAT?$AAI?$AAO?$AAN?$AA_?$AAI?$AAN?$AAV?$AAA?$AAL?$AAI?$AAD?$AA_?$AAD?$AAI@ 6000b84c     CrashHandler.obj
 0002:00000888       ??_C@_1DC@FCIJDDJO@?$AAE?$AAX?$AAC?$AAE?$AAP?$AAT?$AAI?$AAO?$AAN?$AA_?$AAS?$AAT?$AAA?$AAC?$AAK?$AA_?$AAO?$AAV?$AAE?$AAR@ 6000b888     CrashHandler.obj
 0002:000008c0       ??_C@_1EG@DMGAABDE@?$AAE?$AAX?$AAC?$AAE?$AAP?$AAT?$AAI?$AAO?$AAN?$AA_?$AAN?$AAO?$AAN?$AAC?$AAO?$AAN?$AAT?$AAI?$AAN?$AAU@ 6000b8c0     CrashHandler.obj
 0002:00000908       ??_C@_1DM@JDMIPLGJ@?$AAE?$AAX?$AAC?$AAE?$AAP?$AAT?$AAI?$AAO?$AAN?$AA_?$AAI?$AAL?$AAL?$AAE?$AAG?$AAA?$AAL?$AA_?$AAI?$AAN@ 6000b908     CrashHandler.obj
 0002:00000944       ??_C@_1DA@LAKALNNI@?$AAE?$AAX?$AAC?$AAE?$AAP?$AAT?$AAI?$AAO?$AAN?$AA_?$AAI?$AAN?$AA_?$AAP?$AAA?$AAG?$AAE?$AA_?$AAE?$AAR@ 6000b944     CrashHandler.obj
 0002:00000974       ??_C@_1DG@PNCKAKMD@?$AAE?$AAX?$AAC?$AAE?$AAP?$AAT?$AAI?$AAO?$AAN?$AA_?$AAP?$AAR?$AAI?$AAV?$AA_?$AAI?$AAN?$AAS?$AAT?$AAR@ 6000b974     CrashHandler.obj
 0002:000009ac       ??_C@_1CO@FMAJHLPF@?$AAE?$AAX?$AAC?$AAE?$AAP?$AAT?$AAI?$AAO?$AAN?$AA_?$AAI?$AAN?$AAT?$AA_?$AAO?$AAV?$AAE?$AAR?$AAF?$AAL@ 6000b9ac     CrashHandler.obj
 0002:000009dc       ??_C@_1DK@EEPECJJJ@?$AAE?$AAX?$AAC?$AAE?$AAP?$AAT?$AAI?$AAO?$AAN?$AA_?$AAI?$AAN?$AAT?$AA_?$AAD?$AAI?$AAV?$AAI?$AAD?$AAE@ 6000b9dc     CrashHandler.obj
 0002:00000a18       ??_C@_1DA@LOCKLJOH@?$AAE?$AAX?$AAC?$AAE?$AAP?$AAT?$AAI?$AAO?$AAN?$AA_?$AAF?$AAL?$AAT?$AA_?$AAU?$AAN?$AAD?$AAE?$AAR?$AAF@ 6000ba18     CrashHandler.obj
 0002:00000a48       ??_C@_1DE@PBANJDHK@?$AAE?$AAX?$AAC?$AAE?$AAP?$AAT?$AAI?$AAO?$AAN?$AA_?$AAF?$AAL?$AAT?$AA_?$AAS?$AAT?$AAA?$AAC?$AAK?$AA_@ 6000ba48     CrashHandler.obj
 0002:00000a7c       ??_C@_1CO@INIOBGA@?$AAE?$AAX?$AAC?$AAE?$AAP?$AAT?$AAI?$AAO?$AAN?$AA_?$AAF?$AAL?$AAT?$AA_?$AAO?$AAV?$AAE?$AAR?$AAF?$AAL@ 6000ba7c     CrashHandler.obj
 0002:00000ab0       ??_C@_1EA@GFBMCNAN@?$AAE?$AAX?$AAC?$AAE?$AAP?$AAT?$AAI?$AAO?$AAN?$AA_?$AAF?$AAL?$AAT?$AA_?$AAI?$AAN?$AAV?$AAA?$AAL?$AAI@ 6000bab0     CrashHandler.obj
 0002:00000af0       ??_C@_1DK@JOHFNPA@?$AAE?$AAX?$AAC?$AAE?$AAP?$AAT?$AAI?$AAO?$AAN?$AA_?$AAF?$AAL?$AAT?$AA_?$AAI?$AAN?$AAE?$AAX?$AAA?$AAC@ 6000baf0     CrashHandler.obj
 0002:00000b2c       ??_C@_1DK@BEFNIBEI@?$AAE?$AAX?$AAC?$AAE?$AAP?$AAT?$AAI?$AAO?$AAN?$AA_?$AAF?$AAL?$AAT?$AA_?$AAD?$AAI?$AAV?$AAI?$AAD?$AAE@ 6000bb2c     CrashHandler.obj
 0002:00000b68       ??_C@_1DO@EGNONNCH@?$AAE?$AAX?$AAC?$AAE?$AAP?$AAT?$AAI?$AAO?$AAN?$AA_?$AAF?$AAL?$AAT?$AA_?$AAD?$AAE?$AAN?$AAO?$AAR?$AAM@ 6000bb68     CrashHandler.obj
 0002:00000ba8       ??_C@_1EA@KCJEJHHM@?$AAE?$AAX?$AAC?$AAE?$AAP?$AAT?$AAI?$AAO?$AAN?$AA_?$AAA?$AAR?$AAR?$AAA?$AAY?$AA_?$AAB?$AAO?$AAU?$AAN@ 6000bba8     CrashHandler.obj
 0002:00000be8       ??_C@_1CM@IAIFNOBF@?$AAE?$AAX?$AAC?$AAE?$AAP?$AAT?$AAI?$AAO?$AAN?$AA_?$AAS?$AAI?$AAN?$AAG?$AAL?$AAE?$AA_?$AAS?$AAT?$AAE@ 6000bbe8     CrashHandler.obj
 0002:00000c14       ??_C@_1CK@GFOKFPCI@?$AAE?$AAX?$AAC?$AAE?$AAP?$AAT?$AAI?$AAO?$AAN?$AA_?$AAB?$AAR?$AAE?$AAA?$AAK?$AAP?$AAO?$AAI?$AAN?$AAT@ 6000bc14     CrashHandler.obj
 0002:00000c40       ??_C@_1EA@DPJMAOIB@?$AAE?$AAX?$AAC?$AAE?$AAP?$AAT?$AAI?$AAO?$AAN?$AA_?$AAD?$AAA?$AAT?$AAA?$AAT?$AAY?$AAP?$AAE?$AA_?$AAM@ 6000bc40     CrashHandler.obj
 0002:00000c80       ??_C@_1DG@MBKEFPAE@?$AAE?$AAX?$AAC?$AAE?$AAP?$AAT?$AAI?$AAO?$AAN?$AA_?$AAA?$AAC?$AAC?$AAE?$AAS?$AAS?$AA_?$AAV?$AAI?$AAO@ 6000bc80     CrashHandler.obj
 0002:00000cb8       ??_C@_1BDC@BNPOJDGO@?$AAE?$AAA?$AAX?$AA?$DN?$AA?$CF?$AA0?$AA8?$AAX?$AA?5?$AA?5?$AAE?$AAB?$AAX?$AA?$DN?$AA?$CF?$AA0?$AA8?$AAX?$AA?5?$AA?5@ 6000bcb8     CrashHandler.obj
 0002:00000dec       ??_C@_1DO@JOKJMCPN@?$AA?5?$AA?$CI?$AA0?$AAx?$AA?$CF?$AA0?$AA8?$AAX?$AA?5?$AA0?$AAx?$AA?$CF?$AA0?$AA8?$AAX?$AA?5?$AA0?$AAx?$AA?$CF?$AA0@ 6000bdec     CrashHandler.obj
 0002:00000e2c       ??_C@_1BE@LHPFDLIA@?$AA?$CF?$AA0?$AA4?$AAX?$AA?3?$AA?$CF?$AA0?$AA8?$AAX?$AA?$AA@ 6000be2c     CrashHandler.obj
 0002:00000e40       ??_C@_1BO@JDADOOKB@?$AA?5?$AA?$CF?$AAS?$AA?0?$AA?5?$AAl?$AAi?$AAn?$AAe?$AA?5?$AA?$CF?$AA0?$AA4?$AAd?$AA?$AA@ 6000be40     CrashHandler.obj
 0002:00000e60       ??_C@_1DI@NEOFDDNP@?$AA?5?$AA?$CF?$AAS?$AA?0?$AA?5?$AAl?$AAi?$AAn?$AAe?$AA?5?$AA?$CF?$AA0?$AA4?$AAd?$AA?$CL?$AA?$CF?$AA0?$AA4?$AAd?$AA?5@ 6000be60     CrashHandler.obj
 0002:00000e98       ??_C@_19MIJGCNAM@?$AA?5?$AA?$CF?$AAS?$AA?5?$AA?$AA@ 6000be98     CrashHandler.obj
 0002:00000ea4       ??_C@_1CG@KKENPIJC@?$AA?5?$AA?$CF?$AAS?$AA?$CI?$AA?$CJ?$AA?$CL?$AA?$CF?$AA0?$AA4?$AAd?$AA?5?$AAb?$AAy?$AAt?$AAe?$AA?$CI?$AAs?$AA?$CJ?$AA?$AA@ 6000bea4     CrashHandler.obj
 0002:00000ecc       ??_C@_13DEFPDAGF@?$AA?0?$AA?$AA@ 6000becc     CrashHandler.obj
 0002:00000ed0       ??_C@_1BM@OEAFHCCP@?$AA?5?$AAa?$AAt?$AA?5?$AA?$CF?$AA0?$AA4?$AAX?$AA?3?$AA?$CF?$AA0?$AA8?$AAX?$AA?$AA@ 6000bed0     CrashHandler.obj
 0002:00000eec       ??_C@_1BE@GFCJAFPH@?$AA?$DM?$AAU?$AAN?$AAK?$AAN?$AAO?$AAW?$AAN?$AA?$DO?$AA?$AA@ 6000beec     CrashHandler.obj
 0002:00000f00       ??_C@_1BI@ILNBFCKC@?$AA?5?$AAi?$AAn?$AA?5?$AAm?$AAo?$AAd?$AAu?$AAl?$AAe?$AA?5?$AA?$AA@ 6000bf00     CrashHandler.obj
 0002:00000f18       ??_C@_1BE@LCNNIAEL@?$AAN?$AAT?$AAD?$AAL?$AAL?$AA?4?$AAD?$AAL?$AAL?$AA?$AA@ 6000bf18     CrashHandler.obj
 0002:00000f2c       ??_C@_15GANGMFKL@?$AA?$CF?$AAs?$AA?$AA@ 6000bf2c     CrashHandler.obj
 0002:00000f34       ??_C@_1BI@KKOEDKCM@?$AA?5?$AAc?$AAa?$AAu?$AAs?$AAe?$AAd?$AA?5?$AAa?$AAn?$AA?5?$AA?$AA@ 6000bf34     CrashHandler.obj
 0002:00000f50       ??_C@_1EG@DKAOFDFC@?$AAE?$AAX?$AAC?$AAE?$AAP?$AAT?$AAI?$AAO?$AAN?$AA_?$AAS?$AAT?$AAA?$AAC?$AAK?$AA_?$AAO?$AAV?$AAE?$AAR@ 6000bf50     CrashHandler.obj
 0002:00000f98       ??_C@_1EG@ELEFBNJ@?$AA?$CB?$AA?$CB?$AA?$CB?$AA?$CB?$AA?$CB?$AA?$CB?$AA?$CB?$AA?$CB?$AA?$CB?$AA?$CB?$AA?$CB?$AA?$CB?$AA?$CB?$AA?$CB?$AA?$CB?$AA?$CB?$AA?$CB?$AA?$CB?$AA?$CB?$AA?$CB@ 6000bf98     CrashHandler.obj
 0002:00000fe0       ??_7CVariableInfo@@6B@     6000bfe0     DiagAssert.obj
 0002:00000fe4       ??_7CSymbolEngine@@6B@     6000bfe4     DiagAssert.obj
 0002:00000fe8       ??_C@_1BM@BJJGNIJC@?$AAB?$AAu?$AAg?$AAs?$AAl?$AAa?$AAy?$AAe?$AAr?$AAU?$AAt?$AAi?$AAl?$AA?$AA@ 6000bfe8     DiagAssert.obj
 0002:00001004       ??_C@_1CE@IBOOENIL@?$AAB?$AAU?$AAG?$AAS?$AAL?$AAA?$AAY?$AAE?$AAR?$AAU?$AAT?$AAI?$AAL?$AA?4?$AAD?$AAL?$AAL?$AA?$AA@ 6000c004     DiagAssert.obj
 0002:00001028       ??_C@_1BK@GAEMIDIL@?$AAA?$AAD?$AAV?$AAA?$AAP?$AAI?$AA3?$AA2?$AA?4?$AAD?$AAL?$AAL?$AA?$AA@ 6000c028     DiagAssert.obj
 0002:00001044       ??_C@_1BO@CHOLPGLN@?$AAT?$AAy?$AAp?$AAe?$AAs?$AAS?$AAu?$AAp?$AAp?$AAo?$AAr?$AAt?$AAe?$AAd?$AA?$AA@ 6000c044     DiagAssert.obj
 0002:00001064       ??_C@_1CC@JONFAEOP@?$AAE?$AAv?$AAe?$AAn?$AAt?$AAM?$AAe?$AAs?$AAs?$AAa?$AAg?$AAe?$AAF?$AAi?$AAl?$AAe?$AA?$AA@ 6000c064     DiagAssert.obj
 0002:00001088       ??_C@_1BO@PDHPFOAH@?$AAd?$AAi?$AAa?$AAg?$AAa?$AAs?$AAs?$AAe?$AAr?$AAt?$AA?4?$AAc?$AAp?$AAp?$AA?$AA@ 6000c088     DiagAssert.obj
 0002:000010a8       ??_C@_1CC@DLKPFKGC@?$AA?$DM?$AAu?$AAn?$AAk?$AAn?$AAo?$AAw?$AAn?$AA?5?$AAs?$AAy?$AAm?$AAb?$AAo?$AAl?$AA?$DO?$AA?$AA@ 6000c0a8     DiagAssert.obj
 0002:000010cc       ??_C@_1CO@MAPPOOPE@?$AAS?$AAy?$AAs?$AAt?$AAe?$AAm?$AAC?$AAa?$AAl?$AAl?$AAS?$AAt?$AAu?$AAb?$AA?$CL?$AA4?$AA?5?$AAb?$AAy?$AAt@ 6000c0cc     DiagAssert.obj
 0002:000010fc       ??_C@_1BI@OOIELABG@?$AA?5?$AA?$CL?$AA?5?$AA?$CF?$AAd?$AA?5?$AAb?$AAy?$AAt?$AAe?$AAs?$AA?$AA@ 6000c0fc     DiagAssert.obj
 0002:00001114       ??_C@_1CE@IMPJBOJP@?$AA?$CF?$AAs?$AA?7?$AA?7?$AA?$CF?$AAS?$AA?$CF?$AAs?$AA?7?$AA?7?$AAL?$AAi?$AAn?$AAe?$AA?5?$AA?$CF?$AAd?$AA?$AA@ 6000c114     DiagAssert.obj
 0002:00001138       ??_C@_1BM@GADHHGLF@?$AA?$CF?$AAS?$AA?5?$AA?$CL?$AA?5?$AA?$CF?$AAd?$AA?5?$AAb?$AAy?$AAt?$AAe?$AAs?$AA?$AA@ 6000c138     DiagAssert.obj
 0002:00001154       ??_C@_15MAOEGKJF@?$AA?$CF?$AAS?$AA?$AA@ 6000c154     DiagAssert.obj
 0002:0000115c       ??_C@_1CG@OBCNDHIO@?$AA?$DM?$AAu?$AAn?$AAk?$AAn?$AAo?$AAw?$AAn?$AA?5?$AAm?$AAo?$AAd?$AAu?$AAl?$AAe?$AA?$DO?$AA?3?$AA?5?$AA?$AA@ 6000c15c     DiagAssert.obj
 0002:00001184       ??_C@_1CC@GDNMHDEA@?$AAS?$AAh?$AAa?$AAr?$AAe?$AAd?$AAU?$AAs?$AAe?$AAr?$AAD?$AAa?$AAt?$AAa?$AA?3?$AA?5?$AA?$AA@ 6000c184     DiagAssert.obj
 0002:000011a8       ??_C@_19GLHLCAMN@?$AA?$CF?$AAS?$AA?3?$AA?5?$AA?$AA@ 6000c1a8     DiagAssert.obj
 0002:000011b4       ??_C@_1BA@MFMMBPIG@?$AA0?$AAx?$AA?$CF?$AA0?$AA8?$AAX?$AA?5?$AA?$AA@ 6000c1b4     DiagAssert.obj
 0002:000011c4       ??_C@_1CK@OCIHJJBI@?$AAA?$AAS?$AAS?$AAE?$AAR?$AAT?$AAI?$AAO?$AAN?$AA?5?$AAF?$AAA?$AAI?$AAL?$AAU?$AAR?$AAE?$AA?4?$AA?4?$AA?4@ 6000c1c4     DiagAssert.obj
 0002:000011f0       ??_C@_1IG@FCDMCPIC@?$AAD?$AAe?$AAb?$AAu?$AAg?$AA?5?$AAA?$AAs?$AAs?$AAe?$AAr?$AAt?$AAi?$AAo?$AAn?$AA?5?$AAF?$AAa?$AAi?$AAl@ 6000c1f0     DiagAssert.obj
 0002:00001278       ??_C@_1CM@JFOEOAAP@?$AA?$DM?$AAu?$AAn?$AAk?$AAn?$AAo?$AAw?$AAn?$AA?5?$AAa?$AAp?$AAp?$AAl?$AAi?$AAc?$AAa?$AAt?$AAi?$AAo?$AAn@ 6000c278     DiagAssert.obj
 0002:000012a8       ??_C@_1EI@FBJMNPC@?$AAF?$AAi?$AAl?$AAe?$AA?5?$AA?3?$AA?5?$AA?$CF?$AAs?$AA?6?$AAL?$AAi?$AAn?$AAe?$AA?5?$AA?3?$AA?5?$AA?$CF?$AAd?$AA?6@ 6000c2a8     DiagAssert.obj
 0002:000012f0       ??_C@_1EI@KBGLBEKO@?$AAF?$AAi?$AAl?$AAe?$AA?5?$AA?3?$AA?5?$AA?$CF?$AAS?$AA?6?$AAL?$AAi?$AAn?$AAe?$AA?5?$AA?3?$AA?5?$AA?$CF?$AAd?$AA?6@ 6000c2f0     DiagAssert.obj
 0002:00001338       ??_C@_0BG@LPHFFLAA@DeregisterEventSource?$AA@ 6000c338     DiagAssert.obj
 0002:00001350       ??_C@_0N@OGEMJOHI@ReportEventW?$AA@ 6000c350     DiagAssert.obj
 0002:00001360       ??_C@_0BF@FNOHIELI@RegisterEventSourceW?$AA@ 6000c360     DiagAssert.obj
 0002:00001378       ??_C@_1HE@MEPBEJDN@?$AAS?$AAY?$AAS?$AAT?$AAE?$AAM?$AA?2?$AAC?$AAu?$AAr?$AAr?$AAe?$AAn?$AAt?$AAC?$AAo?$AAn?$AAt?$AAr?$AAo@ 6000c378     DiagAssert.obj
 0002:000013ec       ??_C@_0BC@MNIKNFKD@MiniDumpWriteDump?$AA@ 6000c3ec     MiniDump.obj
 0002:00001400       ??_C@_1BI@NIJBKGEB@?$AAD?$AAB?$AAG?$AAH?$AAE?$AAL?$AAP?$AA?4?$AAD?$AAL?$AAL?$AA?$AA@ 6000c400     MiniDump.obj
 0002:00001418       ??_C@_0BF@PJJPMHMO@GetModuleFileNameExW?$AA@ 6000c418     NT4ProcessInfo.obj
 0002:00001430       ??_C@_0BD@PABDJIFP@GetModuleBaseNameW?$AA@ 6000c430     NT4ProcessInfo.obj
 0002:00001444       ??_C@_0BD@FIEJBLME@EnumProcessModules?$AA@ 6000c444     NT4ProcessInfo.obj
 0002:00001458       ??_C@_1BE@EHAGNCK@?$AAP?$AAS?$AAA?$AAP?$AAI?$AA?4?$AAD?$AAL?$AAL?$AA?$AA@ 6000c458     NT4ProcessInfo.obj
 0002:0000146c       ??_C@_0BG@LAPOCMAN@GetProcessHandleCount?$AA@ 6000c46c     SuperAssert.obj
 0002:00001484       ??_C@_1BK@MGMFAEKH@?$AAk?$AAe?$AAr?$AAn?$AAe?$AAl?$AA3?$AA2?$AA?4?$AAd?$AAl?$AAl?$AA?$AA@ 6000c484     SuperAssert.obj
 0002:000014a0       ??_C@_1EM@MCHPCEIK@?$AA?6?$AA?6?$AAW?$AAr?$AAi?$AAt?$AAi?$AAn?$AAg?$AA?5?$AAa?$AAs?$AAs?$AAe?$AAr?$AAt?$AAi?$AAo?$AAn?$AA?5@ 6000c4a0     SuperAssert.obj
 0002:000014f0       ??_C@_1NM@IDHMNEOP@?$AAT?$AAy?$AAp?$AAe?$AA?5?$AA?5?$AA?5?$AA?5?$AA?5?$AA?5?$AA?5?$AA?3?$AA?5?$AA?$CF?$AAs?$AA?$AN?$AA?6?$AAE?$AAx?$AAp@ 6000c4f0     SuperAssert.obj
 0002:000015cc       ??_C@_1CC@NKGIGFP@?$AAU?$AAn?$AAk?$AAn?$AAo?$AAw?$AAn?$AA?5?$AAf?$AAu?$AAn?$AAc?$AAt?$AAi?$AAo?$AAn?$AA?$AA@ 6000c5cc     SuperAssert.obj
 0002:000015f0       ??_C@_1BCG@EEKIDEJP@?$AAT?$AAy?$AAp?$AAe?$AA?5?$AA?5?$AA?5?$AA?5?$AA?5?$AA?5?$AA?5?$AA?3?$AA?5?$AA?$CF?$AAs?$AA?$AN?$AA?6?$AAE?$AAx?$AAp@ 6000c5f0     SuperAssert.obj
 0002:00001718       ??_C@_1BGE@EIDCNBMO@?$AAT?$AAy?$AAp?$AAe?$AA?5?$AA?5?$AA?5?$AA?5?$AA?5?$AA?5?$AA?5?$AA?5?$AA?5?$AA?3?$AA?5?$AA?$CF?$AAs?$AA?$AN?$AA?6?$AAE@ 6000c718     SuperAssert.obj
 0002:0000187c       ??_C@_11LOCGONAA@?$AA?$AA@ 6000c87c     SuperAssert.obj
 0002:00001880       ??_C@_1FA@DDHEIFGE@?$AAL?$AAa?$AAs?$AAt?$AA?5?$AAe?$AAr?$AAr?$AAo?$AAr?$AA?5?$AAm?$AAe?$AAs?$AAs?$AAa?$AAg?$AAe?$AA?5?$AAt@ 6000c880     SuperAssert.obj
 0002:000018d0       ??_C@_0N@LDGMJMKG@Thread32Next?$AA@ 6000c8d0     TLHELPProcessInfo.obj
 0002:000018e0       ??_C@_0O@DHAEEPDO@Thread32First?$AA@ 6000c8e0     TLHELPProcessInfo.obj
 0002:000018f0       ??_C@_0P@HGJPNFAI@Process32NextW?$AA@ 6000c8f0     TLHELPProcessInfo.obj
 0002:00001900       ??_C@_0BA@FCBGIKMJ@Process32FirstW?$AA@ 6000c900     TLHELPProcessInfo.obj
 0002:00001910       ??_C@_0O@NADNHHIC@Module32NextW?$AA@ 6000c910     TLHELPProcessInfo.obj
 0002:00001920       ??_C@_0P@FPNNECFF@Module32FirstW?$AA@ 6000c920     TLHELPProcessInfo.obj
 0002:00001930       ??_C@_0BJ@JEFKDHMD@CreateToolhelp32Snapshot?$AA@ 6000c930     TLHELPProcessInfo.obj
 0002:0000194c       ??_C@_1BK@DBDEIDLH@?$AAK?$AAE?$AAR?$AAN?$AAE?$AAL?$AA3?$AA2?$AA?4?$AAD?$AAL?$AAL?$AA?$AA@ 6000c94c     TLHELPProcessInfo.obj
 0002:00001968       ??_C@_17LDADEION@?$AAI?$AAM?$AAE?$AA?$AA@ 6000c968     JFX_Release_BSU:JWnd.obj
 0002:00001970       ??_C@_17DCCBHIJD@?$AAE?$AAN?$AAU?$AA?$AA@ 6000c970     JFX_Release_BSU:JWinApp.obj
 0002:00001978       ??_C@_0P@CICBGLGA@SymGetTypeInfo?$AA@ 6000c978     SymbolEngine_Release_BSU:SymbolEngine.obj
 0002:00001988       ??_C@_0O@HMGGMGDA@SymSetContext?$AA@ 6000c988     SymbolEngine_Release_BSU:SymbolEngine.obj
 0002:00001998       ??_C@_0P@HOFLHHNH@SymEnumSymbols?$AA@ 6000c998     SymbolEngine_Release_BSU:SymbolEngine.obj
 0002:000019a8       ??_C@_19IEAEFCGC@?$AA?$DP?$AA?$DP?$AA?$DP?$AA?$DP?$AA?$AA@ 6000c9a8     SymbolEngine_Release_BSU:SymbolEngine.obj
 0002:000019b4       ??_C@_19EGBFBMDH@?$AA?$FL?$AA?$CF?$AAd?$AA?$FN?$AA?$AA@ 6000c9b4     SymbolEngine_Release_BSU:SymbolEngine.obj
 0002:000019c0       ??_C@_1O@NPOMLEPH@?$AA?$FL?$AA0?$AAx?$AA?$CF?$AAX?$AA?$FN?$AA?$AA@ 6000c9c0     SymbolEngine_Release_BSU:SymbolEngine.obj
 0002:000019d0       ??_C@_1BA@MODDICOM@?$AA_?$AA_?$AAv?$AAf?$AAp?$AAt?$AAr?$AA?$AA@ 6000c9d0     SymbolEngine_Release_BSU:TypeDecoding.obj
 0002:000019e0       ??_C@_15JEKLLLNO@?$AA?5?$AA?$CJ?$AA?$AA@ 6000c9e0     SymbolEngine_Release_BSU:TypeDecoding.obj
 0002:000019e8       ??_C@_17LDPHCILD@?$AA?5?$AA?0?$AA?5?$AA?$AA@ 6000c9e8     SymbolEngine_Release_BSU:TypeDecoding.obj
 0002:000019f0       ??_C@_17CIGGGKKF@?$AA?5?$AA?$CI?$AA?5?$AA?$AA@ 6000c9f0     SymbolEngine_Release_BSU:TypeDecoding.obj
 0002:000019f8       ??_C@_15IGBOBEDA@?$AA?5?$AA?$CK?$AA?$AA@ 6000c9f8     SymbolEngine_Release_BSU:TypeDecoding.obj
 0002:00001a00       ??_C@_1CM@OBGCDIHE@?$AA?$CK?$AA?$CK?$AAU?$AAN?$AAK?$AAN?$AAO?$AAW?$AAN?$AA?5?$AAB?$AAa?$AAs?$AAi?$AAc?$AAT?$AAy?$AAp?$AAe?$AA?$CK@ 6000ca00     SymbolEngine_Release_BSU:TypeDecoding.obj
 0002:00001a2c       ??_C@_1BA@FDJMIAME@?$AAH?$AAR?$AAE?$AAS?$AAU?$AAL?$AAT?$AA?$AA@ 6000ca2c     SymbolEngine_Release_BSU:TypeDecoding.obj
 0002:00001a3c       ??_C@_19KLIIDJPJ@?$AAB?$AAS?$AAT?$AAR?$AA?$AA@ 6000ca3c     SymbolEngine_Release_BSU:TypeDecoding.obj
 0002:00001a48       ??_C@_17MDLFOOAJ@?$AAb?$AAi?$AAt?$AA?$AA@ 6000ca48     SymbolEngine_Release_BSU:TypeDecoding.obj
 0002:00001a50       ??_C@_1BA@DLBJOOMD@?$AAC?$AAO?$AAM?$AAP?$AAL?$AAE?$AAX?$AA?$AA@ 6000ca50     SymbolEngine_Release_BSU:TypeDecoding.obj
 0002:00001a60       ??_C@_1BA@HCNPNKMO@?$AAV?$AAA?$AAR?$AAI?$AAA?$AAN?$AAT?$AA?$AA@ 6000ca60     SymbolEngine_Release_BSU:TypeDecoding.obj
 0002:00001a70       ??_C@_19FFMGBAMO@?$AAD?$AAA?$AAT?$AAE?$AA?$AA@ 6000ca70     SymbolEngine_Release_BSU:TypeDecoding.obj
 0002:00001a7c       ??_C@_1BC@BHIHGHLA@?$AAC?$AAU?$AAR?$AAR?$AAE?$AAN?$AAC?$AAY?$AA?$AA@ 6000ca7c     SymbolEngine_Release_BSU:TypeDecoding.obj
 0002:00001a90       ??_C@_1BM@KCKOECLL@?$AAu?$AAn?$AAs?$AAi?$AAg?$AAn?$AAe?$AAd?$AA?5?$AAl?$AAo?$AAn?$AAg?$AA?$AA@ 6000ca90     SymbolEngine_Release_BSU:TypeDecoding.obj
 0002:00001aac       ??_C@_19EKGKGAPA@?$AAl?$AAo?$AAn?$AAg?$AA?$AA@ 6000caac     SymbolEngine_Release_BSU:TypeDecoding.obj
 0002:00001ab8       ??_C@_19EIPOAEOH@?$AAb?$AAo?$AAo?$AAl?$AA?$AA@ 6000cab8     SymbolEngine_Release_BSU:TypeDecoding.obj
 0002:00001ac4       ??_C@_17GMNPFCKO@?$AAB?$AAC?$AAD?$AA?$AA@ 6000cac4     SymbolEngine_Release_BSU:TypeDecoding.obj
 0002:00001acc       ??_C@_1M@KGKAENKF@?$AAf?$AAl?$AAo?$AAa?$AAt?$AA?$AA@ 6000cacc     SymbolEngine_Release_BSU:TypeDecoding.obj
 0002:00001ad8       ??_C@_1BE@GBJLPOH@?$AAu?$AAn?$AAs?$AAi?$AAg?$AAn?$AAe?$AAd?$AA?5?$AA?$AA@ 6000cad8     SymbolEngine_Release_BSU:TypeDecoding.obj
 0002:00001aec       ??_C@_17IDNKMCOH@?$AAi?$AAn?$AAt?$AA?$AA@ 6000caec     SymbolEngine_Release_BSU:TypeDecoding.obj
 0002:00001af4       ??_C@_1M@LOLCAHAG@?$AAs?$AAh?$AAo?$AAr?$AAt?$AA?$AA@ 6000caf4     SymbolEngine_Release_BSU:TypeDecoding.obj
 0002:00001b00       ??_C@_1O@KAHOIPCF@?$AA_?$AAi?$AAn?$AAt?$AA6?$AA4?$AA?$AA@ 6000cb00     SymbolEngine_Release_BSU:TypeDecoding.obj
 0002:00001b10       ??_C@_1BA@CGOMDLII@?$AAw?$AAc?$AAh?$AAa?$AAr?$AA_?$AAt?$AA?$AA@ 6000cb10     SymbolEngine_Release_BSU:TypeDecoding.obj
 0002:00001b20       ??_C@_19CHDFCHBM@?$AAc?$AAh?$AAa?$AAr?$AA?$AA@ 6000cb20     SymbolEngine_Release_BSU:TypeDecoding.obj
 0002:00001b2c       ??_C@_19HFFGOOIH@?$AAv?$AAo?$AAi?$AAd?$AA?$AA@ 6000cb2c     SymbolEngine_Release_BSU:TypeDecoding.obj
 0002:00001b38       ??_C@_1CA@BCKPDCDN@?$AA?$CK?$AA?$CK?$AA?$CK?$AA?5?$AAN?$AAO?$AA?5?$AAT?$AAY?$AAP?$AAE?$AA?5?$AA?$CK?$AA?$CK?$AA?$CK?$AA?$AA@ 6000cb38     SymbolEngine_Release_BSU:TypeDecoding.obj
 0002:00001b58       ??_C@_1BG@KFBJNGFO@?$AAC?$AAO?$AAM?$AAP?$AAL?$AAE?$AAX?$AA?5?$AA?$CF?$AAX?$AA?$AA@ 6000cb58     SymbolEngine_Release_BSU:ValueDecoding.obj
 0002:00001b70       ??_C@_1BA@NCPNGEFJ@?$AAD?$AAA?$AAT?$AAE?$AA?5?$AA?$CF?$AAX?$AA?$AA@ 6000cb70     SymbolEngine_Release_BSU:ValueDecoding.obj
 0002:00001b80       ??_C@_1BI@PIJBFCMB@?$AAC?$AAU?$AAR?$AAR?$AAE?$AAN?$AAC?$AAY?$AA?5?$AA?$CF?$AAX?$AA?$AA@ 6000cb80     SymbolEngine_Release_BSU:ValueDecoding.obj
 0002:00001b98       ??_C@_17IJMNDCL@?$AA?$CF?$AAl?$AAu?$AA?$AA@ 6000cb98     SymbolEngine_Release_BSU:ValueDecoding.obj
 0002:00001ba0       ??_C@_1M@LFIEEOKG@?$AA0?$AAx?$AA?$CF?$AAl?$AAX?$AA?$AA@ 6000cba0     SymbolEngine_Release_BSU:ValueDecoding.obj
 0002:00001bac       ??_C@_1O@MMGGCPIE@?$AA0?$AAx?$AA?$CF?$AA0?$AA2?$AAX?$AA?$AA@ 6000cbac     SymbolEngine_Release_BSU:ValueDecoding.obj
 0002:00001bbc       ??_C@_1BC@LPFAAJCE@?$AAB?$AAC?$AAD?$AA?5?$AA?3?$AA?5?$AA?$CF?$AAX?$AA?$AA@ 6000cbbc     SymbolEngine_Release_BSU:ValueDecoding.obj
 0002:00001bd0       ??_C@_15EFLNJKHH@?$AA?$CF?$AAu?$AA?$AA@ 6000cbd0     SymbolEngine_Release_BSU:ValueDecoding.obj
 0002:00001bd8       ??_C@_17JDANJBDN@?$AA?$CF?$AAh?$AAu?$AA?$AA@ 6000cbd8     SymbolEngine_Release_BSU:ValueDecoding.obj
 0002:00001be0       ??_C@_1M@OGLPPGPN@?$AA?$CF?$AAI?$AA6?$AA4?$AAu?$AA?$AA@ 6000cbe0     SymbolEngine_Release_BSU:ValueDecoding.obj
 0002:00001bec       ??_C@_17HLKIKBMH@?$AA?$CF?$AAh?$AAd?$AA?$AA@ 6000cbec     SymbolEngine_Release_BSU:ValueDecoding.obj
 0002:00001bf4       ??_C@_1M@COBFAMLA@?$AA0?$AAx?$AA?$CF?$AAh?$AAX?$AA?$AA@ 6000cbf4     SymbolEngine_Release_BSU:ValueDecoding.obj
 0002:00001c00       ??_C@_1M@OBKMGAH@?$AA?$CF?$AAI?$AA6?$AA4?$AAd?$AA?$AA@ 6000cc00     SymbolEngine_Release_BSU:ValueDecoding.obj
 0002:00001c0c       ??_C@_1BA@LKHOELE@?$AA0?$AAx?$AA?$CF?$AAI?$AA6?$AA4?$AAX?$AA?$AA@ 6000cc0c     SymbolEngine_Release_BSU:ValueDecoding.obj
 0002:00001c1c       ??_C@_19LDOHAJGB@?$AA?8?$AA?$CF?$AAc?$AA?8?$AA?$AA@ 6000cc1c     SymbolEngine_Release_BSU:ValueDecoding.obj
 0002:00001c28       ??_C@_19IKOCPJID@?$AA?8?$AA?2?$AA0?$AA?8?$AA?$AA@ 6000cc28     SymbolEngine_Release_BSU:ValueDecoding.obj
 0002:00001c34       ??_C@_19LEELAMFH@?$AA?8?$AA?$CF?$AAC?$AA?8?$AA?$AA@ 6000cc34     SymbolEngine_Release_BSU:ValueDecoding.obj
 0002:00001c40       ??_C@_19DHGNKLIN@?$AA0?$AAx?$AA?$CF?$AAp?$AA?$AA@ 6000cc40     SymbolEngine_Release_BSU:ValueDecoding.obj
 0002:00001c4c       ??_C@_15HBBGCAG@?$AA?$CF?$AAf?$AA?$AA@ 6000cc4c     SymbolEngine_Release_BSU:ValueDecoding.obj
 0002:00001c54       ??_C@_15LFJGGCNG@?$AA?$CF?$AAE?$AA?$AA@ 6000cc54     SymbolEngine_Release_BSU:ValueDecoding.obj
 0002:00001c5c       ??_C@_1BA@EGPGOCPE@?$AA0?$AAx?$AA?$CF?$AA0?$AA1?$AA6?$AAX?$AA?$AA@ 6000cc5c     SymbolEngine_Release_BSU:ValueDecoding.obj
 0002:00001c6c       ??_C@_1BE@BMBBKFEH@?$AA0?$AAx?$AA?$CF?$AA0?$AA1?$AA6?$AAX?$AA?5?$AA?$CI?$AA?$AA@ 6000cc6c     SymbolEngine_Release_BSU:ValueDecoding.obj
 0002:00001c80       ??_C@_1BC@IFFHHACF@?$AA0?$AAx?$AA?$CF?$AA0?$AA8?$AAX?$AA?5?$AA?$CI?$AA?$AA@ 6000cc80     SymbolEngine_Release_BSU:ValueDecoding.obj
 0002:00001c94       ??_C@_1M@HLGKFCJM@?$AAf?$AAa?$AAl?$AAs?$AAe?$AA?$AA@ 6000cc94     SymbolEngine_Release_BSU:ValueDecoding.obj
 0002:00001ca0       ??_C@_19FKLFLPMF@?$AAt?$AAr?$AAu?$AAe?$AA?$AA@ 6000cca0     SymbolEngine_Release_BSU:ValueDecoding.obj
 0002:00001cac       ??_C@_1CC@JCGNCPAG@?$AAu?$AAn?$AAs?$AAi?$AAg?$AAn?$AAe?$AAd?$AA?5?$AAs?$AAh?$AAo?$AAr?$AAt?$AA?5?$AA?$CK?$AA?$AA@ 6000ccac     SymbolEngine_Release_BSU:ValueDecoding.obj
 0002:00001cd0       ??_C@_1BE@OIDGOHNE@?$AAw?$AAc?$AAh?$AAa?$AAr?$AA_?$AAt?$AA?5?$AA?$CK?$AA?$AA@ 6000ccd0     SymbolEngine_Release_BSU:ValueDecoding.obj
 0002:00001ce4       ??_C@_1O@OINFIFPD@?$AAc?$AAh?$AAa?$AAr?$AA?5?$AA?$CK?$AA?$AA@ 6000cce4     SymbolEngine_Release_BSU:ValueDecoding.obj
 0002:00001cf4       ??_C@_1BE@FIKDMCLL@?$AA0?$AAx?$AA0?$AA1?$AA6?$AAI?$AA6?$AA4?$AAX?$AA?$AA@ 6000ccf4     SymbolEngine_Release_BSU:ValueDecoding.obj
 0002:00001d08       ??_C@_15KNBIKKIN@?$AA?$CF?$AAd?$AA?$AA@ 6000cd08     SymbolEngine_Release_BSU:ValueDecoding.obj
 0002:00001d10       ??_C@_19FCOLCMFM@?$AA0?$AAx?$AA?$CF?$AAX?$AA?$AA@ 6000cd10     SymbolEngine_Release_BSU:ValueDecoding.obj
 0002:00001d1c       ??_C@_13DIBMAFH@?$AA?$CJ?$AA?$AA@ 6000cd1c     SymbolEngine_Release_BSU:ValueDecoding.obj
 0002:00001d20       ??_C@_19IDIKHDLL@?$AA?$CF?$AAd?$AA?5?$AA?$CI?$AA?$AA@ 6000cd20     SymbolEngine_Release_BSU:ValueDecoding.obj
 0002:00001d2c       ??_C@_1O@OKEJJHIG@?$AA0?$AAx?$AA?$CF?$AAX?$AA?5?$AA?$CI?$AA?$AA@ 6000cd2c     SymbolEngine_Release_BSU:ValueDecoding.obj
 0002:00001d3c       ??_C@_13NEIAEHFG@?$AA?$CC?$AA?$AA@ 6000cd3c     SymbolEngine_Release_BSU:ValueDecoding.obj
 0002:00001d40       ??_C@_15EDKKDMNP@?$AA?5?$AA?$CC?$AA?$AA@ 6000cd40     SymbolEngine_Release_BSU:ValueDecoding.obj
 0002:00001db8       __load_config_used         6000cdb8     MSVCRT:loadcfg.obj
 0002:00001e50       ___safe_se_handler_table   6000ce50     <linker-defined>
 0002:00001e60       ___rtc_iaa                 6000ce60     MSVCRT:initsect.obj
 0002:00001e64       ___rtc_izz                 6000ce64     MSVCRT:initsect.obj
 0002:00001e68       ___rtc_taa                 6000ce68     MSVCRT:initsect.obj
 0002:00001e6c       ___rtc_tzz                 6000ce6c     MSVCRT:initsect.obj
 0002:00001edc       __DELAY_IMPORT_DESCRIPTOR_USER32 6000cedc     user32:USER32.dll
 0002:00001efc       __DELAY_IMPORT_DESCRIPTOR_GDI32 6000cefc     gdi32:GDI32.dll
 0002:00001f1c       __NULL_DELAY_IMPORT_DESCRIPTOR 6000cf1c     user32:USER32.dll
 0002:00001f4c       \177GDI32_NULL_THUNK_DATA_DLN 6000cf4c     gdi32:GDI32.dll
 0002:00002058       \177USER32_NULL_THUNK_DATA_DLN 6000d058     user32:USER32.dll
 0002:000024f0       \177USER32_NULL_THUNK_DATA_DLB 6000d4f0     user32:USER32.dll
 0002:000025fc       \177GDI32_NULL_THUNK_DATA_DLB 6000d5fc     gdi32:GDI32.dll
 0002:0000260c       __IMPORT_DESCRIPTOR_dbghelp 6000d60c     DBGHELP:dbghelp.dll
 0002:00002620       __IMPORT_DESCRIPTOR_KERNEL32 6000d620     kernel32:KERNEL32.dll
 0002:00002634       __IMPORT_DESCRIPTOR_ADVAPI32 6000d634     advapi32:ADVAPI32.dll
 0002:00002648       __IMPORT_DESCRIPTOR_MSVCR71 6000d648     MSVCRT:MSVCR71.dll
 0002:0000265c       __NULL_IMPORT_DESCRIPTOR   6000d65c     DBGHELP:dbghelp.dll
 0003:00000000       ___xc_a                    6000f000     MSVCRT:cinitexe.obj
 0003:00000020       ___xc_z                    6000f020     MSVCRT:cinitexe.obj
 0003:00000024       ___xi_a                    6000f024     MSVCRT:cinitexe.obj
 0003:00000028       ___xi_z                    6000f028     MSVCRT:cinitexe.obj
 0003:00000044       ?g_szAssertLocalVars@@3PAPAGA 6000f044     AssertDlg.obj
 0003:00000054       ?k_CRLFSTR@@3PBGB          6000f054     AssertDlg.obj
 0003:00000058       ?k_THREADIDFMTSTR@@3PBGB   6000f058     AssertDlg.obj
 0003:00000084       ___security_cookie         6000f084     MSVCRT:seccook.obj
 0003:00000090       __imp__DPtoLP@12           6000f090     gdi32:GDI32.dll
 0003:00000094       __imp__CreateFontIndirectW@4 6000f094     gdi32:GDI32.dll
 0003:00000098       __imp__DeleteObject@4      6000f098     gdi32:GDI32.dll
 0003:0000009c       __imp__GetDeviceCaps@8     6000f09c     gdi32:GDI32.dll
 0003:000000a0       \177GDI32_NULL_THUNK_DATA_DLA 6000f0a0     gdi32:GDI32.dll
 0003:000000a4       __imp__SetWindowTextW@8    6000f0a4     user32:USER32.dll
 0003:000000a8       __imp__GetWindowTextW@12   6000f0a8     user32:USER32.dll
 0003:000000ac       __imp__GetWindowTextLengthW@4 6000f0ac     user32:USER32.dll
 0003:000000b0       __imp__GetWindowRect@8     6000f0b0     user32:USER32.dll
 0003:000000b4       __imp__GetClientRect@8     6000f0b4     user32:USER32.dll
 0003:000000b8       __imp__SendMessageW@16     6000f0b8     user32:USER32.dll
 0003:000000bc       __imp__GetDlgItemInt@16    6000f0bc     user32:USER32.dll
 0003:000000c0       __imp__ShowWindow@8        6000f0c0     user32:USER32.dll
 0003:000000c4       __imp__EnableWindow@8      6000f0c4     user32:USER32.dll
 0003:000000c8       __imp__IsWindowEnabled@4   6000f0c8     user32:USER32.dll
 0003:000000cc       __imp__SetFocus@4          6000f0cc     user32:USER32.dll
 0003:000000d0       __imp__MoveWindow@24       6000f0d0     user32:USER32.dll
 0003:000000d4       __imp__BeginPaint@8        6000f0d4     user32:USER32.dll
 0003:000000d8       __imp__EndPaint@8          6000f0d8     user32:USER32.dll
 0003:000000dc       __imp__InvalidateRect@12   6000f0dc     user32:USER32.dll
 0003:000000e0       __imp__GetSystemMenu@8     6000f0e0     user32:USER32.dll
 0003:000000e4       __imp__SetWindowPos@28     6000f0e4     user32:USER32.dll
 0003:000000e8       __imp__LoadCursorW@8       6000f0e8     user32:USER32.dll
 0003:000000ec       __imp__LoadIconW@8         6000f0ec     user32:USER32.dll
 0003:000000f0       __imp__EndDialog@8         6000f0f0     user32:USER32.dll
 0003:000000f4       __imp__DestroyMenu@4       6000f0f4     user32:USER32.dll
 0003:000000f8       __imp__AppendMenuW@16      6000f0f8     user32:USER32.dll
 0003:000000fc       __imp__GetSystemMetrics@4  6000f0fc     user32:USER32.dll
[...]
   435 0001:00007392   438 0001:00007396   443 0001:000073a1   445 0001:000073c6
   447 0001:000073da   454 0001:000073dc   460 0001:000073df   461 0001:000073f4
   463 0001:000073f9   465 0001:00007404   467 0001:0000740c   469 0001:0000740e
   474 0001:00007418   475 0001:0000741d   530 0001:0000741f   532 0001:00007420
   534 0001:0000742d   536 0001:00007431   538 0001:0000743e   539 0001:00007441
   546 0001:00007444   547 0001:00007448   550 0001:00007453   553 0001:0000745f
   559 0001:00007467   562 0001:0000747c   566 0001:00007480   567 0001:00007481
   570 0001:0000748c   573 0001:00007498   577 0001:000074a0   580 0001:000074ae
   640 0001:000074b1   641 0001:000074b5   644 0001:000074c0   647 0001:000074cc
   653 0001:000074d4   656 0001:000074e9

Line numbers for ..\Release\SymbolEngine_Release_BSU.lib(d:\dev\booktwo\disk\symbolengine\typedecoding.cpp) segment .text

    10 0001:0000759e    15 0001:000075a7    18 0001:000075c7    19 0001:000075c9
    27 0001:000075ce    29 0001:000075ef    31 0001:000075f4    34 0001:00007619
    36 0001:0000761e    38 0001:00007623    39 0001:00007628    41 0001:0000762d
    42 0001:00007632    44 0001:00007637    45 0001:0000763c    48 0001:00007641
    50 0001:0000764f    52 0001:00007654    54 0001:00007662    56 0001:00007667
    58 0001:0000766c    61 0001:00007671    64 0001:00007676    65 0001:00007686
    67 0001:00007697    69 0001:0000769c    71 0001:000076a7    73 0001:000076b3
    75 0001:000076b8    78 0001:000076bd    80 0001:000076bf    81 0001:000076c4
    83 0001:000076c6    84 0001:000076cb    86 0001:000076cd    87 0001:000076d2
    89 0001:000076d4    90 0001:000076d9    31 0001:000076db   101 0001:000076f2
   102 0001:000076f7    98 0001:000076f9    99 0001:000076fe    95 0001:00007700
    96 0001:00007705    92 0001:00007707    93 0001:0000770c   104 0001:0000770e
   105 0001:00007713    31 0001:00007715   116 0001:00007720   118 0001:00007725
   113 0001:00007727   114 0001:0000772c   110 0001:0000772e   111 0001:00007733
   107 0001:00007735   120 0001:00007745   121 0001:0000774b   124 0001:00007779
   134 0001:0000777b   137 0001:000077b3   138 0001:000077bd   140 0001:000077cd
   143 0001:000077cf   145 0001:000077d2   146 0001:000077d5   149 0001:000077d6
   150 0001:000077da   156 0001:000077e2   158 0001:000077fb   160 0001:00007801
   161 0001:0000780f   162 0001:00007818   165 0001:0000781e   168 0001:00007820
   172 0001:0000782b   182 0001:00007837   184 0001:00007870   187 0001:00007878
   192 0001:00007880   195 0001:00007897   200 0001:0000789f   201 0001:000078b3
   207 0001:000078c2   211 0001:000078d1   212 0001:000078ea   216 0001:000078f3
   227 0001:00007907   230 0001:00007944   233 0001:00007952   236 0001:00007961
   237 0001:00007975   245 0001:00007981   250 0001:000079ba   256 0001:000079c0
   259 0001:000079e0   261 0001:000079ef   263 0001:000079fb   264 0001:00007a05
   269 0001:00007a0c   271 0001:00007a21   273 0001:00007a2c   276 0001:00007a3a
   278 0001:00007a45   279 0001:00007a57   281 0001:00007a62   285 0001:00007a72
   261 0001:00007a7b   293 0001:00007a88   295 0001:00007a98   296 0001:00007aad
   300 0001:00007ac9   301 0001:00007acd   310 0001:00007ad3   313 0001:00007b0d
   314 0001:00007b15   316 0001:00007b18   317 0001:00007b1d   320 0001:00007b1f
   327 0001:00007b27   329 0001:00007b48   330 0001:00007b56   331 0001:00007b5f
   333 0001:00007b61   334 0001:00007b64   337 0001:00007b66   341 0001:00007b6d
   350 0001:00007b73   353 0001:00007ba9   358 0001:00007bad   360 0001:00007bc6
   361 0001:00007bdb   367 0001:00007be3   368 0001:00007bef   370 0001:00007bf1
   372 0001:00007bff   375 0001:00007c01   378 0001:00007c05   381 0001:00007c07
   382 0001:00007c0d   385 0001:00007c23   390 0001:00007c27   392 0001:00007c46
   393 0001:00007c5b   394 0001:00007c66   396 0001:00007c70   397 0001:00007c75
   400 0001:00007c79   410 0001:00007c7f   412 0001:00007cb7   417 0001:00007cbb
   419 0001:00007cd3   420 0001:00007ce5   421 0001:00007cf0   424 0001:00007cf9
   426 0001:00007d01   428 0001:00007d03   432 0001:00007d07   435 0001:00007d09
   437 0001:00007d0a   460 0001:00007d33   461 0001:00007d3a   457 0001:00007d3c
   458 0001:00007d41   454 0001:00007d43   455 0001:00007d4c   451 0001:00007d4e
   452 0001:00007d55   442 0001:00007d57   443 0001:00007d60   463 0001:00007d62
   464 0001:00007d69   437 0001:00007d6b   479 0001:00007d7d   480 0001:00007d85
   476 0001:00007d87   477 0001:00007d8e   471 0001:00007d90   472 0001:00007d97
   466 0001:00007d99   484 0001:00007da2   485 0001:00007da7

Line numbers for ..\Release\SymbolEngine_Release_BSU.lib(d:\dev\booktwo\disk\symbolengine\valuedecoding.cpp) segment .text

    14 0001:00008072    11 0001:00008072    29 0001:00008087    33 0001:0000808a
    17 0001:0000808b    26 0001:00008091    33 0001:0000809b    20 0001:0000809c
    23 0001:000080a1    36 0001:000080a6    44 0001:000080c0    45 0001:000080c6
    46 0001:000080c9    59 0001:000080cf    66 0001:0000812e    72 0001:0000814a
    74 0001:00008152    76 0001:00008155    77 0001:00008157    79 0001:0000817a
    85 0001:0000817d    93 0001:00008180    99 0001:00008190   100 0001:000081a5
   101 0001:000081ae   106 0001:000081b0   108 0001:000081b4   114 0001:000081bb
   115 0001:000081dd   117 0001:000081e7   124 0001:000081ed   126 0001:0000820a
   128 0001:0000820c   130 0001:00008215   135 0001:0000821f   138 0001:00008221
   141 0001:00008225   145 0001:0000823d   151 0001:00008257   153 0001:0000827e
   155 0001:00008283   162 0001:00008288   170 0001:0000828b   171 0001:000082a0
   180 0001:000082a9   185 0001:000082d7   191 0001:000082dd   194 0001:000082fd
   196 0001:00008302   203 0001:0000830d   205 0001:00008327   207 0001:0000832c
   209 0001:00008335   215 0001:00008339   196 0001:00008351   246 0001:0000835c
   250 0001:00008360   252 0001:0000836f   217 0001:00008371   221 0001:00008375
   223 0001:00008384   227 0001:00008386   230 0001:00008395   232 0001:000083a6
   234 0001:000083b2   236 0001:000083bd   238 0001:000083c6   256 0001:000083c8
   258 0001:000083d7   262 0001:000083ea   265 0001:000083fd   267 0001:00008410
   271 0001:00008421   275 0001:00008440   282 0001:00008446   288 0001:0000844d
   289 0001:0000845f   291 0001:00008468   295 0001:00008474   297 0001:0000848f
   301 0001:00008491   308 0001:000084a9   310 0001:000084c0   312 0001:000084c7
   313 0001:000084c9   315 0001:000084ef   319 0001:000084f6   324 0001:000084f9
   330 0001:00008505   331 0001:0000851a   332 0001:00008523   337 0001:00008525
   340 0001:00008529   346 0001:0000852e   347 0001:00008550   349 0001:0000855a
   356 0001:00008560   359 0001:0000857d   361 0001:0000857f   363 0001:00008588
   367 0001:00008590   369 0001:00008592   374 0001:000085a6   377 0001:000085bf
   381 0001:000085ce   383 0001:000085dc   391 0001:000085e3   392 0001:000085eb
   397 0001:000085f1   398 0001:00008601   400 0001:00008605   401 0001:00008619
   406 0001:0000861e   411 0001:00008629   413 0001:0000863a   415 0001:0000863c
   418 0001:00008641   420 0001:0000864c   432 0001:0000864f   435 0001:00008669
   436 0001:0000866c   439 0001:00008670   441 0001:0000867f   443 0001:00008682
   436 0001:00008684   446 0001:00008689   448 0001:0000868c   450 0001:00008697
   452 0001:00008699   455 0001:000086a8   456 0001:000086b9   457 0001:000086c5
   459 0001:000086d0   461 0001:000086d9   463 0001:000086de   465 0001:000086e1
   467 0001:000086ec   469 0001:000086ee   471 0001:000086fd   474 0001:0000870e
   478 0001:0000871c   482 0001:00008725   484 0001:0000872c   488 0001:0000873d
   490 0001:0000874a   494 0001:0000874f   497 0001:0000875c   501 0001:00008761
   619 0001:00008791   620 0001:00008796   576 0001:0000879b   590 0001:000087ad
   593 0001:000087b3   595 0001:000087bc   599 0001:000087c0   601 0001:000087c6
   604 0001:000087cb   606 0001:000087d0   610 0001:000087d4   612 0001:000087d6
   616 0001:000087db   535 0001:000087e0   537 0001:000087f4   539 0001:000087f8
   543 0001:00008803   548 0001:00008808   550 0001:0000880d   556 0001:00008814
   652 0001:00008816   654 0001:0000881c   656 0001:00008821   528 0001:00008826
   530 0001:00008836   532 0001:0000883b   515 0001:00008840   519 0001:00008849
   504 0001:0000884b   639 0001:00008850   641 0001:00008855   643 0001:0000885b
   645 0001:00008860   647 0001:00008865   650 0001:0000886a   658 0001:0000886f
   662 0001:00008874   501 0001:00008879   722 0001:0000888d   723 0001:00008892
   718 0001:00008897   719 0001:0000889c   714 0001:0000889e   715 0001:000088a3
   710 0001:000088a5   711 0001:000088aa   706 0001:000088ac   707 0001:000088b1
   665 0001:000088b3   667 0001:000088c7   669 0001:000088cb   673 0001:000088d2
   677 0001:000088d7   678 0001:000088ee   680 0001:000088f0   682 0001:000088f9
   684 0001:00008903   686 0001:00008908   693 0001:0000890a   695 0001:0000890e
   699 0001:00008915   725 0001:0000891a   728 0001:0000892e   729 0001:00008932

Line numbers for G:\VSNET\Vc7\lib\DELAYIMP.LIB(f:\vs70builds\3036\vc\link\delayimp\delayhlp.cpp) segment .text

   166 0001:00008fea   173 0001:00008ff1   174 0001:00008ffa   175 0001:00009000
   177 0001:00009006   180 0001:00009017   185 0001:0000901d   186 0001:00009020
   187 0001:00009023   193 0001:0000902d   194 0001:0000904f   201 0001:00009055
   202 0001:00009067   205 0001:0000906e   211 0001:00009073   214 0001:0000907b
   216 0001:00009080   218 0001:00009092   219 0001:00009094   221 0001:0000909d
   222 0001:0000909f   230 0001:000090a8   231 0001:000090b3   233 0001:000090bc
   240 0001:000090c4   241 0001:000090cc   242 0001:000090d5   244 0001:000090df
   245 0001:000090e3   247 0001:000090ee   248 0001:000090f2   249 0001:000090fb
   254 0001:00009104   257 0001:0000910e   258 0001:00009112   265 0001:00009118
   271 0001:0000912b   279 0001:00009133   280 0001:0000913d   282 0001:00009141
   283 0001:00009147   286 0001:00009165   287 0001:00009167   295 0001:0000916e
   296 0001:0000917a   298 0001:00009184   299 0001:00009188   302 0001:00009192
   306 0001:00009197   311 0001:000091ac   312 0001:000091b5   318 0001:000091b9
   321 0001:000091c5   322 0001:000091c9   323 0001:000091d2   327 0001:000091db
   329 0001:000091e5   330 0001:000091e9   337 0001:000091ef   343 0001:00009201
   348 0001:00009204   351 0001:00009209   352 0001:00009212   355 0001:00009216
   357 0001:00009224   358 0001:00009229

Line numbers for G:\VSNET\Vc7\PlatformSDK\lib\strsafe.lib(d:\nt\public\sdk\inc\strsafe.h) segment .text

  4137 0001:00008c1c  4138 0001:00008c1f  4140 0001:00008c21  4143 0001:00008c26
  4145 0001:00008c2b  4147 0001:00008c34  4149 0001:00008c3c  4150 0001:00008c43
  4153 0001:00008c48  4156 0001:00008c4f  4157 0001:00008c51  4160 0001:00008c56
  4164 0001:00008c5a  5482 0001:00008c5e  5479 0001:00008c5e  5485 0001:00008c69
  5487 0001:00008c6e  5495 0001:00008c72  5498 0001:00008c8b  5507 0001:00008c93
  5511 0001:00008c95  5505 0001:00008c97  5502 0001:00008c9c  5515 0001:00008ca3
  5516 0001:00008ca6   234 0001:00008ca9   231 0001:00008ca9   236 0001:00008cb3
   244 0001:00008cb8   240 0001:00008cbb  2610 0001:00008cc0  2613 0001:00008cc3
  2615 0001:00008ccc  2629 0001:00008cd1  2623 0001:00008cd3  2629 0001:00008ce5

Line numbers for G:\VSNET\Vc7\lib\MSVCRT.lib(F:\VS70Builds\3036\vc\crtbld\crt\src\intel\chkstk.asm) segment .text

    69 0001:00009270    65 0001:00009270    70 0001:00009275    72 0001:00009277
    73 0001:00009279    74 0001:0000927b    75 0001:0000927e    76 0001:00009280
    77 0001:00009281    78 0001:00009283    79 0001:00009284    82 0001:00009285
    83 0001:00009286    88 0001:0000928a    89 0001:00009290    91 0001:00009295
    93 0001:00009297    94 0001:0000929c    97 0001:0000929e    98 0001:000092a0
   100 0001:000092a2   102 0001:000092a4   104 0001:000092a6   105 0001:000092a8
   107 0001:000092ab   109 0001:000092ac

Line numbers for G:\VSNET\Vc7\lib\MSVCRT.lib(f:\vs70builds\3036\vc\crtbld\crt\src\atonexit.c) segment .text

    81 0001:00008cf4    76 0001:00008cf4    90 0001:00008d19    96 0001:00008d1a
    95 0001:00008d1a    97 0001:00008d2b

Line numbers for G:\VSNET\Vc7\lib\MSVCRT.lib(f:\vs70builds\3036\vc\crtbld\crt\src\crtdll.c) segment .text

   134 0001:00008d50   129 0001:00008d50   135 0001:00008d58   136 0001:00008d60
   158 0001:00008d66   163 0001:00008d79   168 0001:00008d8e   170 0001:00008d92
   172 0001:00008d95   178 0001:00008d9f   179 0001:00008da4   184 0001:00008dae
   189 0001:00008dbf   192 0001:00008dc6   219 0001:00008dcc   220 0001:00008dd5
   225 0001:00008dd7   226 0001:00008de3   234 0001:00008df9   236 0001:00008e00
   234 0001:00008e07   240 0001:00008e08   241 0001:00008e0b   249 0001:00008e0e
   250 0001:00008e1a   252 0001:00008e20   257 0001:00008e25   258 0001:00008e32
   260 0001:00008e38   262 0001:00008e41   263 0001:00008e4a   265 0001:00008e56
   266 0001:00008e5f   268 0001:00008e6e   269 0001:00008e70   272 0001:00008e72
   275 0001:00008e82   283 0001:00008e8b   286 0001:00008e95   288 0001:00008e9e
   289 0001:00008eac   291 0001:00008eaf   292 0001:00008ebd   298 0001:00008ecb
   294 0001:00008ed0   295 0001:00008ee8   299 0001:00008eea

Line numbers for G:\VSNET\Vc7\lib\MSVCRT.lib(F:\VS70Builds\3036\vc\crtbld\crt\src\intel\llmul.asm) segment .text

    62 0001:000092e0    47 0001:000092e0    63 0001:000092e4    64 0001:000092e8
    65 0001:000092ea    66 0001:000092ee    68 0001:000092f0    69 0001:000092f4
    71 0001:000092f6    74 0001:000092f9    81 0001:000092fa    82 0001:000092fc
    84 0001:000092fe    85 0001:00009302    86 0001:00009306    88 0001:00009308
    89 0001:0000930c    90 0001:0000930e    92 0001:00009310    94 0001:00009311

Line numbers for G:\VSNET\Vc7\lib\MSVCRT.lib(f:\vs70builds\3036\vc\crtbld\crt\src\secchk.c) segment .text

   114 0001:0000922d   116 0001:00009239   117 0001:0000923d   119 0001:0000924a
   123 0001:00009255   100 0001:0000925e   103 0001:0000925e   104 0001:00009264
   105 0001:00009266   107 0001:00009267

Line numbers for G:\VSNET\Vc7\lib\MSVCRT.lib(f:\vs70builds\3036\vc\crtbld\crt\src\seccinit.c) segment .text

    49 0001:00009314    58 0001:0000931a    67 0001:0000932b    70 0001:00009335
    75 0001:0000933b    76 0001:00009343    77 0001:0000934b    79 0001:00009353
    93 0001:0000935d    94 0001:00009378

 Exports

  ordinal    name

        1    ?AddClientDV@@YGHPAX@Z (int __stdcall AddClientDV(void *))
               exported name: AddClientDV
        2    ?GetSuperAssertionCount@@YAHXZ (int __cdecl GetSuperAssertionCount(void))
               exported name: GetSuperAssertionCount
        3    ?MemStressInitializeA@@YGHPBG@Z (int __stdcall MemStressInitializeA(unsigned short const *))
               exported name: MemStressInitializeA
        4    ?MemStressInitializeW@@YGHPBD@Z (int __stdcall MemStressInitializeW(char const *))
               exported name: MemStressInitializeW
        5    ?MemStressTerminate@@YGHXZ (int __stdcall MemStressTerminate(void))
               exported name: MemStressTerminate
        6    ?SuperAssertionA@@YAHPBD000H0_K1PAH2@Z (int __cdecl SuperAssertionA(char const *,char const *,char const *,char const *,int,char const *,unsigned __int64,unsigned __int64,int *,int *))
               exported name: SuperAssertionA
        7    ?SuperAssertionW@@YAHPBG000HPBD_K2PAH3@Z (int __cdecl SuperAssertionW(unsigned short const *,unsigned short const *,unsigned short const *,unsigned short const *,int,char const *,unsigned __int64,unsigned __int64,int *,int *))
               exported name: SuperAssertionW
        8    ?ValidateAllBlocks@@YGXPAX@Z (void __stdcall ValidateAllBlocks(void *))
               exported name: ValidateAllBlocks
        9    _AddCrashHandlerLimitModule@4
               exported name: AddCrashHandlerLimitModule
       10    _AddDiagAssertModule@4
               exported name: AddDiagAssertModule
       11    _AllocAndFillProcessModuleList@8
               exported name: AllocAndFillProcessModuleList
       12    _BSUAnsi2Wide@12
               exported name: BSUAnsi2Wide
       13    _BSUGetModuleBaseNameA@16
               exported name: BSUGetModuleBaseNameA
       14    _BSUGetModuleBaseNameW@16
               exported name: BSUGetModuleBaseNameW
       15    _BSUGetModuleFileNameExA@20
               exported name: BSUGetModuleFileNameExA
       16    _BSUGetModuleFileNameExW@20
               exported name: BSUGetModuleFileNameExW
       17    _BSUIsInteractiveUser@0
               exported name: BSUIsInteractiveUser
       18    _BSUSetCurrentThreadNameA@4
               exported name: BSUSetCurrentThreadNameA
       19    _BSUSetCurrentThreadNameW@4
               exported name: BSUSetCurrentThreadNameW
       20    _BSUSetThreadNameA@8
               exported name: BSUSetThreadNameA
       21    _BSUSetThreadNameW@8
               exported name: BSUSetThreadNameW
       22    _BSUSymInitializeA@16
               exported name: BSUSymInitializeA
       23    _BSUSymInitializeW@16
               exported name: BSUSymInitializeW
       24    _BSUWide2Ansi@12
               exported name: BSUWide2Ansi
       25    _CreateCurrentProcessCrashDumpA@16
               exported name: CreateCurrentProcessCrashDumpA
       26    _CreateCurrentProcessCrashDumpW@16
               exported name: CreateCurrentProcessCrashDumpW
       27    _DiagAssertA@16
               exported name: DiagAssertA
       28    _DiagAssertW@16
               exported name: DiagAssertW
       29    _DiagOutputA
               exported name: DiagOutputA
       30    _DiagOutputW
               exported name: DiagOutputW
       31    _GetFaultReason@4
               exported name: GetFaultReason
       32    _GetFirstStackTraceString@8
               exported name: GetFirstStackTraceString
       33    _GetLimitModuleCount@0
               exported name: GetLimitModuleCount
       34    _GetLimitModulesArray@8
               exported name: GetLimitModulesArray
       35    _GetLoadedModules@16
               exported name: GetLoadedModules
       36    _GetNextStackTraceString@8
               exported name: GetNextStackTraceString
       37    _GetProcessThreadIds@16
               exported name: GetProcessThreadIds
       38    _GetRegisterString@4
               exported name: GetRegisterString
       39    _HookImportedFunctionsByNameA@24
               exported name: HookImportedFunctionsByNameA
       40    _HookImportedFunctionsByNameW@24
               exported name: HookImportedFunctionsByNameW
       41    _HookOrdinalExportA@20
               exported name: HookOrdinalExportA
       42    _HookOrdinalExportW@20
               exported name: HookOrdinalExportW
       43    _IsMiniDumpFunctionAvailable@0
               exported name: IsMiniDumpFunctionAvailable
       44    _IsNT4@0
               exported name: IsNT4
       45    _IsNT@0
               exported name: IsNT
       46    _IsServer2003@0
               exported name: IsServer2003
       47    _IsServer2003orBetter@0
               exported name: IsServer2003orBetter
       48    _IsW2K@0
               exported name: IsW2K
       49    _IsW2KorBetter@0
               exported name: IsW2KorBetter
       50    _IsXP@0
               exported name: IsXP
       51    _IsXPorBetter@0
               exported name: IsXPorBetter
       52    _SetCrashHandlerFilter@4
               exported name: SetCrashHandlerFilter
       53    _SetDiagAssertFile@4
               exported name: SetDiagAssertFile
       54    _SetDiagAssertOptions@4
               exported name: SetDiagAssertOptions
       55    _SetDiagOutputFile@4
               exported name: SetDiagOutputFile
       56    _SnapCurrentProcessMiniDumpA
               exported name: SnapCurrentProcessMiniDumpA
       57    _SnapCurrentProcessMiniDumpW
               exported name: SnapCurrentProcessMiniDumpW
