 DeadlockDetection

 Timestamp is 3e4e5775 (Sat Feb 15 10:06:29 2003)

 Preferred load address is 61000000

 Start         Length     Name                   Class
 0001:00000000 00003bf6H .text                   CODE
 0001:00003bf6 000003a1H .text$yc                CODE
 0001:00003f97 0000001fH .text$yd                CODE
 0002:00000000 00000190H .idata$5                DATA
 0002:00000190 00000730H .rdata                  DATA
 0002:000008c0 0000004aH .rdata$debug            DATA
 0002:00000910 00000004H .rdata$sxdata           DATA
 0002:00000914 00000004H .rtc$IAA                DATA
 0002:00000918 00000004H .rtc$IZZ                DATA
 0002:0000091c 00000004H .rtc$TAA                DATA
 0002:00000920 00000004H .rtc$TZZ                DATA
 0002:00000924 00000064H .idata$2                DATA
 0002:00000988 00000014H .idata$3                DATA
 0002:0000099c 00000190H .idata$4                DATA
 0002:00000b2c 0000070aH .idata$6                DATA
 0002:00001240 00000136H .edata                  DATA
 0003:00000000 00000004H .CRT$XCA                DATA
 0003:00000004 00000004H .CRT$XCAA               DATA
 0003:00000008 00000018H .CRT$XCU                DATA
 0003:00000020 00000004H .CRT$XCZ                DATA
 0003:00000024 00000004H .CRT$XIA                DATA
 0003:00000028 00000004H .CRT$XIZ                DATA
 0003:00000030 00000464H .data                   DATA
 0003:00000498 00000258H .bss                    DATA
 0004:00000000 000000a0H .rsrc$01                DATA
 0004:000000a0 00000610H .rsrc$02                DATA

  Address         Publics by Value              Rva+Base     Lib:Object

 0000:00000001       ___safe_se_handler_count   00000001     <absolute>
 0001:00000000       ?LoadDDExtDll@CDDExtHandler@@QAEHPBG@Z 61001000 f   DDExtHandler.obj
 0001:00000071       ?DD_InitializeCriticalSection@@YAXPAU_RTL_CRITICAL_SECTION@@@Z 61001071 f   DDFuncs_CritSec.obj
 0001:00000154       ?DD_InitializeCriticalSectionAndSpinCount@@YAHPAU_RTL_CRITICAL_SECTION@@K@Z 61001154 f   DDFuncs_CritSec.obj
 0001:0000023a       ?DD_DeleteCriticalSection@@YAXPAU_RTL_CRITICAL_SECTION@@@Z 6100123a f   DDFuncs_CritSec.obj
 0001:0000031d       ?DD_EnterCriticalSection@@YAXPAU_RTL_CRITICAL_SECTION@@@Z 6100131d f   DDFuncs_CritSec.obj
 0001:00000401       ?DD_LeaveCriticalSection@@YAXPAU_RTL_CRITICAL_SECTION@@@Z 61001401 f   DDFuncs_CritSec.obj
 0001:000004e4       ?DD_SetCriticalSectionSpinCount@@YAKPAU_RTL_CRITICAL_SECTION@@K@Z 610014e4 f   DDFuncs_CritSec.obj
 0001:000005ca       ?DD_TryEnterCriticalSection@@YAHPAU_RTL_CRITICAL_SECTION@@@Z 610015ca f   DDFuncs_CritSec.obj
 0001:000006ad       ?DD_CreateEventA@@YAPAXPAU_SECURITY_ATTRIBUTES@@HHPBD@Z 610016ad f   DDFuncs_Event.obj
 0001:00000799       ?DD_CreateEventW@@YAPAXPAU_SECURITY_ATTRIBUTES@@HHPBG@Z 61001799 f   DDFuncs_Event.obj
 0001:00000885       ?DD_OpenEventA@@YAPAXKHPBD@Z 61001885 f   DDFuncs_Event.obj
 0001:0000096e       ?DD_OpenEventW@@YAPAXKHPBG@Z 6100196e f   DDFuncs_Event.obj
 0001:00000a57       ?DD_PulseEvent@@YAHPAX@Z   61001a57 f   DDFuncs_Event.obj
 0001:00000b3a       ?DD_ResetEvent@@YAHPAX@Z   61001b3a f   DDFuncs_Event.obj
 0001:00000c1d       ?DD_SetEvent@@YAHPAX@Z     61001c1d f   DDFuncs_Event.obj
 0001:00000d00       ?DD_LoadLibraryA@@YAPAUHINSTANCE__@@PBD@Z 61001d00 f   DDFuncs_Mandatory.obj
 0001:00000d93       ?DD_LoadLibraryW@@YAPAUHINSTANCE__@@PBG@Z 61001d93 f   DDFuncs_Mandatory.obj
 0001:00000e26       ?DD_LoadLibraryExA@@YAPAUHINSTANCE__@@PBDPAXK@Z 61001e26 f   DDFuncs_Mandatory.obj
 0001:00000ec5       ?DD_LoadLibraryExW@@YAPAUHINSTANCE__@@PBGPAXK@Z 61001ec5 f   DDFuncs_Mandatory.obj
 0001:00000f64       ?DD_ExitProcess@@YAXI@Z    61001f64 f   DDFuncs_Mandatory.obj
 0001:00001027       ?DD_FreeLibrary@@YAHPAUHINSTANCE__@@@Z 61002027 f   DDFuncs_Mandatory.obj
 0001:000010ba       ?DD_FreeLibraryAndExitThread@@YAXPAUHINSTANCE__@@K@Z 610020ba f   DDFuncs_Mandatory.obj
 0001:000011b6       ?DD_GetProcAddress@@YAP6GHXZPAUHINSTANCE__@@PBD@Z 610021b6 f   DDFuncs_Mandatory.obj
 0001:000013cf       ?DD_CreateMutexA@@YAPAXPAU_SECURITY_ATTRIBUTES@@HPBD@Z 610023cf f   DDFuncs_Mutex.obj
 0001:000014b8       ?DD_CreateMutexW@@YAPAXPAU_SECURITY_ATTRIBUTES@@HPBG@Z 610024b8 f   DDFuncs_Mutex.obj
 0001:000015a1       ?DD_OpenMutexA@@YAPAXKHPBD@Z 610025a1 f   DDFuncs_Mutex.obj
 0001:0000168a       ?DD_OpenMutexW@@YAPAXKHPBG@Z 6100268a f   DDFuncs_Mutex.obj
 0001:00001773       ?DD_ReleaseMutex@@YAHPAX@Z 61002773 f   DDFuncs_Mutex.obj
 0001:00001856       ?DD_CreateSemaphoreA@@YAPAXPAU_SECURITY_ATTRIBUTES@@JJPBD@Z 61002856 f   DDFuncs_Semaphore.obj
 0001:00001942       ?DD_CreateSemaphoreW@@YAPAXPAU_SECURITY_ATTRIBUTES@@JJPBG@Z 61002942 f   DDFuncs_Semaphore.obj
 0001:00001a2e       ?DD_OpenSemaphoreA@@YAPAXKHPBD@Z 61002a2e f   DDFuncs_Semaphore.obj
 0001:00001b17       ?DD_OpenSemaphoreW@@YAPAXKHPBG@Z 61002b17 f   DDFuncs_Semaphore.obj
 0001:00001c00       ?DD_ReleaseSemaphore@@YAHPAXJPAJ@Z 61002c00 f   DDFuncs_Semaphore.obj
 0001:00001ce9       ?DD_CreateThread@@YAPAXPAU_SECURITY_ATTRIBUTES@@KP6GKPAX@Z1KPAK@Z 61002ce9 f   DDFuncs_Thread.obj
 0001:00001ddb       ?DD_ExitThread@@YAXK@Z     61002ddb f   DDFuncs_Thread.obj
 0001:00001ebf       ?DD_SuspendThread@@YAKPAX@Z 61002ebf f   DDFuncs_Thread.obj
 0001:00001fa3       ?DD_ResumeThread@@YAKPAX@Z 61002fa3 f   DDFuncs_Thread.obj
 0001:00002087       ?DD_TerminateThread@@YAHPAXK@Z 61003087 f   DDFuncs_Thread.obj
 0001:0000216e       ?DD_beginthreadex@@YAIPAXIP6GI0@Z0IPAI@Z 6100316e f   DDFuncs_Thread.obj
 0001:00002261       ?DD_beginthread@@YAIP6AXPAX@ZI0@Z 61003261 f   DDFuncs_Thread.obj
 0001:0000234b       ?DD_endthreadex@@YAXI@Z    6100334b f   DDFuncs_Thread.obj
 0001:0000242e       ?DD_endthread@@YAXXZ       6100342e f   DDFuncs_Thread.obj
 0001:0000250d       ?DD_WaitForSingleObject@@YAKPAXK@Z 6100350d f   DDFuncs_WaitAndSpecial.obj
 0001:000025f4       ?DD_WaitForSingleObjectEx@@YAKPAXKH@Z 610035f4 f   DDFuncs_WaitAndSpecial.obj
 0001:000026de       ?DD_WaitForMultipleObjects@@YAKKPBQAXHK@Z 610036de f   DDFuncs_WaitAndSpecial.obj
 0001:000027cb       ?DD_WaitForMultipleObjectsEx@@YAKKPBQAXHKH@Z 610037cb f   DDFuncs_WaitAndSpecial.obj
 0001:000028bb       ?DD_MsgWaitForMultipleObjects@@YAKKPAPAXHKK@Z 610038bb f   DDFuncs_WaitAndSpecial.obj
 0001:000029ab       ?DD_MsgWaitForMultipleObjectsEx@@YAKKPAPAXKKK@Z 610039ab f   DDFuncs_WaitAndSpecial.obj
 0001:00002a9b       ?DD_SignalObjectAndWait@@YAKPAX0KH@Z 61003a9b f   DDFuncs_WaitAndSpecial.obj
 0001:00002b88       ?DD_CloseHandle@@YAHPAX@Z  61003b88 f   DDFuncs_WaitAndSpecial.obj
 0001:00002c6c       ?FreeDDExtDll@CDDExtHandler@@QAEXXZ 61003c6c f i DeadlockDetection.obj
 0001:00002c8e       ??_GCDDExtHandler@@UAEPAXI@Z 61003c8e f i DeadlockDetection.obj
 0001:00002c8e       ??_ECDDExtHandler@@UAEPAXI@Z 61003c8e f i DeadlockDetection.obj
 0001:00002cab       ??1CModList@@UAE@XZ        61003cab f i DeadlockDetection.obj
 0001:00002cd8       ?Clear@CModList@@QAEXXZ    61003cd8 f i DeadlockDetection.obj
 0001:00002cf8       ?EmptyItems@CModList@@QAEXXZ 61003cf8 f i DeadlockDetection.obj
 0001:00002d16       ?IsInList@CModList@@QAEHPAUHINSTANCE__@@@Z 61003d16 f i DeadlockDetection.obj
 0001:00002d42       ??_ECModList@@UAEPAXI@Z    61003d42 f i DeadlockDetection.obj
 0001:00002d42       ??_GCModList@@UAEPAXI@Z    61003d42 f i DeadlockDetection.obj
 0001:00002d5e       _OpenDeadlockDetection@4   61003d5e f   DeadlockDetection.obj
 0001:00002ecb       _CloseDeadlockDetection@0  61003ecb f   DeadlockDetection.obj
 0001:00002fd5       _GetDeadlockDetectionOptions@0 61003fd5 f   DeadlockDetection.obj
 0001:00002fdb       _SetDeadlockDetectionOptions@4 61003fdb f   DeadlockDetection.obj
 0001:00003002       _SuspendDeadlockDetection@0 61004002 f   DeadlockDetection.obj
 0001:00003022       _ResumeDeadlockDetection@0 61004022 f   DeadlockDetection.obj
 0001:00003042       _WriteToDeadlockDetectionLog@4 61004042 f   DeadlockDetection.obj
 0001:0000306a       _DllMain@12                6100406a f   DeadlockDetection.obj
 0001:000030d1       ?HookAllLoadedModules@@YAHXZ 610040d1 f   DeadlockDetection.obj
 0001:000032bd       ?ResetModuleListAfterModuleUnload@@YAXXZ 610042bd f   DeadlockDetection.obj
 0001:000034a7       ?ProcessEvent@@YAXPAUtagDDEVENTINFO@@@Z 610044a7 f   DeadlockDetection.obj
 0001:000034bb       ?DoLogging@@YAHK@Z         610044bb f   DeadlockDetection.obj
 0001:000034da       ?IsSuspended@@YAHXZ        610044da f   DeadlockDetection.obj
 0001:00003659       ?Add@CModList@@QAEXPAUHINSTANCE__@@@Z 61004659 f   ModList.obj
 0001:000036aa       ??ACModList@@QAEPAUHINSTANCE__@@H@Z 610046aa f   ModList.obj
 0001:000036bf       ??4CModList@@QAEAAV0@ABV0@@Z 610046bf f   ModList.obj
 0001:000036fc       ?SetPersistentFilename@@YAXPAUHINSTANCE__@@@Z 610046fc f   PersistSettings.obj
 0001:0000373f       ?GetExtDllFilename@@YAHPAGIPBG@Z 6100473f f   PersistSettings.obj
 0001:00003761       ?StartInDllMain@@YAHH@Z    61004761 f   PersistSettings.obj
 0001:0000377b       ?GetIgnoreModule@@YAHHPAG@Z 6100477b f   PersistSettings.obj
 0001:000037cf       ?DefaultEventOptions@@YAKK@Z 610047cf f   PersistSettings.obj
 0001:000037e9       ?ShowFatalError@@YAXPAUHINSTANCE__@@IZZ 610047e9 f   ShowError.obj
 0001:0000386c       _GetModuleBaseNameW@16     6100486c f   PSAPI:PSAPI.DLL
 0001:00003872       ??3@YAXPAX@Z               61004872 f   MSVCRT:MSVCR71.dll
 0001:00003878       _memset                    61004878 f   MSVCRT:MSVCR71.dll
 0001:0000387e       __onexit                   6100487e f   MSVCRT:atonexit.obj
 0001:000038a4       _atexit                    610048a4 f   MSVCRT:atonexit.obj
 0001:000038b6       _memcpy                    610048b6 f   MSVCRT:MSVCR71.dll
 0001:000038bc       __CRT_INIT@12              610048bc f   MSVCRT:crtdll.obj
 0001:0000397a       __DllMainCRTStartup@12     6100497a f   MSVCRT:crtdll.obj
 0001:00003a5e       ___dllonexit               61004a5e f   MSVCRT:MSVCR71.dll
 0001:00003a64       __initterm                 61004a64 f   MSVCRT:MSVCR71.dll
 0001:00003a6a       __RTC_Initialize           61004a6a f   MSVCRT:initsect.obj
 0001:00003aae       __RTC_Terminate            61004aae f   MSVCRT:initsect.obj
 0001:00003af2       ___CppXcptFilter           61004af2 f   MSVCRT:MSVCR71.dll
 0001:00003af8       __SEH_prolog               61004af8 f   MSVCRT:sehprolg.obj
 0001:00003b33       __SEH_epilog               61004b33 f   MSVCRT:sehprolg.obj
 0001:00003b44       __except_handler3          61004b44 f   MSVCRT:MSVCR71.dll
 0001:00003b7b       @__security_check_cookie@4 61004b7b f   MSVCRT:secchk.obj
 0001:00003b89       ___security_init_cookie    61004b89 f   MSVCRT:seccinit.obj
 0001:00003bf0       ___security_error_handler  61004bf0 f   MSVCRT:MSVCR71.dll
 0002:00000000       __imp__HookImportedFunctionsByNameW@24 61005000     BugslayerUtil:BugslayerUtil.dll
 0002:00000004       __imp__AllocAndFillProcessModuleList@8 61005004     BugslayerUtil:BugslayerUtil.dll
 0002:00000008       \177BugslayerUtil_NULL_THUNK_DATA 61005008     BugslayerUtil:BugslayerUtil.dll
 0002:0000000c       __imp__GetCurrentProcessId@0 6100500c     kernel32:KERNEL32.dll
 0002:00000010       __imp__WaitForMultipleObjectsEx@20 61005010     kernel32:KERNEL32.dll
 0002:00000014       __imp__LoadLibraryW@4      61005014     kernel32:KERNEL32.dll
 0002:00000018       __imp__GetProcAddress@8    61005018     kernel32:KERNEL32.dll
 0002:0000001c       __imp__GetCurrentThreadId@0 6100501c     kernel32:KERNEL32.dll
 0002:00000020       __imp__InitializeCriticalSection@4 61005020     kernel32:KERNEL32.dll
 0002:00000024       __imp__GetLastError@0      61005024     kernel32:KERNEL32.dll
 0002:00000028       __imp__SetLastError@4      61005028     kernel32:KERNEL32.dll
 0002:0000002c       __imp__InitializeCriticalSectionAndSpinCount@8 6100502c     kernel32:KERNEL32.dll
 0002:00000030       __imp__DeleteCriticalSection@4 61005030     kernel32:KERNEL32.dll
 0002:00000034       __imp__EnterCriticalSection@4 61005034     kernel32:KERNEL32.dll
 0002:00000038       __imp__LeaveCriticalSection@4 61005038     kernel32:KERNEL32.dll
 0002:0000003c       __imp__SetCriticalSectionSpinCount@8 6100503c     kernel32:KERNEL32.dll
 0002:00000040       __imp__TryEnterCriticalSection@4 61005040     kernel32:KERNEL32.dll
 0002:00000044       __imp__CreateEventA@16     61005044     kernel32:KERNEL32.dll
 0002:00000048       __imp__CreateEventW@16     61005048     kernel32:KERNEL32.dll
 0002:0000004c       __imp__OpenEventA@12       6100504c     kernel32:KERNEL32.dll
 0002:00000050       __imp__OpenEventW@12       61005050     kernel32:KERNEL32.dll
 0002:00000054       __imp__PulseEvent@4        61005054     kernel32:KERNEL32.dll
 0002:00000058       __imp__ResetEvent@4        61005058     kernel32:KERNEL32.dll
 0002:0000005c       __imp__SetEvent@4          6100505c     kernel32:KERNEL32.dll
 0002:00000060       __imp__LoadLibraryA@4      61005060     kernel32:KERNEL32.dll
 0002:00000064       __imp__LoadLibraryExA@12   61005064     kernel32:KERNEL32.dll
 0002:00000068       __imp__LoadLibraryExW@12   61005068     kernel32:KERNEL32.dll
 0002:0000006c       __imp__ExitProcess@4       6100506c     kernel32:KERNEL32.dll
 0002:00000070       __imp__FreeLibrary@4       61005070     kernel32:KERNEL32.dll
 0002:00000074       __imp__FreeLibraryAndExitThread@8 61005074     kernel32:KERNEL32.dll
 0002:00000078       __imp__lstrcmpiA@8         61005078     kernel32:KERNEL32.dll
 0002:0000007c       __imp__GetModuleHandleW@4  6100507c     kernel32:KERNEL32.dll
 0002:00000080       __imp__CreateMutexA@12     61005080     kernel32:KERNEL32.dll
 0002:00000084       __imp__CreateMutexW@12     61005084     kernel32:KERNEL32.dll
 0002:00000088       __imp__OpenMutexA@12       61005088     kernel32:KERNEL32.dll
 0002:0000008c       __imp__OpenMutexW@12       6100508c     kernel32:KERNEL32.dll
 0002:00000090       __imp__ReleaseMutex@4      61005090     kernel32:KERNEL32.dll
 0002:00000094       __imp__CreateSemaphoreA@16 61005094     kernel32:KERNEL32.dll
 0002:00000098       __imp__CreateSemaphoreW@16 61005098     kernel32:KERNEL32.dll
 0002:0000009c       __imp__OpenSemaphoreA@12   6100509c     kernel32:KERNEL32.dll
 0002:000000a0       __imp__OpenSemaphoreW@12   610050a0     kernel32:KERNEL32.dll
 0002:000000a4       __imp__ReleaseSemaphore@12 610050a4     kernel32:KERNEL32.dll
 0002:000000a8       __imp__CreateThread@24     610050a8     kernel32:KERNEL32.dll
 0002:000000ac       __imp__ExitThread@4        610050ac     kernel32:KERNEL32.dll
 0002:000000b0       __imp__SuspendThread@4     610050b0     kernel32:KERNEL32.dll
 0002:000000b4       __imp__ResumeThread@4      610050b4     kernel32:KERNEL32.dll
 0002:000000b8       __imp__TerminateThread@8   610050b8     kernel32:KERNEL32.dll
 0002:000000bc       __imp__WaitForSingleObject@8 610050bc     kernel32:KERNEL32.dll
 0002:000000c0       __imp__WaitForSingleObjectEx@12 610050c0     kernel32:KERNEL32.dll
 0002:000000c4       __imp__WaitForMultipleObjects@16 610050c4     kernel32:KERNEL32.dll
 0002:000000c8       __imp__GetSystemTimeAsFileTime@4 610050c8     kernel32:KERNEL32.dll
 0002:000000cc       __imp__SignalObjectAndWait@16 610050cc     kernel32:KERNEL32.dll
 0002:000000d0       __imp__CloseHandle@4       610050d0     kernel32:KERNEL32.dll
 0002:000000d4       __imp__HeapFree@12         610050d4     kernel32:KERNEL32.dll
 0002:000000d8       __imp__HeapCreate@12       610050d8     kernel32:KERNEL32.dll
 0002:000000dc       __imp__HeapDestroy@4       610050dc     kernel32:KERNEL32.dll
 0002:000000e0       __imp__InterlockedExchange@8 610050e0     kernel32:KERNEL32.dll
 0002:000000e4       __imp__DisableThreadLibraryCalls@4 610050e4     kernel32:KERNEL32.dll
 0002:000000e8       __imp__GetCurrentProcess@0 610050e8     kernel32:KERNEL32.dll
 0002:000000ec       __imp__GetModuleFileNameW@12 610050ec     kernel32:KERNEL32.dll
 0002:000000f0       __imp__HeapAlloc@12        610050f0     kernel32:KERNEL32.dll
 0002:000000f4       __imp__HeapReAlloc@16      610050f4     kernel32:KERNEL32.dll
 0002:000000f8       __imp__lstrlenW@4          610050f8     kernel32:KERNEL32.dll
 0002:000000fc       __imp__lstrcpyW@8          610050fc     kernel32:KERNEL32.dll
 0002:00000100       __imp__GetPrivateProfileStringW@24 61005100     kernel32:KERNEL32.dll
 0002:00000104       __imp__GetPrivateProfileIntW@16 61005104     kernel32:KERNEL32.dll
 0002:00000108       __imp__GetTickCount@0      61005108     kernel32:KERNEL32.dll
 0002:0000010c       __imp__QueryPerformanceCounter@4 6100510c     kernel32:KERNEL32.dll
 0002:00000110       \177KERNEL32_NULL_THUNK_DATA 61005110     kernel32:KERNEL32.dll
 0002:00000114       __imp___wcsicmp            61005114     MSVCRT:MSVCR71.dll
 0002:00000118       __imp__malloc              61005118     MSVCRT:MSVCR71.dll
 0002:0000011c       __imp____security_error_handler 6100511c     MSVCRT:MSVCR71.dll
 0002:00000120       __imp___except_handler3    61005120     MSVCRT:MSVCR71.dll
 0002:00000124       __imp____CppXcptFilter     61005124     MSVCRT:MSVCR71.dll
 0002:00000128       __imp__bsearch             61005128     MSVCRT:MSVCR71.dll
 0002:0000012c       __imp___beginthreadex      6100512c     MSVCRT:MSVCR71.dll
 0002:00000130       __imp___beginthread        61005130     MSVCRT:MSVCR71.dll
 0002:00000134       __imp___endthreadex        61005134     MSVCRT:MSVCR71.dll
 0002:00000138       __imp___endthread          61005138     MSVCRT:MSVCR71.dll
 0002:0000013c       __imp_??3@YAXPAX@Z         6100513c     MSVCRT:MSVCR71.dll
 0002:00000140       __imp__memset              61005140     MSVCRT:MSVCR71.dll
 0002:00000144       __imp___wcsnicmp           61005144     MSVCRT:MSVCR71.dll
 0002:00000148       __imp__wcslen              61005148     MSVCRT:MSVCR71.dll
 0002:0000014c       __imp___initterm           6100514c     MSVCRT:MSVCR71.dll
 0002:00000150       __imp__memcpy              61005150     MSVCRT:MSVCR71.dll
 0002:00000154       __imp____dllonexit         61005154     MSVCRT:MSVCR71.dll
 0002:00000158       __imp___onexit             61005158     MSVCRT:MSVCR71.dll
 0002:0000015c       __imp__free                6100515c     MSVCRT:MSVCR71.dll
 0002:00000160       __imp___adjust_fdiv        61005160     MSVCRT:MSVCR71.dll
 0002:00000164       \177MSVCR71_NULL_THUNK_DATA 61005164     MSVCRT:MSVCR71.dll
 0002:00000168       __imp__GetModuleBaseNameW@16 61005168     PSAPI:PSAPI.DLL
 0002:0000016c       \177PSAPI_NULL_THUNK_DATA  6100516c     PSAPI:PSAPI.DLL
 0002:00000170       __imp__GetForegroundWindow@0 61005170     user32:USER32.dll
 0002:00000174       __imp__MessageBoxW@16      61005174     user32:USER32.dll
 0002:00000178       __imp__wvsprintfW@12       61005178     user32:USER32.dll
 0002:0000017c       __imp__MsgWaitForMultipleObjectsEx@20 6100517c     user32:USER32.dll
 0002:00000180       __imp__MsgWaitForMultipleObjects@20 61005180     user32:USER32.dll
 0002:00000184       __imp__LoadStringW@16      61005184     user32:USER32.dll
 0002:00000188       __imp__wsprintfW           61005188     user32:USER32.dll
 0002:0000018c       \177USER32_NULL_THUNK_DATA 6100518c     user32:USER32.dll
 0002:000001dc       ??_C@_0BC@LIBNBLM@DeadDetWriteToLog?$AA@ 610051dc     DDExtHandler.obj
 0002:000001f0       ??_C@_0BE@FDDBPFGA@DeadDetProcessEvent?$AA@ 610051f0     DDExtHandler.obj
 0002:00000204       ??_C@_0BA@KBIPMMFK@DeadDetExtClose?$AA@ 61005204     DDExtHandler.obj
 0002:00000214       ??_C@_0P@EOEDFNJK@DeadDetExtOpen?$AA@ 61005214     DDExtHandler.obj
 0002:00000224       ??_C@_1BG@GOEBHBDC@?$AAU?$AAS?$AAE?$AAR?$AA3?$AA2?$AA?4?$AAD?$AAL?$AAL?$AA?$AA@ 61005224     DDFuncs_Mandatory.obj
 0002:0000023c       ??_C@_1BK@DBDEIDLH@?$AAK?$AAE?$AAR?$AAN?$AAE?$AAL?$AA3?$AA2?$AA?4?$AAD?$AAL?$AAL?$AA?$AA@ 6100523c     DDFuncs_Mandatory.obj
 0002:00000258       ??_7CModList@@6B@          61005258     DeadlockDetection.obj
 0002:0000025c       ??_7CDDExtHandler@@6B@     6100525c     DeadlockDetection.obj
 0002:00000260       ??_C@_1M@DEEPHGP@?$AAM?$AAS?$AAV?$AAC?$AAR?$AA?$AA@ 61005260     DeadlockDetection.obj
 0002:0000026c       ??_C@_1CE@IBOOENIL@?$AAB?$AAU?$AAG?$AAS?$AAL?$AAA?$AAY?$AAE?$AAR?$AAU?$AAT?$AAI?$AAL?$AA?4?$AAD?$AAL?$AAL?$AA?$AA@ 6100526c     DeadlockDetection.obj
 0002:000002b8       ??_C@_1BO@PIOCIAEG@?$AAD?$AAe?$AAa?$AAd?$AAD?$AAe?$AAt?$AAE?$AAx?$AAt?$AA?4?$AAD?$AAL?$AAL?$AA?$AA@ 610052b8     DeadlockDetection.obj
 0002:000002d8       ??_C@_11LOCGONAA@?$AA?$AA@ 610052d8     PersistSettings.obj
 0002:000002dc       ??_C@_1BC@IKMAALLG@?$AAI?$AAg?$AAn?$AAo?$AAr?$AAe?$AA?$CF?$AAd?$AA?$AA@ 610052dc     PersistSettings.obj
 0002:000002f0       ??_C@_1BM@MPNEIDMJ@?$AAI?$AAg?$AAn?$AAo?$AAr?$AAe?$AAM?$AAo?$AAd?$AAu?$AAl?$AAe?$AAs?$AA?$AA@ 610052f0     PersistSettings.obj
 0002:0000030c       ??_C@_1BI@EHLJEEEH@?$AAI?$AAn?$AAi?$AAt?$AAi?$AAa?$AAl?$AAO?$AAp?$AAt?$AAs?$AA?$AA@ 6100530c     PersistSettings.obj
 0002:00000324       ??_C@_1BO@DBGKKBLM@?$AAS?$AAt?$AAa?$AAr?$AAt?$AAI?$AAn?$AAD?$AAl?$AAl?$AAM?$AAa?$AAi?$AAn?$AA?$AA@ 61005324     PersistSettings.obj
 0002:00000344       ??_C@_1O@JFKLIGMB@?$AAE?$AAx?$AAt?$AAD?$AAl?$AAl?$AA?$AA@ 61005344     PersistSettings.obj
 0002:00000354       ??_C@_1BO@KHIAJBLA@?$AAI?$AAn?$AAi?$AAt?$AAi?$AAa?$AAl?$AAi?$AAz?$AAa?$AAt?$AAi?$AAo?$AAn?$AA?$AA@ 61005354     PersistSettings.obj
 0002:00000374       ??_C@_1CM@BFGNKPPK@?$AAD?$AAe?$AAa?$AAd?$AAl?$AAo?$AAc?$AAk?$AAD?$AAe?$AAt?$AAe?$AAc?$AAt?$AAi?$AAo?$AAn?$AA?4?$AAi?$AAn@ 61005374     PersistSettings.obj
 0002:000003a0       ??_C@_1DI@OIBEJGEF@?$AAD?$AAe?$AAa?$AAd?$AAl?$AAo?$AAc?$AAk?$AA?5?$AAD?$AAe?$AAt?$AAe?$AAc?$AAt?$AAi?$AAo?$AAn?$AA?5?$AAC@ 610053a0     ShowError.obj
 0002:000003d8       ??_C@_1EA@FENLNFCE@?$AAS?$AAt?$AAr?$AAi?$AAn?$AAg?$AA?5?$AAr?$AAe?$AAs?$AAo?$AAu?$AAr?$AAc?$AAe?$AA?5?$AAI?$AAD?$AA?5?$AA?$CF@ 610053d8     ShowError.obj
 0002:00000418       ??_C@_0BM@MKBEKKMG@MsgWaitForMultipleObjectsEx?$AA@ 61005418     Tables.obj
 0002:00000434       ??_C@_0BK@LPJAAOIP@MsgWaitForMultipleObjects?$AA@ 61005434     Tables.obj
 0002:00000450       ??_C@_0BG@IFNJHLEG@WaitForSingleObjectEx?$AA@ 61005450     Tables.obj
 0002:00000468       ??_C@_0BE@CLKLPNNG@WaitForSingleObject?$AA@ 61005468     Tables.obj
 0002:0000047c       ??_C@_0BJ@KEHPKCPM@WaitForMultipleObjectsEx?$AA@ 6100547c     Tables.obj
 0002:00000498       ??_C@_0BH@LBENJJIP@WaitForMultipleObjects?$AA@ 61005498     Tables.obj
 0002:000004b0       ??_C@_0BI@NIPDNHMI@TryEnterCriticalSection?$AA@ 610054b0     Tables.obj
 0002:000004c8       ??_C@_0BA@HECAEFLP@TerminateThread?$AA@ 610054c8     Tables.obj
 0002:000004d8       ??_C@_0O@HMJOGGOE@SuspendThread?$AA@ 610054d8     Tables.obj
 0002:000004e8       ??_C@_0BE@DOGIHABL@SignalObjectAndWait?$AA@ 610054e8     Tables.obj
 0002:000004fc       ??_C@_08POOABPFM@SetEvent?$AA@ 610054fc     Tables.obj
 0002:00000508       ??_C@_0BM@EONIKOHJ@SetCriticalSectionSpinCount?$AA@ 61005508     Tables.obj
 0002:00000524       ??_C@_0N@JPHIGJOE@ResumeThread?$AA@ 61005524     Tables.obj
 0002:00000534       ??_C@_0L@OGIDJDGM@ResetEvent?$AA@ 61005534     Tables.obj
 0002:00000540       ??_C@_0BB@OJIGKLCE@ReleaseSemaphore?$AA@ 61005540     Tables.obj
 0002:00000554       ??_C@_0N@DLLGDALB@ReleaseMutex?$AA@ 61005554     Tables.obj
 0002:00000564       ??_C@_0L@JBEFIJDD@PulseEvent?$AA@ 61005564     Tables.obj
 0002:00000570       ??_C@_0P@IAANIEOO@OpenSemaphoreW?$AA@ 61005570     Tables.obj
 0002:00000580       ??_C@_0P@JMJFDBDJ@OpenSemaphoreA?$AA@ 61005580     Tables.obj
 0002:00000590       ??_C@_0L@CFJFGLEO@OpenMutexW?$AA@ 61005590     Tables.obj
 0002:0000059c       ??_C@_0L@DJANNOJJ@OpenMutexA?$AA@ 6100559c     Tables.obj
 0002:000005a8       ??_C@_0L@BDHFJHNA@OpenEventW?$AA@ 610055a8     Tables.obj
 0002:000005b4       ??_C@_0L@PONCCAH@OpenEventA?$AA@ 610055b4     Tables.obj
 0002:000005c0       ??_C@_0N@KCFDJLIF@LoadLibraryW?$AA@ 610055c0     Tables.obj
 0002:000005d0       ??_C@_0P@HECBOJPO@LoadLibraryExW?$AA@ 610055d0     Tables.obj
 0002:000005e0       ??_C@_0P@GILJFMCJ@LoadLibraryExA?$AA@ 610055e0     Tables.obj
 0002:000005f0       ??_C@_0N@LOMLCOFC@LoadLibraryA?$AA@ 610055f0     Tables.obj
 0002:00000600       ??_C@_0BF@PCHFPJFA@LeaveCriticalSection?$AA@ 61005600     Tables.obj
 0002:00000618       ??_C@_0CG@PKBDLMEO@InitializeCriticalSectionAndSpin@ 61005618     Tables.obj
 0002:00000640       ??_C@_0BK@JFMEPKMA@InitializeCriticalSection?$AA@ 61005640     Tables.obj
 0002:0000065c       ??_C@_0P@DGIDOA@GetProcAddress?$AA@ 6100565c     Tables.obj
 0002:0000066c       ??_C@_0BJ@FLEGOECN@FreeLibraryAndExitThread?$AA@ 6100566c     Tables.obj
 0002:00000688       ??_C@_0M@FACAOGOA@FreeLibrary?$AA@ 61005688     Tables.obj
 0002:00000694       ??_C@_0L@PKHAGNPO@ExitThread?$AA@ 61005694     Tables.obj
 0002:000006a0       ??_C@_0BF@KEABDKDM@EnterCriticalSection?$AA@ 610056a0     Tables.obj
 0002:000006b8       ??_C@_0BG@LEFHBJFJ@DeleteCriticalSection?$AA@ 610056b8     Tables.obj
 0002:000006d0       ??_C@_0N@OGAMMJPI@CreateThread?$AA@ 610056d0     Tables.obj
 0002:000006e0       ??_C@_0BB@MEFPJLHN@CreateSemaphoreW?$AA@ 610056e0     Tables.obj
 0002:000006f4       ??_C@_0BB@NIMHCOKK@CreateSemaphoreA?$AA@ 610056f4     Tables.obj
 0002:00000708       ??_C@_0N@MDNOAJMP@CreateMutexW?$AA@ 61005708     Tables.obj
 0002:00000718       ??_C@_0N@NPEGLMBI@CreateMutexA?$AA@ 61005718     Tables.obj
 0002:00000728       ??_C@_0N@PFDOPFFB@CreateEventW?$AA@ 61005728     Tables.obj
 0002:00000738       ??_C@_0N@OJKGEAIG@CreateEventA?$AA@ 61005738     Tables.obj
 0002:00000748       ??_C@_0M@JHJNLFGC@CloseHandle?$AA@ 61005748     Tables.obj
 0002:00000754       ??_C@_0M@LPAKIOHO@ExitProcess?$AA@ 61005754     Tables.obj
 0002:00000760       ??_C@_1BK@ELGFMIKH@?$AAM?$AAS?$AAV?$AAC?$AAR?$AA7?$AA1?$AAD?$AA?4?$AAD?$AAL?$AAL?$AA?$AA@ 61005760     Tables.obj
 0002:0000077c       ??_C@_1BI@EAGOFMHA@?$AAM?$AAS?$AAV?$AAC?$AAR?$AA7?$AA1?$AA?4?$AAD?$AAL?$AAL?$AA?$AA@ 6100577c     Tables.obj
 0002:00000794       ??_C@_1BK@NGGKCJNB@?$AAM?$AAS?$AAV?$AAC?$AAR?$AA7?$AA0?$AAD?$AA?4?$AAD?$AAL?$AAL?$AA?$AA@ 61005794     Tables.obj
 0002:000007b0       ??_C@_1BI@NLMLBABP@?$AAM?$AAS?$AAV?$AAC?$AAR?$AA7?$AA0?$AA?4?$AAD?$AAL?$AAL?$AA?$AA@ 610057b0     Tables.obj
 0002:000007c8       ??_C@_1BI@MDLAAGG@?$AAM?$AAS?$AAV?$AAC?$AAR?$AAT?$AAD?$AA?4?$AAD?$AAL?$AAL?$AA?$AA@ 610057c8     Tables.obj
 0002:000007e0       ??_C@_0N@IAENOLLF@_endthreadex?$AA@ 610057e0     Tables.obj
 0002:000007f0       ??_C@_0L@LDBOJOJH@_endthread?$AA@ 610057f0     Tables.obj
 0002:000007fc       ??_C@_0P@EMFCCH@_beginthreadex?$AA@ 610057fc     Tables.obj
 0002:0000080c       ??_C@_0N@GOPMLIO@_beginthread?$AA@ 6100580c     Tables.obj
 0002:0000081c       ??_C@_1BG@CECCJELB@?$AAM?$AAS?$AAV?$AAC?$AAR?$AAT?$AA?4?$AAD?$AAL?$AAL?$AA?$AA@ 6100581c     Tables.obj
 0002:00000878       __load_config_used         61005878     MSVCRT:loadcfg.obj
 0002:00000910       ___safe_se_handler_table   61005910     <linker-defined>
 0002:00000914       ___rtc_iaa                 61005914     MSVCRT:initsect.obj
 0002:00000918       ___rtc_izz                 61005918     MSVCRT:initsect.obj
 0002:0000091c       ___rtc_taa                 6100591c     MSVCRT:initsect.obj
 0002:00000920       ___rtc_tzz                 61005920     MSVCRT:initsect.obj
 0002:00000924       __IMPORT_DESCRIPTOR_PSAPI  61005924     PSAPI:PSAPI.DLL
 0002:00000938       __IMPORT_DESCRIPTOR_BugslayerUtil 61005938     BugslayerUtil:BugslayerUtil.dll
 0002:0000094c       __IMPORT_DESCRIPTOR_KERNEL32 6100594c     kernel32:KERNEL32.dll
 0002:00000960       __IMPORT_DESCRIPTOR_USER32 61005960     user32:USER32.dll
 0002:00000974       __IMPORT_DESCRIPTOR_MSVCR71 61005974     MSVCRT:MSVCR71.dll
 0002:00000988       __NULL_IMPORT_DESCRIPTOR   61005988     PSAPI:PSAPI.DLL
 0003:00000000       ___xc_a                    61007000     MSVCRT:cinitexe.obj
 0003:00000020       ___xc_z                    61007020     MSVCRT:cinitexe.obj
 0003:00000024       ___xi_a                    61007024     MSVCRT:cinitexe.obj
 0003:00000028       ___xi_z                    61007028     MSVCRT:cinitexe.obj
 0003:00000030       ?g_stCRTHookFuncs@@3PAUtag_HOOKFUNCDESC@@A 61007030     Tables.obj
 0003:00000050       ?g_stMSVCRTRealFuncs@@3PAUtag_HOOKFUNCDESC@@A 61007050     Tables.obj
 0003:00000070       ?g_stMSVCRTDRealFuncs@@3PAUtag_HOOKFUNCDESC@@A 61007070     Tables.obj
 0003:00000090       ?g_stMSVCR70RealFuncs@@3PAUtag_HOOKFUNCDESC@@A 61007090     Tables.obj
 0003:000000b0       ?g_stMSVCR71DRealFuncs@@3PAUtag_HOOKFUNCDESC@@A 610070b0     Tables.obj
 0003:000000d0       ?g_stMSVCR71RealFuncs@@3PAUtag_HOOKFUNCDESC@@A 610070d0     Tables.obj
 0003:000000f0       ?g_stMSVCR70DRealFuncs@@3PAUtag_HOOKFUNCDESC@@A 610070f0     Tables.obj
 0003:00000110       ?g_stCRTDLLInfo@@3PAUtag_CRTDLLDESC@@A 61007110     Tables.obj
 0003:00000170       ?g_stSpecialExitProcessHook@@3Utag_HOOKFUNCDESC@@A 61007170     Tables.obj
 0003:00000178       ?g_stDDKernelFuncs@@3PAUtag_HOOKFUNCDESC@@A 61007178     Tables.obj
 0003:000002d0       ?g_stDDUserFuncs@@3PAUtag_HOOKFUNCDESC@@A 610072d0     Tables.obj
 0003:00000320       ?g_stSpecialExitProcessReal@@3Utag_HOOKFUNCDESC@@A 61007320     Tables.obj
 0003:00000328       ?g_stRealKernelFuncs@@3PAUtag_HOOKFUNCDESC@@A 61007328     Tables.obj
 0003:00000480       ?g_stRealUserFuncs@@3PAUtag_HOOKFUNCDESC@@A 61007480     Tables.obj
 0003:00000490       ___security_cookie         61007490     MSVCRT:seccook.obj
 0003:000006e0       __adjust_fdiv              610076e0     <common>
 0003:000006e4       __pRawDllMain              610076e4     <common>
 0003:000006e8       ___onexitend               610076e8     <common>
 0003:000006ec       ___onexitbegin             610076ec     <common>

 entry point at        0001:0000397a

 Static symbols

 0001:000011a1       ?Compare@@YAHPAUtag_HOOKFUNCDESC@@0@Z 610021a1 f   DDFuncs_Mandatory.obj
 0001:00003246       ?InitCrtTable@@YAHPAUHINSTANCE__@@PBG@Z 61004246 f   DeadlockDetection.obj
 0001:000033b0       ?HookModuleForDeadlockDetection@@YAHPAUHINSTANCE__@@@Z 610043b0 f   DeadlockDetection.obj
 0001:00003403       ?UnHookModuleForDeadlockDetection@@YAHPAUHINSTANCE__@@@Z 61004403 f   DeadlockDetection.obj
 0001:000034e0       ?InitTables@@YAXXZ         610044e0 f   DeadlockDetection.obj
 0001:00003549       ?InitIgnoreModList@@YAXAAVCModList@@@Z 61004549 f   DeadlockDetection.obj
 0001:00003623       ?HookExitProcess@@YAHPAUHINSTANCE__@@@Z 61004623 f   DeadlockDetection.obj
 0001:0000363e       ?UnhookExitProcess@@YAHPAUHINSTANCE__@@@Z 6100463e f   DeadlockDetection.obj
 0001:00003b4a       _report_failure            61004b4a f   MSVCRT:secchk.obj
 0001:00003bf6       _$E1                       61004bf6 f   Tables.obj
 0001:00003c02       _$E4                       61004c02 f   DeadlockDetection.obj
 0001:00003c0e       _$E7                       61004c0e f   DeadlockDetection.obj
 0001:00003c1a       _$E1                       61004c1a f   Tables.obj
 0001:00003c25       _$E3                       61004c25 f   Tables.obj
 0001:00003f78       _$E5                       61004f78 f   Tables.obj
 0001:00003f97       _$E2                       61004f97 f   DeadlockDetection.obj
 0001:00003fa1       _$E5                       61004fa1 f   Tables.obj
 0001:00003fab       _$E8                       61004fab f   DeadlockDetection.obj

Line numbers for .\WinRel\Tables.obj(d:\dev\booktwo\disk\deadlockdetection\deadlockdetection\tables.cpp) segment .text

    66 0001:00003c1a   191 0001:00003c25   192 0001:00003c2f   193 0001:00003c39
   194 0001:00003c43   195 0001:00003c4d   196 0001:00003c57   197 0001:00003c61
   198 0001:00003c6b   199 0001:00003c75   200 0001:00003c7f   201 0001:00003c89
   202 0001:00003c93   203 0001:00003c9d   207 0001:00003ca7   209 0001:00003cb1
   210 0001:00003cbb   211 0001:00003cc5   212 0001:00003ccf   213 0001:00003cd9
   214 0001:00003ce3   215 0001:00003ced   216 0001:00003cf7   217 0001:00003d01
   218 0001:00003d0b   219 0001:00003d15   220 0001:00003d1f   221 0001:00003e4b
   222 0001:00003e55   223 0001:00003e5f   224 0001:00003e69   225 0001:00003e73
   227 0001:00003e7d   228 0001:00003e87   229 0001:00003e91   230 0001:00003e9b
   231 0001:00003ea5   232 0001:00003eaf   233 0001:00003eb9   234 0001:00003ec3
   235 0001:00003ecd   236 0001:00003ed7   237 0001:00003f77   251 0001:00003f78
   253 0001:00003f82   254 0001:00003f96

Line numbers for .\WinRel\ShowError.obj(d:\dev\booktwo\disk\deadlockdetection\deadlockdetection\showerror.cpp) segment .text

    11 0001:000037e9    15 0001:000037f7    19 0001:00003816    24 0001:0000382e
    29 0001:00003846    31 0001:00003861

Line numbers for .\WinRel\PersistSettings.obj(d:\dev\booktwo\disk\deadlockdetection\deadlockdetection\persistsettings.cpp) segment .text

    31 0001:000036fc    35 0001:000036fd    38 0001:00003712    42 0001:00003722
    43 0001:00003724    40 0001:00003728    52 0001:0000372e    53 0001:0000373e
    64 0001:0000373f    56 0001:0000373f    65 0001:00003760    74 0001:00003761
    68 0001:00003761    75 0001:0000377a    78 0001:0000377b    82 0001:00003786
    89 0001:0000379e    91 0001:000037bf   100 0001:000037cf    94 0001:000037cf
   101 0001:000037e8

Line numbers for .\WinRel\ModList.obj(d:\dev\booktwo\disk\deadlockdetection\deadlockdetection\modlist.cpp) segment .text

    41 0001:00003659    40 0001:00003659    46 0001:00003660    47 0001:00003670
    48 0001:00003677    50 0001:00003679    52 0001:0000367b    59 0001:00003680
    60 0001:00003696    62 0001:0000369d    64 0001:000036a6    65 0001:000036a9
   107 0001:000036aa   106 0001:000036aa   112 0001:000036b5   113 0001:000036bb
   110 0001:000036bc   113 0001:000036be   116 0001:000036bf   117 0001:000036c2
   118 0001:000036c7   119 0001:000036cd   124 0001:000036d3   128 0001:000036e2
   129 0001:000036f8   130 0001:000036fb

Line numbers for .\WinRel\DeadlockDetection.obj(d:\dev\booktwo\disk\deadlockdetection\deadlockdetection\ddexthandler.h) segment .text

    49 0001:00002c6c    46 0001:00002c6c    53 0001:00002c76    55 0001:00002c7d
    56 0001:00002c80    57 0001:00002c83    58 0001:00002c86    59 0001:00002c89
    60 0001:00002c8d

Line numbers for .\WinRel\DeadlockDetection.obj(d:\dev\booktwo\disk\deadlockdetection\deadlockdetection\modlist.h) segment .text

    27 0001:00002cab    28 0001:00002cae    30 0001:00002cbe    31 0001:00002cc9
    33 0001:00002ccc    34 0001:00002ccf    35 0001:00002cd2    36 0001:00002cd7
    70 0001:00002cd8    71 0001:00002cd9    73 0001:00002ce0    74 0001:00002ced
    75 0001:00002cf0    76 0001:00002cf3    78 0001:00002cf7    83 0001:00002cf8
    82 0001:00002cf8    86 0001:00002cff    89 0001:00002d15    94 0001:00002d16
    93 0001:00002d16    98 0001:00002d1d   100 0001:00002d27   105 0001:00002d37
   106 0001:00002d3a   102 0001:00002d3d

Line numbers for .\WinRel\DeadlockDetection.obj(d:\dev\booktwo\disk\deadlockdetection\deadlockdetection\deadlockdetection.cpp) segment .text

    73 0001:00002d5e    75 0001:00002d75    77 0001:00002d80    78 0001:00002d8b
    80 0001:00002d92    82 0001:00002d97    86 0001:00002d9a    88 0001:00002dab
    91 0001:00002db2    94 0001:00002db7   101 0001:00002dbf   104 0001:00002dd8
   108 0001:00002ded   110 0001:00002e04   113 0001:00002e06   117 0001:00002e10
   119 0001:00002e19   123 0001:00002e1b   126 0001:00002e29   128 0001:00002e2d
   129 0001:00002e3c   130 0001:00002e42   134 0001:00002e44   135 0001:00002e4f
   137 0001:00002e5a   142 0001:00002e64   145 0001:00002e69   147 0001:00002e78
   151 0001:00002e7f   168 0001:00002e98   169 0001:00002e9d   154 0001:00002ead
   157 0001:00002eb4   160 0001:00002ebb   164 0001:00002ec3   173 0001:00002ecb
   175 0001:00002ed7   177 0001:00002ee1   236 0001:00002ee9   180 0001:00002eef
   183 0001:00002ef2   184 0001:00002efd   187 0001:00002f04   190 0001:00002f09
   193 0001:00002f0f   195 0001:00002f17   198 0001:00002f24   195 0001:00002f35
   202 0001:00002f3a   204 0001:00002f42   206 0001:00002f4f   204 0001:00002f60
   210 0001:00002f65   213 0001:00002f6b   216 0001:00002f75   217 0001:00002f7c
   218 0001:00002f84   219 0001:00002f8b   222 0001:00002f91   223 0001:00002f9d
   225 0001:00002fa8   233 0001:00002fc1   234 0001:00002fcd   240 0001:00002fd5
   241 0001:00002fd5   242 0001:00002fda   247 0001:00002fdb   249 0001:00002fdb
   251 0001:00002fe4   252 0001:00002fec   255 0001:00002ff0   257 0001:00002fff
   261 0001:00003002   260 0001:00003002   263 0001:0000300b   268 0001:00003013
   267 0001:00003014   268 0001:00003021   271 0001:00003022   272 0001:00003022
   274 0001:0000302b   279 0001:00003033   278 0001:00003034   279 0001:00003041
   283 0001:00003042   284 0001:00003044   285 0001:00003050   286 0001:0000305a
   287 0001:00003063   288 0001:00003067   301 0001:0000306a   299 0001:0000306a
   305 0001:0000307a   307 0001:0000307e   309 0001:0000308a   311 0001:00003095
   313 0001:0000309c   315 0001:000030af   318 0001:000030bc   322 0001:000030be
   324 0001:000030c6   330 0001:000030cb   331 0001:000030ce   335 0001:000030d1
   343 0001:000030e6   348 0001:000030f8   353 0001:0000310d   362 0001:00003121
   365 0001:0000313a   368 0001:0000314c   371 0001:0000315d   377 0001:0000316c
   379 0001:00003182   385 0001:00003186   388 0001:000031a5   390 0001:000031b0
   392 0001:000031b6   394 0001:000031bd   398 0001:000031bf   402 0001:000031c7
   365 0001:000031e5   409 0001:000031e7   410 0001:000031f4   413 0001:000031fb
   416 0001:0000320b   355 0001:00003219   356 0001:00003220   357 0001:0000322f
   417 0001:00003231   420 0001:00003246   422 0001:0000324d   424 0001:00003259
   426 0001:0000325d   454 0001:0000327a   460 0001:0000327e   461 0001:00003284
   428 0001:00003286   438 0001:0000328b   441 0001:0000328d   450 0001:00003298
   452 0001:000032a9   465 0001:000032bd   468 0001:000032c6   472 0001:000032d2
   474 0001:000032d6   479 0001:000032e8   481 0001:000032f2   482 0001:000032f9
   486 0001:00003308   490 0001:00003314   492 0001:00003321   494 0001:0000332e
   497 0001:0000333e   499 0001:00003341   501 0001:0000334b   497 0001:00003351
   505 0001:0000335c   510 0001:00003376   513 0001:00003381   521 0001:0000338c
   510 0001:0000339b   526 0001:000033a4   527 0001:000033ae   540 0001:000033b0
   569 0001:000033b2   575 0001:000033e1   584 0001:000033e6   588 0001:00003402
   601 0001:00003403   610 0001:00003414   620 0001:00003439   627 0001:00003455
   632 0001:0000346d   639 0001:00003472   643 0001:0000348e   645 0001:00003490
   648 0001:00003497   652 0001:000034a7   656 0001:000034a7   659 0001:000034b5
   663 0001:000034ba   669 0001:000034bb   667 0001:000034bb   671 0001:000034d3
   674 0001:000034d6   673 0001:000034d7   674 0001:000034d9   679 0001:000034da
   678 0001:000034da   680 0001:000034df   694 0001:000034e0   695 0001:000034e3
   696 0001:000034f0   701 0001:000034f9   704 0001:00003504   706 0001:0000350f
   710 0001:00003514   714 0001:00003527   716 0001:0000352c   720 0001:00003531
   724 0001:00003548   736 0001:00003549   738 0001:00003567   744 0001:0000356c
   746 0001:00003577   749 0001:00003582   750 0001:00003591   752 0001:00003595
   753 0001:0000359a   758 0001:000035a1   759 0001:000035aa   761 0001:000035ae
   762 0001:000035b3   764 0001:000035ba   765 0001:000035c3   767 0001:000035c7
   768 0001:000035cc   771 0001:000035d3   773 0001:000035d5   775 0001:000035e0
   776 0001:000035e3   777 0001:000035eb   779 0001:000035ef   780 0001:000035f4
   783 0001:0000360d   793 0001:00003623   786 0001:00003623   795 0001:0000363d
   798 0001:0000363e   805 0001:0000363e   807 0001:00003658    42 0001:00003bf6
    44 0001:00003c02    49 0001:00003c0e

Line numbers for .\WinRel\DDFuncs_WaitAndSpecial.obj(d:\dev\booktwo\disk\deadlockdetection\deadlockdetection\ddfuncs_waitandspecial.cpp) segment .text

    23 0001:0000250d    22 0001:0000250d    25 0001:00002579    27 0001:00002585
    33 0001:000025f4    34 0001:000025f4    36 0001:00002660    38 0001:0000266f
    46 0001:000026de    45 0001:000026de    51 0001:0000274a    53 0001:0000275c
    62 0001:000027cb    61 0001:000027cb    68 0001:00002837    70 0001:0000284c
    78 0001:000028bb    79 0001:000028bb    85 0001:00002927    87 0001:0000293c
    95 0001:000029ab    96 0001:000029ab   102 0001:00002a17   104 0001:00002a2c
   112 0001:00002a9b   114 0001:00002a9b   119 0001:00002b07   121 0001:00002b19
   126 0001:00002b88   125 0001:00002b88   128 0001:00002bf4   130 0001:00002bfd

Line numbers for .\WinRel\DDFuncs_Thread.obj(d:\dev\booktwo\disk\deadlockdetection\deadlockdetection\ddfuncs_thread.cpp) segment .text

    28 0001:00001ce9    27 0001:00001ce9    35 0001:00001d54    37 0001:00001d6c
    46 0001:00001ddb    43 0001:00001ddb    48 0001:00001e47    50 0001:00001e50
    57 0001:00001ebf    56 0001:00001ebf    59 0001:00001f2b    61 0001:00001f34
    66 0001:00001fa3    65 0001:00001fa3    68 0001:0000200f    70 0001:00002018
    75 0001:00002087    74 0001:00002087    77 0001:000020f3    79 0001:000020ff
    91 0001:0000216e    90 0001:0000216e    98 0001:000021d9   102 0001:000021f4
   109 0001:00002261   110 0001:00002261   112 0001:000022cc   116 0001:000022de
   120 0001:0000234b   123 0001:0000234b   125 0001:000023b7   129 0001:000023c1
   136 0001:0000242e   133 0001:0000242e   138 0001:0000249a   142 0001:000024a0

Line numbers for .\WinRel\DDFuncs_Semaphore.obj(d:\dev\booktwo\disk\deadlockdetection\deadlockdetection\ddfuncs_semaphore.cpp) segment .text

    26 0001:00001856    25 0001:00001856    31 0001:000018c1    33 0001:000018d3
    42 0001:00001942    41 0001:00001942    47 0001:000019ad    49 0001:000019bf
    56 0001:00001a2e    55 0001:00001a2e    60 0001:00001a99    62 0001:00001aa8
    68 0001:00001b17    69 0001:00001b17    73 0001:00001b82    75 0001:00001b91
    82 0001:00001c00    81 0001:00001c00    86 0001:00001c6b    88 0001:00001c7a

Line numbers for .\WinRel\DDFuncs_Mutex.obj(d:\dev\booktwo\disk\deadlockdetection\deadlockdetection\ddfuncs_mutex.cpp) segment .text

    24 0001:000013cf    23 0001:000013cf    28 0001:0000143a    30 0001:00001449
    37 0001:000014b8    36 0001:000014b8    41 0001:00001523    43 0001:00001532
    50 0001:000015a1    49 0001:000015a1    54 0001:0000160c    56 0001:0000161b
    62 0001:0000168a    63 0001:0000168a    67 0001:000016f5    69 0001:00001704
    75 0001:00001773    73 0001:00001773    77 0001:000017de    79 0001:000017e7

Line numbers for .\WinRel\DDFuncs_Mandatory.obj(d:\dev\booktwo\disk\deadlockdetection\deadlockdetection\ddfuncs_mandatory.cpp) segment .text

    23 0001:00000d00    19 0001:00000d00    28 0001:00000d2a    30 0001:00000d30
    34 0001:00000d39    37 0001:00000d60    39 0001:00000d66    47 0001:00000d6b
    52 0001:00000d93    51 0001:00000d93    54 0001:00000dbd    55 0001:00000dc3
    56 0001:00000dcc    58 0001:00000df3    60 0001:00000df9    63 0001:00000dfe
    69 0001:00000e26    70 0001:00000e26    72 0001:00000e50    75 0001:00000e56
    76 0001:00000e65    79 0001:00000e8c    81 0001:00000e98    84 0001:00000e9d
    91 0001:00000ec5    90 0001:00000ec5    93 0001:00000eef    96 0001:00000ef5
    97 0001:00000f04   100 0001:00000f2b   102 0001:00000f37   105 0001:00000f3c
   111 0001:00000f64   112 0001:00000f64   122 0001:00000f8e   125 0001:00000f97
   127 0001:00000fae   130 0001:00000fb5   134 0001:00000fbf   138 0001:00000fc4
   140 0001:00000fc9   141 0001:00000fcf   142 0001:00000fd8   144 0001:00000fff
   151 0001:00001027   150 0001:00001027   153 0001:00001051   154 0001:00001057
   155 0001:00001060   157 0001:00001087   159 0001:0000108d   162 0001:00001092
   174 0001:000010ba   173 0001:000010ba   192 0001:00001126   194 0001:00001132
   204 0001:000011a1   205 0001:000011a4   206 0001:000011b4   209 0001:000011b6
   214 0001:000011b6   216 0001:000011e0   218 0001:000011e4   220 0001:000011ed
   221 0001:000011fd   225 0001:0000120d   228 0001:00001217   234 0001:0000121d
   235 0001:0000123b   237 0001:00001241   241 0001:00001248   243 0001:00001251
   245 0001:00001255   246 0001:00001258   247 0001:0000125b   248 0001:0000125d
   249 0001:0000125e   250 0001:00001261   251 0001:00001264   252 0001:00001267
   253 0001:0000126a   254 0001:0000126d   258 0001:00001270   266 0001:0000127f
   272 0001:00001285   273 0001:000012a3   275 0001:000012a9   280 0001:000012b0
   283 0001:000012b9   284 0001:000012bd   285 0001:000012c0   286 0001:000012c3
   287 0001:000012c5   288 0001:000012c6   289 0001:000012c9   290 0001:000012cc
   291 0001:000012cf   292 0001:000012d2   293 0001:000012d5   296 0001:000012d8
   299 0001:000012dd   301 0001:000012f0   303 0001:00001301   309 0001:00001307
   310 0001:0000132c   312 0001:00001332   317 0001:00001339   320 0001:00001342
   321 0001:00001346   322 0001:00001349   323 0001:0000134c   324 0001:0000134e
   325 0001:0000134f   326 0001:00001352   327 0001:00001355   328 0001:00001358
   329 0001:0000135b   330 0001:0000135e   333 0001:00001361   335 0001:00001363
   338 0001:00001368   340 0001:0000136e   341 0001:00001374   342 0001:00001380
   345 0001:000013a7

Line numbers for .\WinRel\DDFuncs_Event.obj(d:\dev\booktwo\disk\deadlockdetection\deadlockdetection\ddfuncs_event.cpp) segment .text

    25 0001:000006ad    24 0001:000006ad    30 0001:00000718    32 0001:0000072a
    39 0001:00000799    40 0001:00000799    45 0001:00000804    47 0001:00000816
    54 0001:00000885    53 0001:00000885    58 0001:000008f0    60 0001:000008ff
    67 0001:0000096e    66 0001:0000096e    71 0001:000009d9    73 0001:000009e8
    78 0001:00000a57    77 0001:00000a57    80 0001:00000ac2    82 0001:00000acb
    87 0001:00000b3a    86 0001:00000b3a    89 0001:00000ba5    91 0001:00000bae
    96 0001:00000c1d    95 0001:00000c1d    98 0001:00000c88   100 0001:00000c91

Line numbers for .\WinRel\DDFuncs_CritSec.obj(d:\dev\booktwo\disk\deadlockdetection\deadlockdetection\ddfuncs_critsec.cpp) segment .text

    25 0001:00000071    22 0001:00000071    27 0001:000000dc    29 0001:000000e5
    35 0001:00000154    38 0001:00000154    41 0001:000001bf    43 0001:000001cb
    51 0001:0000023a    48 0001:0000023a    53 0001:000002a5    55 0001:000002ae
    63 0001:0000031d    60 0001:0000031d    65 0001:00000389    67 0001:00000392
    75 0001:00000401    72 0001:00000401    77 0001:0000046c    79 0001:00000475
    88 0001:000004e4    85 0001:000004e4    90 0001:0000054f    92 0001:0000055b
   105 0001:000005ca   102 0001:000005ca   107 0001:00000635   109 0001:0000063e

Line numbers for .\WinRel\DDExtHandler.obj(d:\dev\booktwo\disk\deadlockdetection\deadlockdetection\ddexthandler.cpp) segment .text

    16 0001:00000000    13 0001:00000000    18 0001:00000004    22 0001:00000006
    25 0001:00000010    27 0001:00000015    33 0001:00000018    38 0001:00000026
    43 0001:00000033    48 0001:00000040    54 0001:0000004d    60 0001:00000067
    56 0001:0000006c    61 0001:0000006e

Line numbers for G:\VSNET\Vc7\lib\MSVCRT.lib(f:\vs70builds\3036\vc\crtbld\crt\src\atonexit.c) segment .text

    81 0001:0000387e    76 0001:0000387e    90 0001:000038a3    96 0001:000038a4
    95 0001:000038a4    97 0001:000038b5

Line numbers for G:\VSNET\Vc7\lib\MSVCRT.lib(f:\vs70builds\3036\vc\crtbld\crt\src\crtdll.c) segment .text

   134 0001:000038bc   129 0001:000038bc   135 0001:000038c4   136 0001:000038cc
   158 0001:000038d2   163 0001:000038e5   168 0001:000038fa   170 0001:000038fe
   172 0001:00003901   178 0001:0000390b   179 0001:00003910   184 0001:0000391a
   189 0001:0000392b   192 0001:00003932   219 0001:00003938   220 0001:00003941
   225 0001:00003943   226 0001:0000394f   234 0001:00003965   236 0001:0000396c
   234 0001:00003973   240 0001:00003974   241 0001:00003977   249 0001:0000397a
   250 0001:00003986   252 0001:0000398c   257 0001:00003991   258 0001:0000399e
   260 0001:000039a4   262 0001:000039ad   263 0001:000039b6   265 0001:000039c2
   266 0001:000039cb   268 0001:000039da   269 0001:000039dc   272 0001:000039de
   275 0001:000039ee   283 0001:000039f7   286 0001:00003a01   288 0001:00003a0a
   289 0001:00003a18   291 0001:00003a1b   292 0001:00003a29   298 0001:00003a37
   294 0001:00003a3c   295 0001:00003a54   299 0001:00003a56

Line numbers for G:\VSNET\Vc7\lib\MSVCRT.lib(f:\vs70builds\3036\vc\crtbld\crt\src\secchk.c) segment .text

   114 0001:00003b4a   116 0001:00003b56   117 0001:00003b5a   119 0001:00003b67
   123 0001:00003b72   100 0001:00003b7b   103 0001:00003b7b   104 0001:00003b81
   105 0001:00003b83   107 0001:00003b84

Line numbers for G:\VSNET\Vc7\lib\MSVCRT.lib(f:\vs70builds\3036\vc\crtbld\crt\src\seccinit.c) segment .text

    49 0001:00003b89    58 0001:00003b8f    67 0001:00003ba0    70 0001:00003baa
    75 0001:00003bb0    76 0001:00003bb8    77 0001:00003bc0    79 0001:00003bc8
    93 0001:00003bd2    94 0001:00003bed

 Exports

  ordinal    name

        1    _CloseDeadlockDetection@0
               exported name: CloseDeadlockDetection
        2    _GetDeadlockDetectionOptions@0
               exported name: GetDeadlockDetectionOptions
        3    _OpenDeadlockDetection@4
               exported name: OpenDeadlockDetection
        4    _ResumeDeadlockDetection@0
               exported name: ResumeDeadlockDetection
        5    _SetDeadlockDetectionOptions@4
               exported name: SetDeadlockDetectionOptions
        6    _SuspendDeadlockDetection@0
               exported name: SuspendDeadlockDetection
        7    _WriteToDeadlockDetectionLog@4
               exported name: WriteToDeadlockDetectionLog
