 MiniDumpTests

 Timestamp is 3e4e592a (Sat Feb 15 10:13:46 2003)

 Preferred load address is 00400000

 Start         Length     Name                   Class
 0001:00000000 00000412H .text                   CODE
 0002:00000000 00000070H .idata$5                DATA
 0002:00000070 00000190H .rdata                  DATA
 0002:00000200 00000046H .rdata$debug            DATA
 0002:00000250 00000004H .rdata$sxdata           DATA
 0002:00000254 00000004H .rtc$IAA                DATA
 0002:00000258 00000004H .rtc$IZZ                DATA
 0002:0000025c 00000004H .rtc$TAA                DATA
 0002:00000260 00000004H .rtc$TZZ                DATA
 0002:00000264 0000003cH .idata$2                DATA
 0002:000002a0 00000014H .idata$3                DATA
 0002:000002b4 00000070H .idata$4                DATA
 0002:00000324 000001eeH .idata$6                DATA
 0002:00000512 00000000H .edata                  DATA
 0003:00000000 00000004H .CRT$XCA                DATA
 0003:00000004 00000004H .CRT$XCZ                DATA
 0003:00000008 00000004H .CRT$XIA                DATA
 0003:0000000c 00000004H .CRT$XIZ                DATA
 0003:00000010 00000008H .data                   DATA
 0003:00000018 0000001cH .bss                    DATA

  Address         Publics by Value              Rva+Base     Lib:Object

 0000:00000001       ___safe_se_handler_count   00000001     <absolute>
 0001:00000000       _main                      00401000 f   MiniDumpTests.obj
 0001:00000094       ?MyUnhandledExceptionFilter@@YGJPAU_EXCEPTION_POINTERS@@@Z 00401094 f   MiniDumpTests.obj
 0001:00000133       _mainCRTStartup            00401133 f   MSVCRT:crtexe.obj
 0001:000002cc       __XcptFilter               004012cc f   MSVCRT:MSVCR71.dll
 0001:000002d2       __amsg_exit                004012d2 f   MSVCRT:MSVCR71.dll
 0001:000002d8       __onexit                   004012d8 f   MSVCRT:atonexit.obj
 0001:000002fe       _atexit                    004012fe f   MSVCRT:atonexit.obj
 0001:00000310       __RTC_Initialize           00401310 f   MSVCRT:initsect.obj
 0001:00000354       __RTC_Terminate            00401354 f   MSVCRT:initsect.obj
 0001:00000398       __initterm                 00401398 f   MSVCRT:MSVCR71.dll
 0001:0000039e       __setdefaultprecision      0040139e f   MSVCRT:fp8.obj
 0001:000003b0       __matherr                  004013b0 f   MSVCRT:merr.obj
 0001:000003b0       __setargv                  004013b0 f   MSVCRT:dllargv.obj
 0001:000003b4       __SEH_prolog               004013b4 f   MSVCRT:sehprolg.obj
 0001:000003ef       __SEH_epilog               004013ef f   MSVCRT:sehprolg.obj
 0001:00000400       __except_handler3          00401400 f   MSVCRT:MSVCR71.dll
 0001:00000406       ___dllonexit               00401406 f   MSVCRT:MSVCR71.dll
 0001:0000040c       __controlfp                0040140c f   MSVCRT:MSVCR71.dll
 0002:00000000       __imp__SnapCurrentProcessMiniDumpW 00402000     BugslayerUtil:BugslayerUtil.dll
 0002:00000004       __imp__CreateCurrentProcessCrashDumpA@16 00402004     BugslayerUtil:BugslayerUtil.dll
 0002:00000008       __imp__CreateCurrentProcessCrashDumpW@16 00402008     BugslayerUtil:BugslayerUtil.dll
 0002:0000000c       __imp__SnapCurrentProcessMiniDumpA 0040200c     BugslayerUtil:BugslayerUtil.dll
 0002:00000010       \177BugslayerUtil_NULL_THUNK_DATA 00402010     BugslayerUtil:BugslayerUtil.dll
 0002:00000014       __imp__SetUnhandledExceptionFilter@4 00402014     kernel32:KERNEL32.dll
 0002:00000018       __imp__GetCurrentThreadId@0 00402018     kernel32:KERNEL32.dll
 0002:0000001c       __imp__GetModuleHandleA@4  0040201c     kernel32:KERNEL32.dll
 0002:00000020       \177KERNEL32_NULL_THUNK_DATA 00402020     kernel32:KERNEL32.dll
 0002:00000024       __imp___exit               00402024     MSVCRT:MSVCR71.dll
 0002:00000028       __imp___XcptFilter         00402028     MSVCRT:MSVCR71.dll
 0002:0000002c       __imp___cexit              0040202c     MSVCRT:MSVCR71.dll
 0002:00000030       __imp__exit                00402030     MSVCRT:MSVCR71.dll
 0002:00000034       __imp____p___initenv       00402034     MSVCRT:MSVCR71.dll
 0002:00000038       __imp___c_exit             00402038     MSVCRT:MSVCR71.dll
 0002:0000003c       __imp____getmainargs       0040203c     MSVCRT:MSVCR71.dll
 0002:00000040       __imp___initterm           00402040     MSVCRT:MSVCR71.dll
 0002:00000044       __imp____setusermatherr    00402044     MSVCRT:MSVCR71.dll
 0002:00000048       __imp___adjust_fdiv        00402048     MSVCRT:MSVCR71.dll
 0002:0000004c       __imp____p__commode        0040204c     MSVCRT:MSVCR71.dll
 0002:00000050       __imp____p__fmode          00402050     MSVCRT:MSVCR71.dll
 0002:00000054       __imp____set_app_type      00402054     MSVCRT:MSVCR71.dll
 0002:00000058       __imp___except_handler3    00402058     MSVCRT:MSVCR71.dll
 0002:0000005c       __imp____dllonexit         0040205c     MSVCRT:MSVCR71.dll
 0002:00000060       __imp___onexit             00402060     MSVCRT:MSVCR71.dll
 0002:00000064       __imp___controlfp          00402064     MSVCRT:MSVCR71.dll
 0002:00000068       __imp___amsg_exit          00402068     MSVCRT:MSVCR71.dll
 0002:0000006c       \177MSVCR71_NULL_THUNK_DATA 0040206c     MSVCRT:MSVCR71.dll
 0002:000000bc       ??_C@_0N@DFDCKFNO@AnsiDump?4DMP?$AA@ 004020bc     MiniDumpTests.obj
 0002:000000cc       ??_C@_0M@ELEJJLFJ@?$CB?$CK?$CK?$CB?$CK?$CK?$CB?$CK?$CB?$CK?$CB?$AA@ 004020cc     MiniDumpTests.obj
 0002:000000d8       ??_C@_00CNPNBAHC@?$AA@     004020d8     MiniDumpTests.obj
 0002:000000dc       ??_C@_0BA@DEHBILNB@ExceptDumpW?4DMP?$AA@ 004020dc     MiniDumpTests.obj
 0002:000000ec       ??_C@_0BA@OBPOGKFH@ExceptDumpA?4DMP?$AA@ 004020ec     MiniDumpTests.obj
 0002:000000fc       ??_C@_1BC@GKLMLPOE@?$AAW?$AAI?$AAD?$AAE?$AA?4?$AAD?$AAM?$AAP?$AA?$AA@ 004020fc     MiniDumpTests.obj
 0002:00000110       ??_C@_1BI@GPONMGHK@?$AA?$CB?$AA?$CK?$AA?$CK?$AA?$CB?$AA?$CK?$AA?$CK?$AA?$CB?$AA?$CK?$AA?$CB?$AA?$CK?$AA?$CB?$AA?$AA@ 00402110     MiniDumpTests.obj
 0002:00000128       ??_C@_11LOCGONAA@?$AA?$AA@ 00402128     MiniDumpTests.obj
 0002:0000012c       ??_C@_1CA@CNLFCNAP@?$AAE?$AAx?$AAc?$AAe?$AAp?$AAt?$AAD?$AAu?$AAm?$AAp?$AAW?$AA?4?$AAD?$AAM?$AAP?$AA?$AA@ 0040212c     MiniDumpTests.obj
 0002:0000014c       ??_C@_1BI@BIDGJDGO@?$AAB?$AAa?$AAd?$AAD?$AAu?$AAm?$AAp?$AA?4?$AAD?$AAM?$AAP?$AA?$AA@ 0040214c     MiniDumpTests.obj
 0002:00000164       ??_C@_1BK@DAKLOMKM@?$AAF?$AAu?$AAl?$AAl?$AAD?$AAu?$AAm?$AAp?$AA?4?$AAD?$AAM?$AAP?$AA?$AA@ 00402164     MiniDumpTests.obj
 0002:00000180       ??_C@_1BA@ODLDKCCG@?$AA?$CK?$AA?$DP?$AA?$CB?$AA?$CK?$AA?$CK?$AA?$DP?$AA?$DP?$AA?$AA@ 00402180     MiniDumpTests.obj
 0002:00000190       ??_C@_0P@MNMKFNDD@NormalDump?4DMP?$AA@ 00402190     MiniDumpTests.obj
 0002:000001a0       ??_C@_07FDKHKNEO@?$CK?$DP?$CB?$CK?$CK?$DP?$DP?$AA@ 004021a0     MiniDumpTests.obj
 0002:000001b8       __load_config_used         004021b8     MSVCRT:loadcfg.obj
 0002:00000250       ___safe_se_handler_table   00402250     <linker-defined>
 0002:00000254       ___rtc_iaa                 00402254     MSVCRT:initsect.obj
 0002:00000258       ___rtc_izz                 00402258     MSVCRT:initsect.obj
 0002:0000025c       ___rtc_taa                 0040225c     MSVCRT:initsect.obj
 0002:00000260       ___rtc_tzz                 00402260     MSVCRT:initsect.obj
 0002:00000264       __IMPORT_DESCRIPTOR_BugslayerUtil 00402264     BugslayerUtil:BugslayerUtil.dll
 0002:00000278       __IMPORT_DESCRIPTOR_KERNEL32 00402278     kernel32:KERNEL32.dll
 0002:0000028c       __IMPORT_DESCRIPTOR_MSVCR71 0040228c     MSVCRT:MSVCR71.dll
 0002:000002a0       __NULL_IMPORT_DESCRIPTOR   004022a0     BugslayerUtil:BugslayerUtil.dll
 0003:00000000       ___xc_a                    00403000     MSVCRT:cinitexe.obj
 0003:00000004       ___xc_z                    00403004     MSVCRT:cinitexe.obj
 0003:00000008       ___xi_a                    00403008     MSVCRT:cinitexe.obj
 0003:0000000c       ___xi_z                    0040300c     MSVCRT:cinitexe.obj
 0003:00000010       ___defaultmatherr          00403010     MSVCRT:merr.obj
 0003:00000014       ___security_cookie         00403014     MSVCRT:seccook.obj
 0003:00000018       __dowildcard               00403018     MSVCRT:wildcard.obj
 0003:0000001c       __newmode                  0040301c     MSVCRT:_newmode.obj
 0003:00000020       __commode                  00403020     MSVCRT:xncommod.obj
 0003:00000024       __fmode                    00403024     MSVCRT:xtxtmode.obj
 0003:00000028       __adjust_fdiv              00403028     <common>
 0003:0000002c       ___onexitend               0040302c     <common>
 0003:00000030       ___onexitbegin             00403030     <common>

 entry point at        0001:00000133

 Static symbols


Line numbers for .\Release\MiniDumpTests.obj(d:\dev\booktwo\disk\bugslayerutil\tests\minidumptests\minidumptests.cpp) segment .text

    10 0001:00000000    15 0001:0000000c    20 0001:0000001b    25 0001:00000023
    31 0001:0000002b    36 0001:00000035    41 0001:0000003d    49 0001:00000049
    56 0001:00000054    60 0001:00000063    62 0001:0000006e    64 0001:00000071
    65 0001:00000077    67 0001:0000007c    70 0001:0000008c    73 0001:00000094
    78 0001:00000095    84 0001:000000b7    90 0001:000000c2    96 0001:000000ce
   103 0001:000000da   109 0001:000000e7   115 0001:000000f9   121 0001:00000104
   127 0001:00000110   134 0001:0000011c   138 0001:0000012b   139 0001:00000130

Line numbers for G:\VSNET\Vc7\lib\MSVCRT.lib(f:\vs70builds\3036\vc\crtbld\crt\src\atonexit.c) segment .text

    81 0001:000002d8    76 0001:000002d8    90 0001:000002fd    96 0001:000002fe
    95 0001:000002fe    97 0001:0000030f

Line numbers for G:\VSNET\Vc7\lib\MSVCRT.lib(f:\vs70builds\3036\vc\crtbld\crt\src\crtexe.c) segment .text

   202 0001:00000133   222 0001:0000013f   229 0001:0000019a   236 0001:0000019d
   244 0001:000001a6   249 0001:000001b4   250 0001:000001c2   257 0001:000001d0
   264 0001:000001dc   275 0001:000001e1   282 0001:000001e6   283 0001:000001ee
   286 0001:000001fa   305 0001:000001ff   308 0001:0000020e   324 0001:00000218
   327 0001:00000220   329 0001:00000242   330 0001:00000246   336 0001:0000024e
   397 0001:0000025d   398 0001:00000268   403 0001:0000027e   404 0001:00000283
   406 0001:0000028a   409 0001:00000292   415 0001:000002a9   417 0001:000002ac
   418 0001:000002b2   420 0001:000002b9   424 0001:000002c3   425 0001:000002c5

Line numbers for G:\VSNET\Vc7\lib\MSVCRT.lib(f:\vs70builds\3036\vc\crtbld\crt\src\dllargv.c) segment .text

    49 0001:000003b0    48 0001:000003b0    50 0001:000003b2

Line numbers for G:\VSNET\Vc7\lib\MSVCRT.lib(f:\vs70builds\3036\vc\crtbld\crt\src\merr.c) segment .text

    33 0001:000003b0    32 0001:000003b0    34 0001:000003b2

Line numbers for G:\VSNET\Vc7\lib\MSVCRT.lib(f:\vs70builds\3036\vc\crtbld\crt\src\intel\fp8.c) segment .text

    19 0001:0000039e    18 0001:0000039e    20 0001:000003af
