 ParsePlayKeysTest

 Timestamp is 3e4e59dd (Sat Feb 15 10:16:45 2003)

 Preferred load address is 00400000

 Start         Length     Name                   Class
 0001:00000000 00001200H .text                   CODE
 0002:00000000 000000ecH .idata$5                DATA
 0002:000000f0 000009a0H .rdata                  DATA
 0002:00000a90 0000004aH .rdata$debug            DATA
 0002:00000ae0 00000004H .rdata$sxdata           DATA
 0002:00000ae4 00000004H .rtc$IAA                DATA
 0002:00000ae8 00000004H .rtc$IZZ                DATA
 0002:00000aec 00000004H .rtc$TAA                DATA
 0002:00000af0 00000004H .rtc$TZZ                DATA
 0002:00000af4 0000003cH .idata$2                DATA
 0002:00000b30 00000014H .idata$3                DATA
 0002:00000b44 000000ecH .idata$4                DATA
 0002:00000c30 00000350H .idata$6                DATA
 0002:00000f80 00000000H .edata                  DATA
 0003:00000000 00000004H .CRT$XCA                DATA
 0003:00000004 00000004H .CRT$XCAA               DATA
 0003:00000008 00000004H .CRT$XCZ                DATA
 0003:0000000c 00000004H .CRT$XIA                DATA
 0003:00000010 00000004H .CRT$XIZ                DATA
 0003:00000020 000002e4H .data                   DATA
 0003:00000304 00000028H .bss                    DATA

  Address         Publics by Value              Rva+Base     Lib:Object

 0000:00000000       __except_list              00000000     <absolute>
 0000:00000001       ___safe_se_handler_count   00000001     <absolute>
 0000:00009876       __ldused                   00009876     <absolute>
 0000:00009876       __fltused                  00009876     <absolute>
 0001:00000000       ?ParsePlayInputString@@YAIPBGAAIAAPAUtagINPUT@@1@Z 00401000 f   ParsePlayInputString.obj
 0001:00000b10       _wmain                     00401b10 f   ParsePlayKeysTest.obj
 0001:00000c63       ?TestIt@@YAHPBGH@Z         00401c63 f   ParsePlayKeysTest.obj
 0001:00000d75       ?ShowUsage@@YAXXZ          00401d75 f   ParsePlayKeysTest.obj
 0001:00000d82       ?ParseCommandLine@@YAHHQAPAGAAHPAG@Z 00401d82 f   ParsePlayKeysTest.obj
 0001:00000de2       ??_V@YAXPAX@Z              00401de2 f   MSVCRT:MSVCR71.dll
 0001:00000de8       ??_U@YAPAXI@Z              00401de8 f   MSVCRT:MSVCR71.dll
 0001:00000dee       _memset                    00401dee f   MSVCRT:MSVCR71.dll
 0001:00000df4       _memcpy                    00401df4 f   MSVCRT:MSVCR71.dll
 0001:00000dfa       _wmainCRTStartup           00401dfa f   MSVCRT:wcrtexe.obj
 0001:00000f92       __XcptFilter               00401f92 f   MSVCRT:MSVCR71.dll
 0001:00000f98       __amsg_exit                00401f98 f   MSVCRT:MSVCR71.dll
 0001:00000f9e       __onexit                   00401f9e f   MSVCRT:atonexit.obj
 0001:00000fc4       _atexit                    00401fc4 f   MSVCRT:atonexit.obj
 0001:00000fd6       __RTC_Initialize           00401fd6 f   MSVCRT:initsect.obj
 0001:0000101a       __RTC_Terminate            0040201a f   MSVCRT:initsect.obj
 0001:0000105e       __initterm                 0040205e f   MSVCRT:MSVCR71.dll
 0001:00001064       __setdefaultprecision      00402064 f   MSVCRT:fp8.obj
 0001:00001076       __wsetargv                 00402076 f   MSVCRT:wdllargv.obj
 0001:00001076       __matherr                  00402076 f   MSVCRT:merr.obj
 0001:0000107c       __SEH_prolog               0040207c f   MSVCRT:sehprolg.obj
 0001:000010b7       __SEH_epilog               004020b7 f   MSVCRT:sehprolg.obj
 0001:000010c8       __except_handler3          004020c8 f   MSVCRT:MSVCR71.dll
 0001:000010ce       ___dllonexit               004020ce f   MSVCRT:MSVCR71.dll
 0001:000010d4       __controlfp                004020d4 f   MSVCRT:MSVCR71.dll
 0001:000010e0       __ftol2                    004020e0 f   MSVCRT:ftol2.obj
 0001:00001186       @__security_check_cookie@4 00402186 f   MSVCRT:secchk.obj
 0001:00001194       ___security_init_cookie    00402194 f   MSVCRT:seccinit.obj
 0001:000011fa       ___security_error_handler  004021fa f   MSVCRT:MSVCR71.dll
 0002:00000000       __imp__GetTickCount@0      00403000     kernel32:KERNEL32.dll
 0002:00000004       __imp__RaiseException@16   00403004     kernel32:KERNEL32.dll
 0002:00000008       __imp__WinExec@8           00403008     kernel32:KERNEL32.dll
 0002:0000000c       __imp__Sleep@4             0040300c     kernel32:KERNEL32.dll
 0002:00000010       __imp__GetLastError@0      00403010     kernel32:KERNEL32.dll
 0002:00000014       __imp__GetCurrentProcessId@0 00403014     kernel32:KERNEL32.dll
 0002:00000018       __imp__GetCurrentThreadId@0 00403018     kernel32:KERNEL32.dll
 0002:0000001c       __imp__QueryPerformanceCounter@4 0040301c     kernel32:KERNEL32.dll
 0002:00000020       __imp__ExitProcess@4       00403020     kernel32:KERNEL32.dll
 0002:00000024       __imp__GetModuleHandleA@4  00403024     kernel32:KERNEL32.dll
 0002:00000028       __imp__GetSystemTimeAsFileTime@4 00403028     kernel32:KERNEL32.dll
 0002:0000002c       \177KERNEL32_NULL_THUNK_DATA 0040302c     kernel32:KERNEL32.dll
 0002:00000030       __imp___exit               00403030     MSVCRT:MSVCR71.dll
 0002:00000034       __imp____security_error_handler 00403034     MSVCRT:MSVCR71.dll
 0002:00000038       __imp___controlfp          00403038     MSVCRT:MSVCR71.dll
 0002:0000003c       __imp___onexit             0040303c     MSVCRT:MSVCR71.dll
 0002:00000040       __imp___wcsdup             00403040     MSVCRT:MSVCR71.dll
 0002:00000044       __imp_??_V@YAXPAX@Z        00403044     MSVCRT:MSVCR71.dll
 0002:00000048       __imp__free                00403048     MSVCRT:MSVCR71.dll
 0002:0000004c       __imp_??_U@YAPAXI@Z        0040304c     MSVCRT:MSVCR71.dll
 0002:00000050       __imp__memset              00403050     MSVCRT:MSVCR71.dll
 0002:00000054       __imp__memcpy              00403054     MSVCRT:MSVCR71.dll
 0002:00000058       __imp__wcscmp              00403058     MSVCRT:MSVCR71.dll
 0002:0000005c       __imp__wcsncpy             0040305c     MSVCRT:MSVCR71.dll
 0002:00000060       __imp___wcsupr             00403060     MSVCRT:MSVCR71.dll
 0002:00000064       __imp__bsearch             00403064     MSVCRT:MSVCR71.dll
 0002:00000068       __imp__swscanf             00403068     MSVCRT:MSVCR71.dll
 0002:0000006c       __imp__ceil                0040306c     MSVCRT:MSVCR71.dll
 0002:00000070       __imp__floor               00403070     MSVCRT:MSVCR71.dll
 0002:00000074       __imp____dllonexit         00403074     MSVCRT:MSVCR71.dll
 0002:00000078       __imp__wprintf             00403078     MSVCRT:MSVCR71.dll
 0002:0000007c       __imp__fgetws              0040307c     MSVCRT:MSVCR71.dll
 0002:00000080       __imp__wcslen              00403080     MSVCRT:MSVCR71.dll
 0002:00000084       __imp___wcsicmp            00403084     MSVCRT:MSVCR71.dll
 0002:00000088       __imp__wcscpy              00403088     MSVCRT:MSVCR71.dll
 0002:0000008c       __imp___c_exit             0040308c     MSVCRT:MSVCR71.dll
 0002:00000090       __imp___wfopen             00403090     MSVCRT:MSVCR71.dll
 0002:00000094       __imp___XcptFilter         00403094     MSVCRT:MSVCR71.dll
 0002:00000098       __imp___cexit              00403098     MSVCRT:MSVCR71.dll
 0002:0000009c       __imp__exit                0040309c     MSVCRT:MSVCR71.dll
 0002:000000a0       __imp____p___winitenv      004030a0     MSVCRT:MSVCR71.dll
 0002:000000a4       __imp___amsg_exit          004030a4     MSVCRT:MSVCR71.dll
 0002:000000a8       __imp____wgetmainargs      004030a8     MSVCRT:MSVCR71.dll
 0002:000000ac       __imp___initterm           004030ac     MSVCRT:MSVCR71.dll
 0002:000000b0       __imp____setusermatherr    004030b0     MSVCRT:MSVCR71.dll
 0002:000000b4       __imp___adjust_fdiv        004030b4     MSVCRT:MSVCR71.dll
 0002:000000b8       __imp____p__commode        004030b8     MSVCRT:MSVCR71.dll
 0002:000000bc       __imp____p__fmode          004030bc     MSVCRT:MSVCR71.dll
 0002:000000c0       __imp____set_app_type      004030c0     MSVCRT:MSVCR71.dll
 0002:000000c4       __imp___except_handler3    004030c4     MSVCRT:MSVCR71.dll
 0002:000000c8       \177MSVCR71_NULL_THUNK_DATA 004030c8     MSVCRT:MSVCR71.dll
 0002:000000cc       __imp__GetKeyNameTextW@12  004030cc     user32:USER32.dll
 0002:000000d0       __imp__GetSystemMetrics@4  004030d0     user32:USER32.dll
 0002:000000d4       __imp__VkKeyScanExW@8      004030d4     user32:USER32.dll
 0002:000000d8       __imp__MapVirtualKeyW@8    004030d8     user32:USER32.dll
 0002:000000dc       __imp__LoadKeyboardLayoutW@8 004030dc     user32:USER32.dll
 0002:000000e0       __imp__GetKeyboardLayoutNameW@4 004030e0     user32:USER32.dll
 0002:000000e4       __imp__SendInput@12        004030e4     user32:USER32.dll
 0002:000000e8       \177USER32_NULL_THUNK_DATA 004030e8     user32:USER32.dll
 0002:0000013c       ??_C@_1BA@LMFALMNC@?$AA?$CF?$AAd?$AA?5?$AA?0?$AA?5?$AA?$CF?$AAd?$AA?$AA@ 0040313c     ParsePlayInputString.obj
 0002:0000014c       ??_C@_1BK@FODHFMIE@?$AA?$CF?$AAs?$AA?5?$AA?0?$AA?5?$AA?$CF?$AAd?$AA?5?$AA?0?$AA?5?$AA?$CF?$AAd?$AA?$AA@ 0040314c     ParsePlayInputString.obj
 0002:00000168       ??_C@_15PEMCOEOM@?$AAX?$AA2?$AA?$AA@ 00403168     ParsePlayInputString.obj
 0002:00000170       ??_C@_15OGHHELAC@?$AAX?$AA1?$AA?$AA@ 00403170     ParsePlayInputString.obj
 0002:00000178       ??_C@_1O@JLBLIFCG@?$AAM?$AAI?$AAD?$AAD?$AAL?$AAE?$AA?$AA@ 00403178     ParsePlayInputString.obj
 0002:00000188       ??_C@_1O@BLOPBBBP@?$AAM?$AAO?$AAV?$AAE?$AAT?$AAO?$AA?$AA@ 00403188     ParsePlayInputString.obj
 0002:00000198       ??_C@_1BC@NLCDNOIH@?$AAD?$AAB?$AAL?$AAC?$AAL?$AAI?$AAC?$AAK?$AA?$AA@ 00403198     ParsePlayInputString.obj
 0002:000001ac       ??_C@_1M@LEFKMFIG@?$AAC?$AAL?$AAI?$AAC?$AAK?$AA?$AA@ 004031ac     ParsePlayInputString.obj
 0002:000001b8       ??_C@_1M@EDNEHAPE@?$AAB?$AAT?$AAN?$AAU?$AAP?$AA?$AA@ 004031b8     ParsePlayInputString.obj
 0002:000001c4       ??_C@_1BA@FAMDCHIB@?$AAB?$AAT?$AAN?$AAD?$AAO?$AAW?$AAN?$AA?$AA@ 004031c4     ParsePlayInputString.obj
 0002:000001d4       ??_C@_1BC@FFFHGADO@?$AAS?$AAH?$AAI?$AAF?$AAT?$AA?5?$AAU?$AAP?$AA?$AA@ 004031d4     ParsePlayInputString.obj
 0002:000001e8       ??_C@_1BG@LBGPPEEK@?$AAS?$AAH?$AAI?$AAF?$AAT?$AA?5?$AAD?$AAO?$AAW?$AAN?$AA?$AA@ 004031e8     ParsePlayInputString.obj
 0002:00000200       ??_C@_1BA@BAKLGFCJ@?$AAC?$AAT?$AAR?$AAL?$AA?5?$AAU?$AAP?$AA?$AA@ 00403200     ParsePlayInputString.obj
 0002:00000210       ??_C@_1BE@MENFECCJ@?$AAC?$AAT?$AAR?$AAL?$AA?5?$AAD?$AAO?$AAW?$AAN?$AA?$AA@ 00403210     ParsePlayInputString.obj
 0002:00000224       ??_C@_1O@BJFMLIEM@?$AAA?$AAL?$AAT?$AA?5?$AAU?$AAP?$AA?$AA@ 00403224     ParsePlayInputString.obj
 0002:00000234       ??_C@_1BC@GPFNCMKF@?$AAA?$AAL?$AAT?$AA?5?$AAD?$AAO?$AAW?$AAN?$AA?$AA@ 00403234     ParsePlayInputString.obj
 0002:00000248       ??_C@_13FFFLPHEM@?$AA?$HO?$AA?$AA@ 00403248     ParsePlayInputString.obj
 0002:0000024c       ??_C@_13EHOOFIKC@?$AA?$HN?$AA?$AA@ 0040324c     ParsePlayInputString.obj
 0002:00000250       ??_C@_13GCIFAHHO@?$AA?$HL?$AA?$AA@ 00403250     ParsePlayInputString.obj
 0002:00000254       ??_C@_13PFGJFIHC@?$AA?$FO?$AA?$AA@ 00403254     ParsePlayInputString.obj
 0002:00000258       ??_C@_13OHNMPHJM@?$AA?$FN?$AA?$AA@ 00403258     ParsePlayInputString.obj
 0002:0000025c       ??_C@_13MCLHKIEA@?$AA?$FL?$AA?$AA@ 0040325c     ParsePlayInputString.obj
 0002:00000260       ??_C@_15NJHDMILK@?$AAU?$AAP?$AA?$AA@ 00403260     ParsePlayInputString.obj
 0002:00000268       ??_C@_17LOKIJENF@?$AAT?$AAA?$AAB?$AA?$AA@ 00403268     ParsePlayInputString.obj
 0002:00000270       ??_C@_1BG@EJOPLNAC@?$AAS?$AAC?$AAR?$AAO?$AAL?$AAL?$AAL?$AAO?$AAC?$AAK?$AA?$AA@ 00403270     ParsePlayInputString.obj
 0002:00000288       ??_C@_19KNOLEPIJ@?$AAR?$AAW?$AAI?$AAN?$AA?$AA@ 00403288     ParsePlayInputString.obj
 0002:00000294       ??_C@_1M@LCPJAKGJ@?$AAR?$AAI?$AAG?$AAH?$AAT?$AA?$AA@ 00403294     ParsePlayInputString.obj
 0002:000002a0       ??_C@_1M@NHGHEFFP@?$AAP?$AAR?$AAT?$AAS?$AAC?$AA?$AA@ 004032a0     ParsePlayInputString.obj
 0002:000002ac       ??_C@_19BBHHEMND@?$AAP?$AAG?$AAU?$AAP?$AA?$AA@ 004032ac     ParsePlayInputString.obj
 0002:000002b8       ??_C@_19GJDLLNEB@?$AAP?$AAG?$AAD?$AAN?$AA?$AA@ 004032b8     ParsePlayInputString.obj
 0002:000002c4       ??_C@_1BA@FFBFBMHP@?$AAN?$AAU?$AAM?$AAP?$AAA?$AAD?$AA9?$AA?$AA@ 004032c4     ParsePlayInputString.obj
 0002:000002d4       ??_C@_1BA@ONKJHLBK@?$AAN?$AAU?$AAM?$AAP?$AAA?$AAD?$AA8?$AA?$AA@ 004032d4     ParsePlayInputString.obj
 0002:000002e4       ??_C@_1BA@LFMKGLEM@?$AAN?$AAU?$AAM?$AAP?$AAA?$AAD?$AA7?$AA?$AA@ 004032e4     ParsePlayInputString.obj
 0002:000002f4       ??_C@_1BA@NHGAMCJ@?$AAN?$AAU?$AAM?$AAP?$AAA?$AAD?$AA6?$AA?$AA@ 004032f4     ParsePlayInputString.obj
 0002:00000304       ??_C@_1BA@BPMDKDMH@?$AAN?$AAU?$AAM?$AAP?$AAA?$AAD?$AA5?$AA?$AA@ 00403304     ParsePlayInputString.obj
 0002:00000314       ??_C@_1BA@KHHPMEKC@?$AAN?$AAU?$AAM?$AAP?$AAA?$AAD?$AA4?$AA?$AA@ 00403314     ParsePlayInputString.obj
 0002:00000324       ??_C@_1BA@DKKIPMBL@?$AAN?$AAU?$AAM?$AAP?$AAA?$AAD?$AA3?$AA?$AA@ 00403324     ParsePlayInputString.obj
 0002:00000334       ??_C@_1BA@ICBEJLHO@?$AAN?$AAU?$AAM?$AAP?$AAA?$AAD?$AA2?$AA?$AA@ 00403334     ParsePlayInputString.obj
 0002:00000344       ??_C@_1BA@JAKBDEJA@?$AAN?$AAU?$AAM?$AAP?$AAA?$AAD?$AA1?$AA?$AA@ 00403344     ParsePlayInputString.obj
 0002:00000354       ??_C@_1BA@CIBNFDPF@?$AAN?$AAU?$AAM?$AAP?$AAA?$AAD?$AA0?$AA?$AA@ 00403354     ParsePlayInputString.obj
 0002:00000364       ??_C@_1BA@CAGHBEDM@?$AAN?$AAU?$AAM?$AAP?$AAA?$AAD?$AA?1?$AA?$AA@ 00403364     ParsePlayInputString.obj
 0002:00000374       ??_C@_1BA@JINLHDFJ@?$AAN?$AAU?$AAM?$AAP?$AAA?$AAD?$AA?4?$AA?$AA@ 00403374     ParsePlayInputString.obj
 0002:00000384       ??_C@_1BA@IKGONMLH@?$AAN?$AAU?$AAM?$AAP?$AAA?$AAD?$AA?9?$AA?$AA@ 00403384     ParsePlayInputString.obj
 0002:00000394       ??_C@_1BA@KPAFIDGL@?$AAN?$AAU?$AAM?$AAP?$AAA?$AAD?$AA?$CL?$AA?$AA@ 00403394     ParsePlayInputString.obj
 0002:000003a4       ??_C@_1BA@BHLJOEAO@?$AAN?$AAU?$AAM?$AAP?$AAA?$AAD?$AA?$CK?$AA?$AA@ 004033a4     ParsePlayInputString.obj
 0002:000003b4       ??_C@_1BA@KBDODHIE@?$AAN?$AAU?$AAM?$AAL?$AAO?$AAC?$AAK?$AA?$AA@ 004033b4     ParsePlayInputString.obj
 0002:000003c4       ??_C@_19JEIMPONC@?$AAL?$AAW?$AAI?$AAN?$AA?$AA@ 004033c4     ParsePlayInputString.obj
 0002:000003d0       ??_C@_19GEOAMNKK@?$AAL?$AAE?$AAF?$AAT?$AA?$AA@ 004033d0     ParsePlayInputString.obj
 0002:000003dc       ??_C@_1O@COIOCKKM@?$AAI?$AAN?$AAS?$AAE?$AAR?$AAT?$AA?$AA@ 004033dc     ParsePlayInputString.obj
 0002:000003ec       ??_C@_17EAOFDCAA@?$AAI?$AAN?$AAS?$AA?$AA@ 004033ec     ParsePlayInputString.obj
 0002:000003f4       ??_C@_19HOKJLBCB@?$AAH?$AAO?$AAM?$AAE?$AA?$AA@ 004033f4     ParsePlayInputString.obj
 0002:00000400       ??_C@_19EDPCNJOB@?$AAH?$AAE?$AAL?$AAP?$AA?$AA@ 00403400     ParsePlayInputString.obj
 0002:0000040c       ??_C@_15BKBPAAAG@?$AAF?$AA9?$AA?$AA@ 0040340c     ParsePlayInputString.obj
 0002:00000414       ??_C@_15KCKDGHGD@?$AAF?$AA8?$AA?$AA@ 00403414     ParsePlayInputString.obj
 0002:0000041c       ??_C@_15PKMAHHDF@?$AAF?$AA7?$AA?$AA@ 0040341c     ParsePlayInputString.obj
 0002:00000424       ??_C@_15ECHMBAFA@?$AAF?$AA6?$AA?$AA@ 00403424     ParsePlayInputString.obj
 0002:0000042c       ??_C@_15FAMJLPLO@?$AAF?$AA5?$AA?$AA@ 0040342c     ParsePlayInputString.obj
 0002:00000434       ??_C@_15OIHFNINL@?$AAF?$AA4?$AA?$AA@ 00403434     ParsePlayInputString.obj
 0002:0000043c       ??_C@_15HFKCOAGC@?$AAF?$AA3?$AA?$AA@ 0040343c     ParsePlayInputString.obj
 0002:00000444       ??_C@_15MNBOIHAH@?$AAF?$AA2?$AA?$AA@ 00403444     ParsePlayInputString.obj
 0002:0000044c       ??_C@_17GPEJJIIJ@?$AAF?$AA1?$AA6?$AA?$AA@ 0040344c     ParsePlayInputString.obj
 0002:00000454       ??_C@_17HNPMDHGH@?$AAF?$AA1?$AA5?$AA?$AA@ 00403454     ParsePlayInputString.obj
 0002:0000045c       ??_C@_17MFEAFAAC@?$AAF?$AA1?$AA4?$AA?$AA@ 0040345c     ParsePlayInputString.obj
 0002:00000464       ??_C@_17FIJHGILL@?$AAF?$AA1?$AA3?$AA?$AA@ 00403464     ParsePlayInputString.obj
 0002:0000046c       ??_C@_17OACLAPNO@?$AAF?$AA1?$AA2?$AA?$AA@ 0040346c     ParsePlayInputString.obj
 0002:00000474       ??_C@_17PCJOKADA@?$AAF?$AA1?$AA1?$AA?$AA@ 00403474     ParsePlayInputString.obj
 0002:0000047c       ??_C@_17EKCCMHFF@?$AAF?$AA1?$AA0?$AA?$AA@ 0040347c     ParsePlayInputString.obj
 0002:00000484       ??_C@_15NPKLCIOJ@?$AAF?$AA1?$AA?$AA@ 00403484     ParsePlayInputString.obj
 0002:0000048c       ??_C@_17PIBLGBJF@?$AAE?$AAS?$AAC?$AA?$AA@ 0040348c     ParsePlayInputString.obj
 0002:00000494       ??_C@_1M@EDGEGPKJ@?$AAE?$AAN?$AAT?$AAE?$AAR?$AA?$AA@ 00403494     ParsePlayInputString.obj
 0002:000004a0       ??_C@_17NKIEEIGJ@?$AAE?$AAN?$AAD?$AA?$AA@ 004034a0     ParsePlayInputString.obj
 0002:000004a8       ??_C@_19BBNJPHFD@?$AAD?$AAO?$AAW?$AAN?$AA?$AA@ 004034a8     ParsePlayInputString.obj
 0002:000004b4       ??_C@_1O@LPPHHL@?$AAD?$AAE?$AAL?$AAE?$AAT?$AAE?$AA?$AA@ 004034b4     ParsePlayInputString.obj
 0002:000004c4       ??_C@_17LJFNJANL@?$AAD?$AAE?$AAL?$AA?$AA@ 004034c4     ParsePlayInputString.obj
 0002:000004cc       ??_C@_1M@IDCMGJNH@?$AAC?$AAL?$AAE?$AAA?$AAR?$AA?$AA@ 004034cc     ParsePlayInputString.obj
 0002:000004d8       ??_C@_1BC@JFPFCJCL@?$AAC?$AAA?$AAP?$AAS?$AAL?$AAO?$AAC?$AAK?$AA?$AA@ 004034d8     ParsePlayInputString.obj
 0002:000004ec       ??_C@_15NFBFFFHH@?$AAB?$AAS?$AA?$AA@ 004034ec     ParsePlayInputString.obj
 0002:000004f4       ??_C@_1M@MPPIMPG@?$AAB?$AAR?$AAE?$AAA?$AAK?$AA?$AA@ 004034f4     ParsePlayInputString.obj
 0002:00000500       ??_C@_19LDNKOLFE@?$AAB?$AAK?$AAS?$AAP?$AA?$AA@ 00403500     ParsePlayInputString.obj
 0002:0000050c       ??_C@_1BE@GBDEOGHH@?$AAB?$AAA?$AAC?$AAK?$AAS?$AAP?$AAA?$AAC?$AAE?$AA?$AA@ 0040350c     ParsePlayInputString.obj
 0002:00000520       ??_C@_19ONBNKAGK@?$AAA?$AAP?$AAP?$AAS?$AA?$AA@ 00403520     ParsePlayInputString.obj
 0002:0000052c       ??_C@_13KJIIAINM@?$AA?$CL?$AA?$AA@ 0040352c     ParsePlayInputString.obj
 0002:00000530       ??_C@_13DIBMAFH@?$AA?$CJ?$AA?$AA@ 00403530     ParsePlayInputString.obj
 0002:00000534       ??_C@_13LLDNKHDC@?$AA?$CI?$AA?$AA@ 00403534     ParsePlayInputString.obj
 0002:00000538       ??_C@_13EJFHHPOP@?$AA?$CF?$AA?$AA@ 00403538     ParsePlayInputString.obj
 0002:0000053c       ??_C@_15BJCIDILG@?$AA?9?$AAk?$AA?$AA@ 0040353c     ParsePlayKeysTest.obj
 0002:00000544       ??_C@_15DMEDGHGK@?$AA?9?$AAm?$AA?$AA@ 00403544     ParsePlayKeysTest.obj
 0002:00000550       ??_C@_1DEK@COCBFPIC@?$AAP?$AAa?$AAr?$AAs?$AAe?$AAP?$AAl?$AAa?$AAy?$AAK?$AAe?$AAy?$AAs?$AAT?$AAe?$AAs?$AAt?$AA?5?$AA?$FL?$AA?9@ 00403550     ParsePlayKeysTest.obj
 0002:0000089c       ??_C@_1DE@FLGCCLGH@?$AAF?$AAa?$AAi?$AAl?$AAu?$AAr?$AAe?$AA?5?$AAa?$AAt?$AA?5?$AAp?$AAo?$AAs?$AAi?$AAt?$AAi?$AAo?$AAn?$AA?5@ 0040389c     ParsePlayKeysTest.obj
 0002:000008d0       ??_C@_1FA@MCCLLFKP@?$AAS?$AAe?$AAn?$AAd?$AAI?$AAn?$AAp?$AAu?$AAt?$AA?5?$AAr?$AAe?$AAt?$AAu?$AAr?$AAn?$AAe?$AAd?$AA?5?$AA?3@ 004038d0     ParsePlayKeysTest.obj
 0002:00000920       ??_C@_13LBAGMAIH@?$AA?6?$AA?$AA@ 00403920     ParsePlayKeysTest.obj
 0002:00000924       ??_C@_1M@IFNEBHIA@?$AA?$CF?$AAs?$AA?$CF?$AAs?$AA?5?$AA?$AA@ 00403924     ParsePlayKeysTest.obj
 0002:00000930       ??_C@_17DGJLCFLD@?$AA?$CI?$AAu?$AA?$CJ?$AA?$AA@ 00403930     ParsePlayKeysTest.obj
 0002:00000938       ??_C@_17POBBPEIN@?$AA?$CI?$AAd?$AA?$CJ?$AA?$AA@ 00403938     ParsePlayKeysTest.obj
 0002:00000940       ??_C@_1CM@PNNAEJHG@?$AAT?$AAh?$AAe?$AA?5?$AAt?$AAe?$AAs?$AAt?$AA?5?$AAs?$AAt?$AAr?$AAi?$AAn?$AAg?$AA?5?$AA?3?$AA?5?$AA?$CF?$AAs@ 00403940     ParsePlayKeysTest.obj
 0002:0000096c       ??_C@_1DM@EHKABNDD@?$AAU?$AAn?$AAa?$AAb?$AAl?$AAe?$AA?5?$AAt?$AAo?$AA?5?$AAo?$AAp?$AAe?$AAn?$AA?5?$AAt?$AAh?$AAe?$AA?5?$AAf@ 0040396c     ParsePlayKeysTest.obj
 0002:000009a8       ??_C@_1O@HMJGOELP@?$AA?3?$AAS?$AAl?$AAe?$AAe?$AAp?$AA?$AA@ 004039a8     ParsePlayKeysTest.obj
 0002:000009b8       ??_C@_07DJOONEIH@Notepad?$AA@ 004039b8     ParsePlayKeysTest.obj
 0002:000009c0       ??_C@_1FE@ICJAMAGF@?$AAW?$AAa?$AAt?$AAc?$AAh?$AA?5?$AAN?$AAo?$AAt?$AAe?$AAp?$AAa?$AAd?$AA?$CB?$AA?$CB?$AA?$CB?$AA?$CB?$AA?5?$AAT?$AAh@ 004039c0     ParsePlayKeysTest.obj
 0002:00000a14       ??_C@_15OMIKMFFN@?$AAr?$AAt?$AA?$AA@ 00403a14     ParsePlayKeysTest.obj
 0002:00000a20       __real@40f0000000000000    00403a20     ParsePlayInputString.obj
 0002:00000a48       __load_config_used         00403a48     MSVCRT:loadcfg.obj
 0002:00000ae0       ___safe_se_handler_table   00403ae0     <linker-defined>
 0002:00000ae4       ___rtc_iaa                 00403ae4     MSVCRT:initsect.obj
 0002:00000ae8       ___rtc_izz                 00403ae8     MSVCRT:initsect.obj
 0002:00000aec       ___rtc_taa                 00403aec     MSVCRT:initsect.obj
 0002:00000af0       ___rtc_tzz                 00403af0     MSVCRT:initsect.obj
 0002:00000af4       __IMPORT_DESCRIPTOR_KERNEL32 00403af4     kernel32:KERNEL32.dll
 0002:00000b08       __IMPORT_DESCRIPTOR_USER32 00403b08     user32:USER32.dll
 0002:00000b1c       __IMPORT_DESCRIPTOR_MSVCR71 00403b1c     MSVCRT:MSVCR71.dll
 0002:00000b30       __NULL_IMPORT_DESCRIPTOR   00403b30     kernel32:KERNEL32.dll
 0003:00000000       ___xc_a                    00404000     MSVCRT:cinitexe.obj
 0003:00000008       ___xc_z                    00404008     MSVCRT:cinitexe.obj
 0003:0000000c       ___xi_a                    0040400c     MSVCRT:cinitexe.obj
 0003:00000010       ___xi_z                    00404010     MSVCRT:cinitexe.obj
 0003:00000020       ___defaultmatherr          00404020     MSVCRT:merr.obj
 0003:00000300       ___security_cookie         00404300     MSVCRT:seccook.obj
 0003:00000304       __dowildcard               00404304     MSVCRT:wildcard.obj
 0003:00000308       __newmode                  00404308     MSVCRT:_newmode.obj
 0003:0000030c       __commode                  0040430c     MSVCRT:xncommod.obj
 0003:00000310       __fmode                    00404310     MSVCRT:xtxtmode.obj
 0003:00000320       __adjust_fdiv              00404320     <common>
 0003:00000324       ___onexitend               00404324     <common>
 0003:00000328       ___onexitbegin             00404328     <common>

 entry point at        0001:00000dfa

 Static symbols

 0001:0000016b       ?AllocateBuffer@@YAPAUtagINPUT@@XZ 0040116b f   ParsePlayInputString.obj
 0001:000001a5       ?ReallocBuffer@@YAXXZ      004011a5 f   ParsePlayInputString.obj
 0001:000001d8       ?AddKeyToInputArray@@YAXGGK@Z 004011d8 f   ParsePlayInputString.obj
 0001:00000237       ?AddOEMCharToInputArray@@YAXG@Z 00401237 f   ParsePlayInputString.obj
 0001:00000337       ?CodeCompare@@YAHPBX0@Z    00401337 f   ParsePlayInputString.obj
 0001:0000034c       ?ProcessBraceStatement@@YAXPAGAAI@Z 0040134c f   ParsePlayInputString.obj
 0001:000004c0       ?ProcessMouseBraceStatement@@YAHPAG@Z 004014c0 f   ParsePlayInputString.obj
 0001:0000056c       ?ParseMouseParameters@@YAHPAGHAAW4eMouseButton@@AAH2@Z 0040156c f   ParsePlayInputString.obj
 0001:0000063b       ?VirtualXFromAbsoluteX@@YAHH@Z 0040163b f   ParsePlayInputString.obj
 0001:000006b0       ?VirtualYFromAbsoluteY@@YAHH@Z 004016b0 f   ParsePlayInputString.obj
 0001:00000725       ?AddMouseEventToInputArray@@YAXKHHK@Z 00401725 f   ParsePlayInputString.obj
 0001:00000795       ?DoMouseEvent@@YAXW4eMouseOperation@@W4eMouseButton@@HH@Z 00401795 f   ParsePlayInputString.obj
 0001:00000890       ?ProcessString@@YAKPAGAAIH@Z 00401890 f   ParsePlayInputString.obj
 0001:00001155       _report_failure            00402155 f   MSVCRT:secchk.obj

Line numbers for .\Release\ParsePlayKeysTest.obj(d:\dev\booktwo\disk\tester\tester\tests\parseplaykeystest\parseplaykeystest.cpp) segment .text

    18 0001:00000b10    23 0001:00000b2c    25 0001:00000b59    26 0001:00000b68
    28 0001:00000b75    31 0001:00000b7e    33 0001:00000b8a    35 0001:00000b96
    41 0001:00000ba3    44 0001:00000bb0    47 0001:00000bb8    48 0001:00000bc7
    53 0001:00000bc9    54 0001:00000bcf    57 0001:00000bd8    63 0001:00000be3
    65 0001:00000bfb    66 0001:00000c02    70 0001:00000c04    41 0001:00000c14
    75 0001:00000c28    78 0001:00000c2a    79 0001:00000c39    82 0001:00000c3f
    84 0001:00000c41    85 0001:00000c45    88 0001:00000c4a    91 0001:00000c63
    96 0001:00000c75   101 0001:00000c94   103 0001:00000cab   106 0001:00000cbc
   108 0001:00000cc2   112 0001:00000cd3   115 0001:00000ce0   118 0001:00000cf4
   120 0001:00000cfe   122 0001:00000d03   126 0001:00000d1a   130 0001:00000d1e
   131 0001:00000d2e   134 0001:00000d34   136 0001:00000d40   138 0001:00000d44
   141 0001:00000d50   143 0001:00000d55   146 0001:00000d5e   148 0001:00000d61
   149 0001:00000d65   161 0001:00000d75   152 0001:00000d75   162 0001:00000d81
   168 0001:00000d82   169 0001:00000d87   170 0001:00000d8a   172 0001:00000d94
   174 0001:00000daa   176 0001:00000db0   178 0001:00000dc2   187 0001:00000dc7
   190 0001:00000dd5   192 0001:00000dd7   194 0001:00000ddb   195 0001:00000de0

Line numbers for .\Release\ParsePlayInputString.obj(d:\dev\booktwo\disk\tester\tester\parseplayinputstring.cpp) segment .text

   300 0001:00000000   304 0001:00000016   311 0001:00000029   313 0001:0000002c
   316 0001:0000002f   319 0001:00000034   320 0001:0000003e   323 0001:00000048
   324 0001:0000004e   327 0001:00000058   331 0001:00000063   332 0001:0000006d
   340 0001:0000007e   342 0001:00000081   344 0001:00000096   348 0001:0000009f
   350 0001:000000b4   354 0001:000000bd   356 0001:000000d2   360 0001:000000db
   363 0001:000000f2   365 0001:00000109   366 0001:00000112   368 0001:00000119
   369 0001:00000125   371 0001:0000012d   375 0001:00000137   378 0001:00000141
   379 0001:0000014b   382 0001:00000155   306 0001:0000015a   383 0001:0000015d
   390 0001:0000016b   389 0001:0000016b   391 0001:00000175   392 0001:00000181
   393 0001:00000192   394 0001:000001a1   395 0001:000001a4   399 0001:000001a5
   401 0001:000001a6   405 0001:000001ad   407 0001:000001c2   409 0001:000001d0
   410 0001:000001d7   418 0001:000001d8   420 0001:000001d8   422 0001:000001e5
   425 0001:000001ef   429 0001:000001f7   430 0001:0000022b   432 0001:0000022f
   433 0001:00000236   437 0001:00000237   439 0001:0000023c   442 0001:0000024c
   444 0001:0000025a   451 0001:00000268   453 0001:0000027c   457 0001:0000028d
   459 0001:00000298   463 0001:000002a9   465 0001:000002b4   475 0001:000002c6
   479 0001:000002d7   484 0001:000002e8   488 0001:000002f0   492 0001:00000301
   496 0001:00000308   500 0001:00000319   504 0001:00000320   507 0001:00000334
   511 0001:00000337   513 0001:00000337   514 0001:0000034b   520 0001:0000034c
   522 0001:0000036c   523 0001:00000370   525 0001:00000377   534 0001:0000037d
   523 0001:00000382   525 0001:00000387   528 0001:00000389   530 0001:00000391
   538 0001:00000392   540 0001:00000399   544 0001:000003a7   547 0001:000003a9
   553 0001:000003ae   554 0001:000003ca   555 0001:000003d6   565 0001:000003e0
   566 0001:00000406   568 0001:0000040a   571 0001:00000413   574 0001:00000431
   576 0001:0000044f   578 0001:00000451   581 0001:00000458   592 0001:0000045a
   593 0001:00000472   600 0001:0000047b   602 0001:0000048c   605 0001:0000048e
   607 0001:0000049c   611 0001:000004aa   614 0001:000004c0   616 0001:000004c6
   617 0001:000004c9   619 0001:000004cf   620 0001:000004d1   617 0001:000004d9
   627 0001:000004e0   631 0001:000004e6   633 0001:000004e8   652 0001:00000506
   622 0001:00000508   635 0001:0000050c   640 0001:00000516   642 0001:00000518
   646 0001:0000051a   649 0001:0000051c   651 0001:00000522   652 0001:00000524
   649 0001:0000052c   667 0001:00000532   669 0001:0000054c   674 0001:00000550
   676 0001:00000561   677 0001:0000056a   684 0001:0000056c   687 0001:00000572
   696 0001:00000581   699 0001:0000059f   703 0001:000005a2   704 0001:000005a8
   706 0001:000005aa   708 0001:000005c9   714 0001:000005d2   738 0001:000005d8
   746 0001:000005da   722 0001:000005e5   727 0001:000005eb   730 0001:00000605
   727 0001:00000607   736 0001:0000060a   742 0001:00000623   743 0001:0000062b
   745 0001:00000635   749 0001:0000063b   750 0001:00000641   753 0001:0000064d
   762 0001:00000652   764 0001:00000670   765 0001:0000068a   767 0001:00000696
   769 0001:000006a6   773 0001:000006a9   777 0001:000006ae   780 0001:000006b0
   781 0001:000006b6   784 0001:000006c2   794 0001:000006c7   796 0001:000006e5
   797 0001:000006ff   799 0001:0000070b   801 0001:0000071b   805 0001:0000071e
   809 0001:00000723   816 0001:00000725   818 0001:00000728   820 0001:00000735
   824 0001:0000073f   826 0001:0000074f   827 0001:00000755   829 0001:00000761
   832 0001:00000765   834 0001:00000769   835 0001:00000782   836 0001:00000789
   838 0001:0000078d   839 0001:00000794   845 0001:00000795   846 0001:000007a3
   929 0001:000007b7   930 0001:000007c6   924 0001:000007cf   925 0001:000007dd
   846 0001:000007e6   935 0001:000007ed   936 0001:000007f3   887 0001:000007f8
   888 0001:00000804   915 0001:0000081a   916 0001:0000081c   909 0001:0000081e
   910 0001:00000827   903 0001:00000829   904 0001:0000082e   898 0001:00000830
   899 0001:00000835   893 0001:00000837   921 0001:0000083c   851 0001:0000083e
   852 0001:0000084a   879 0001:00000860   880 0001:00000862   873 0001:00000864
   874 0001:0000086d   867 0001:0000086f   868 0001:00000874   862 0001:00000876
   863 0001:0000087b   857 0001:0000087d   941 0001:0000088e   949 0001:00000890
   955 0001:00000894   957 0001:000008b7   959 0001:000008be  1113 0001:000008ee
  1114 0001:000008fc   964 0001:00000901   965 0001:00000912   966 0001:00000917
  1020 0001:0000091c  1025 0001:00000922  1032 0001:00000930  1035 0001:0000093a
  1037 0001:00000941  1040 0001:00000947  1042 0001:00000948  1045 0001:0000094e
  1047 0001:0000094f  1052 0001:00000951  1035 0001:00000956  1056 0001:0000095b
  1061 0001:00000961  1068 0001:0000096f  1071 0001:00000983  1073 0001:0000098a
  1077 0001:0000099a  1079 0001:000009ab  1083 0001:000009b6  1085 0001:000009c7
  1089 0001:000009d2  1094 0001:000009e3   976 0001:000009f0   977 0001:00000a01
   978 0001:00000a06   959 0001:00000a0b  1118 0001:00000a28  1120 0001:00000a2f
  1124 0001:00000a3a  1126 0001:00000a4c  1130 0001:00000a57  1132 0001:00000a69
  1136 0001:00000a74  1140 0001:00000a86  1141 0001:00000a8a   981 0001:00000a8c
   982 0001:00000a91   985 0001:00000a9e   986 0001:00000aae   990 0001:00000ab0
   992 0001:00000ab1  1013 0001:00000abe   971 0001:00000ac3   972 0001:00000ad4
  1144 0001:00000ad9  1146 0001:00000ae9  1147 0001:00000af1  1099 0001:00000af4
  1101 0001:00000afa  1104 0001:00000b08  1105 0001:00000b0b

Line numbers for G:\VSNET\Vc7\lib\MSVCRT.lib(f:\vs70builds\3036\vc\crtbld\crt\src\atonexit.c) segment .text

    81 0001:00000f9e    76 0001:00000f9e    90 0001:00000fc3    96 0001:00000fc4
    95 0001:00000fc4    97 0001:00000fd5

Line numbers for G:\VSNET\Vc7\lib\MSVCRT.lib(f:\vs70builds\3036\vc\crtbld\crt\src\merr.c) segment .text

    33 0001:00001076    32 0001:00001076    34 0001:00001078

Line numbers for G:\VSNET\Vc7\lib\MSVCRT.lib(f:\vs70builds\3036\vc\crtbld\crt\src\crtexe.c) segment .text

   202 0001:00000dfa   222 0001:00000e06   229 0001:00000e61   236 0001:00000e64
   244 0001:00000e6d   249 0001:00000e7b   250 0001:00000e89   257 0001:00000e97
   264 0001:00000ea3   273 0001:00000ea8   282 0001:00000ead   283 0001:00000eb5
   286 0001:00000ec1   305 0001:00000ec6   308 0001:00000ed5   319 0001:00000edf
   322 0001:00000ee7   329 0001:00000f09   330 0001:00000f0d   336 0001:00000f15
   394 0001:00000f24   395 0001:00000f2f   403 0001:00000f45   404 0001:00000f4a
   406 0001:00000f51   409 0001:00000f59   415 0001:00000f70   417 0001:00000f73
   418 0001:00000f79   420 0001:00000f80   424 0001:00000f8a   425 0001:00000f8c

Line numbers for G:\VSNET\Vc7\lib\MSVCRT.lib(f:\vs70builds\3036\vc\crtbld\crt\src\dllargv.c) segment .text

    49 0001:00001076    48 0001:00001076    50 0001:00001078

Line numbers for G:\VSNET\Vc7\lib\MSVCRT.lib(f:\vs70builds\3036\vc\crtbld\crt\src\intel\fp8.c) segment .text

    19 0001:00001064    18 0001:00001064    20 0001:00001075

Line numbers for G:\VSNET\Vc7\lib\MSVCRT.lib(f:\vs70builds\3036\vc\crtbld\crt\src\secchk.c) segment .text

   114 0001:00001155   116 0001:00001161   117 0001:00001165   119 0001:00001172
   123 0001:0000117d   100 0001:00001186   103 0001:00001186   104 0001:0000118c
   105 0001:0000118e   107 0001:0000118f

Line numbers for G:\VSNET\Vc7\lib\MSVCRT.lib(f:\vs70builds\3036\vc\crtbld\crt\src\seccinit.c) segment .text

    49 0001:00001194    58 0001:0000119a    67 0001:000011ab    70 0001:000011b5
    75 0001:000011bb    76 0001:000011c3    77 0001:000011cb    79 0001:000011d3
    93 0001:000011dd    94 0001:000011f8
