 SettingsMasterShim

 Timestamp is 3e4e588b (Sat Feb 15 10:11:07 2003)

 Preferred load address is 10000000

 Start         Length     Name                   Class
 0001:00000000 0000d41dH .text                   CODE
 0001:0000d41d 00000598H .text$x                 CODE
 0001:0000d9b5 0000005aH .text$yc                CODE
 0001:0000da0f 00000029H .text$yd                CODE
 0002:00000000 0000002bH .orpc                   CODE
 0003:00000000 000003a8H .idata$5                DATA
 0003:000003b0 000017a8H .rdata                  DATA
 0003:00001b58 0000004bH .rdata$debug            DATA
 0003:00001ba4 00000044H .rdata$r                DATA
 0003:00001bf0 000000e0H .rdata$sxdata           DATA
 0003:00001cd0 00000004H .rtc$IAA                DATA
 0003:00001cd4 00000004H .rtc$IZZ                DATA
 0003:00001cd8 00000004H .rtc$TAA                DATA
 0003:00001cdc 00000004H .rtc$TZZ                DATA
 0003:00001ce0 00000c78H .xdata$x                DATA
 0003:00002958 00000004H ATL$__a                 DATA
 0003:0000295c 00000004H ATL$__m                 DATA
 0003:00002960 00000004H ATL$__z                 DATA
 0003:00002964 000000c8H .idata$2                DATA
 0003:00002a2c 00000014H .idata$3                DATA
 0003:00002a40 000003a8H .idata$4                DATA
 0003:00002de8 00000e80H .idata$6                DATA
 0003:00003c70 000000afH .edata                  DATA
 0004:00000000 00000004H .CRT$XCA                DATA
 0004:00000004 00000004H .CRT$XCAA               DATA
 0004:00000008 00000008H .CRT$XCL                DATA
 0004:00000010 00000008H .CRT$XCU                DATA
 0004:00000018 00000004H .CRT$XCZ                DATA
 0004:0000001c 00000004H .CRT$XIA                DATA
 0004:00000020 00000004H .CRT$XIZ                DATA
 0004:00000030 000002e0H .data                   DATA
 0004:00000310 00000154H .bss                    DATA
 0005:00000000 00000214H .rsrc$01                DATA
 0005:00000220 000011f8H .rsrc$02                DATA

  Address         Publics by Value              Rva+Base     Lib:Object

 0000:00000000       __except_list              00000000     <absolute>
 0000:00000038       ___safe_se_handler_count   00000038     <absolute>
 0000:00009876       __ldused                   00009876     <absolute>
 0000:00009876       __fltused                  00009876     <absolute>
 0000:00000000       ___ImageBase               10000000     <linker-defined>
 0001:00000000       _PrxDllGetClassObject@12   10001000 f   dlldatax.obj
 0001:00000034       _PrxDllCanUnloadNow@0      10001034 f   dlldatax.obj
 0001:00000040       _CStdStubBuffer2_Release@4 10001040 f   dlldatax.obj
 0001:00000051       __purecall                 10001051 f   dlldatax.obj
 0001:00000052       _PrxDllMain@12             10001052 f   dlldatax.obj
 0001:00000064       _PrxDllRegisterServer@0    10001064 f   dlldatax.obj
 0001:0000008b       _PrxDllUnregisterServer@0  1000108b f   dlldatax.obj
 0001:000000b2       ??0_ATL_MSG@ATL@@QAE@PAUHWND__@@IIJH@Z 100010b2 f i SettingsMasterOptions.obj
 0001:000000e5       ?Register@_ATL_WNDCLASSINFOW@ATL@@QAEGPAP6GJPAUHWND__@@IIJ@Z@Z 100010e5 f i SettingsMasterOptions.obj
 0001:00000104       ?FindFirstDlgItem@_DialogSplitHelper@ATL@@SAPAUDLGITEMTEMPLATE@@PBUDLGTEMPLATE@@@Z 10001104 f i SettingsMasterOptions.obj
 0001:00000180       ?FindNextDlgItem@_DialogSplitHelper@ATL@@SAPAUDLGITEMTEMPLATE@@PAU3@H@Z 10001180 f i SettingsMasterOptions.obj
 0001:000001df       ?FindCreateData@_DialogSplitHelper@ATL@@SAKKPAEPAPAE@Z 100011df f i SettingsMasterOptions.obj
 0001:00000219       ?IsActiveXControl@_DialogSplitHelper@ATL@@SA_NPAUDLGITEMTEMPLATE@@H@Z 10001219 f i SettingsMasterOptions.obj
 0001:00000230       ?SplitDialogTemplate@_DialogSplitHelper@ATL@@SAPAUDLGTEMPLATE@@PAU3@PAE@Z 10001230 f i SettingsMasterOptions.obj
 0001:0000034d       ?ParseInitData@_DialogSplitHelper@ATL@@SAJPAUIStream@@PAPAG@Z 1000134d f i SettingsMasterOptions.obj
 0001:000004ea       ?Create@CWindow@ATL@@QAEPAUHWND__@@PBGPAU3@V_U_RECT@2@0KKV_U_MENUorID@2@PAX@Z 100014ea f i SettingsMasterOptions.obj
 0001:00000538       ?IsParentDialog@CWindow@ATL@@QAEHXZ 10001538 f i SettingsMasterOptions.obj
 0001:00000582       ?Init@CWndProcThunk@ATL@@QAEXP6GJPAUHWND__@@IIJ@ZPAX@Z 10001582 f i SettingsMasterOptions.obj
 0001:00000599       ?GetDialogSize@_DialogSizeHelper@ATL@@SAXPBUDLGTEMPLATE@@PAUtagSIZE@@_N@Z 10001599 f i SettingsMasterOptions.obj
 0001:000005f1       ?GetFontDimensions@_DialogSizeHelper@ATL@@SAXPBGGPAUtagSIZE@@PAJ@Z 100015f1 f i SettingsMasterOptions.obj
 0001:00000707       ?ConvertDialogUnitsToPixels@_DialogSizeHelper@ATL@@SAXPBGGPAUtagSIZE@@_N@Z 10001707 f i SettingsMasterOptions.obj
 0001:000007ec       ?HasFont@_DialogSizeHelper@ATL@@SAHPBUDLGTEMPLATE@@@Z 100017ec f i SettingsMasterOptions.obj
 0001:000007ff       ?GetFontSizeField@_DialogSizeHelper@ATL@@SAPAEPBUDLGTEMPLATE@@@Z 100017ff f i SettingsMasterOptions.obj
 0001:00000846       ?GetFont@_DialogSizeHelper@ATL@@SAHPBUDLGTEMPLATE@@PAG1@Z 10001846 f i SettingsMasterOptions.obj
 0001:0000089d       ?GetSizeInDialogUnits@_DialogSizeHelper@ATL@@SAXPBUDLGTEMPLATE@@PAUtagSIZE@@@Z 1000189d f i SettingsMasterOptions.obj
 0001:00000a63       ??0CAxFrameWindow@ATL@@QAE@XZ 10001a63 f i SettingsMasterOptions.obj
 0001:00000a63       ??0CAxUIWindow@ATL@@QAE@XZ 10001a63 f i SettingsMasterOptions.obj
 0001:00000a81       ?FinalRelease@CAxUIWindow@ATL@@QAEXXZ 10001a81 f i SettingsMasterOptions.obj
 0001:00000a81       ?FinalRelease@CAxFrameWindow@ATL@@QAEXXZ 10001a81 f i SettingsMasterOptions.obj
 0001:00000aa5       ?GetWindow@CAxFrameWindow@ATL@@UAGJPAPAUHWND__@@@Z 10001aa5 f i SettingsMasterOptions.obj
 0001:00000aee       ?RequestBorderSpace@CAxFrameWindow@ATL@@UAGJPBUtagRECT@@@Z 10001aee f i SettingsMasterOptions.obj
 0001:00000aee       ?RequestBorderSpace@CAxUIWindow@ATL@@UAGJPBUtagRECT@@@Z 10001aee f i SettingsMasterOptions.obj
 0001:00000af6       ?TranslateAcceleratorW@CAxHostWindow@ATL@@UAGJPAUtagMSG@@K@Z 10001af6 f i SettingsMasterOptions.obj
 0001:00000af6       ?TranslateAcceleratorW@CAxFrameWindow@ATL@@UAGJPAUtagMSG@@G@Z 10001af6 f i SettingsMasterOptions.obj
 0001:00000afc       ??1CAxUIWindow@ATL@@UAE@XZ 10001afc f i SettingsMasterOptions.obj
 0001:00000afc       ??1CAxFrameWindow@ATL@@UAE@XZ 10001afc f i SettingsMasterOptions.obj
 0001:00000b11       ?ProcessWindowMessage@CAxFrameWindow@ATL@@UAEHPAUHWND__@@IIJAAJK@Z 10001b11 f i SettingsMasterOptions.obj
 0001:00000b11       ?ProcessWindowMessage@CAxUIWindow@ATL@@UAEHPAUHWND__@@IIJAAJK@Z 10001b11 f i SettingsMasterOptions.obj
 0001:00000b16       ?GetWindow@CAxUIWindow@ATL@@UAGJPAPAUHWND__@@@Z 10001b16 f i SettingsMasterOptions.obj
 0001:00000b52       ?LockInPlaceActive@CAxHostWindow@ATL@@UAGJH@Z 10001b52 f i SettingsMasterOptions.obj
 0001:00000b52       ?SetBorderSpace@CAxUIWindow@ATL@@UAGJPBUtagRECT@@@Z 10001b52 f i SettingsMasterOptions.obj
 0001:00000b52       ?ContextSensitiveHelp@CAxFrameWindow@ATL@@UAGJH@Z 10001b52 f i SettingsMasterOptions.obj
 0001:00000b52       ?GetBorder@CAxFrameWindow@ATL@@UAGJPAUtagRECT@@@Z 10001b52 f i SettingsMasterOptions.obj
 0001:00000b52       ?SetStatusText@CAxFrameWindow@ATL@@UAGJPBG@Z 10001b52 f i SettingsMasterOptions.obj
 0001:00000b52       ?SetBorderSpace@CAxFrameWindow@ATL@@UAGJPBUtagRECT@@@Z 10001b52 f i SettingsMasterOptions.obj
 0001:00000b52       ?EnableModeless@?$IOleInPlaceActiveObjectImpl@VCSettingsMasterOptions@@@ATL@@UAGJH@Z 10001b52 f i SettingsMasterOptions.obj
 0001:00000b52       ?AdjustRect@CAxHostWindow@ATL@@UAGJPAUtagRECT@@@Z 10001b52 f i SettingsMasterOptions.obj
 0001:00000b52       ?GetBorder@CAxUIWindow@ATL@@UAGJPAUtagRECT@@@Z 10001b52 f i SettingsMasterOptions.obj
 0001:00000b52       ?RemoveMenus@CAxFrameWindow@ATL@@UAGJPAUHMENU__@@@Z 10001b52 f i SettingsMasterOptions.obj
 0001:00000b52       ?SaveCompleted@?$IPersistStorageImpl@VCSettingsMasterOptions@@@ATL@@UAGJPAUIStorage@@@Z 10001b52 f i SettingsMasterOptions.obj
 0001:00000b52       ?ContextSensitiveHelp@CAxUIWindow@ATL@@UAGJH@Z 10001b52 f i SettingsMasterOptions.obj
 0001:00000b52       ?EnableModeless@CAxFrameWindow@ATL@@UAGJH@Z 10001b52 f i SettingsMasterOptions.obj
 0001:00000b52       ?OnFrameWindowActivate@?$IOleInPlaceActiveObjectImpl@VCSettingsMasterOptions@@@ATL@@UAGJH@Z 10001b52 f i SettingsMasterOptions.obj
 0001:00000b57       ?SetActiveObject@CAxFrameWindow@ATL@@UAGJPAUIOleInPlaceActiveObject@@PBG@Z 10001b57 f i SettingsMasterOptions.obj
 0001:00000b57       ?SetActiveObject@CAxUIWindow@ATL@@UAGJPAUIOleInPlaceActiveObject@@PBG@Z 10001b57 f i SettingsMasterOptions.obj
 0001:00000b70       ??0CAxHostWindow@ATL@@QAE@XZ 10001b70 f i SettingsMasterOptions.obj
 0001:00000c35       ??1CAxHostWindow@ATL@@UAE@XZ 10001c35 f i SettingsMasterOptions.obj
 0001:00000d0c       ?OnFinalMessage@CAxHostWindow@ATL@@UAEXPAUHWND__@@@Z 10001d0c f i SettingsMasterOptions.obj
 0001:00000d1a       ?ProcessWindowMessage@CAxHostWindow@ATL@@UAEHPAUHWND__@@IIJAAJK@Z 10001d1a f i SettingsMasterOptions.obj
 0001:000010e2       ?OnForwardMsg@CAxHostWindow@ATL@@QAEJIIJAAH@Z 100020e2 f i SettingsMasterOptions.obj
 0001:0000114c       ?ReleaseAll@CAxHostWindow@ATL@@QAEXXZ 1000214c f i SettingsMasterOptions.obj
 0001:0000129f       ?OnMouseActivate@CAxHostWindow@ATL@@QAEJIIJAAH@Z 1000229f f i SettingsMasterOptions.obj
 0001:00001333       ?OnSetFocus@CAxHostWindow@ATL@@QAEJIIJAAH@Z 10002333 f i SettingsMasterOptions.obj
 0001:000013f6       ?OnSize@CAxHostWindow@ATL@@QAEJIIJAAH@Z 100023f6 f i SettingsMasterOptions.obj
 0001:00001483       ?OnDestroy@CAxHostWindow@ATL@@QAEJIIJAAH@Z 10002483 f i SettingsMasterOptions.obj
 0001:000014b6       ?OnWindowMessage@CAxHostWindow@ATL@@QAEJIIJAAH@Z 100024b6 f i SettingsMasterOptions.obj
 0001:000014f8       ?OnWindowlessMouseMessage@CAxHostWindow@ATL@@QAEJIIJAAH@Z 100024f8 f i SettingsMasterOptions.obj
 0001:00001535       ?OnPaint@CAxHostWindow@ATL@@QAEJIIJAAH@Z 10002535 f i SettingsMasterOptions.obj
 0001:000016aa       ?CreateControl@CAxHostWindow@ATL@@UAGJPBGPAUHWND__@@PAUIStream@@@Z 100026aa f i SettingsMasterOptions.obj
 0001:00001701       ?CreateControlEx@CAxHostWindow@ATL@@UAGJPBGPAUHWND__@@PAUIStream@@PAPAUIUnknown@@ABU_GUID@@PAU5@@Z 10002701 f i SettingsMasterOptions.obj
 0001:00001725       ?AttachControl@CAxHostWindow@ATL@@UAGJPAUIUnknown@@PAUHWND__@@@Z 10002725 f i SettingsMasterOptions.obj
 0001:000017ce       ?QueryControl@CAxHostWindow@ATL@@UAGJABU_GUID@@PAPAX@Z 100027ce f i SettingsMasterOptions.obj
 0001:000017fd       ?SetExternalDispatch@CAxHostWindow@ATL@@UAGJPAUIDispatch@@@Z 100027fd f i SettingsMasterOptions.obj
 0001:00001816       ?SetExternalUIHandler@CAxHostWindow@ATL@@UAGJPAUIDocHostUIHandlerDispatch@@@Z 10002816 f i SettingsMasterOptions.obj
 0001:0000182f       ?CreateControlLic@CAxHostWindow@ATL@@UAGJPBGPAUHWND__@@PAUIStream@@PAG@Z 1000282f f i SettingsMasterOptions.obj
 0001:00001887       ?CreateControlLicEx@CAxHostWindow@ATL@@UAGJPBGPAUHWND__@@PAUIStream@@PAPAUIUnknown@@ABU_GUID@@PAU5@PAG@Z 10002887 f i SettingsMasterOptions.obj
 0001:00001c35       ?ShowContextMenu@CAxHostWindow@ATL@@UAGJKPAUtagPOINT@@PAUIUnknown@@PAUIDispatch@@@Z 10002c35 f i SettingsMasterOptions.obj
 0001:00001c73       ?GetHostInfo@CAxHostWindow@ATL@@UAGJPAU_DOCHOSTUIINFO@@@Z 10002c73 f i SettingsMasterOptions.obj
 0001:00001cb6       ?ShowUI@CAxHostWindow@ATL@@UAGJKPAUIOleInPlaceActiveObject@@PAUIOleCommandTarget@@PAUIOleInPlaceFrame@@PAUIOleInPlaceUIWindow@@@Z 10002cb6 f i SettingsMasterOptions.obj
 0001:00001cf2       ?HideUI@CAxHostWindow@ATL@@UAGJXZ 10002cf2 f i SettingsMasterOptions.obj
 0001:00001d08       ?UpdateUI@CAxHostWindow@ATL@@UAGJXZ 10002d08 f i SettingsMasterOptions.obj
 0001:00001d1e       ?EnableModeless@CAxHostWindow@ATL@@UAGJH@Z 10002d1e f i SettingsMasterOptions.obj
 0001:00001d3d       ?OnDocWindowActivate@CAxHostWindow@ATL@@UAGJH@Z 10002d3d f i SettingsMasterOptions.obj
 0001:00001d5c       ?OnFrameWindowActivate@CAxHostWindow@ATL@@UAGJH@Z 10002d5c f i SettingsMasterOptions.obj
 0001:00001d7b       ?ResizeBorder@CAxHostWindow@ATL@@UAGJPBUtagRECT@@PAUIOleInPlaceUIWindow@@H@Z 10002d7b f i SettingsMasterOptions.obj
 0001:00001dad       ?TranslateAcceleratorW@CAxHostWindow@ATL@@UAGJPAUtagMSG@@PBU_GUID@@K@Z 10002dad f i SettingsMasterOptions.obj
 0001:00001e16       ?GetOptionKeyPath@CAxHostWindow@ATL@@UAGJPAPAGK@Z 10002e16 f i SettingsMasterOptions.obj
 0001:00001e9d       ?GetDropTarget@CAxHostWindow@ATL@@UAGJPAUIDropTarget@@PAPAU3@@Z 10002e9d f i SettingsMasterOptions.obj
 0001:00001f23       ?GetExternal@CAxHostWindow@ATL@@UAGJPAPAUIDispatch@@@Z 10002f23 f i SettingsMasterOptions.obj
 0001:00001f68       ?TranslateUrl@CAxHostWindow@ATL@@UAGJKPAGPAPAG@Z 10002f68 f i SettingsMasterOptions.obj
 0001:00002035       ?FilterDataObject@CAxHostWindow@ATL@@UAGJPAUIDataObject@@PAPAU3@@Z 10003035 f i SettingsMasterOptions.obj
 0001:000020bc       ?FireAmbientPropertyChange@CAxHostWindow@ATL@@QAEJJ@Z 100030bc f i SettingsMasterOptions.obj
 0001:00002111       ?Invoke@CAxHostWindow@ATL@@UAGJJABU_GUID@@KGPAUtagDISPPARAMS@@PAUtagVARIANT@@PAUtagEXCEPINFO@@PAI@Z 10003111 f i SettingsMasterOptions.obj
 0001:00002184       ?put_AllowWindowlessActivation@CAxHostWindow@ATL@@UAGJF@Z 10003184 f i SettingsMasterOptions.obj
 0001:0000219a       ?get_AllowWindowlessActivation@CAxHostWindow@ATL@@UAGJPAF@Z 1000319a f i SettingsMasterOptions.obj
 0001:000021bf       ?put_BackColor@CAxHostWindow@ATL@@UAGJK@Z 100031bf f i SettingsMasterOptions.obj
 0001:000021ef       ?get_BackColor@CAxHostWindow@ATL@@UAGJPAK@Z 100031ef f i SettingsMasterOptions.obj
 0001:0000220f       ?put_ForeColor@CAxHostWindow@ATL@@UAGJK@Z 1000320f f i SettingsMasterOptions.obj
 0001:00002230       ?get_ForeColor@CAxHostWindow@ATL@@UAGJPAK@Z 10003230 f i SettingsMasterOptions.obj
 0001:00002250       ?put_LocaleID@CAxHostWindow@ATL@@UAGJK@Z 10003250 f i SettingsMasterOptions.obj
 0001:00002271       ?get_LocaleID@CAxHostWindow@ATL@@UAGJPAK@Z 10003271 f i SettingsMasterOptions.obj
 0001:00002291       ?put_UserMode@CAxHostWindow@ATL@@UAGJF@Z 10003291 f i SettingsMasterOptions.obj
 0001:000022b8       ?get_UserMode@CAxHostWindow@ATL@@UAGJPAF@Z 100032b8 f i SettingsMasterOptions.obj
 0001:000022dd       ?put_DisplayAsDefault@CAxHostWindow@ATL@@UAGJF@Z 100032dd f i SettingsMasterOptions.obj
 0001:00002305       ?get_DisplayAsDefault@CAxHostWindow@ATL@@UAGJPAF@Z 10003305 f i SettingsMasterOptions.obj
 0001:0000232a       ?put_Font@CAxHostWindow@ATL@@UAGJPAUIFontDisp@@@Z 1000332a f i SettingsMasterOptions.obj
 0001:00002356       ?get_Font@CAxHostWindow@ATL@@UAGJPAPAUIFontDisp@@@Z 10003356 f i SettingsMasterOptions.obj
 0001:000024a0       ?put_MessageReflect@CAxHostWindow@ATL@@UAGJF@Z 100034a0 f i SettingsMasterOptions.obj
 0001:000024c8       ?get_MessageReflect@CAxHostWindow@ATL@@UAGJPAF@Z 100034c8 f i SettingsMasterOptions.obj
 0001:000024ed       ?get_ShowGrabHandles@CAxHostWindow@ATL@@UAGJPAF@Z 100034ed f i SettingsMasterOptions.obj
 0001:000024fa       ?get_ShowHatching@CAxHostWindow@ATL@@UAGJPAF@Z 100034fa f i SettingsMasterOptions.obj
 0001:00002512       ?put_DocHostFlags@CAxHostWindow@ATL@@UAGJK@Z 10003512 f i SettingsMasterOptions.obj
 0001:00002530       ?get_DocHostFlags@CAxHostWindow@ATL@@UAGJPAK@Z 10003530 f i SettingsMasterOptions.obj
 0001:00002550       ?put_DocHostDoubleClickFlags@CAxHostWindow@ATL@@UAGJK@Z 10003550 f i SettingsMasterOptions.obj
 0001:00002563       ?get_DocHostDoubleClickFlags@CAxHostWindow@ATL@@UAGJPAK@Z 10003563 f i SettingsMasterOptions.obj
 0001:00002583       ?put_AllowContextMenu@CAxHostWindow@ATL@@UAGJF@Z 10003583 f i SettingsMasterOptions.obj
 0001:0000259d       ?get_AllowContextMenu@CAxHostWindow@ATL@@UAGJPAF@Z 1000359d f i SettingsMasterOptions.obj
 0001:000025c2       ?put_AllowShowUI@CAxHostWindow@ATL@@UAGJF@Z 100035c2 f i SettingsMasterOptions.obj
 0001:000025dc       ?get_AllowShowUI@CAxHostWindow@ATL@@UAGJPAF@Z 100035dc f i SettingsMasterOptions.obj
 0001:00002601       ?put_OptionKeyPath@CAxHostWindow@ATL@@UAGJPAG@Z 10003601 f i SettingsMasterOptions.obj
 0001:0000261b       ?get_OptionKeyPath@CAxHostWindow@ATL@@UAGJPAPAG@Z 1000361b f i SettingsMasterOptions.obj
 0001:0000263b       ?SetAmbientDispatch@CAxHostWindow@ATL@@UAGJPAUIDispatch@@@Z 1000363b f i SettingsMasterOptions.obj
 0001:00002654       ?SetSite@CAxHostWindow@ATL@@UAGJPAUIUnknown@@@Z 10003654 f i SettingsMasterOptions.obj
 0001:000026a7       ?SetData@?$IDataObjectImpl@VCSettingsMasterOptions@@@ATL@@UAGJPAUtagFORMATETC@@PAUtagSTGMEDIUM@@H@Z 100036a7 f i SettingsMasterOptions.obj
 0001:000026a7       ?InitFromData@?$IOleObjectImpl@VCSettingsMasterOptions@@@ATL@@UAGJPAUIDataObject@@HK@Z 100036a7 f i SettingsMasterOptions.obj
 0001:000026a7       ?GetMoniker@?$IOleObjectImpl@VCSettingsMasterOptions@@@ATL@@UAGJKKPAPAUIMoniker@@@Z 100036a7 f i SettingsMasterOptions.obj
 0001:000026a7       ?GetMoniker@CAxHostWindow@ATL@@UAGJKKPAPAUIMoniker@@@Z 100036a7 f i SettingsMasterOptions.obj
 0001:000026a7       ?TransformCoords@CAxHostWindow@ATL@@UAGJPAU_POINTL@@PAUtagPOINTF@@K@Z 100036a7 f i SettingsMasterOptions.obj
 0001:000026af       ?GetContainer@CAxHostWindow@ATL@@UAGJPAPAUIOleContainer@@@Z 100036af f i SettingsMasterOptions.obj
 0001:000026ed       ?ShowObject@CAxHostWindow@ATL@@UAGJXZ 100036ed f i SettingsMasterOptions.obj
 0001:0000273d       ?OnPosRectChange@CAxHostWindow@ATL@@UAGJPBUtagRECT@@@Z 1000373d f i SettingsMasterOptions.obj
 0001:0000273d       ?ContextSensitiveHelp@?$IOleInPlaceActiveObjectImpl@VCSettingsMasterOptions@@@ATL@@UAGJH@Z 1000373d f i SettingsMasterOptions.obj
 0001:0000273d       ?Unfreeze@?$IViewObjectExImpl@VCSettingsMasterOptions@@@ATL@@UAGJK@Z 1000373d f i SettingsMasterOptions.obj
 0001:0000273d       ?OnMnemonic@?$IOleControlImpl@VCSettingsMasterOptions@@@ATL@@UAGJPAUtagMSG@@@Z 1000373d f i SettingsMasterOptions.obj
 0001:0000273d       ?ContextSensitiveHelp@?$IOleInPlaceObjectWindowlessImpl@VCSettingsMasterOptions@@@ATL@@UAGJH@Z 1000373d f i SettingsMasterOptions.obj
 0001:0000273d       ?OnShowWindow@CAxHostWindow@ATL@@UAGJH@Z 1000373d f i SettingsMasterOptions.obj
 0001:0000273d       ?ContextSensitiveHelp@CAxHostWindow@ATL@@UAGJH@Z 1000373d f i SettingsMasterOptions.obj
 0001:0000273d       ?GetControlInfo@?$IOleControlImpl@VCSettingsMasterOptions@@@ATL@@UAGJPAUtagCONTROLINFO@@@Z 1000373d f i SettingsMasterOptions.obj
 0001:0000273d       ?QueryGetData@?$IDataObjectImpl@VCSettingsMasterOptions@@@ATL@@UAGJPAUtagFORMATETC@@@Z 1000373d f i SettingsMasterOptions.obj
 0001:0000273d       ?GetDropTarget@?$IOleInPlaceObjectWindowlessImpl@VCSettingsMasterOptions@@@ATL@@UAGJPAPAUIDropTarget@@@Z 1000373d f i SettingsMasterOptions.obj
 0001:0000273d       ?SetColorScheme@?$IOleObjectImpl@VCSettingsMasterOptions@@@ATL@@UAGJPAUtagLOGPALETTE@@@Z 1000373d f i SettingsMasterOptions.obj
 0001:00002745       ?SaveObject@CAxHostWindow@ATL@@UAGJXZ 10003745 f i SettingsMasterOptions.obj
 0001:00002745       ?RequestNewObjectLayout@CAxHostWindow@ATL@@UAGJXZ 10003745 f i SettingsMasterOptions.obj
 0001:00002745       ?DiscardUndoState@CAxHostWindow@ATL@@UAGJXZ 10003745 f i SettingsMasterOptions.obj
 0001:00002745       ?DeactivateAndUndo@CAxHostWindow@ATL@@UAGJXZ 10003745 f i SettingsMasterOptions.obj
 0001:00002745       ?ShowPropertyFrame@CAxHostWindow@ATL@@UAGJXZ 10003745 f i SettingsMasterOptions.obj
 0001:00002745       ?ReactivateAndUndo@?$IOleInPlaceObjectWindowlessImpl@VCSettingsMasterOptions@@@ATL@@UAGJXZ 10003745 f i SettingsMasterOptions.obj
 0001:0000274d       ?GetWindow@CAxHostWindow@ATL@@UAGJPAPAUHWND__@@@Z 1000374d f i SettingsMasterOptions.obj
 0001:0000275f       ?OnInPlaceActivate@CAxHostWindow@ATL@@UAGJXZ 1000375f f i SettingsMasterOptions.obj
 0001:00002790       ?OnUIActivate@CAxHostWindow@ATL@@UAGJXZ 10003790 f i SettingsMasterOptions.obj
 0001:0000279d       ?GetWindowContext@CAxHostWindow@ATL@@UAGJPAPAUIOleInPlaceFrame@@PAPAUIOleInPlaceUIWindow@@PAUtagRECT@@2PAUtagOIFI@@@Z 1000379d f i SettingsMasterOptions.obj
 0001:000028b8       ?SetMoniker@?$IOleObjectImpl@VCSettingsMasterOptions@@@ATL@@UAGJKPAUIMoniker@@@Z 100038b8 f i SettingsMasterOptions.obj
 0001:000028b8       ?EnumFormatEtc@?$IDataObjectImpl@VCSettingsMasterOptions@@@ATL@@UAGJKPAPAUIEnumFORMATETC@@@Z 100038b8 f i SettingsMasterOptions.obj
 0001:000028b8       ?GetClipboardData@?$IOleObjectImpl@VCSettingsMasterOptions@@@ATL@@UAGJKPAPAUIDataObject@@@Z 100038b8 f i SettingsMasterOptions.obj
 0001:000028b8       ?GetDataHere@?$IDataObjectImpl@VCSettingsMasterOptions@@@ATL@@UAGJPAUtagFORMATETC@@PAUtagSTGMEDIUM@@@Z 100038b8 f i SettingsMasterOptions.obj
 0001:000028b8       ?Scroll@CAxHostWindow@ATL@@UAGJUtagSIZE@@@Z 100038b8 f i SettingsMasterOptions.obj
 0001:000028b8       ?QueryInterface@CRegObject@ATL@@UAGJABU_GUID@@PAPAX@Z 100038b8 f i SettingsMasterOptions.obj
 0001:000028b8       ?GetCanonicalFormatEtc@?$IDataObjectImpl@VCSettingsMasterOptions@@@ATL@@UAGJPAUtagFORMATETC@@0@Z 100038b8 f i SettingsMasterOptions.obj
 0001:000028b8       ?GetRect@?$IViewObjectExImpl@VCSettingsMasterOptions@@@ATL@@UAGJKPAU_RECTL@@@Z 100038b8 f i SettingsMasterOptions.obj
 0001:000028c0       ?OnUIDeactivate@CAxHostWindow@ATL@@UAGJH@Z 100038c0 f i SettingsMasterOptions.obj
 0001:000028cd       ?OnInPlaceDeactivate@CAxHostWindow@ATL@@UAGJXZ 100038cd f i SettingsMasterOptions.obj
 0001:000028eb       ?OnInPlaceActivateEx@CAxHostWindow@ATL@@UAGJPAHK@Z 100038eb f i SettingsMasterOptions.obj
 0001:00002952       ?OnInPlaceDeactivateEx@CAxHostWindow@ATL@@UAGJH@Z 10003952 f i SettingsMasterOptions.obj
 0001:00002970       ?CanWindowlessActivate@CAxHostWindow@ATL@@UAGJXZ 10003970 f i SettingsMasterOptions.obj
 0001:00002982       ?GetCapture@CAxHostWindow@ATL@@UAGJXZ 10003982 f i SettingsMasterOptions.obj
 0001:00002994       ?SetCapture@CAxHostWindow@ATL@@UAGJH@Z 10003994 f i SettingsMasterOptions.obj
 0001:000029c3       ?GetFocus@CAxHostWindow@ATL@@UAGJXZ 100039c3 f i SettingsMasterOptions.obj
 0001:000029d5       ?SetFocus@CAxHostWindow@ATL@@UAGJH@Z 100039d5 f i SettingsMasterOptions.obj
 0001:000029ee       ?GetDC@CAxHostWindow@ATL@@UAGJPBUtagRECT@@KPAPAUHDC__@@@Z 100039ee f i SettingsMasterOptions.obj
 0001:00002ac1       ?ReleaseDC@CAxHostWindow@ATL@@UAGJPAUHDC__@@@Z 10003ac1 f i SettingsMasterOptions.obj
 0001:00002b2d       ?InvalidateRect@CAxHostWindow@ATL@@UAGJPBUtagRECT@@H@Z 10003b2d f i SettingsMasterOptions.obj
 0001:00002b47       ?InvalidateRgn@CAxHostWindow@ATL@@UAGJPAUHRGN__@@H@Z 10003b47 f i SettingsMasterOptions.obj
 0001:00002b61       ?ScrollRect@CAxHostWindow@ATL@@UAGJHHPBUtagRECT@@0@Z 10003b61 f i SettingsMasterOptions.obj
 0001:00002b66       ?OnDefWindowMessage@CAxHostWindow@ATL@@UAGJIIJPAJ@Z 10003b66 f i SettingsMasterOptions.obj
 0001:00002b88       ?RequestUIActivate@CAxHostWindow@ATL@@UAGJXZ 10003b88 f i SettingsMasterOptions.obj
 0001:00002b88       ?Update@?$IOleObjectImpl@VCSettingsMasterOptions@@@ATL@@UAGJXZ 10003b88 f i SettingsMasterOptions.obj
 0001:00002b88       ?Release@CRegObject@ATL@@UAGKXZ 10003b88 f i SettingsMasterOptions.obj
 0001:00002b88       ?IsUpToDate@?$IOleObjectImpl@VCSettingsMasterOptions@@@ATL@@UAGJXZ 10003b88 f i SettingsMasterOptions.obj
 0001:00002b88       ?HandsOffStorage@?$IPersistStorageImpl@VCSettingsMasterOptions@@@ATL@@UAGJXZ 10003b88 f i SettingsMasterOptions.obj
 0001:00002b88       ?CanInPlaceActivate@CAxHostWindow@ATL@@UAGJXZ 10003b88 f i SettingsMasterOptions.obj
 0001:00002b88       ?OnControlInfoChanged@CAxHostWindow@ATL@@UAGJXZ 10003b88 f i SettingsMasterOptions.obj
 0001:00002b8d       ?GetExtendedControl@CAxHostWindow@ATL@@UAGJPAPAUIDispatch@@@Z 10003b8d f i SettingsMasterOptions.obj
 0001:00002bb3       ?OnFocus@CAxHostWindow@ATL@@UAGJH@Z 10003bb3 f i SettingsMasterOptions.obj
 0001:00002bcc       ?OnViewChange@CAxHostWindow@ATL@@UAGXKJ@Z 10003bcc f i SettingsMasterOptions.obj
 0001:00002bcc       ?OnDataChange@CAxHostWindow@ATL@@UAGXPAUtagFORMATETC@@PAUtagSTGMEDIUM@@@Z 10003bcc f i SettingsMasterOptions.obj
 0001:00002bcf       ?OnRename@CAxHostWindow@ATL@@UAGXPAUIMoniker@@@Z 10003bcf f i SettingsMasterOptions.obj
 0001:00002bd2       ?ObjectMain@CComObjectRootBase@ATL@@SGX_N@Z 10003bd2 f i SettingsMasterOptions.obj
 0001:00002bd2       ?OnClose@CAxHostWindow@ATL@@UAGXXZ 10003bd2 f i SettingsMasterOptions.obj
 0001:00002bd2       ?OnSave@CAxHostWindow@ATL@@UAGXXZ 10003bd2 f i SettingsMasterOptions.obj
 0001:00002bd2       ?OnFinalMessage@?$CDialogImplBaseT@VCWindow@ATL@@@ATL@@UAEXPAUHWND__@@@Z 10003bd2 f i SettingsMasterOptions.obj
 0001:00002bd2       ?OnFinalMessage@?$CWindowImplBaseT@VCWindow@ATL@@V?$CWinTraits@$0FGAAAAAA@$0A@@2@@ATL@@UAEXPAUHWND__@@@Z 10003bd2 f i SettingsMasterOptions.obj
 0001:00002bd5       ?EnumObjects@CAxHostWindow@ATL@@UAGJKPAPAUIEnumUnknown@@@Z 10003bd5 f i SettingsMasterOptions.obj
 0001:00002c86       ?LockContainer@CAxHostWindow@ATL@@UAGJH@Z 10003c86 f i SettingsMasterOptions.obj
 0001:00002ca2       ?ActivateAx@CAxHostWindow@ATL@@QAEJPAUIUnknown@@_NPAUIStream@@@Z 10003ca2 f i SettingsMasterOptions.obj
 0001:00003051       ?SubclassWindow@CAxHostWindow@ATL@@QAEXPAUHWND__@@@Z 10004051 f i SettingsMasterOptions.obj
 0001:0000306b       ?ReleaseWindow@CAxHostWindow@ATL@@QAEXXZ 1000406b f i SettingsMasterOptions.obj
 0001:00003096       ?ReflectNotifications@CAxHostWindow@ATL@@QAEJIIJAAH@Z 10004096 f i SettingsMasterOptions.obj
 0001:000031aa       ?QueryService@CAxHostWindow@ATL@@UAGJABU_GUID@@0PAPAX@Z 100041aa f i SettingsMasterOptions.obj
 0001:000031e1       ??1?$CWindowImpl@VCAxHostWindow@ATL@@VCWindow@2@V?$CWinTraits@$0FGAAAAAA@$0A@@2@@ATL@@UAE@XZ 100041e1 f i SettingsMasterOptions.obj
 0001:000031e9       ??1?$CComQIPtr@UIAdviseSink@@$1?_GUID_0000010f_0000_0000_c000_000000000046@@3U__s_GUID@@B@ATL@@QAE@XZ 100041e9 f i SettingsMasterOptions.obj
 0001:000031e9       ??1?$CComQIPtr@UIOleControlSite@@$1?_GUID_b196b289_bab4_101a_b69c_00aa00341d07@@3U__s_GUID@@B@ATL@@QAE@XZ 100041e9 f i SettingsMasterOptions.obj
 0001:000031e9       ??1?$CComQIPtr@UISpecifyPropertyPages@@$1?_GUID_b196b28b_bab4_101a_b69c_00aa00341d07@@3U__s_GUID@@B@ATL@@QAE@XZ 100041e9 f i SettingsMasterOptions.obj
 0001:000031e9       ??1?$CComQIPtr@UIOleClientSite@@$1?_GUID_00000118_0000_0000_c000_000000000046@@3U__s_GUID@@B@ATL@@QAE@XZ 100041e9 f i SettingsMasterOptions.obj
 0001:000031e9       ??1?$CComQIPtr@UIPersistStreamInit@@$1?_GUID_7fd52380_4e07_101b_ae2d_08002b2ec713@@3U__s_GUID@@B@ATL@@QAE@XZ 100041e9 f i SettingsMasterOptions.obj
 0001:000031e9       ??1?$CComQIPtr@UIOleInPlaceActiveObject@@$1?_GUID_00000117_0000_0000_c000_000000000046@@3U__s_GUID@@B@ATL@@QAE@XZ 100041e9 f i SettingsMasterOptions.obj
 0001:000031e9       ??1?$CComQIPtr@UIPersistStream@@$1?_GUID_00000109_0000_0000_c000_000000000046@@3U__s_GUID@@B@ATL@@QAE@XZ 100041e9 f i SettingsMasterOptions.obj
 0001:000031e9       ??1?$CComQIPtr@UIOleControl@@$1?_GUID_b196b288_bab4_101a_b69c_00aa00341d07@@3U__s_GUID@@B@ATL@@QAE@XZ 100041e9 f i SettingsMasterOptions.obj
 0001:000031e9       ??1?$CComQIPtr@UIOleObject@@$1?_GUID_00000112_0000_0000_c000_000000000046@@3U__s_GUID@@B@ATL@@QAE@XZ 100041e9 f i SettingsMasterOptions.obj
 0001:000031e9       ??1?$CComQIPtr@UIDTToolsOptionsPage@EnvDTE@@$1?_GUID_bdcaf240_2692_4713_902a_b110b1d0f100@@3U__s_GUID@@B@ATL@@QAE@XZ 100041e9 f i SettingsMasterOptions.obj
 0001:000035d3       _AtlAxCreateControlLic@20  100045d3 f i SettingsMasterOptions.obj
 0001:000035f4       _AtlAxCreateControlLicEx@32 100045f4 f i SettingsMasterOptions.obj
 0001:000036c1       _AtlAxWinInit@0            100046c1 f i SettingsMasterOptions.obj
 0001:000037fc       _AtlAxGetControl@8         100047fc f i SettingsMasterOptions.obj
 0001:0000382e       _AtlAxGetHost@8            1000482e f i SettingsMasterOptions.obj
 0001:00003860       ?FormatWindowClassName@AtlModuleRegisterWndClassInfoParamW@ATL@@SAXPAGPAX@Z 10004860 f i SettingsMasterOptions.obj
 0001:00003877       ?AtlWinModuleRegisterClassExW@ATL@@YGGPAU_ATL_WIN_MODULE70@1@PBUtagWNDCLASSEXW@@@Z 10004877 f i SettingsMasterOptions.obj
 0001:000038ad       ?AtlCreateTargetDC@ATL@@YGPAUHDC__@@PAU2@PAUtagDVTARGETDEVICE@@@Z 100048ad f i SettingsMasterOptions.obj
 0001:0000390f       ?AtlHiMetricToPixel@ATL@@YGXPBUtagSIZE@@PAU2@@Z 1000490f f i SettingsMasterOptions.obj
 0001:00003966       ?AtlPixelToHiMetric@ATL@@YGXPBUtagSIZE@@PAU2@@Z 10004966 f i SettingsMasterOptions.obj
 0001:000039bd       ??0CComControlBase@ATL@@QAE@AAPAUHWND__@@@Z 100049bd f i SettingsMasterOptions.obj
 0001:000039f7       ??1CComControlBase@ATL@@UAE@XZ 100049f7 f i SettingsMasterOptions.obj
 0001:00003a5a       ?OnSetFocus@CComControlBase@ATL@@QAEJIIJAAH@Z 10004a5a f i SettingsMasterOptions.obj
 0001:00003b02       ?OnKillFocus@CComControlBase@ATL@@QAEJIIJAAH@Z 10004b02 f i SettingsMasterOptions.obj
 0001:00003b72       ?OnMouseActivate@CComControlBase@ATL@@QAEJIIJAAH@Z 10004b72 f i SettingsMasterOptions.obj
 0001:00003bfc       ?GetAmbientProperty@CComControlBase@ATL@@QAEJJAAUtagVARIANT@@@Z 10004bfc f i SettingsMasterOptions.obj
 0001:00003c1a       ?GetAmbientBackColor@CComControlBase@ATL@@QAEJAAK@Z 10004c1a f i SettingsMasterOptions.obj
 0001:00003c57       ?GetAmbientLocaleID@CComControlBase@ATL@@QAEJAAK@Z 10004c57 f i SettingsMasterOptions.obj
 0001:00003c94       ?GetAmbientUserMode@CComControlBase@ATL@@QAEJAAH@Z 10004c94 f i SettingsMasterOptions.obj
 0001:00003ce9       ?InternalGetSite@CComControlBase@ATL@@QAEJABU_GUID@@PAPAX@Z 10004ce9 f i SettingsMasterOptions.obj
 0001:00003d10       ?DoesVerbUIActivate@CComControlBase@ATL@@QAEHJ@Z 10004d10 f i SettingsMasterOptions.obj
 0001:00003d3b       ?DoesVerbActivate@CComControlBase@ATL@@QAEHJ@Z 10004d3b f i SettingsMasterOptions.obj
 0001:00003d54       ?IQuickActivate_QuickActivate@CComControlBase@ATL@@QAEJPAUtagQACONTAINER@@PAUtagQACONTROL@@@Z 10004d54 f i SettingsMasterOptions.obj
 0001:00003fd9       ?SetControlFocus@CComControlBase@ATL@@QAEHH@Z 10004fd9 f i SettingsMasterOptions.obj
 0001:00004068       ?DoVerbProperties@CComControlBase@ATL@@QAEJPBUtagRECT@@PAUHWND__@@@Z 10005068 f i SettingsMasterOptions.obj
 0001:000041fe       ?InPlaceActivate@CComControlBase@ATL@@QAEJJPBUtagRECT@@@Z 100051fe f i SettingsMasterOptions.obj
 0001:000044fa       ?SendOnDataChange@CComControlBase@ATL@@QAEJK@Z 100054fa f i SettingsMasterOptions.obj
 0001:0000455f       ?IOleObject_SetClientSite@CComControlBase@ATL@@QAEJPAUIOleClientSite@@@Z 1000555f f i SettingsMasterOptions.obj
 0001:00004593       ?IOleObject_GetClientSite@CComControlBase@ATL@@QAEJPAPAUIOleClientSite@@@Z 10005593 f i SettingsMasterOptions.obj
 0001:000045b4       ?IOleObject_Advise@CComControlBase@ATL@@QAEJPAUIAdviseSink@@PAK@Z 100055b4 f i SettingsMasterOptions.obj
 0001:000045de       ?IOleObject_Close@CComControlBase@ATL@@QAEJK@Z 100055de f i SettingsMasterOptions.obj
 0001:000046db       ?IOleInPlaceObject_InPlaceDeactivate@CComControlBase@ATL@@QAEJXZ 100056db f i SettingsMasterOptions.obj
 0001:00004766       ?IOleInPlaceObject_UIDeactivate@CComControlBase@ATL@@QAEJXZ 10005766 f i SettingsMasterOptions.obj
 0001:00004833       ?IOleInPlaceObject_SetObjectRects@CComControlBase@ATL@@QAEJPBUtagRECT@@0@Z 10005833 f i SettingsMasterOptions.obj
 0001:000048eb       ?IOleObject_SetExtent@CComControlBase@ATL@@QAEJKPAUtagSIZE@@@Z 100058eb f i SettingsMasterOptions.obj
 0001:000049ab       ?IViewObject_Draw@CComControlBase@ATL@@QAEJKJPAXPAUtagDVTARGETDEVICE@@PAUHDC__@@2PBU_RECTL@@3@Z 100059ab f i SettingsMasterOptions.obj
 0001:00004a52       ?IDataObject_GetData@CComControlBase@ATL@@QAEJPAUtagFORMATETC@@PAUtagSTGMEDIUM@@@Z 10005a52 f i SettingsMasterOptions.obj
 0001:00004bd2       ?FireViewChange@CComControlBase@ATL@@QAEJXZ 10005bd2 f i SettingsMasterOptions.obj
 0001:00004c1c       ?GetZoomInfo@CComControlBase@ATL@@QAEXAAUATL_DRAWINFO@@@Z 10005c1c f i SettingsMasterOptions.obj
 0001:00004cac       ?OnDrawAdvanced@CComControlBase@ATL@@UAEJAAUATL_DRAWINFO@@@Z 10005cac f i SettingsMasterOptions.obj
 0001:00004d84       ??0CSettingsMasterOptions@@QAE@XZ 10005d84 f i SettingsMasterOptions.obj
 0001:00004df5       ?UpdateRegistry@CSettingsMasterOptions@@SGJH@Z 10005df5 f i SettingsMasterOptions.obj
 0001:00004e6e       ?ProcessWindowMessage@CSettingsMasterOptions@@UAEHPAUHWND__@@IIJAAJK@Z 10005e6e f i SettingsMasterOptions.obj
 0001:00004ec6       ?_GetSinkMap@CSettingsMasterOptions@@SAPBU?$_ATL_EVENT_ENTRY@VCSettingsMasterOptions@@@ATL@@XZ 10005ec6 f i SettingsMasterOptions.obj
 0001:00004ef1       ?OnAmbientPropertyChange@CSettingsMasterOptions@@UAGJJ@Z 10005ef1 f i SettingsMasterOptions.obj
 0001:00004f15       ?InterfaceSupportsErrorInfo@CSettingsMasterOptions@@UAGJABU_GUID@@@Z 10005f15 f i SettingsMasterOptions.obj
 0001:00004f3c       ?OnAfterCreated@CSettingsMasterOptions@@UAGJPAU_DTE@EnvDTE@@@Z 10005f3c f i SettingsMasterOptions.obj
 0001:00004f9d       ?GetProperties@CSettingsMasterOptions@@UAGJPAPAUIDispatch@@@Z 10005f9d f i SettingsMasterOptions.obj
 0001:00004fee       ?OnOK@CSettingsMasterOptions@@UAGJXZ 10005fee f i SettingsMasterOptions.obj
 0001:0000503c       ?OnCancel@CSettingsMasterOptions@@UAGJXZ 1000603c f i SettingsMasterOptions.obj
 0001:0000508a       ?OnHelp@CSettingsMasterOptions@@UAGJXZ 1000608a f i SettingsMasterOptions.obj
 0001:000050d8       ??1?$CComPtr@UIDataObject@@@ATL@@QAE@XZ 100060d8 f i SettingsMasterOptions.obj
 0001:000050d8       ??1?$CComPtr@U_DTE@EnvDTE@@@ATL@@QAE@XZ 100060d8 f i SettingsMasterOptions.obj
 0001:000050d8       ??1?$CComPtr@UIProvideClassInfo2@@@ATL@@QAE@XZ 100060d8 f i SettingsMasterOptions.obj
 0001:000050d8       ??1?$CComPtr@UIOleControlSite@@@ATL@@QAE@XZ 100060d8 f i SettingsMasterOptions.obj
 0001:000050d8       ??1?$CComPtr@UIDTToolsOptionsPage@EnvDTE@@@ATL@@QAE@XZ 100060d8 f i SettingsMasterOptions.obj
 0001:000050d8       ??1?$CComPtr@UIOleControl@@@ATL@@QAE@XZ 100060d8 f i SettingsMasterOptions.obj
 0001:000050d8       ??1?$CComPtr@U_AppDomain@mscorlib@@@ATL@@QAE@XZ 100060d8 f i SettingsMasterOptions.obj
 0001:000050d8       ??1?$CComPtr@UICorRuntimeHost@@@ATL@@QAE@XZ 100060d8 f i SettingsMasterOptions.obj
 0001:000050d8       ??1?$CComPtr@UIStream@@@ATL@@QAE@XZ 100060d8 f i SettingsMasterOptions.obj
 0001:000050d8       ??1?$CComPtr@UIOleInPlaceFrame@@@ATL@@QAE@XZ 100060d8 f i SettingsMasterOptions.obj
 0001:000050d8       ??1?$CComPtr@U_ObjectHandle@mscorlib@@@ATL@@QAE@XZ 100060d8 f i SettingsMasterOptions.obj
 0001:000050d8       ??1?$CComPtr@UIOleClientSite@@@ATL@@QAE@XZ 100060d8 f i SettingsMasterOptions.obj
 0001:000050d8       ??1?$CComPtr@UITypeLib@@@ATL@@QAE@XZ 100060d8 f i SettingsMasterOptions.obj
 0001:000050d8       ??1?$CComPtr@UIConnectionPoint@@@ATL@@QAE@XZ 100060d8 f i SettingsMasterOptions.obj
 0001:000050d8       ??1?$CComPtr@UICatRegister@@@ATL@@QAE@XZ 100060d8 f i SettingsMasterShim.obj
 0001:000050d8       ??1?$CComPtr@UISpecifyPropertyPages@@@ATL@@QAE@XZ 100060d8 f i SettingsMasterOptions.obj
 0001:000050d8       ??1?$CComPtr@UIDispatch@@@ATL@@QAE@XZ 100060d8 f i SettingsMasterOptions.obj
 0001:000050d8       ??1?$CComPtr@UIWebBrowser2@@@ATL@@QAE@XZ 100060d8 f i SettingsMasterOptions.obj
 0001:000050d8       ??1?$CComPtr@UIClassFactory2@@@ATL@@QAE@XZ 100060d8 f i SettingsMasterOptions.obj
 0001:000050d8       ??1?$CComPtr@UIPersist@@@ATL@@QAE@XZ 100060d8 f i SettingsMasterOptions.obj
 0001:000050d8       ??1?$CComPtr@UIPersistStream@@@ATL@@QAE@XZ 100060d8 f i SettingsMasterOptions.obj
 0001:000050d8       ??1?$CComPtr@UIOleInPlaceUIWindow@@@ATL@@QAE@XZ 100060d8 f i SettingsMasterOptions.obj
 0001:000050d8       ??1?$CComPtr@UIPersistStreamInit@@@ATL@@QAE@XZ 100060d8 f i SettingsMasterOptions.obj
 0001:000050d8       ??1?$CComPtr@UIOleObject@@@ATL@@QAE@XZ 100060d8 f i SettingsMasterOptions.obj
 0001:000050d8       ??1?$CComPtr@UIPointerInactive@@@ATL@@QAE@XZ 100060d8 f i SettingsMasterOptions.obj
 0001:000050d8       ??1?$CComPtr@UIObjectWithSite@@@ATL@@QAE@XZ 100060d8 f i SettingsMasterOptions.obj
 0001:000050d8       ??1?$CComPtr@UIAxWinAmbientDispatch@@@ATL@@QAE@XZ 100060d8 f i SettingsMasterOptions.obj
 0001:000050d8       ??1?$CComPtr@UIConnectionPointContainer@@@ATL@@QAE@XZ 100060d8 f i SettingsMasterOptions.obj
 0001:000050d8       ??1?$CComPtr@UIUnknown@@@ATL@@QAE@XZ 100060d8 f i SettingsMasterOptions.obj
 0001:000050d8       ??1?$CComPtr@UIViewObjectEx@@@ATL@@QAE@XZ 100060d8 f i SettingsMasterOptions.obj
 0001:000050d8       ??1?$CComPtr@UITypeInfo2@@@ATL@@QAE@XZ 100060d8 f i SettingsMasterOptions.obj
 0001:000050d8       ??1?$CComPtr@UITypeInfo@@@ATL@@QAE@XZ 100060d8 f i SettingsMasterOptions.obj
 0001:000050d8       ??1?$CComPtr@UIWin32Window@@@ATL@@QAE@XZ 100060d8 f i SettingsMasterOptions.obj
 0001:000050d8       ??1?$CComPtr@UIAdviseSink@@@ATL@@QAE@XZ 100060d8 f i SettingsMasterOptions.obj
 0001:000050d8       ??1?$CComPtr@UIAxWinHostWindowLic@@@ATL@@QAE@XZ 100060d8 f i SettingsMasterOptions.obj
 0001:000050d8       ??1?$CComPtr@UIOleInPlaceObject@@@ATL@@QAE@XZ 100060d8 f i SettingsMasterOptions.obj
 0001:000050d8       ??1?$CComPtr@UIOleInPlaceActiveObject@@@ATL@@QAE@XZ 100060d8 f i SettingsMasterOptions.obj
 0001:000050e5       ??1CSettingsMasterOptions@@UAE@XZ 100060e5 f i SettingsMasterOptions.obj
 0001:00005146       ?OnShowWindow@CSettingsMasterOptions@@QAEJIIJAAH@Z 10006146 f   SettingsMasterOptions.obj
 0001:000052f2       ?OnSize@CSettingsMasterOptions@@QAEJIIJAAH@Z 100062f2 f   SettingsMasterOptions.obj
 0001:0000531b       ?Reset@CSettingsMasterOptions@@QAEXXZ 1000631b f   SettingsMasterOptions.obj
 0001:00005356       ?HostUserControl@CSettingsMasterOptions@@UAGJPAG0PAPAUIUnknown@@@Z 10006356 f   SettingsMasterOptions.obj
 0001:000054d8       ?FinalConstruct@CSettingsMasterOptions@@QAEJXZ 100064d8 f   SettingsMasterOptions.obj
 0001:00005597       ?CopyTo@?$CComPtrBase@UIDispatch@@@ATL@@QAEJPAPAUIDispatch@@@Z 10006597 f i SettingsMasterOptions.obj
 0001:00005597       ?CopyTo@?$CComPtrBase@UIFontDisp@@@ATL@@QAEJPAPAUIFontDisp@@@Z 10006597 f i SettingsMasterOptions.obj
 0001:00005597       ?CopyTo@?$CComPtrBase@UIOleInPlaceUIWindow@@@ATL@@QAEJPAPAUIOleInPlaceUIWindow@@@Z 10006597 f i SettingsMasterOptions.obj
 0001:00005597       ?CopyTo@?$CComPtrBase@UIOleInPlaceFrame@@@ATL@@QAEJPAPAUIOleInPlaceFrame@@@Z 10006597 f i SettingsMasterOptions.obj
 0001:000055b4       ?Add@?$CSimpleArray@GV?$CSimpleArrayEqualHelper@G@ATL@@@ATL@@QAEHABG@Z 100065b4 f i SettingsMasterOptions.obj
 0001:000055fa       ?Create@?$CWindowImpl@VCAxFrameWindow@ATL@@VCWindow@2@V?$CWinTraits@$0FGAAAAAA@$0A@@2@@ATL@@QAEPAUHWND__@@PAU3@V_U_RECT@2@PBGKKV_U_MENUorID@2@PAX@Z 100065fa f i SettingsMasterOptions.obj
 0001:00005654       ?GetWindowProc@?$CWindowImplBaseT@VCWindow@ATL@@V?$CWinTraits@$0FGAAAAAA@$0A@@2@@ATL@@UAEP6GJPAUHWND__@@IIJ@ZXZ 10006654 f i SettingsMasterOptions.obj
 0001:0000565a       ?DefWindowProcW@?$CWindowImplBaseT@VCWindow@ATL@@V?$CWinTraits@$0FGAAAAAA@$0A@@2@@ATL@@QAEJXZ 1000665a f i SettingsMasterOptions.obj
 0001:00005674       ?DefWindowProcW@?$CWindowImplBaseT@VCWindow@ATL@@V?$CWinTraits@$0FGAAAAAA@$0A@@2@@ATL@@QAEJIIJ@Z 10006674 f i SettingsMasterOptions.obj
 0001:0000568f       ?Create@?$CWindowImpl@VCAxUIWindow@ATL@@VCWindow@2@V?$CWinTraits@$0FGAAAAAA@$0A@@2@@ATL@@QAEPAUHWND__@@PAU3@V_U_RECT@2@PBGKKV_U_MENUorID@2@PAX@Z 1000668f f i SettingsMasterOptions.obj
 0001:000056e9       ?SetSite@?$IObjectWithSiteImpl@VCAxHostWindow@ATL@@@ATL@@UAGJPAUIUnknown@@@Z 100066e9 f i SettingsMasterOptions.obj
 0001:0000570b       ?GetSite@?$IObjectWithSiteImpl@VCAxHostWindow@ATL@@@ATL@@UAGJABU_GUID@@PAPAX@Z 1000670b f i SettingsMasterOptions.obj
 0001:00005743       ?GetTypeInfo@?$IDispatchImpl@UIAxWinAmbientDispatchEx@@$1?_GUID_b2d0778b_ac99_4c58_a5c8_e7724e5316b5@@3U__s_GUID@@B$1?m_libid@CAtlModule@ATL@@2U_GUID@@A$0PPPP@$0PPPP@VCComTypeInfoHolder@ATL@@@ATL@@UAGJIKPAPAUITypeInfo@@@Z 10006743 f i SettingsMasterOptions.obj
 0001:0000575a       ?GetIDsOfNames@?$IDispatchImpl@UIAxWinAmbientDispatchEx@@$1?_GUID_b2d0778b_ac99_4c58_a5c8_e7724e5316b5@@3U__s_GUID@@B$1?m_libid@CAtlModule@ATL@@2U_GUID@@A$0PPPP@$0PPPP@VCComTypeInfoHolder@ATL@@@ATL@@UAGJABU_GUID@@PAPAGIKPAJ@Z 1000675a f i SettingsMasterOptions.obj
 0001:00005777       ?Invoke@?$IDispatchImpl@UIAxWinAmbientDispatchEx@@$1?_GUID_b2d0778b_ac99_4c58_a5c8_e7724e5316b5@@3U__s_GUID@@B$1?m_libid@CAtlModule@ATL@@2U_GUID@@A$0PPPP@$0PPPP@VCComTypeInfoHolder@ATL@@@ATL@@UAGJJABU_GUID@@KGPAUtagDISPPARAMS@@PAUtagVARIANT@@PAUtagEXCEPINFO@@PAI@Z 10006777 f i SettingsMasterOptions.obj
 0001:000057a2       ??0?$CComQIPtr@UIOleInPlaceActiveObject@@$1?_GUID_00000117_0000_0000_c000_000000000046@@3U__s_GUID@@B@ATL@@QAE@PAUIUnknown@@@Z 100067a2 f i SettingsMasterOptions.obj
 0001:000057c4       ??0?$CComQIPtr@UIOleControl@@$1?_GUID_b196b288_bab4_101a_b69c_00aa00341d07@@3U__s_GUID@@B@ATL@@QAE@PAUIUnknown@@@Z 100067c4 f i SettingsMasterOptions.obj
 0001:000057e6       ??1?$CComObject@VCAxFrameWindow@ATL@@@ATL@@UAE@XZ 100067e6 f i SettingsMasterOptions.obj
 0001:00005816       ?QueryInterface@?$CComObject@VCAxFrameWindow@ATL@@@ATL@@UAGJABU_GUID@@PAPAX@Z 10006816 f i SettingsMasterOptions.obj
 0001:00005835       ??1?$CComObject@VCAxUIWindow@ATL@@@ATL@@UAE@XZ 10006835 f i SettingsMasterOptions.obj
 0001:00005865       ?Release@?$CComObject@VCAxUIWindow@ATL@@@ATL@@UAGKXZ 10006865 f i SettingsMasterOptions.obj
 0001:00005865       ?Release@?$CComObject@VCAxFrameWindow@ATL@@@ATL@@UAGKXZ 10006865 f i SettingsMasterOptions.obj
 0001:00005886       ?QueryInterface@?$CComObject@VCAxUIWindow@ATL@@@ATL@@UAGJABU_GUID@@PAPAX@Z 10006886 f i SettingsMasterOptions.obj
 0001:000058a5       ??0?$CComObject@V?$CComEnum@UIEnumUnknown@@$1?_GUID_00000100_0000_0000_c000_000000000046@@3U__s_GUID@@BPAUIUnknown@@V?$_CopyInterface@UIUnknown@@@ATL@@VCComSingleThreadModel@6@@ATL@@@ATL@@QAE@PAX@Z 100068a5 f i SettingsMasterOptions.obj
 0001:000058c0       ??1?$CComObject@V?$CComEnum@UIEnumUnknown@@$1?_GUID_00000100_0000_0000_c000_000000000046@@3U__s_GUID@@BPAUIUnknown@@V?$_CopyInterface@UIUnknown@@@ATL@@VCComSingleThreadModel@6@@ATL@@@ATL@@UAE@XZ 100068c0 f i SettingsMasterOptions.obj
 0001:000058e3       ?AddRef@?$CComObject@V?$CComEnum@UIEnumUnknown@@$1?_GUID_00000100_0000_0000_c000_000000000046@@3U__s_GUID@@BPAUIUnknown@@V?$_CopyInterface@UIUnknown@@@ATL@@VCComSingleThreadModel@6@@ATL@@@ATL@@UAGKXZ 100068e3 f i SettingsMasterOptions.obj
 0001:000058f0       ?Release@?$CComObject@V?$CComEnum@UIEnumUnknown@@$1?_GUID_00000100_0000_0000_c000_000000000046@@3U__s_GUID@@BPAUIUnknown@@V?$_CopyInterface@UIUnknown@@@ATL@@VCComSingleThreadModel@6@@ATL@@@ATL@@UAGKXZ 100068f0 f i SettingsMasterOptions.obj
 0001:0000590e       ?QueryInterface@?$CComObject@V?$CComEnum@UIEnumUnknown@@$1?_GUID_00000100_0000_0000_c000_000000000046@@3U__s_GUID@@BPAUIUnknown@@V?$_CopyInterface@UIUnknown@@@ATL@@VCComSingleThreadModel@6@@ATL@@@ATL@@UAGJABU_GUID@@PAPAX@Z 1000690e f i SettingsMasterOptions.obj
 0001:00005929       ?Reset@?$CComEnumImpl@UIEnumUnknown@@$1?_GUID_00000100_0000_0000_c000_000000000046@@3U__s_GUID@@BPAUIUnknown@@V?$_CopyInterface@UIUnknown@@@ATL@@@ATL@@UAGJXZ 10006929 f i SettingsMasterOptions.obj
 0001:00005938       ??0?$CComQIPtr@UIOleClientSite@@$1?_GUID_00000118_0000_0000_c000_000000000046@@3U__s_GUID@@B@ATL@@QAE@PAUIUnknown@@@Z 10006938 f i SettingsMasterOptions.obj
 0001:0000595a       ??0?$CComQIPtr@UIPersistStreamInit@@$1?_GUID_7fd52380_4e07_101b_ae2d_08002b2ec713@@3U__s_GUID@@B@ATL@@QAE@PAUIUnknown@@@Z 1000695a f i SettingsMasterOptions.obj
 0001:0000597c       ??0?$CComQIPtr@UIPersistStream@@$1?_GUID_00000109_0000_0000_c000_000000000046@@3U__s_GUID@@B@ATL@@QAE@PAUIUnknown@@@Z 1000697c f i SettingsMasterOptions.obj
 0001:0000599e       ??0?$CComQIPtr@UIAdviseSink@@$1?_GUID_0000010f_0000_0000_c000_000000000046@@3U__s_GUID@@B@ATL@@QAE@PAUIUnknown@@@Z 1000699e f i SettingsMasterOptions.obj
 0001:000059c0       ?CreateInstance@?$CComCreator@V?$CComPolyObject@VCAxHostWindow@ATL@@@ATL@@@ATL@@SGJPAXABU_GUID@@PAPAX@Z 100069c0 f i SettingsMasterOptions.obj
 0001:00005a5b       ??0?$CComQIPtr@UIOleControlSite@@$1?_GUID_b196b289_bab4_101a_b69c_00aa00341d07@@3U__s_GUID@@B@ATL@@QAE@PAUIUnknown@@@Z 10006a5b f i SettingsMasterOptions.obj
 0001:00005a7d       ?GetTypeInfoCount@?$IDispatchImpl@UIDTToolsOptionsPage@EnvDTE@@$1?IID_IDTToolsOptionsPage@2@3U_GUID@@B$1?LIBID_EnvDTE@2@3U4@B$06$0A@VCComTypeInfoHolder@ATL@@@ATL@@UAGJPAI@Z 10006a7d f i SettingsMasterOptions.obj
 0001:00005a7d       ?GetTypeInfoCount@?$IDispatchImpl@UIAxWinAmbientDispatchEx@@$1?_GUID_b2d0778b_ac99_4c58_a5c8_e7724e5316b5@@3U__s_GUID@@B$1?m_libid@CAtlModule@ATL@@2U_GUID@@A$0PPPP@$0PPPP@VCComTypeInfoHolder@ATL@@@ATL@@UAGJPAI@Z 10006a7d f i SettingsMasterOptions.obj
 0001:00005a97       ?GetTypeInfo@?$IDispatchImpl@UIDTToolsOptionsPage@EnvDTE@@$1?IID_IDTToolsOptionsPage@2@3U_GUID@@B$1?LIBID_EnvDTE@2@3U4@B$06$0A@VCComTypeInfoHolder@ATL@@@ATL@@UAGJIKPAPAUITypeInfo@@@Z 10006a97 f i SettingsMasterOptions.obj
 0001:00005aae       ?GetIDsOfNames@?$IDispatchImpl@UIDTToolsOptionsPage@EnvDTE@@$1?IID_IDTToolsOptionsPage@2@3U_GUID@@B$1?LIBID_EnvDTE@2@3U4@B$06$0A@VCComTypeInfoHolder@ATL@@@ATL@@UAGJABU_GUID@@PAPAGIKPAJ@Z 10006aae f i SettingsMasterOptions.obj
 0001:00005acb       ?Invoke@?$IDispatchImpl@UIDTToolsOptionsPage@EnvDTE@@$1?IID_IDTToolsOptionsPage@2@3U_GUID@@B$1?LIBID_EnvDTE@2@3U4@B$06$0A@VCComTypeInfoHolder@ATL@@@ATL@@UAGJJABU_GUID@@KGPAUtagDISPPARAMS@@PAUtagVARIANT@@PAUtagEXCEPINFO@@PAI@Z 10006acb f i SettingsMasterOptions.obj
 0001:00005af6       ?IsDirty@?$IPersistStreamInitImpl@VCSettingsMasterOptions@@@ATL@@UAGJXZ 10006af6 f i SettingsMasterOptions.obj
 0001:00005b13       ?Load@?$IPersistStreamInitImpl@VCSettingsMasterOptions@@@ATL@@UAGJPAUIStream@@@Z 10006b13 f i SettingsMasterOptions.obj
 0001:00005b34       ?Save@?$IPersistStreamInitImpl@VCSettingsMasterOptions@@@ATL@@UAGJPAUIStream@@H@Z 10006b34 f i SettingsMasterOptions.obj
 0001:00005b60       ?GetSizeMax@?$IPersistStreamInitImpl@VCSettingsMasterOptions@@@ATL@@UAGJPAT_ULARGE_INTEGER@@@Z 10006b60 f i SettingsMasterOptions.obj
 0001:00005c90       ?InitNew@?$IPersistStreamInitImpl@VCSettingsMasterOptions@@@ATL@@UAGJXZ 10006c90 f i SettingsMasterOptions.obj
 0001:00005ca6       ?FreezeEvents@?$IOleControlImpl@VCSettingsMasterOptions@@@ATL@@UAGJH@Z 10006ca6 f i SettingsMasterOptions.obj
 0001:00005cc7       ?SetClientSite@?$IOleObjectImpl@VCSettingsMasterOptions@@@ATL@@UAGJPAUIOleClientSite@@@Z 10006cc7 f i SettingsMasterOptions.obj
 0001:00005ce5       ?GetClientSite@?$IOleObjectImpl@VCSettingsMasterOptions@@@ATL@@UAGJPAPAUIOleClientSite@@@Z 10006ce5 f i SettingsMasterOptions.obj
 0001:00005d01       ?SetHostNames@?$IOleObjectImpl@VCSettingsMasterOptions@@@ATL@@UAGJPBG0@Z 10006d01 f i SettingsMasterOptions.obj
 0001:00005d01       ?InsertMenus@CAxFrameWindow@ATL@@UAGJPAUHMENU__@@PAUtagOleMenuGroupWidths@@@Z 10006d01 f i SettingsMasterOptions.obj
 0001:00005d06       ?Close@?$IOleObjectImpl@VCSettingsMasterOptions@@@ATL@@UAGJK@Z 10006d06 f i SettingsMasterOptions.obj
 0001:00005d24       ?DoVerb@?$IOleObjectImpl@VCSettingsMasterOptions@@@ATL@@UAGJJPAUtagMSG@@PAUIOleClientSite@@JPAUHWND__@@PBUtagRECT@@@Z 10006d24 f i SettingsMasterOptions.obj
 0001:00005deb       ?EnumVerbs@?$IOleObjectImpl@VCSettingsMasterOptions@@@ATL@@UAGJPAPAUIEnumOLEVERB@@@Z 10006deb f i SettingsMasterOptions.obj
 0001:00005e0b       ?GetUserType@?$IOleObjectImpl@VCSettingsMasterOptions@@@ATL@@UAGJKPAPAG@Z 10006e0b f i SettingsMasterOptions.obj
 0001:00005e21       ?SetExtent@?$IOleObjectImpl@VCSettingsMasterOptions@@@ATL@@UAGJKPAUtagSIZE@@@Z 10006e21 f i SettingsMasterOptions.obj
 0001:00005e46       ?GetExtent@?$IOleObjectImpl@VCSettingsMasterOptions@@@ATL@@UAGJKPAUtagSIZE@@@Z 10006e46 f i SettingsMasterOptions.obj
 0001:00005e82       ?Advise@?$IOleObjectImpl@VCSettingsMasterOptions@@@ATL@@UAGJPAUIAdviseSink@@PAK@Z 10006e82 f i SettingsMasterOptions.obj
 0001:00005ea2       ?Unadvise@?$IOleObjectImpl@VCSettingsMasterOptions@@@ATL@@UAGJK@Z 10006ea2 f i SettingsMasterOptions.obj
 0001:00005ec8       ?EnumAdvise@?$IOleObjectImpl@VCSettingsMasterOptions@@@ATL@@UAGJPAPAUIEnumSTATDATA@@@Z 10006ec8 f i SettingsMasterOptions.obj
 0001:00005efd       ?GetMiscStatus@?$IOleObjectImpl@VCSettingsMasterOptions@@@ATL@@UAGJKPAK@Z 10006efd f i SettingsMasterOptions.obj
 0001:00005f13       ?GetWindow@?$IOleInPlaceActiveObjectImpl@VCSettingsMasterOptions@@@ATL@@UAGJPAPAUHWND__@@@Z 10006f13 f i SettingsMasterOptions.obj
 0001:00005f51       ?TranslateAcceleratorW@?$IOleInPlaceActiveObjectImpl@VCSettingsMasterOptions@@@ATL@@UAGJPAUtagMSG@@@Z 10006f51 f i SettingsMasterOptions.obj
 0001:0000600f       ?OnDocWindowActivate@?$IOleInPlaceActiveObjectImpl@VCSettingsMasterOptions@@@ATL@@UAGJH@Z 1000700f f i SettingsMasterOptions.obj
 0001:00006032       ?SetMenu@CAxFrameWindow@ATL@@UAGJPAUHMENU__@@PAXPAUHWND__@@@Z 10007032 f i SettingsMasterOptions.obj
 0001:00006032       ?ResizeBorder@?$IOleInPlaceActiveObjectImpl@VCSettingsMasterOptions@@@ATL@@UAGJPBUtagRECT@@PAUIOleInPlaceUIWindow@@H@Z 10007032 f i SettingsMasterOptions.obj
 0001:00006037       ?Draw@?$IViewObjectExImpl@VCSettingsMasterOptions@@@ATL@@UAGJKJPAXPAUtagDVTARGETDEVICE@@PAUHDC__@@2PBU_RECTL@@3P6GHK@ZK@Z 10007037 f i SettingsMasterOptions.obj
 0001:0000606c       ?GetColorSet@?$IViewObjectExImpl@VCSettingsMasterOptions@@@ATL@@UAGJKJPAXPAUtagDVTARGETDEVICE@@PAUHDC__@@PAPAUtagLOGPALETTE@@@Z 1000706c f i SettingsMasterOptions.obj
 0001:00006074       ?Freeze@?$IViewObjectExImpl@VCSettingsMasterOptions@@@ATL@@UAGJKJPAXPAK@Z 10007074 f i SettingsMasterOptions.obj
 0001:00006074       ?ParseDisplayName@CAxHostWindow@ATL@@UAGJPAUIBindCtx@@PAGPAKPAPAUIMoniker@@@Z 10007074 f i SettingsMasterOptions.obj
 0001:0000607c       ?SetAdvise@?$IViewObjectExImpl@VCSettingsMasterOptions@@@ATL@@UAGJKKPAUIAdviseSink@@@Z 1000707c f i SettingsMasterOptions.obj
 0001:0000609e       ?GetAdvise@?$IViewObjectExImpl@VCSettingsMasterOptions@@@ATL@@UAGJPAK0PAPAUIAdviseSink@@@Z 1000709e f i SettingsMasterOptions.obj
 0001:000060d1       ?GetExtent@?$IViewObjectExImpl@VCSettingsMasterOptions@@@ATL@@UAGJKJPAUtagDVTARGETDEVICE@@PAUtagSIZE@@@Z 100070d1 f i SettingsMasterOptions.obj
 0001:000060ff       ?GetViewStatus@?$IViewObjectExImpl@VCSettingsMasterOptions@@@ATL@@UAGJPAK@Z 100070ff f i SettingsMasterOptions.obj
 0001:00006119       ?QueryHitPoint@?$IViewObjectExImpl@VCSettingsMasterOptions@@@ATL@@UAGJKPBUtagRECT@@UtagPOINT@@JPAK@Z 10007119 f i SettingsMasterOptions.obj
 0001:0000615a       ?QueryHitRect@?$IViewObjectExImpl@VCSettingsMasterOptions@@@ATL@@UAGJKPBUtagRECT@@0JPAK@Z 1000715a f i SettingsMasterOptions.obj
 0001:0000619f       ?GetNaturalExtent@?$IViewObjectExImpl@VCSettingsMasterOptions@@@ATL@@UAGJKJPAUtagDVTARGETDEVICE@@PAUHDC__@@PAUtagExtentInfo@@PAUtagSIZE@@@Z 1000719f f i SettingsMasterOptions.obj
 0001:000061e7       ?GetWindow@?$IOleInPlaceObjectWindowlessImpl@VCSettingsMasterOptions@@@ATL@@UAGJPAPAUHWND__@@@Z 100071e7 f i SettingsMasterOptions.obj
 0001:00006225       ?InPlaceDeactivate@?$IOleInPlaceObjectWindowlessImpl@VCSettingsMasterOptions@@@ATL@@UAGJXZ 10007225 f i SettingsMasterOptions.obj
 0001:0000623f       ?UIDeactivate@?$IOleInPlaceObjectWindowlessImpl@VCSettingsMasterOptions@@@ATL@@UAGJXZ 1000723f f i SettingsMasterOptions.obj
 0001:00006259       ?SetObjectRects@?$IOleInPlaceObjectWindowlessImpl@VCSettingsMasterOptions@@@ATL@@UAGJPBUtagRECT@@0@Z 10007259 f i SettingsMasterOptions.obj
 0001:0000627c       ?OnWindowMessage@?$IOleInPlaceObjectWindowlessImpl@VCSettingsMasterOptions@@@ATL@@UAGJIIJPAJ@Z 1000727c f i SettingsMasterOptions.obj
 0001:000062e5       ?GetClassID@?$IPersistStreamInitImpl@VCSettingsMasterOptions@@@ATL@@UAGJPAU_GUID@@@Z 100072e5 f i SettingsMasterOptions.obj
 0001:000062e5       ?GetClassID@?$IPersistStorageImpl@VCSettingsMasterOptions@@@ATL@@UAGJPAU_GUID@@@Z 100072e5 f i SettingsMasterOptions.obj
 0001:000062e5       ?GetUserClassID@?$IOleObjectImpl@VCSettingsMasterOptions@@@ATL@@UAGJPAU_GUID@@@Z 100072e5 f i SettingsMasterOptions.obj
 0001:00006306       ?IsDirty@?$IPersistStorageImpl@VCSettingsMasterOptions@@@ATL@@UAGJXZ 10007306 f i SettingsMasterOptions.obj
 0001:0000635b       ?InitNew@?$IPersistStorageImpl@VCSettingsMasterOptions@@@ATL@@UAGJPAUIStorage@@@Z 1000735b f i SettingsMasterOptions.obj
 0001:000063b0       ?Load@?$IPersistStorageImpl@VCSettingsMasterOptions@@@ATL@@UAGJPAUIStorage@@@Z 100073b0 f i SettingsMasterOptions.obj
 0001:0000644b       ?Save@?$IPersistStorageImpl@VCSettingsMasterOptions@@@ATL@@UAGJPAUIStorage@@H@Z 1000744b f i SettingsMasterOptions.obj
 0001:000064ed       ?GetPages@?$ISpecifyPropertyPagesImpl@VCSettingsMasterOptions@@@ATL@@UAGJPAUtagCAUUID@@@Z 100074ed f i SettingsMasterOptions.obj
 0001:000064fe       ?QuickActivate@?$IQuickActivateImpl@VCSettingsMasterOptions@@@ATL@@UAGJPAUtagQACONTAINER@@PAUtagQACONTROL@@@Z 100074fe f i SettingsMasterOptions.obj
 0001:0000651e       ?SetContentExtent@?$IQuickActivateImpl@VCSettingsMasterOptions@@@ATL@@UAGJPAUtagSIZE@@@Z 1000751e f i SettingsMasterOptions.obj
 0001:0000653f       ?GetContentExtent@?$IQuickActivateImpl@VCSettingsMasterOptions@@@ATL@@UAGJPAUtagSIZE@@@Z 1000753f f i SettingsMasterOptions.obj
 0001:00006560       ?GetData@?$IDataObjectImpl@VCSettingsMasterOptions@@@ATL@@UAGJPAUtagFORMATETC@@PAUtagSTGMEDIUM@@@Z 10007560 f i SettingsMasterOptions.obj
 0001:00006580       ?DAdvise@?$IDataObjectImpl@VCSettingsMasterOptions@@@ATL@@UAGJPAUtagFORMATETC@@KPAUIAdviseSink@@PAK@Z 10007580 f i SettingsMasterOptions.obj
 0001:000065c1       ?DUnadvise@?$IDataObjectImpl@VCSettingsMasterOptions@@@ATL@@UAGJK@Z 100075c1 f i SettingsMasterOptions.obj
 0001:000065e9       ?EnumDAdvise@?$IDataObjectImpl@VCSettingsMasterOptions@@@ATL@@UAGJPAPAUIEnumSTATDATA@@@Z 100075e9 f i SettingsMasterOptions.obj
 0001:00006620       ?GetClassInfoW@?$IProvideClassInfo2Impl@$1?CLSID_SettingsMasterOptions@@3U_GUID@@B$0A@$1?LIBID_SettingsMasterShimLib@@3U2@B$00$0A@VCComTypeInfoHolder@ATL@@@ATL@@UAGJPAPAUITypeInfo@@@Z 10007620 f i SettingsMasterOptions.obj
 0001:00006635       ?GetGUID@?$IProvideClassInfo2Impl@$1?CLSID_SettingsMasterOptions@@3U_GUID@@B$0A@$1?LIBID_SettingsMasterShimLib@@3U2@B$00$0A@VCComTypeInfoHolder@ATL@@@ATL@@UAGJKPAU_GUID@@@Z 10007635 f i SettingsMasterOptions.obj
 0001:00006659       ?GetCategoryMap@CComObjectRootBase@ATL@@SAPBU_ATL_CATMAP_ENTRY@2@XZ 10007659 f i SettingsMasterOptions.obj
 0001:00006659       ?GetObjectDescription@?$CComCoClass@VCSettingsMasterOptions@@$1?CLSID_SettingsMasterOptions@@3U_GUID@@B@ATL@@SGPBGXZ 10007659 f i SettingsMasterOptions.obj
 0001:0000665c       ??0?$CComCompositeControl@VCSettingsMasterOptions@@@ATL@@QAE@XZ 1000765c f i SettingsMasterOptions.obj
 0001:0000667b       ??1?$CComCompositeControl@VCSettingsMasterOptions@@@ATL@@UAE@XZ 1000767b f i SettingsMasterOptions.obj
 0001:0000669b       ?SetBackgroundColorFromAmbient@?$CComCompositeControl@VCSettingsMasterOptions@@@ATL@@QAEJXZ 1000769b f i SettingsMasterOptions.obj
 0001:000066f4       ?CalcExtent@?$CComCompositeControl@VCSettingsMasterOptions@@@ATL@@QAEHAAUtagSIZE@@@Z 100076f4 f i SettingsMasterOptions.obj
 0001:0000673f       ?CreateControlWindow@?$CComCompositeControl@VCSettingsMasterOptions@@@ATL@@UAEPAUHWND__@@PAU3@AAUtagRECT@@@Z 1000773f f i SettingsMasterOptions.obj
 0001:00006772       ?OnDraw@?$CComCompositeControl@VCSettingsMasterOptions@@@ATL@@UAEJAAUATL_DRAWINFO@@@Z 10007772 f i SettingsMasterOptions.obj
 0001:000067f4       ?ProcessWindowMessage@?$CComCompositeControl@VCSettingsMasterOptions@@@ATL@@UAEHPAUHWND__@@IIJAAJK@Z 100077f4 f i SettingsMasterOptions.obj
 0001:0000690d       ?ControlQueryInterface@?$CComControl@VCSettingsMasterOptions@@V?$CAxDialogImpl@VCSettingsMasterOptions@@VCWindow@ATL@@@ATL@@@ATL@@UAEJABU_GUID@@PAPAX@Z 1000790d f i SettingsMasterOptions.obj
 0001:00006928       ?GetDialogProc@?$CAxDialogImpl@VCSettingsMasterOptions@@VCWindow@ATL@@@ATL@@UAEP6GHPAUHWND__@@IIJ@ZXZ 10007928 f i SettingsMasterOptions.obj
 0001:0000692e       ?CreateActiveXControls@?$CAxDialogImpl@VCSettingsMasterOptions@@VCWindow@ATL@@@ATL@@UAEJI@Z 1000792e f i SettingsMasterOptions.obj
 0001:00006c60       ??0?$CComQIPtr@UIDTToolsOptionsPage@EnvDTE@@$1?_GUID_bdcaf240_2692_4713_902a_b110b1d0f100@@3U__s_GUID@@B@ATL@@QAE@PAUIUnknown@@@Z 10007c60 f i SettingsMasterOptions.obj
 0001:00006c82       ?CreateInstance@?$CComCreator@V?$CComObjectCached@VCComClassFactory@ATL@@@ATL@@@ATL@@SGJPAXABU_GUID@@PAPAX@Z 10007c82 f i SettingsMasterOptions.obj
 0001:00006d17       ?CreateInstance@?$CComCreator2@V?$CComCreator@V?$CComObject@VCSettingsMasterOptions@@@ATL@@@ATL@@V?$CComCreator@V?$CComAggObject@VCSettingsMasterOptions@@@ATL@@@2@@ATL@@SGJPAXABU_GUID@@PAPAX@Z 10007d17 f i SettingsMasterOptions.obj
 0001:00006d37       ??_G?$CComObject@VCAxFrameWindow@ATL@@@ATL@@UAEPAXI@Z 10007d37 f i SettingsMasterOptions.obj
 0001:00006d37       ??_E?$CComObject@VCAxFrameWindow@ATL@@@ATL@@UAEPAXI@Z 10007d37 f i SettingsMasterOptions.obj
 0001:00006d53       ??_E?$CComObject@VCAxUIWindow@ATL@@@ATL@@UAEPAXI@Z 10007d53 f i SettingsMasterOptions.obj
 0001:00006d53       ??_G?$CComObject@VCAxUIWindow@ATL@@@ATL@@UAEPAXI@Z 10007d53 f i SettingsMasterOptions.obj
 0001:00006d6f       ??_G?$CComObject@V?$CComEnum@UIEnumUnknown@@$1?_GUID_00000100_0000_0000_c000_000000000046@@3U__s_GUID@@BPAUIUnknown@@V?$_CopyInterface@UIUnknown@@@ATL@@VCComSingleThreadModel@6@@ATL@@@ATL@@UAEPAXI@Z 10007d6f f i SettingsMasterOptions.obj
 0001:00006d6f       ??_E?$CComObject@V?$CComEnum@UIEnumUnknown@@$1?_GUID_00000100_0000_0000_c000_000000000046@@3U__s_GUID@@BPAUIUnknown@@V?$_CopyInterface@UIUnknown@@@ATL@@VCComSingleThreadModel@6@@ATL@@@ATL@@UAEPAXI@Z 10007d6f f i SettingsMasterOptions.obj
 0001:00006d8b       ??0?$CComEnum@UIEnumUnknown@@$1?_GUID_00000100_0000_0000_c000_000000000046@@3U__s_GUID@@BPAUIUnknown@@V?$_CopyInterface@UIUnknown@@@ATL@@VCComSingleThreadModel@6@@ATL@@QAE@XZ 10007d8b f i SettingsMasterOptions.obj
 0001:00006da0       ??1?$CComEnum@UIEnumUnknown@@$1?_GUID_00000100_0000_0000_c000_000000000046@@3U__s_GUID@@BPAUIUnknown@@V?$_CopyInterface@UIUnknown@@@ATL@@VCComSingleThreadModel@6@@ATL@@UAE@XZ 10007da0 f i SettingsMasterOptions.obj
 0001:00006da5       ??_G?$CComCompositeControl@VCSettingsMasterOptions@@@ATL@@UAEPAXI@Z 10007da5 f i SettingsMasterOptions.obj
 0001:00006da5       ??_E?$CComCompositeControl@VCSettingsMasterOptions@@@ATL@@UAEPAXI@Z 10007da5 f i SettingsMasterOptions.obj
 0001:00006dc3       ??1?$CComControl@VCSettingsMasterOptions@@V?$CAxDialogImpl@VCSettingsMasterOptions@@VCWindow@ATL@@@ATL@@@ATL@@UAE@XZ 10007dc3 f i SettingsMasterOptions.obj
 0001:00006ddd       ?InternalSetAtIndex@?$CSimpleArray@GV?$CSimpleArrayEqualHelper@G@ATL@@@ATL@@QAEXHABG@Z 10007ddd f i SettingsMasterOptions.obj
 0001:00006df3       ?Create@?$CAxWindow2T@VCWindow@ATL@@@ATL@@QAEPAUHWND__@@PAU3@V_U_RECT@2@PBGKKV_U_MENUorID@2@PAX@Z 10007df3 f i SettingsMasterOptions.obj
 0001:00006e1c       ?CreateControlLic@?$CAxWindow2T@VCWindow@ATL@@@ATL@@QAEJPBGPAUIStream@@PAPAUIUnknown@@PAG@Z 10007e1c f i SettingsMasterOptions.obj
 0001:00006e3d       ?IPersistStreamInit_Load@?$IPersistStreamInitImpl@VCSettingsMasterOptions@@@ATL@@QAEJPAUIStream@@PAUATL_PROPMAP_ENTRY@2@@Z 10007e3d f i SettingsMasterOptions.obj
 0001:00006e64       ?DoVerbPrimary@?$IOleObjectImpl@VCSettingsMasterOptions@@@ATL@@QAEJPBUtagRECT@@PAUHWND__@@@Z 10007e64 f i SettingsMasterOptions.obj
 0001:00006ee4       ?DoVerbShow@?$IOleObjectImpl@VCSettingsMasterOptions@@@ATL@@QAEJPBUtagRECT@@PAUHWND__@@@Z 10007ee4 f i SettingsMasterOptions.obj
 0001:00006f04       ?DoVerbInPlaceActivate@?$IOleObjectImpl@VCSettingsMasterOptions@@@ATL@@QAEJPBUtagRECT@@PAUHWND__@@@Z 10007f04 f i SettingsMasterOptions.obj
 0001:00006f35       ?DoVerbUIActivate@?$IOleObjectImpl@VCSettingsMasterOptions@@@ATL@@QAEJPBUtagRECT@@PAUHWND__@@@Z 10007f35 f i SettingsMasterOptions.obj
 0001:00006f5d       ?DoVerbHide@?$IOleObjectImpl@VCSettingsMasterOptions@@@ATL@@QAEJPBUtagRECT@@PAUHWND__@@@Z 10007f5d f i SettingsMasterOptions.obj
 0001:00006f89       ?GetPagesHelper@?$ISpecifyPropertyPagesImpl@VCSettingsMasterOptions@@@ATL@@IAEJPAUtagCAUUID@@PAUATL_PROPMAP_ENTRY@2@@Z 10007f89 f i SettingsMasterOptions.obj
 0001:00007081       ?AdviseSinkMap@?$CComCompositeControl@VCSettingsMasterOptions@@@ATL@@QAEJ_N@Z 10008081 f i SettingsMasterOptions.obj
 0001:000070ac       ?BackgroundColorEnumProc@?$CComCompositeControl@VCSettingsMasterOptions@@@ATL@@SGHPAUHWND__@@J@Z 100080ac f i SettingsMasterOptions.obj
 0001:0000710f       ?OnDialogColor@?$CComCompositeControl@VCSettingsMasterOptions@@@ATL@@QAEJIIJAAH@Z 1000810f f i SettingsMasterOptions.obj
 0001:0000716a       ?Create@?$CComCompositeControl@VCSettingsMasterOptions@@@ATL@@QAEPAUHWND__@@PAU3@AAUtagRECT@@J@Z 1000816a f i SettingsMasterOptions.obj
 0001:00007199       ?PreTranslateAccelerator@?$CComCompositeControl@VCSettingsMasterOptions@@@ATL@@QAEHPAUtagMSG@@AAJ@Z 10008199 f i SettingsMasterOptions.obj
 0001:000074a4       ?IOleInPlaceObject_InPlaceDeactivate@?$CComCompositeControl@VCSettingsMasterOptions@@@ATL@@QAEJXZ 100084a4 f i SettingsMasterOptions.obj
 0001:000074be       ?IOleInPlaceObject_UIDeactivate@?$CComCompositeControl@VCSettingsMasterOptions@@@ATL@@QAEJXZ 100084be f i SettingsMasterOptions.obj
 0001:00007562       ?OnSetFocus@?$CComCompositeControl@VCSettingsMasterOptions@@@ATL@@QAEJIIJAAH@Z 10008562 f i SettingsMasterOptions.obj
 0001:00007612       ?OnMouseActivate@?$CComCompositeControl@VCSettingsMasterOptions@@@ATL@@QAEJIIJAAH@Z 10008612 f i SettingsMasterOptions.obj
 0001:000076eb       ??0?$CComControl@VCSettingsMasterOptions@@V?$CAxDialogImpl@VCSettingsMasterOptions@@VCWindow@ATL@@@ATL@@@ATL@@QAE@XZ 100086eb f i SettingsMasterOptions.obj
 0001:0000770a       ??0?$CComPolyObject@VCAxHostWindow@ATL@@@ATL@@QAE@PAX@Z 1000870a f i SettingsMasterOptions.obj
 0001:00007754       ??1?$CComPolyObject@VCAxHostWindow@ATL@@@ATL@@UAE@XZ 10008754 f i SettingsMasterOptions.obj
 0001:000077a0       ?AddRef@?$CComObject@VCAxFrameWindow@ATL@@@ATL@@UAGKXZ 100087a0 f i SettingsMasterOptions.obj
 0001:000077a0       ?AddRef@?$CComObject@VCAxUIWindow@ATL@@@ATL@@UAGKXZ 100087a0 f i SettingsMasterOptions.obj
 0001:000077a0       ?AddRef@?$CComAggObject@VCSettingsMasterOptions@@@ATL@@UAGKXZ 100087a0 f i SettingsMasterOptions.obj
 0001:000077a0       ?AddRef@?$CComPolyObject@VCAxHostWindow@ATL@@@ATL@@UAGKXZ 100087a0 f i SettingsMasterOptions.obj
 0001:000077ad       ?QueryInterface@?$CComPolyObject@VCAxHostWindow@ATL@@@ATL@@UAGJABU_GUID@@PAPAX@Z 100087ad f i SettingsMasterOptions.obj
 0001:000077f8       ?AddRef@?$CComContainedObject@VCAxHostWindow@ATL@@@ATL@@UAGKXZ 100087f8 f i SettingsMasterOptions.obj
 0001:00007808       ?Release@?$CComContainedObject@VCAxHostWindow@ATL@@@ATL@@UAGKXZ 10008808 f i SettingsMasterOptions.obj
 0001:00007818       ?QueryInterface@?$CComContainedObject@VCAxHostWindow@ATL@@@ATL@@UAGJABU_GUID@@PAPAX@Z 10008818 f i SettingsMasterOptions.obj
 0001:0000782f       ?GetControllingUnknown@?$CComContainedObject@VCAxHostWindow@ATL@@@ATL@@UAEPAUIUnknown@@XZ 1000882f f i SettingsMasterOptions.obj
 0001:00007833       ??0?$CComObjectCached@VCComClassFactory@ATL@@@ATL@@QAE@PAX@Z 10008833 f i SettingsMasterOptions.obj
 0001:0000786b       ??1?$CComObjectCached@VCComClassFactory@ATL@@@ATL@@UAE@XZ 1000886b f i SettingsMasterOptions.obj
 0001:00007897       ?AddRef@?$CComObjectCached@VCComClassFactory@ATL@@@ATL@@UAGKXZ 10008897 f i SettingsMasterOptions.obj
 0001:000078d3       ?Release@?$CComObjectCached@VCComClassFactory@ATL@@@ATL@@UAGKXZ 100088d3 f i SettingsMasterOptions.obj
 0001:0000791e       ?QueryInterface@?$CComObjectCached@VCComClassFactory@ATL@@@ATL@@UAGJABU_GUID@@PAPAX@Z 1000891e f i SettingsMasterOptions.obj
 0001:00007939       ?CreateInstance@?$CComCreator@V?$CComObject@VCSettingsMasterOptions@@@ATL@@@ATL@@SGJPAXABU_GUID@@PAPAX@Z 10008939 f i SettingsMasterOptions.obj
 0001:000079e4       ?CreateInstance@?$CComCreator@V?$CComAggObject@VCSettingsMasterOptions@@@ATL@@@ATL@@SGJPAXABU_GUID@@PAPAX@Z 100089e4 f i SettingsMasterOptions.obj
 0001:00007a8f       ??_G?$CComPolyObject@VCAxHostWindow@ATL@@@ATL@@UAEPAXI@Z 10008a8f f i SettingsMasterOptions.obj
 0001:00007a8f       ??_E?$CComPolyObject@VCAxHostWindow@ATL@@@ATL@@UAEPAXI@Z 10008a8f f i SettingsMasterOptions.obj
 0001:00007aab       ??1?$CComContainedObject@VCAxHostWindow@ATL@@@ATL@@UAE@XZ 10008aab f i SettingsMasterOptions.obj
 0001:00007ab0       ??_G?$CComObjectCached@VCComClassFactory@ATL@@@ATL@@UAEPAXI@Z 10008ab0 f i SettingsMasterOptions.obj
 0001:00007ab0       ??_E?$CComObjectCached@VCComClassFactory@ATL@@@ATL@@UAEPAXI@Z 10008ab0 f i SettingsMasterOptions.obj
 0001:00007acc       ??0CComClassFactory@ATL@@QAE@XZ 10008acc f i SettingsMasterOptions.obj
 0001:00007ae3       ?ExecuteDlgInit@?$CDialogImplBaseT@VCWindow@ATL@@@ATL@@QAEHH@Z 10008ae3 f i SettingsMasterOptions.obj
 0001:00007c18       ?CreateControlLicEx@?$CAxWindow2T@VCWindow@ATL@@@ATL@@QAEJPBGPAUIStream@@PAPAUIUnknown@@2ABU_GUID@@PAU4@PAG@Z 10008c18 f i SettingsMasterOptions.obj
 0001:00007cf1       ?Create@?$CAxDialogImpl@VCSettingsMasterOptions@@VCWindow@ATL@@@ATL@@QAEPAUHWND__@@PAU3@J@Z 10008cf1 f i SettingsMasterOptions.obj
 0001:00007d22       ??0?$CComContainedObject@VCAxHostWindow@ATL@@@ATL@@QAE@PAX@Z 10008d22 f i SettingsMasterOptions.obj
 0001:00007d83       ??0?$CComObject@VCSettingsMasterOptions@@@ATL@@QAE@PAX@Z 10008d83 f i SettingsMasterOptions.obj
 0001:00007dff       ??1?$CComObject@VCSettingsMasterOptions@@@ATL@@UAE@XZ 10008dff f i SettingsMasterOptions.obj
 0001:00007e87       ?AddRef@?$CComObject@VCSettingsMasterOptions@@@ATL@@UAGKXZ 10008e87 f i SettingsMasterOptions.obj
 0001:00007e97       ?Release@?$CComObject@VCSettingsMasterOptions@@@ATL@@UAGKXZ 10008e97 f i SettingsMasterOptions.obj
 0001:00007ebb       ?QueryInterface@?$CComObject@VCSettingsMasterOptions@@@ATL@@UAGJABU_GUID@@PAPAX@Z 10008ebb f i SettingsMasterOptions.obj
 0001:00007ed6       ??0?$CComAggObject@VCSettingsMasterOptions@@@ATL@@QAE@PAX@Z 10008ed6 f i SettingsMasterOptions.obj
 0001:00007f1b       ??1?$CComAggObject@VCSettingsMasterOptions@@@ATL@@UAE@XZ 10008f1b f i SettingsMasterOptions.obj
 0001:00007f61       ?Release@?$CComPolyObject@VCAxHostWindow@ATL@@@ATL@@UAGKXZ 10008f61 f i SettingsMasterOptions.obj
 0001:00007f61       ?Release@?$CComAggObject@VCSettingsMasterOptions@@@ATL@@UAGKXZ 10008f61 f i SettingsMasterOptions.obj
 0001:00007f7f       ?QueryInterface@?$CComAggObject@VCSettingsMasterOptions@@@ATL@@UAGJABU_GUID@@PAPAX@Z 10008f7f f i SettingsMasterOptions.obj
 0001:00007fca       ?AddRef@?$CComContainedObject@VCSettingsMasterOptions@@@ATL@@UAGKXZ 10008fca f i SettingsMasterOptions.obj
 0001:00007fdd       ?Release@?$CComContainedObject@VCSettingsMasterOptions@@@ATL@@UAGKXZ 10008fdd f i SettingsMasterOptions.obj
 0001:00007ff0       ?QueryInterface@?$CComContainedObject@VCSettingsMasterOptions@@@ATL@@UAGJABU_GUID@@PAPAX@Z 10008ff0 f i SettingsMasterOptions.obj
 0001:0000800a       ??_G?$CComContainedObject@VCAxHostWindow@ATL@@@ATL@@UAEPAXI@Z 1000900a f i SettingsMasterOptions.obj
 0001:0000800a       ??_E?$CComContainedObject@VCAxHostWindow@ATL@@@ATL@@UAEPAXI@Z 1000900a f i SettingsMasterOptions.obj
 0001:00008027       ??_E?$CComObject@VCSettingsMasterOptions@@@ATL@@UAEPAXI@Z 10009027 f i SettingsMasterOptions.obj
 0001:00008027       ??_G?$CComObject@VCSettingsMasterOptions@@@ATL@@UAEPAXI@Z 10009027 f i SettingsMasterOptions.obj
 0001:00008043       ??_E?$CComAggObject@VCSettingsMasterOptions@@@ATL@@UAEPAXI@Z 10009043 f i SettingsMasterOptions.obj
 0001:00008043       ??_G?$CComAggObject@VCSettingsMasterOptions@@@ATL@@UAEPAXI@Z 10009043 f i SettingsMasterOptions.obj
 0001:0000805f       ??1?$CComContainedObject@VCSettingsMasterOptions@@@ATL@@UAE@XZ 1000905f f i SettingsMasterOptions.obj
 0001:00008064       ??0?$CComContainedObject@VCSettingsMasterOptions@@@ATL@@QAE@PAX@Z 10009064 f i SettingsMasterOptions.obj
 0001:000080e1       ??_G?$CComContainedObject@VCSettingsMasterOptions@@@ATL@@UAEPAXI@Z 100090e1 f i SettingsMasterOptions.obj
 0001:000080e1       ??_E?$CComContainedObject@VCSettingsMasterOptions@@@ATL@@UAEPAXI@Z 100090e1 f i SettingsMasterOptions.obj
 0001:000080ff       ?StartDialogProc@?$CDialogImplBaseT@VCWindow@ATL@@@ATL@@SGHPAUHWND__@@IIJ@Z 100090ff f i SettingsMasterOptions.obj
 0001:00008146       ?DialogProc@?$CDialogImplBaseT@VCWindow@ATL@@@ATL@@SGHPAUHWND__@@IIJ@Z 10009146 f i SettingsMasterOptions.obj
 0001:0000820e       ?StartWindowProc@?$CWindowImplBaseT@VCWindow@ATL@@V?$CWinTraits@$0FGAAAAAA@$0A@@2@@ATL@@SGJPAUHWND__@@IIJ@Z 1000920e f i SettingsMasterOptions.obj
 0001:00008255       ?WindowProc@?$CWindowImplBaseT@VCWindow@ATL@@V?$CWinTraits@$0FGAAAAAA@$0A@@2@@ATL@@SGJPAUHWND__@@IIJ@Z 10009255 f i SettingsMasterOptions.obj
 0001:00008337       ?Create@?$CWindowImplBaseT@VCWindow@ATL@@V?$CWinTraits@$0FGAAAAAA@$0A@@2@@ATL@@QAEPAUHWND__@@PAU3@V_U_RECT@2@PBGKKV_U_MENUorID@2@GPAX@Z 10009337 f i SettingsMasterOptions.obj
 0001:000083ad       ?SubclassWindow@?$CWindowImplBaseT@VCWindow@ATL@@V?$CWinTraits@$0FGAAAAAA@$0A@@2@@ATL@@QAEHPAUHWND__@@@Z 100093ad f i SettingsMasterOptions.obj
 0001:000083d9       ?UnsubclassWindow@?$CWindowImplBaseT@VCWindow@ATL@@V?$CWinTraits@$0FGAAAAAA@$0A@@2@@ATL@@QAEPAUHWND__@@H@Z 100093d9 f i SettingsMasterOptions.obj
 0001:0000841e       ?CreateInstance@?$CComObject@VCAxFrameWindow@ATL@@@ATL@@SGJPAPAV12@@Z 1000941e f i SettingsMasterOptions.obj
 0001:00008493       ?CreateInstance@?$CComObject@VCAxUIWindow@ATL@@@ATL@@SGJPAPAV12@@Z 10009493 f i SettingsMasterOptions.obj
 0001:00008508       ??1?$CComEnumImpl@UIEnumUnknown@@$1?_GUID_00000100_0000_0000_c000_000000000046@@3U__s_GUID@@BPAUIUnknown@@V?$_CopyInterface@UIUnknown@@@ATL@@@ATL@@UAE@XZ 10009508 f i SettingsMasterOptions.obj
 0001:00008565       ?Next@?$CComEnumImpl@UIEnumUnknown@@$1?_GUID_00000100_0000_0000_c000_000000000046@@3U__s_GUID@@BPAUIUnknown@@V?$_CopyInterface@UIUnknown@@@ATL@@@ATL@@UAGJKPAPAUIUnknown@@PAK@Z 10009565 f i SettingsMasterOptions.obj
 0001:00008600       ?Skip@?$CComEnumImpl@UIEnumUnknown@@$1?_GUID_00000100_0000_0000_c000_000000000046@@3U__s_GUID@@BPAUIUnknown@@V?$_CopyInterface@UIUnknown@@@ATL@@@ATL@@UAGJK@Z 10009600 f i SettingsMasterOptions.obj
 0001:00008638       ?Clone@?$CComEnumImpl@UIEnumUnknown@@$1?_GUID_00000100_0000_0000_c000_000000000046@@3U__s_GUID@@BPAUIUnknown@@V?$_CopyInterface@UIUnknown@@@ATL@@@ATL@@UAGJPAPAUIEnumUnknown@@@Z 10009638 f i SettingsMasterOptions.obj
 0001:00008704       ?Init@?$CComEnumImpl@UIEnumUnknown@@$1?_GUID_00000100_0000_0000_c000_000000000046@@3U__s_GUID@@BPAUIUnknown@@V?$_CopyInterface@UIUnknown@@@ATL@@@ATL@@QAEJPAPAUIUnknown@@0PAU3@W4CComEnumFlags@2@@Z 10009704 f i SettingsMasterOptions.obj
 0001:000087c4       ??$AtlAxDialogCreateT@PBGV_AtlCreateDialogIndirectParamHelper@ATL@@$1?CreateDialogIndirectParamW@@YGPAUHWND__@@PAUHINSTANCE__@@PBUDLGTEMPLATE@@PAU4@P6GH2IIJ@ZJ@Z@ATL@@YAPAUHWND__@@PAUHINSTANCE__@@PBGPAU1@P6GH2IIJ@ZJ@Z 100097c4 f i SettingsMasterOptions.obj
 0001:0000888b       ??$AtlModuleRegisterWndClassInfoT@VAtlModuleRegisterWndClassInfoParamW@ATL@@@ATL@@YAGPAU_ATL_BASE_MODULE70@0@PAU_ATL_WIN_MODULE70@0@PAU_ATL_WNDCLASSINFOW@0@PAP6GJPAUHWND__@@IIJ@ZVAtlModuleRegisterWndClassInfoParamW@0@@Z 1000988b f i SettingsMasterOptions.obj
 0001:000089c9       ?IPSI_GetIPersistStreamInit@?$IPersistStorageImpl@VCSettingsMasterOptions@@@ATL@@AAEPAUIPersistStreamInit@@XZ 100099c9 f i SettingsMasterOptions.obj
 0001:00008a05       ?DialogProc@?$CAxDialogImpl@VCSettingsMasterOptions@@VCWindow@ATL@@@ATL@@SGHPAUHWND__@@IIJ@Z 10009a05 f i SettingsMasterOptions.obj
 0001:00008a54       ??$AtlAdviseSinkMap@VCSettingsMasterOptions@@@ATL@@YAJPAVCSettingsMasterOptions@@_N@Z 10009a54 f i SettingsMasterOptions.obj
 0001:00008b71       ?QueryHost@?$CAxWindowT@VCWindow@ATL@@@ATL@@QAEJABU_GUID@@PAPAX@Z 10009b71 f i SettingsMasterOptions.obj
 0001:00008bd4       ??0?$CComObject@VCAxFrameWindow@ATL@@@ATL@@QAE@PAX@Z 10009bd4 f i SettingsMasterOptions.obj
 0001:00008bf6       ??0?$CComObject@VCAxUIWindow@ATL@@@ATL@@QAE@PAX@Z 10009bf6 f i SettingsMasterOptions.obj
 0001:00008c18       ?CreateInstance@?$CComObject@V?$CComEnum@UIEnumUnknown@@$1?_GUID_00000100_0000_0000_c000_000000000046@@3U__s_GUID@@BPAUIUnknown@@V?$_CopyInterface@UIUnknown@@@ATL@@VCComSingleThreadModel@6@@ATL@@@ATL@@SGJPAPAV12@@Z 10009c18 f i SettingsMasterOptions.obj
 0001:00008c8d       ?QueryInterface@?$CComContainedObject@VCAxHostWindow@ATL@@@ATL@@W3AGJABU_GUID@@PAPAX@Z 10009c8d f i SettingsMasterOptions.obj
 0001:00008c97       ?AddRef@?$CComContainedObject@VCAxHostWindow@ATL@@@ATL@@W3AGKXZ 10009c97 f i SettingsMasterOptions.obj
 0001:00008ca1       ?Release@?$CComContainedObject@VCAxHostWindow@ATL@@@ATL@@W3AGKXZ 10009ca1 f i SettingsMasterOptions.obj
 0001:00008cab       ?QueryInterface@?$CComContainedObject@VCAxHostWindow@ATL@@@ATL@@W7AGJABU_GUID@@PAPAX@Z 10009cab f i SettingsMasterOptions.obj
 0001:00008cb5       ?AddRef@?$CComContainedObject@VCAxHostWindow@ATL@@@ATL@@W7AGKXZ 10009cb5 f i SettingsMasterOptions.obj
 0001:00008cbf       ?Release@?$CComContainedObject@VCAxHostWindow@ATL@@@ATL@@W7AGKXZ 10009cbf f i SettingsMasterOptions.obj
 0001:00008cc9       ?QueryInterface@?$CComContainedObject@VCAxHostWindow@ATL@@@ATL@@WM@AGJABU_GUID@@PAPAX@Z 10009cc9 f i SettingsMasterOptions.obj
 0001:00008cd3       ?AddRef@?$CComContainedObject@VCAxHostWindow@ATL@@@ATL@@WM@AGKXZ 10009cd3 f i SettingsMasterOptions.obj
 0001:00008cdd       ?Release@?$CComContainedObject@VCAxHostWindow@ATL@@@ATL@@WM@AGKXZ 10009cdd f i SettingsMasterOptions.obj
 0001:00008ce7       ?QueryInterface@?$CComContainedObject@VCAxHostWindow@ATL@@@ATL@@WBA@AGJABU_GUID@@PAPAX@Z 10009ce7 f i SettingsMasterOptions.obj
 0001:00008cf1       ?AddRef@?$CComContainedObject@VCAxHostWindow@ATL@@@ATL@@WBA@AGKXZ 10009cf1 f i SettingsMasterOptions.obj
 0001:00008cfb       ?Release@?$CComContainedObject@VCAxHostWindow@ATL@@@ATL@@WBA@AGKXZ 10009cfb f i SettingsMasterOptions.obj
 0001:00008d05       ?QueryInterface@?$CComContainedObject@VCAxHostWindow@ATL@@@ATL@@WBE@AGJABU_GUID@@PAPAX@Z 10009d05 f i SettingsMasterOptions.obj
 0001:00008d0f       ?AddRef@?$CComContainedObject@VCAxHostWindow@ATL@@@ATL@@WBE@AGKXZ 10009d0f f i SettingsMasterOptions.obj
 0001:00008d19       ?Release@?$CComContainedObject@VCAxHostWindow@ATL@@@ATL@@WBE@AGKXZ 10009d19 f i SettingsMasterOptions.obj
 0001:00008d23       ??_E?$CComContainedObject@VCAxHostWindow@ATL@@@ATL@@WDI@AEPAXI@Z 10009d23 f i SettingsMasterOptions.obj
 0001:00008d2b       ?QueryInterface@?$CComContainedObject@VCAxHostWindow@ATL@@@ATL@@WBM@AGJABU_GUID@@PAPAX@Z 10009d2b f i SettingsMasterOptions.obj
 0001:00008d35       ?AddRef@?$CComContainedObject@VCAxHostWindow@ATL@@@ATL@@WBM@AGKXZ 10009d35 f i SettingsMasterOptions.obj
 0001:00008d3f       ?Release@?$CComContainedObject@VCAxHostWindow@ATL@@@ATL@@WBM@AGKXZ 10009d3f f i SettingsMasterOptions.obj
 0001:00008d49       ?QueryInterface@?$CComContainedObject@VCAxHostWindow@ATL@@@ATL@@WCA@AGJABU_GUID@@PAPAX@Z 10009d49 f i SettingsMasterOptions.obj
 0001:00008d53       ?AddRef@?$CComContainedObject@VCAxHostWindow@ATL@@@ATL@@WCA@AGKXZ 10009d53 f i SettingsMasterOptions.obj
 0001:00008d5d       ?Release@?$CComContainedObject@VCAxHostWindow@ATL@@@ATL@@WCA@AGKXZ 10009d5d f i SettingsMasterOptions.obj
 0001:00008d67       ?QueryInterface@?$CComContainedObject@VCAxHostWindow@ATL@@@ATL@@WCE@AGJABU_GUID@@PAPAX@Z 10009d67 f i SettingsMasterOptions.obj
 0001:00008d71       ?AddRef@?$CComContainedObject@VCAxHostWindow@ATL@@@ATL@@WCE@AGKXZ 10009d71 f i SettingsMasterOptions.obj
 0001:00008d7b       ?Release@?$CComContainedObject@VCAxHostWindow@ATL@@@ATL@@WCE@AGKXZ 10009d7b f i SettingsMasterOptions.obj
 0001:00008d85       ?QueryInterface@?$CComContainedObject@VCAxHostWindow@ATL@@@ATL@@WCI@AGJABU_GUID@@PAPAX@Z 10009d85 f i SettingsMasterOptions.obj
 0001:00008d8f       ?AddRef@?$CComContainedObject@VCAxHostWindow@ATL@@@ATL@@WCI@AGKXZ 10009d8f f i SettingsMasterOptions.obj
 0001:00008d99       ?Release@?$CComContainedObject@VCAxHostWindow@ATL@@@ATL@@WCI@AGKXZ 10009d99 f i SettingsMasterOptions.obj
 0001:00008da3       ??_E?$CComCompositeControl@VCSettingsMasterOptions@@@ATL@@WEI@AEPAXI@Z 10009da3 f i SettingsMasterOptions.obj
 0001:00008dab       ?QueryInterface@?$CComObject@VCSettingsMasterOptions@@@ATL@@W3AGJABU_GUID@@PAPAX@Z 10009dab f i SettingsMasterOptions.obj
 0001:00008db5       ?AddRef@?$CComObject@VCSettingsMasterOptions@@@ATL@@W3AGKXZ 10009db5 f i SettingsMasterOptions.obj
 0001:00008dbf       ?Release@?$CComObject@VCSettingsMasterOptions@@@ATL@@W3AGKXZ 10009dbf f i SettingsMasterOptions.obj
 0001:00008dc9       ?QueryInterface@?$CComObject@VCSettingsMasterOptions@@@ATL@@W7AGJABU_GUID@@PAPAX@Z 10009dc9 f i SettingsMasterOptions.obj
 0001:00008dd3       ?AddRef@?$CComObject@VCSettingsMasterOptions@@@ATL@@W7AGKXZ 10009dd3 f i SettingsMasterOptions.obj
 0001:00008ddd       ?Release@?$CComObject@VCSettingsMasterOptions@@@ATL@@W7AGKXZ 10009ddd f i SettingsMasterOptions.obj
 0001:00008de7       ?QueryInterface@?$CComObject@VCSettingsMasterOptions@@@ATL@@WM@AGJABU_GUID@@PAPAX@Z 10009de7 f i SettingsMasterOptions.obj
 0001:00008df1       ?AddRef@?$CComObject@VCSettingsMasterOptions@@@ATL@@WM@AGKXZ 10009df1 f i SettingsMasterOptions.obj
 0001:00008dfb       ?Release@?$CComObject@VCSettingsMasterOptions@@@ATL@@WM@AGKXZ 10009dfb f i SettingsMasterOptions.obj
 0001:00008e05       ?QueryInterface@?$CComObject@VCSettingsMasterOptions@@@ATL@@WBA@AGJABU_GUID@@PAPAX@Z 10009e05 f i SettingsMasterOptions.obj
 0001:00008e0f       ?AddRef@?$CComObject@VCSettingsMasterOptions@@@ATL@@WBA@AGKXZ 10009e0f f i SettingsMasterOptions.obj
 0001:00008e19       ?Release@?$CComObject@VCSettingsMasterOptions@@@ATL@@WBA@AGKXZ 10009e19 f i SettingsMasterOptions.obj
 0001:00008e23       ?QueryInterface@?$CComObject@VCSettingsMasterOptions@@@ATL@@WBE@AGJABU_GUID@@PAPAX@Z 10009e23 f i SettingsMasterOptions.obj
 0001:00008e2d       ?AddRef@?$CComObject@VCSettingsMasterOptions@@@ATL@@WBE@AGKXZ 10009e2d f i SettingsMasterOptions.obj
 0001:00008e37       ?Release@?$CComObject@VCSettingsMasterOptions@@@ATL@@WBE@AGKXZ 10009e37 f i SettingsMasterOptions.obj
 0001:00008e41       ?QueryInterface@?$CComObject@VCSettingsMasterOptions@@@ATL@@WBI@AGJABU_GUID@@PAPAX@Z 10009e41 f i SettingsMasterOptions.obj
 0001:00008e4b       ?AddRef@?$CComObject@VCSettingsMasterOptions@@@ATL@@WBI@AGKXZ 10009e4b f i SettingsMasterOptions.obj
 0001:00008e55       ?Release@?$CComObject@VCSettingsMasterOptions@@@ATL@@WBI@AGKXZ 10009e55 f i SettingsMasterOptions.obj
 0001:00008e5f       ?QueryInterface@?$CComObject@VCSettingsMasterOptions@@@ATL@@WBM@AGJABU_GUID@@PAPAX@Z 10009e5f f i SettingsMasterOptions.obj
 0001:00008e69       ?AddRef@?$CComObject@VCSettingsMasterOptions@@@ATL@@WBM@AGKXZ 10009e69 f i SettingsMasterOptions.obj
 0001:00008e73       ?Release@?$CComObject@VCSettingsMasterOptions@@@ATL@@WBM@AGKXZ 10009e73 f i SettingsMasterOptions.obj
 0001:00008e7d       ?QueryInterface@?$CComObject@VCSettingsMasterOptions@@@ATL@@WCA@AGJABU_GUID@@PAPAX@Z 10009e7d f i SettingsMasterOptions.obj
 0001:00008e87       ?AddRef@?$CComObject@VCSettingsMasterOptions@@@ATL@@WCA@AGKXZ 10009e87 f i SettingsMasterOptions.obj
 0001:00008e91       ?Release@?$CComObject@VCSettingsMasterOptions@@@ATL@@WCA@AGKXZ 10009e91 f i SettingsMasterOptions.obj
 0001:00008e9b       ?QueryInterface@?$CComObject@VCSettingsMasterOptions@@@ATL@@WCE@AGJABU_GUID@@PAPAX@Z 10009e9b f i SettingsMasterOptions.obj
 0001:00008ea5       ?AddRef@?$CComObject@VCSettingsMasterOptions@@@ATL@@WCE@AGKXZ 10009ea5 f i SettingsMasterOptions.obj
 0001:00008eaf       ?Release@?$CComObject@VCSettingsMasterOptions@@@ATL@@WCE@AGKXZ 10009eaf f i SettingsMasterOptions.obj
 0001:00008eb9       ?QueryInterface@?$CComObject@VCSettingsMasterOptions@@@ATL@@WCI@AGJABU_GUID@@PAPAX@Z 10009eb9 f i SettingsMasterOptions.obj
 0001:00008ec3       ?AddRef@?$CComObject@VCSettingsMasterOptions@@@ATL@@WCI@AGKXZ 10009ec3 f i SettingsMasterOptions.obj
 0001:00008ecd       ?Release@?$CComObject@VCSettingsMasterOptions@@@ATL@@WCI@AGKXZ 10009ecd f i SettingsMasterOptions.obj
[...]
   807 0001:0000b022   809 0001:0000b034   810 0001:0000b03c   803 0001:0000b04c
   813 0001:0000b054   815 0001:0000b058   816 0001:0000b05d   165 0001:0000b05f
   744 0001:0000b07b   743 0001:0000b07b   750 0001:0000b092   754 0001:0000b095
   753 0001:0000b096   754 0001:0000b098  1154 0001:0000b099  1155 0001:0000b0ae
  1159 0001:0000b0c4  1163 0001:0000b0c7  1164 0001:0000b0dd  1167 0001:0000b0e2
  1170 0001:0000b0ed  1172 0001:0000b109  1174 0001:0000b11c  1177 0001:0000b133
  1181 0001:0000b139  1184 0001:0000b14b  1186 0001:0000b155  1188 0001:0000b158
  1191 0001:0000b164  1193 0001:0000b168  1195 0001:0000b17f  1197 0001:0000b18c
  1203 0001:0000b191  1205 0001:0000b1a1  1206 0001:0000b1a7  1210 0001:0000b1be
  1214 0001:0000b1d2  1216 0001:0000b1ef  1220 0001:0000b206  1223 0001:0000b210
  1227 0001:0000b219  1228 0001:0000b223  1231 0001:0000b23c  1389 0001:0000b244
  1393 0001:0000b248  1395 0001:0000b25a  1397 0001:0000b27b  1167 0001:0000b292
  1397 0001:0000b29c  1238 0001:0000b2a1  1243 0001:0000b2ae  1244 0001:0000b2c2
  1246 0001:0000b2ca  1247 0001:0000b2db  1259 0001:0000b2e8  1260 0001:0000b2f3
  1262 0001:0000b300  1266 0001:0000b302  1269 0001:0000b314  1271 0001:0000b31f
  1272 0001:0000b333  1275 0001:0000b337  1276 0001:0000b34b  1280 0001:0000b34f
  1281 0001:0000b368  1286 0001:0000b370  1290 0001:0000b387  1292 0001:0000b391
  1296 0001:0000b3b0  1298 0001:0000b3b5  1299 0001:0000b3ba  1300 0001:0000b3d1
  1301 0001:0000b3d3  1305 0001:0000b3da  1306 0001:0000b3df  1317 0001:0000b3e6
  1319 0001:0000b3f9  1321 0001:0000b40c  1324 0001:0000b41f  1326 0001:0000b425
  1328 0001:0000b43e  1331 0001:0000b448  1341 0001:0000b45b  1345 0001:0000b46e
  1348 0001:0000b477  1383 0001:0000b483  1403 0001:0000b48a  1404 0001:0000b4a2
  1358 0001:0000b4ba  1361 0001:0000b4d1  1365 0001:0000b4f2  1367 0001:0000b504
  1370 0001:0000b509  1371 0001:0000b51d  1374 0001:0000b52b  1379 0001:0000b537
  1381 0001:0000b547  1386 0001:0000b54f  1221 0001:0000b554  1232 0001:0000b55c
  1250 0001:0000b567  1251 0001:0000b56c  1256 0001:0000b579  1257 0001:0000b57e
  1267 0001:0000b597  1282 0001:0000b5b1  1372 0001:0000b5b6   819 0001:0000b609
   827 0001:0000b625   828 0001:0000b646   829 0001:0000b64c   832 0001:0000b665
   835 0001:0000b66f   836 0001:0000b674   837 0001:0000b683   839 0001:0000b689
   850 0001:0000b6b5   851 0001:0000b6c3   852 0001:0000b6c9   853 0001:0000b6de
   858 0001:0000b6e8   860 0001:0000b6fe   861 0001:0000b701   863 0001:0000b710
   864 0001:0000b715   866 0001:0000b71b   852 0001:0000b71d   868 0001:0000b723
   877 0001:0000b726   878 0001:0000b728   858 0001:0000b72a   882 0001:0000b730
   883 0001:0000b734   885 0001:0000b747   887 0001:0000b749   889 0001:0000b74c
   890 0001:0000b769   894 0001:0000b76e   901 0001:0000b774   903 0001:0000b790
   905 0001:0000b7a1   909 0001:0000b7b3   910 0001:0000b7c0   913 0001:0000b7c8
   916 0001:0000b7ca   917 0001:0000b7e5   918 0001:0000b803   919 0001:0000b80d
   920 0001:0000b82c   921 0001:0000b83c   922 0001:0000b845   923 0001:0000b87e
   924 0001:0000b89a   843 0001:0000b8b5   928 0001:0000b8cb   931 0001:0000b8d1
   934 0001:0000b8da   935 0001:0000b8e7   937 0001:0000b8e9   938 0001:0000b8eb
   628 0001:0000b904   618 0001:0000b904   629 0001:0000b927   630 0001:0000b93a
   631 0001:0000b94d   636 0001:0000b961   638 0001:0000b963   645 0001:0000b97e
   647 0001:0000b981   640 0001:0000b982   641 0001:0000b991   647 0001:0000b995
   651 0001:0000ba43   650 0001:0000ba43   677 0001:0000ba64   683 0001:0000ba67
   670 0001:0000ba68   683 0001:0000ba6b   663 0001:0000ba6c   683 0001:0000ba6f
   681 0001:0000ba70   683 0001:0000ba72   994 0001:0000baa6   998 0001:0000bab0
  1000 0001:0000bac5  1001 0001:0000bace  1003 0001:0000bad0  1004 0001:0000bad5
  1005 0001:0000bae2  1006 0001:0000bae4  1007 0001:0000baef  1010 0001:0000baf1
  1011 0001:0000baf3   950 0001:0000bb07   951 0001:0000bb0b   955 0001:0000bb0d
   959 0001:0000bb2b   962 0001:0000bb2f   963 0001:0000bb38   941 0001:0000bb3c
   942 0001:0000bb3d   943 0001:0000bb42   946 0001:0000bb5d   947 0001:0000bb61
   944 0001:0000bb64   757 0001:0000bc74   758 0001:0000bc74   759 0001:0000bc76
   760 0001:0000bc8e   460 0001:0000bc8f   461 0001:0000bc9c   470 0001:0000bca7
   471 0001:0000bcc8

Line numbers for .\Release\SettingsMasterOptions.obj(g:\vsnet\vc7\atlmfc\include\atlbase.h) segment .text

   736 0001:0000952f   727 0001:0000952f   738 0001:0000954f   736 0001:00009550
   738 0001:00009552   628 0001:00009cc7   627 0001:00009cc7   629 0001:00009ccd
   630 0001:00009cdd  2677 0001:0000a0d9  2678 0001:0000a0d9  2679 0001:0000a0f2
  5506 0001:0000a496  5507 0001:0000a4b1  5509 0001:0000a4bd  5511 0001:0000a4c1
  5514 0001:0000a4c3  5515 0001:0000a4d0  5519 0001:0000a4d9  5520 0001:0000a4e4
  5528 0001:0000a4e8  5523 0001:0000a4ef  5525 0001:0000a4f5  5526 0001:0000a4ff
  5527 0001:0000a513  5528 0001:0000a517  5529 0001:0000a521  5540 0001:0000a52f
  5543 0001:0000a53d  5559 0001:0000a54d  5550 0001:0000a552  5551 0001:0000a56c
  5552 0001:0000a579  5553 0001:0000a57b  5555 0001:0000a58e  5562 0001:0000a5a3
  5565 0001:0000a5a7  5566 0001:0000a5b9  5571 0001:0000a5bd  5572 0001:0000a5ea
  5573 0001:0000a5fa  2766 0001:0000a76b  2765 0001:0000a76b  2768 0001:0000a76d
  2769 0001:0000a772  2770 0001:0000a778  2771 0001:0000a77f  2773 0001:0000a789
  2774 0001:0000a78c  4883 0001:0000b5c0  4886 0001:0000b5c5  4888 0001:0000b5cb
  4889 0001:0000b5ed  4890 0001:0000b5f1  4891 0001:0000b5f6  4893 0001:0000b5fa
  4894 0001:0000b5ff  4897 0001:0000b605  5179 0001:0000b996  5184 0001:0000b999
  5185 0001:0000b9bd  5188 0001:0000b9cb  5200 0001:0000b9cc  5203 0001:0000b9d3
  5204 0001:0000b9db  5205 0001:0000b9e0  5206 0001:0000b9e2  5209 0001:0000b9e7
  5210 0001:0000ba02  5167 0001:0000ba05  5169 0001:0000ba05  5170 0001:0000ba20
  4900 0001:0000ba73  4902 0001:0000ba77  4903 0001:0000ba7e  4904 0001:0000ba93
  4906 0001:0000ba97  4908 0001:0000ba9c  4911 0001:0000baa2  5246 0001:0000bb68
  5248 0001:0000bb7e  5249 0001:0000bba2  5255 0001:0000bba6  5261 0001:0000bbb8
  5263 0001:0000bbc0  5264 0001:0000bbcc  5261 0001:0000bbd3  5266 0001:0000bbe6
  5268 0001:0000bbf3  5269 0001:0000bc06  5270 0001:0000bc22  5265 0001:0000bc3a
  4844 0001:0000bc4d  4842 0001:0000bc4d  4846 0001:0000bc55  4847 0001:0000bc5c
  4850 0001:0000bc5f  4803 0001:0000bc60   303 0001:0000bd3b   304 0001:0000bd3e
   306 0001:0000bd44   308 0001:0000bd51  2779 0001:0000bfcf  2780 0001:0000bfd3
  2782 0001:0000bfe3  2783 0001:0000bfe7  2785 0001:0000bff3  2787 0001:0000bff8
  2789 0001:0000bfff  2791 0001:0000c008  2792 0001:0000c00c   634 0001:0000c012
   633 0001:0000c012   636 0001:0000c017   638 0001:0000c02a   639 0001:0000c039
   453 0001:0000c03c   457 0001:0000c03c   460 0001:0000c03e   461 0001:0000c061
  2582 0001:0000c161  2583 0001:0000c162  2584 0001:0000c170  6215 0001:0000c197
  6216 0001:0000c198  6217 0001:0000c19e  6218 0001:0000c1a0  6219 0001:0000c1a4
  6220 0001:0000c1a6  6221 0001:0000c1ab  6223 0001:0000c1b3  6224 0001:0000c1be
  6225 0001:0000c1db  6226 0001:0000c1e3  6227 0001:0000c1ed  6228 0001:0000c1f1
  6229 0001:0000c1f4  2573 0001:0000c21e  2576 0001:0000c226  2577 0001:0000c232
  2578 0001:0000c236  2579 0001:0000c23d  2602 0001:0000d9b5

Line numbers for .\Release\SettingsMasterOptions.obj(g:\vsnet\vc7\atlmfc\include\atlconv.h) segment .text

   557 0001:00009451   554 0001:00009451   563 0001:0000945d   564 0001:00009476
   569 0001:0000947c   558 0001:0000947e   570 0001:00009480   134 0001:0000c062
   139 0001:0000c07b   140 0001:0000c08c   143 0001:0000c096   147 0001:0000c09d
   149 0001:0000c0a2   151 0001:0000c0ae   152 0001:0000c0b4   127 0001:0000c0c7
   128 0001:0000c0c7   129 0001:0000c0ca   101 0001:0000c0cb   102 0001:0000c0da
   104 0001:0000c0dc   110 0001:0000c0e2   113 0001:0000c0f8   116 0001:0000c102
   120 0001:0000c113   121 0001:0000c117   124 0001:0000c11f

Line numbers for .\Release\SettingsMasterOptions.obj(g:\vsnet\vc7\atlmfc\include\atlcomcli.h) segment .text

   206 0001:00005597   204 0001:00005597   207 0001:0000559b   212 0001:000055a0
   208 0001:000055a1   209 0001:000055a5   210 0001:000055ab   211 0001:000055b1
   212 0001:000055b3   486 0001:000057a2   488 0001:000057ab   489 0001:000057af
   490 0001:000057bd   486 0001:000057c4   488 0001:000057cd   489 0001:000057d1
   490 0001:000057df   486 0001:00005938   488 0001:00005941   489 0001:00005945
   490 0001:00005953   486 0001:0000595a   488 0001:00005963   489 0001:00005967
   490 0001:00005975   486 0001:0000597c   488 0001:00005985   489 0001:00005989
   490 0001:00005997   486 0001:0000599e   488 0001:000059a7   489 0001:000059ab
   490 0001:000059b9   486 0001:00005a5b   488 0001:00005a64   489 0001:00005a68
   490 0001:00005a76   486 0001:00006c60   488 0001:00006c69   489 0001:00006c6d
   490 0001:00006c7b  1045 0001:000096b6  1047 0001:000096bb  1048 0001:000096bf
  1056 0001:000096c4  1051 0001:000096c6  1052 0001:000096de  1053 0001:000096ee
  1054 0001:000096f0  1055 0001:000096f2  1056 0001:00009707  1055 0001:00009709
  1056 0001:0000970b  2201 0001:0000970d  2202 0001:0000971b  2203 0001:00009728
  2205 0001:00009732  2206 0001:0000973c  2207 0001:0000973e  2210 0001:00009744
  2215 0001:00009761  2216 0001:00009767  2218 0001:0000976c  2219 0001:0000977d
  2221 0001:00009781  2222 0001:00009794  2223 0001:00009798  2226 0001:000097af
  2227 0001:000097b4  2228 0001:000097c0  2232 0001:000097d0  2233 0001:000097d3
  2237 0001:000097d5  2238 0001:000097d7  2245 0001:000097d9  2246 0001:000097db
  2254 0001:000097dd  2260 0001:000097e0  2263 0001:000097ee  2264 0001:000097fb
  2266 0001:00009807  2267 0001:00009818  2268 0001:0000981c  2269 0001:0000982d
  2271 0001:00009830  2272 0001:00009832  2274 0001:0000983f  2276 0001:0000984c
  2277 0001:0000985c  1058 0001:00009a17  1060 0001:00009a1d  1061 0001:00009a23
  1064 0001:00009a2a  1067 0001:00009a32  1068 0001:00009a44  1072 0001:00009a52
  1073 0001:00009a5d  1074 0001:00009a63  1075 0001:00009a6a  1076 0001:00009a6c
  1079 0001:00009a77  1083 0001:00009a7e  1086 0001:00009a8f  1087 0001:00009a95
  1088 0001:00009a9c  1089 0001:00009aa0  2281 0001:00009aa2  2283 0001:00009ab4
  2284 0001:00009abc  2287 0001:00009ac6  2288 0001:00009acd  2289 0001:00009acf
  2292 0001:00009ad5  2293 0001:00009aeb  2294 0001:00009afc  2295 0001:00009b01
  2296 0001:00009b03  2298 0001:00009b09  2300 0001:00009b0c  2305 0001:00009b2b
  2308 0001:00009b2e  2311 0001:00009b49  2312 0001:00009b54  2313 0001:00009b56
  2317 0001:00009b5b  2318 0001:00009b5e  2322 0001:00009b60  2323 0001:00009b67
  2330 0001:00009b69  2331 0001:00009b70  2339 0001:00009b72  2346 0001:00009b79
  2347 0001:00009b87  2348 0001:00009b8c  2349 0001:00009b91  2351 0001:00009b93
  2353 0001:00009b99  2354 0001:00009ba3  2360 0001:00009ba7  2361 0001:00009bb9
  2365 0001:00009bbe  2366 0001:00009bd0  2367 0001:00009bdf  2368 0001:00009be9
   425 0001:00009c26   428 0001:00009c2c   429 0001:00009c32   452 0001:00009c37
   431 0001:00009c39   432 0001:00009c3d   452 0001:00009c42   435 0001:00009c44
   436 0001:00009c48   441 0001:00009c4b   445 0001:00009c7d   446 0001:00009c91
   447 0001:00009c93   446 0001:00009c95   451 0001:00009c97   452 0001:00009cad
  2371 0001:00009cde  2375 0001:00009cee  2380 0001:00009d0f  2381 0001:00009d17
  2383 0001:00009d1c  2384 0001:00009d2d  2386 0001:00009d31  2387 0001:00009d42
  2388 0001:00009d46  2391 0001:00009d59  2394 0001:00009d60  2395 0001:00009d68
  2396 0001:00009d72  2398 0001:00009d75  2399 0001:00009d7d  2400 0001:00009d80
  2401 0001:00009d8e  2404 0001:00009d90  2405 0001:00009d92  2409 0001:00009d94
  2410 0001:00009d96  2417 0001:00009d98  2418 0001:00009d9a  2421 0001:00009d9c
  2422 0001:00009d9f  2426 0001:00009da1  2431 0001:00009da4  2434 0001:00009da9
  2435 0001:00009db3  2437 0001:00009db9  2438 0001:00009dc8  2439 0001:00009dcc
  2441 0001:00009dcf  2442 0001:00009dd1  2445 0001:00009dd4  2446 0001:00009dd8
  2447 0001:00009de4  2449 0001:00009dee    59 0001:00009e30    58 0001:00009e30
    60 0001:00009e34    62 0001:00009e39    63 0001:00009e3b    64 0001:00009e3e
    65 0001:00009e42    66 0001:00009e4c    67 0001:00009e50    68 0001:00009e56
    69 0001:00009e59   248 0001:00009e5c   250 0001:00009e5f    45 0001:0000a44f
    46 0001:0000a44f    47 0001:0000a453    55 0001:0000a455    49 0001:0000a456
    50 0001:0000a45a    51 0001:0000a460    52 0001:0000a466    53 0001:0000a46c
    54 0001:0000a46e    55 0001:0000a470    32 0001:0000bc65    33 0001:0000bc65
    34 0001:0000bc73   454 0001:0000bcf0   457 0001:0000bcf6   458 0001:0000bcfd
   468 0001:0000bd02   460 0001:0000bd04   461 0001:0000bd08   468 0001:0000bd0d
   467 0001:0000bd0f   468 0001:0000bd39   612 0001:0000bd52   611 0001:0000bd52
   614 0001:0000bd5a   615 0001:0000bd61   617 0001:0000bd68   618 0001:0000bd72
   619 0001:0000bd78   622 0001:0000bd82   624 0001:0000bd85   625 0001:0000bd87
    27 0001:0000bd8a    26 0001:0000bd8a    28 0001:0000bd90    29 0001:0000bd9e
   573 0001:0000bd9f   571 0001:0000bd9f   574 0001:0000bda6   581 0001:0000bda9
   589 0001:0000bdc9   592 0001:0000bdda   593 0001:0000bdec   594 0001:0000bdf9
   595 0001:0000bdff   596 0001:0000be09  1709 0001:0000be17  1708 0001:0000be17
  1711 0001:0000be1e  1713 0001:0000be2d  1715 0001:0000be3a  1716 0001:0000be3f
  1718 0001:0000be46  1719 0001:0000be48  1536 0001:0000be4b  1537 0001:0000be4b
  1538 0001:0000be52   628 0001:0000c12c   629 0001:0000c12c   630 0001:0000c134
   551 0001:0000c135   549 0001:0000c135   552 0001:0000c13c   559 0001:0000c13f

Line numbers for .\Release\SettingsMasterOptions.obj(g:\vsnet\vc7\atlmfc\include\atlsimpcoll.h) segment .text

   139 0001:000055b4   140 0001:000055b4   143 0001:000055bf   144 0001:000055cb
   145 0001:000055d7   147 0001:000055dd   148 0001:000055e0   150 0001:000055e2
   151 0001:000055f0   152 0001:000055f3   153 0001:000055f7   247 0001:00006ddd
   246 0001:00006ddd   248 0001:00006df0   379 0001:0000a677   377 0001:0000a677
   382 0001:0000a680   383 0001:0000a685   385 0001:0000a698   387 0001:0000a698
   390 0001:0000a6a1   391 0001:0000a6a7   332 0001:0000a6ba   333 0001:0000a6ba
   340 0001:0000a6c7   341 0001:0000a6ca   343 0001:0000a6ce   345 0001:0000a6d5
   346 0001:0000a6d8   349 0001:0000a6dd   350 0001:0000a6e2   277 0001:0000a6ff
   276 0001:0000a6ff   286 0001:0000a8f6   288 0001:0000a8f6   289 0001:0000a90c
   290 0001:0000a910   291 0001:0000a912   293 0001:0000a914   294 0001:0000a924
   295 0001:0000a92a   297 0001:0000a92e   298 0001:0000a943   299 0001:0000a946
   300 0001:0000a94a   443 0001:0000a94d   442 0001:0000a94d   444 0001:0000a960
   445 0001:0000a96f   363 0001:0000ae36   364 0001:0000ae37   365 0001:0000ae42
   366 0001:0000ae47   367 0001:0000ae4b   368 0001:0000ae55   394 0001:0000ae58
   395 0001:0000ae59   397 0001:0000ae60   400 0001:0000ae7c   401 0001:0000ae80
   398 0001:0000ae83   173 0001:0000c179   174 0001:0000c17c   178 0001:0000c182
   179 0001:0000c189   181 0001:0000c18d   182 0001:0000c191   183 0001:0000c196
   194 0001:0000c1f7   196 0001:0000c1f7   200 0001:0000c204   201 0001:0000c209

Line numbers for .\Release\dlldatax.obj(d:\dev\booktwo\disk\settingsmaster\settingsmastershim\dlldata.c) segment .text

    32 0001:00000000    32 0001:00000034    32 0001:00000040    32 0001:00000051
    32 0001:00000052    32 0001:00000064    32 0001:0000008b

Line numbers for .\Release\dlldatax.obj(d:\dev\booktwo\disk\settingsmaster\settingsmastershim\settingsmastershim_p.c) segment .orpc

   239 0002:00000000   237 0002:00000000   241 0002:0000001a   242 0002:00000021
   245 0002:00000026   246 0002:00000028

Line numbers for G:\VSNET\Vc7\lib\MSVCRT.lib(F:\VS70Builds\3036\vc\crtbld\crt\src\intel\chkstk.asm) segment .text

    69 0001:0000d3e0    65 0001:0000d3e0    70 0001:0000d3e5    72 0001:0000d3e7
    73 0001:0000d3e9    74 0001:0000d3eb    75 0001:0000d3ee    76 0001:0000d3f0
    77 0001:0000d3f1    78 0001:0000d3f3    79 0001:0000d3f4    82 0001:0000d3f5
    83 0001:0000d3f6    88 0001:0000d3fa    89 0001:0000d400    91 0001:0000d405
    93 0001:0000d407    94 0001:0000d40c    97 0001:0000d40e    98 0001:0000d410
   100 0001:0000d412   102 0001:0000d414   104 0001:0000d416   105 0001:0000d418
   107 0001:0000d41b   109 0001:0000d41c

Line numbers for G:\VSNET\Vc7\lib\MSVCRT.lib(f:\vs70builds\3036\vc\crtbld\crt\src\atonexit.c) segment .text

    81 0001:0000cd1e    76 0001:0000cd1e    90 0001:0000cd43    96 0001:0000cd44
    95 0001:0000cd44    97 0001:0000cd55

Line numbers for G:\VSNET\Vc7\lib\MSVCRT.lib(f:\vs70builds\3036\vc\crtbld\crt\src\crtdll.c) segment .text

   134 0001:0000ceda   129 0001:0000ceda   135 0001:0000cee2   136 0001:0000ceea
   158 0001:0000cef0   163 0001:0000cf03   168 0001:0000cf18   170 0001:0000cf1c
   172 0001:0000cf1f   178 0001:0000cf29   179 0001:0000cf2e   184 0001:0000cf38
   189 0001:0000cf49   192 0001:0000cf50   219 0001:0000cf56   220 0001:0000cf5f
   225 0001:0000cf61   226 0001:0000cf6d   234 0001:0000cf83   236 0001:0000cf8a
   234 0001:0000cf91   240 0001:0000cf92   241 0001:0000cf95   249 0001:0000cf98
   250 0001:0000cfa4   252 0001:0000cfaa   257 0001:0000cfaf   258 0001:0000cfbc
   260 0001:0000cfc2   262 0001:0000cfcb   263 0001:0000cfd4   265 0001:0000cfe0
   266 0001:0000cfe9   268 0001:0000cff8   269 0001:0000cffa   272 0001:0000cffc
   275 0001:0000d00c   283 0001:0000d015   286 0001:0000d01f   288 0001:0000d028
   289 0001:0000d036   291 0001:0000d039   292 0001:0000d047   298 0001:0000d055
   294 0001:0000d05a   295 0001:0000d072   299 0001:0000d074

Line numbers for G:\VSNET\Vc7\lib\MSVCRT.lib(f:\vs70builds\3036\vc\crtbld\crt\src\secchk.c) segment .text

   114 0001:0000d2f0   116 0001:0000d2fc   117 0001:0000d300   119 0001:0000d30d
   123 0001:0000d318   100 0001:0000d321   103 0001:0000d321   104 0001:0000d327
   105 0001:0000d329   107 0001:0000d32a

Line numbers for G:\VSNET\Vc7\lib\MSVCRT.lib(f:\vs70builds\3036\vc\crtbld\crt\src\seccinit.c) segment .text

    49 0001:0000d32f    58 0001:0000d335    67 0001:0000d346    70 0001:0000d350
    75 0001:0000d356    76 0001:0000d35e    77 0001:0000d366    79 0001:0000d36e
    93 0001:0000d378    94 0001:0000d393

Line numbers for G:\VSNET\Vc7\atlmfc\lib\atls.lib(f:\vs70builds\3036\vc\mfcatl\ship\atlmfc\src\atl\atls\atlbase.cpp) segment .text

    67 0001:0000d1ad    68 0001:0000d1b0    69 0001:0000d1ba    29 0001:0000d1c3
    32 0001:0000d1de    36 0001:0000d1e3    38 0001:0000d206    39 0001:0000d217
    41 0001:0000d21d    46 0001:0000d223    49 0001:0000d22b    51 0001:0000d239
    58 0001:0000d23d    62 0001:0000d257    64 0001:0000d25e   126 0001:0000d9e3

Line numbers for G:\VSNET\Vc7\atlmfc\lib\atls.lib(f:\vs70builds\3036\vc\mfcatl\ship\atlmfc\include\atlsimpcoll.h) segment .text

   173 0001:0000d176   174 0001:0000d179   178 0001:0000d17f   179 0001:0000d185
   181 0001:0000d189   182 0001:0000d18d   183 0001:0000d192

Line numbers for G:\VSNET\Vc7\atlmfc\lib\atls.lib(f:\vs70builds\3036\vc\mfcatl\ship\atlmfc\src\atl\atls\atlcommodule.cpp) segment .text

    20 0001:0000d9f9

Line numbers for G:\VSNET\Vc7\atlmfc\lib\atls.lib(f:\vs70builds\3036\vc\mfcatl\ship\atlmfc\include\atlbase.h) segment .text

  2272 0001:0000d26e  2273 0001:0000d271  2276 0001:0000d277  2278 0001:0000d280
  2281 0001:0000d286  2282 0001:0000d28d  2283 0001:0000d293  2276 0001:0000d297
  2286 0001:0000d2a0  2290 0001:0000d2aa  2291 0001:0000d2af  2248 0001:0000d2b0
  2257 0001:0000d2be  2261 0001:0000d2e4  2263 0001:0000d2ec

 Exports

  ordinal    name

        1    _DllCanUnloadNow@0
               exported name: DllCanUnloadNow
        2    _DllGetClassObject@12
               exported name: DllGetClassObject
        3    _DllRegisterServer@0
               exported name: DllRegisterServer
        4    _DllUnregisterServer@0
               exported name: DllUnregisterServer
