 SuperSaverShim

 Timestamp is 3e4e5858 (Sat Feb 15 10:10:16 2003)

 Preferred load address is 66200000

 Start         Length     Name                   Class
 0001:00000000 0000d41dH .text                   CODE
 0001:0000d41d 00000598H .text$x                 CODE
 0001:0000d9b5 0000005aH .text$yc                CODE
 0001:0000da0f 00000029H .text$yd                CODE
 0002:00000000 0000002bH .orpc                   CODE
 0003:00000000 000003a8H .idata$5                DATA
 0003:000003b0 000017b0H .rdata                  DATA
 0003:00001b60 00000047H .rdata$debug            DATA
 0003:00001ba8 00000044H .rdata$r                DATA
 0003:00001bf0 000000e0H .rdata$sxdata           DATA
 0003:00001cd0 00000004H .rtc$IAA                DATA
 0003:00001cd4 00000004H .rtc$IZZ                DATA
 0003:00001cd8 00000004H .rtc$TAA                DATA
 0003:00001cdc 00000004H .rtc$TZZ                DATA
 0003:00001ce0 00000c78H .xdata$x                DATA
 0003:00002958 00000004H ATL$__a                 DATA
 0003:0000295c 00000004H ATL$__m                 DATA
 0003:00002960 00000004H ATL$__z                 DATA
 0003:00002964 000000c8H .idata$2                DATA
 0003:00002a2c 00000014H .idata$3                DATA
 0003:00002a40 000003a8H .idata$4                DATA
 0003:00002de8 00000e80H .idata$6                DATA
 0003:00003c70 000000abH .edata                  DATA
 0004:00000000 00000004H .CRT$XCA                DATA
 0004:00000004 00000004H .CRT$XCAA               DATA
 0004:00000008 00000008H .CRT$XCL                DATA
 0004:00000010 00000008H .CRT$XCU                DATA
 0004:00000018 00000004H .CRT$XCZ                DATA
 0004:0000001c 00000004H .CRT$XIA                DATA
 0004:00000020 00000004H .CRT$XIZ                DATA
 0004:00000030 000002e0H .data                   DATA
 0004:00000310 00000154H .bss                    DATA
 0005:00000000 00000214H .rsrc$01                DATA
 0005:00000220 000011c8H .rsrc$02                DATA

  Address         Publics by Value              Rva+Base     Lib:Object

 0000:00000000       __except_list              00000000     <absolute>
 0000:00000038       ___safe_se_handler_count   00000038     <absolute>
 0000:00009876       __ldused                   00009876     <absolute>
 0000:00009876       __fltused                  00009876     <absolute>
 0000:00000000       ___ImageBase               66200000     <linker-defined>
 0001:00000000       _PrxDllGetClassObject@12   66201000 f   dlldatax.obj
 0001:00000034       _PrxDllCanUnloadNow@0      66201034 f   dlldatax.obj
 0001:00000040       _CStdStubBuffer2_Release@4 66201040 f   dlldatax.obj
 0001:00000051       __purecall                 66201051 f   dlldatax.obj
 0001:00000052       _PrxDllMain@12             66201052 f   dlldatax.obj
 0001:00000064       _PrxDllRegisterServer@0    66201064 f   dlldatax.obj
 0001:0000008b       _PrxDllUnregisterServer@0  6620108b f   dlldatax.obj
 0001:000000b2       ?_AtlGetThreadACPFake@ATL@@YGIXZ 662010b2 f i stdafx.obj
 0001:00000113       ?_AtlGetThreadACPReal@ATL@@YGIXZ 66201113 f i stdafx.obj
 0001:00000117       ?_AtlGetThreadACPThunk@ATL@@YGIXZ 66201117 f i stdafx.obj
 0001:0000017c       ??0CComCriticalSection@ATL@@QAE@XZ 6620117c f i stdafx.obj
 0001:00000190       ?Init@CComCriticalSection@ATL@@QAEJXZ 66201190 f i stdafx.obj
 0001:000001e0       ??1CComBSTR@ATL@@QAE@XZ    662011e0 f i stdafx.obj
 0001:000001e9       ??0CAtlWinModule@ATL@@QAE@XZ 662011e9 f i stdafx.obj
 0001:0000020c       ??1CAtlWinModule@ATL@@QAE@XZ 6620120c f i stdafx.obj
 0001:00000224       ??0_ATL_WIN_MODULE70@ATL@@QAE@XZ 66201224 f i stdafx.obj
 0001:0000023e       ?AtlWinModuleTerm@ATL@@YGJPAU_ATL_WIN_MODULE70@1@PAUHINSTANCE__@@@Z 6620123e f i stdafx.obj
 0001:0000029e       ?AtlWinModuleInit@ATL@@YGJPAU_ATL_WIN_MODULE70@1@@Z 6620129e f i stdafx.obj
 0001:000002c1       ??_Estringdispid@CComTypeInfoHolder@ATL@@QAEPAXI@Z 662012c1 f i stdafx.obj
 0001:00000308       ??1stringdispid@CComTypeInfoHolder@ATL@@QAE@XZ 66201308 f i stdafx.obj
 0001:00000311       ?RemoveAll@?$CSimpleArray@GV?$CSimpleArrayEqualHelper@G@ATL@@@ATL@@QAEXXZ 66201311 f i stdafx.obj
 0001:0000032f       ??A?$CSimpleArray@GV?$CSimpleArrayEqualHelper@G@ATL@@@ATL@@QAEAAGH@Z 6620132f f i stdafx.obj
 0001:00000356       ??0_ATL_MSG@ATL@@QAE@PAUHWND__@@IIJH@Z 66201356 f i SuperSaverOptionsShim.obj
 0001:00000389       ?Register@_ATL_WNDCLASSINFOW@ATL@@QAEGPAP6GJPAUHWND__@@IIJ@Z@Z 66201389 f i SuperSaverOptionsShim.obj
 0001:000003a8       ?FindFirstDlgItem@_DialogSplitHelper@ATL@@SAPAUDLGITEMTEMPLATE@@PBUDLGTEMPLATE@@@Z 662013a8 f i SuperSaverOptionsShim.obj
 0001:00000424       ?FindNextDlgItem@_DialogSplitHelper@ATL@@SAPAUDLGITEMTEMPLATE@@PAU3@H@Z 66201424 f i SuperSaverOptionsShim.obj
 0001:00000483       ?FindCreateData@_DialogSplitHelper@ATL@@SAKKPAEPAPAE@Z 66201483 f i SuperSaverOptionsShim.obj
 0001:000004bd       ?IsActiveXControl@_DialogSplitHelper@ATL@@SA_NPAUDLGITEMTEMPLATE@@H@Z 662014bd f i SuperSaverOptionsShim.obj
 0001:000004d4       ?SplitDialogTemplate@_DialogSplitHelper@ATL@@SAPAUDLGTEMPLATE@@PAU3@PAE@Z 662014d4 f i SuperSaverOptionsShim.obj
 0001:000005f1       ?ParseInitData@_DialogSplitHelper@ATL@@SAJPAUIStream@@PAPAG@Z 662015f1 f i SuperSaverOptionsShim.obj
 0001:0000078e       ?Create@CWindow@ATL@@QAEPAUHWND__@@PBGPAU3@V_U_RECT@2@0KKV_U_MENUorID@2@PAX@Z 6620178e f i SuperSaverOptionsShim.obj
 0001:000007dc       ?IsParentDialog@CWindow@ATL@@QAEHXZ 662017dc f i SuperSaverOptionsShim.obj
 0001:00000826       ?Init@CWndProcThunk@ATL@@QAEXP6GJPAUHWND__@@IIJ@ZPAX@Z 66201826 f i SuperSaverOptionsShim.obj
 0001:0000083d       ?GetDialogSize@_DialogSizeHelper@ATL@@SAXPBUDLGTEMPLATE@@PAUtagSIZE@@_N@Z 6620183d f i SuperSaverOptionsShim.obj
 0001:00000895       ?GetFontDimensions@_DialogSizeHelper@ATL@@SAXPBGGPAUtagSIZE@@PAJ@Z 66201895 f i SuperSaverOptionsShim.obj
 0001:000009ab       ?ConvertDialogUnitsToPixels@_DialogSizeHelper@ATL@@SAXPBGGPAUtagSIZE@@_N@Z 662019ab f i SuperSaverOptionsShim.obj
 0001:00000a90       ?HasFont@_DialogSizeHelper@ATL@@SAHPBUDLGTEMPLATE@@@Z 66201a90 f i SuperSaverOptionsShim.obj
 0001:00000aa3       ?GetFontSizeField@_DialogSizeHelper@ATL@@SAPAEPBUDLGTEMPLATE@@@Z 66201aa3 f i SuperSaverOptionsShim.obj
 0001:00000aea       ?GetFont@_DialogSizeHelper@ATL@@SAHPBUDLGTEMPLATE@@PAG1@Z 66201aea f i SuperSaverOptionsShim.obj
 0001:00000b41       ?GetSizeInDialogUnits@_DialogSizeHelper@ATL@@SAXPBUDLGTEMPLATE@@PAUtagSIZE@@@Z 66201b41 f i SuperSaverOptionsShim.obj
 0001:00000d07       ?FinalRelease@CAxFrameWindow@ATL@@QAEXXZ 66201d07 f i SuperSaverOptionsShim.obj
 0001:00000d07       ?FinalRelease@CAxUIWindow@ATL@@QAEXXZ 66201d07 f i SuperSaverOptionsShim.obj
 0001:00000d2b       ?GetWindow@CAxFrameWindow@ATL@@UAGJPAPAUHWND__@@@Z 66201d2b f i SuperSaverOptionsShim.obj
 0001:00000d74       ?InsertMenus@CAxFrameWindow@ATL@@UAGJPAUHMENU__@@PAUtagOleMenuGroupWidths@@@Z 66201d74 f i SuperSaverOptionsShim.obj
 0001:00000d74       ?SetHostNames@?$IOleObjectImpl@VCSuperSaverOptionsShim@@@ATL@@UAGJPBG0@Z 66201d74 f i SuperSaverOptionsShim.obj
 0001:00000d79       ?ResizeBorder@?$IOleInPlaceActiveObjectImpl@VCSuperSaverOptionsShim@@@ATL@@UAGJPBUtagRECT@@PAUIOleInPlaceUIWindow@@H@Z 66201d79 f i SuperSaverOptionsShim.obj
 0001:00000d79       ?SetMenu@CAxFrameWindow@ATL@@UAGJPAUHMENU__@@PAXPAUHWND__@@@Z 66201d79 f i SuperSaverOptionsShim.obj
 0001:00000d7e       ?SaveCompleted@?$IPersistStorageImpl@VCSuperSaverOptionsShim@@@ATL@@UAGJPAUIStorage@@@Z 66201d7e f i SuperSaverOptionsShim.obj
 0001:00000d7e       ?EnableModeless@?$IOleInPlaceActiveObjectImpl@VCSuperSaverOptionsShim@@@ATL@@UAGJH@Z 66201d7e f i SuperSaverOptionsShim.obj
 0001:00000d7e       ?LockInPlaceActive@CAxHostWindow@ATL@@UAGJH@Z 66201d7e f i SuperSaverOptionsShim.obj
 0001:00000d7e       ?SetBorderSpace@CAxFrameWindow@ATL@@UAGJPBUtagRECT@@@Z 66201d7e f i SuperSaverOptionsShim.obj
 0001:00000d7e       ?OnFrameWindowActivate@?$IOleInPlaceActiveObjectImpl@VCSuperSaverOptionsShim@@@ATL@@UAGJH@Z 66201d7e f i SuperSaverOptionsShim.obj
 0001:00000d7e       ?GetBorder@CAxUIWindow@ATL@@UAGJPAUtagRECT@@@Z 66201d7e f i SuperSaverOptionsShim.obj
 0001:00000d7e       ?SetBorderSpace@CAxUIWindow@ATL@@UAGJPBUtagRECT@@@Z 66201d7e f i SuperSaverOptionsShim.obj
 0001:00000d7e       ?EnableModeless@CAxFrameWindow@ATL@@UAGJH@Z 66201d7e f i SuperSaverOptionsShim.obj
 0001:00000d7e       ?GetBorder@CAxFrameWindow@ATL@@UAGJPAUtagRECT@@@Z 66201d7e f i SuperSaverOptionsShim.obj
 0001:00000d7e       ?RemoveMenus@CAxFrameWindow@ATL@@UAGJPAUHMENU__@@@Z 66201d7e f i SuperSaverOptionsShim.obj
 0001:00000d7e       ?ContextSensitiveHelp@CAxUIWindow@ATL@@UAGJH@Z 66201d7e f i SuperSaverOptionsShim.obj
 0001:00000d7e       ?AdjustRect@CAxHostWindow@ATL@@UAGJPAUtagRECT@@@Z 66201d7e f i SuperSaverOptionsShim.obj
 0001:00000d7e       ?SetStatusText@CAxFrameWindow@ATL@@UAGJPBG@Z 66201d7e f i SuperSaverOptionsShim.obj
 0001:00000d7e       ?ContextSensitiveHelp@CAxFrameWindow@ATL@@UAGJH@Z 66201d7e f i SuperSaverOptionsShim.obj
 0001:00000d83       ??1CAxUIWindow@ATL@@UAE@XZ 66201d83 f i SuperSaverOptionsShim.obj
 0001:00000d83       ??1CAxFrameWindow@ATL@@UAE@XZ 66201d83 f i SuperSaverOptionsShim.obj
 0001:00000d98       ??0CAxUIWindow@ATL@@QAE@XZ 66201d98 f i SuperSaverOptionsShim.obj
 0001:00000d98       ??0CAxFrameWindow@ATL@@QAE@XZ 66201d98 f i SuperSaverOptionsShim.obj
 0001:00000db6       ?ProcessWindowMessage@CAxUIWindow@ATL@@UAEHPAUHWND__@@IIJAAJK@Z 66201db6 f i SuperSaverOptionsShim.obj
 0001:00000db6       ?ProcessWindowMessage@CAxFrameWindow@ATL@@UAEHPAUHWND__@@IIJAAJK@Z 66201db6 f i SuperSaverOptionsShim.obj
 0001:00000dbb       ?GetWindow@CAxUIWindow@ATL@@UAGJPAPAUHWND__@@@Z 66201dbb f i SuperSaverOptionsShim.obj
 0001:00000df7       ?RequestBorderSpace@CAxUIWindow@ATL@@UAGJPBUtagRECT@@@Z 66201df7 f i SuperSaverOptionsShim.obj
 0001:00000df7       ?RequestBorderSpace@CAxFrameWindow@ATL@@UAGJPBUtagRECT@@@Z 66201df7 f i SuperSaverOptionsShim.obj
 0001:00000dff       ?SetActiveObject@CAxFrameWindow@ATL@@UAGJPAUIOleInPlaceActiveObject@@PBG@Z 66201dff f i SuperSaverOptionsShim.obj
 0001:00000dff       ?SetActiveObject@CAxUIWindow@ATL@@UAGJPAUIOleInPlaceActiveObject@@PBG@Z 66201dff f i SuperSaverOptionsShim.obj
 0001:00000e18       ??0CAxHostWindow@ATL@@QAE@XZ 66201e18 f i SuperSaverOptionsShim.obj
 0001:00000edd       ??1CAxHostWindow@ATL@@UAE@XZ 66201edd f i SuperSaverOptionsShim.obj
 0001:00000fb4       ?OnFinalMessage@CAxHostWindow@ATL@@UAEXPAUHWND__@@@Z 66201fb4 f i SuperSaverOptionsShim.obj
 0001:00000fc2       ?ProcessWindowMessage@CAxHostWindow@ATL@@UAEHPAUHWND__@@IIJAAJK@Z 66201fc2 f i SuperSaverOptionsShim.obj
 0001:0000138a       ?OnForwardMsg@CAxHostWindow@ATL@@QAEJIIJAAH@Z 6620238a f i SuperSaverOptionsShim.obj
 0001:000013f4       ?ReleaseAll@CAxHostWindow@ATL@@QAEXXZ 662023f4 f i SuperSaverOptionsShim.obj
 0001:00001547       ?OnMouseActivate@CAxHostWindow@ATL@@QAEJIIJAAH@Z 66202547 f i SuperSaverOptionsShim.obj
 0001:000015db       ?OnSetFocus@CAxHostWindow@ATL@@QAEJIIJAAH@Z 662025db f i SuperSaverOptionsShim.obj
 0001:0000169e       ?OnSize@CAxHostWindow@ATL@@QAEJIIJAAH@Z 6620269e f i SuperSaverOptionsShim.obj
 0001:0000172b       ?OnDestroy@CAxHostWindow@ATL@@QAEJIIJAAH@Z 6620272b f i SuperSaverOptionsShim.obj
 0001:0000175e       ?OnWindowMessage@CAxHostWindow@ATL@@QAEJIIJAAH@Z 6620275e f i SuperSaverOptionsShim.obj
 0001:000017a0       ?OnWindowlessMouseMessage@CAxHostWindow@ATL@@QAEJIIJAAH@Z 662027a0 f i SuperSaverOptionsShim.obj
 0001:000017dd       ?OnPaint@CAxHostWindow@ATL@@QAEJIIJAAH@Z 662027dd f i SuperSaverOptionsShim.obj
 0001:00001952       ?CreateControl@CAxHostWindow@ATL@@UAGJPBGPAUHWND__@@PAUIStream@@@Z 66202952 f i SuperSaverOptionsShim.obj
 0001:000019a9       ?CreateControlEx@CAxHostWindow@ATL@@UAGJPBGPAUHWND__@@PAUIStream@@PAPAUIUnknown@@ABU_GUID@@PAU5@@Z 662029a9 f i SuperSaverOptionsShim.obj
 0001:000019cd       ?AttachControl@CAxHostWindow@ATL@@UAGJPAUIUnknown@@PAUHWND__@@@Z 662029cd f i SuperSaverOptionsShim.obj
 0001:00001a76       ?QueryControl@CAxHostWindow@ATL@@UAGJABU_GUID@@PAPAX@Z 66202a76 f i SuperSaverOptionsShim.obj
 0001:00001aa5       ?SetExternalDispatch@CAxHostWindow@ATL@@UAGJPAUIDispatch@@@Z 66202aa5 f i SuperSaverOptionsShim.obj
 0001:00001abe       ?SetExternalUIHandler@CAxHostWindow@ATL@@UAGJPAUIDocHostUIHandlerDispatch@@@Z 66202abe f i SuperSaverOptionsShim.obj
 0001:00001ad7       ?CreateControlLic@CAxHostWindow@ATL@@UAGJPBGPAUHWND__@@PAUIStream@@PAG@Z 66202ad7 f i SuperSaverOptionsShim.obj
 0001:00001b2f       ?CreateControlLicEx@CAxHostWindow@ATL@@UAGJPBGPAUHWND__@@PAUIStream@@PAPAUIUnknown@@ABU_GUID@@PAU5@PAG@Z 66202b2f f i SuperSaverOptionsShim.obj
 0001:00001edd       ?ShowContextMenu@CAxHostWindow@ATL@@UAGJKPAUtagPOINT@@PAUIUnknown@@PAUIDispatch@@@Z 66202edd f i SuperSaverOptionsShim.obj
 0001:00001f1b       ?GetHostInfo@CAxHostWindow@ATL@@UAGJPAU_DOCHOSTUIINFO@@@Z 66202f1b f i SuperSaverOptionsShim.obj
 0001:00001f5e       ?ShowUI@CAxHostWindow@ATL@@UAGJKPAUIOleInPlaceActiveObject@@PAUIOleCommandTarget@@PAUIOleInPlaceFrame@@PAUIOleInPlaceUIWindow@@@Z 66202f5e f i SuperSaverOptionsShim.obj
 0001:00001f9a       ?HideUI@CAxHostWindow@ATL@@UAGJXZ 66202f9a f i SuperSaverOptionsShim.obj
 0001:00001fb0       ?UpdateUI@CAxHostWindow@ATL@@UAGJXZ 66202fb0 f i SuperSaverOptionsShim.obj
 0001:00001fc6       ?EnableModeless@CAxHostWindow@ATL@@UAGJH@Z 66202fc6 f i SuperSaverOptionsShim.obj
 0001:00001fe5       ?OnDocWindowActivate@CAxHostWindow@ATL@@UAGJH@Z 66202fe5 f i SuperSaverOptionsShim.obj
 0001:00002004       ?OnFrameWindowActivate@CAxHostWindow@ATL@@UAGJH@Z 66203004 f i SuperSaverOptionsShim.obj
 0001:00002023       ?ResizeBorder@CAxHostWindow@ATL@@UAGJPBUtagRECT@@PAUIOleInPlaceUIWindow@@H@Z 66203023 f i SuperSaverOptionsShim.obj
 0001:00002055       ?TranslateAcceleratorW@CAxHostWindow@ATL@@UAGJPAUtagMSG@@PBU_GUID@@K@Z 66203055 f i SuperSaverOptionsShim.obj
 0001:000020be       ?GetOptionKeyPath@CAxHostWindow@ATL@@UAGJPAPAGK@Z 662030be f i SuperSaverOptionsShim.obj
 0001:00002145       ?GetDropTarget@CAxHostWindow@ATL@@UAGJPAUIDropTarget@@PAPAU3@@Z 66203145 f i SuperSaverOptionsShim.obj
 0001:000021cb       ?GetExternal@CAxHostWindow@ATL@@UAGJPAPAUIDispatch@@@Z 662031cb f i SuperSaverOptionsShim.obj
 0001:00002210       ?TranslateUrl@CAxHostWindow@ATL@@UAGJKPAGPAPAG@Z 66203210 f i SuperSaverOptionsShim.obj
 0001:000022dd       ?FilterDataObject@CAxHostWindow@ATL@@UAGJPAUIDataObject@@PAPAU3@@Z 662032dd f i SuperSaverOptionsShim.obj
 0001:00002364       ?FireAmbientPropertyChange@CAxHostWindow@ATL@@QAEJJ@Z 66203364 f i SuperSaverOptionsShim.obj
 0001:000023b9       ?Invoke@CAxHostWindow@ATL@@UAGJJABU_GUID@@KGPAUtagDISPPARAMS@@PAUtagVARIANT@@PAUtagEXCEPINFO@@PAI@Z 662033b9 f i SuperSaverOptionsShim.obj
 0001:0000242c       ?put_AllowWindowlessActivation@CAxHostWindow@ATL@@UAGJF@Z 6620342c f i SuperSaverOptionsShim.obj
 0001:00002442       ?get_AllowWindowlessActivation@CAxHostWindow@ATL@@UAGJPAF@Z 66203442 f i SuperSaverOptionsShim.obj
 0001:00002467       ?put_BackColor@CAxHostWindow@ATL@@UAGJK@Z 66203467 f i SuperSaverOptionsShim.obj
 0001:00002497       ?get_BackColor@CAxHostWindow@ATL@@UAGJPAK@Z 66203497 f i SuperSaverOptionsShim.obj
 0001:000024b7       ?put_ForeColor@CAxHostWindow@ATL@@UAGJK@Z 662034b7 f i SuperSaverOptionsShim.obj
 0001:000024d8       ?get_ForeColor@CAxHostWindow@ATL@@UAGJPAK@Z 662034d8 f i SuperSaverOptionsShim.obj
 0001:000024f8       ?put_LocaleID@CAxHostWindow@ATL@@UAGJK@Z 662034f8 f i SuperSaverOptionsShim.obj
 0001:00002519       ?get_LocaleID@CAxHostWindow@ATL@@UAGJPAK@Z 66203519 f i SuperSaverOptionsShim.obj
 0001:00002539       ?put_UserMode@CAxHostWindow@ATL@@UAGJF@Z 66203539 f i SuperSaverOptionsShim.obj
 0001:00002560       ?get_UserMode@CAxHostWindow@ATL@@UAGJPAF@Z 66203560 f i SuperSaverOptionsShim.obj
 0001:00002585       ?put_DisplayAsDefault@CAxHostWindow@ATL@@UAGJF@Z 66203585 f i SuperSaverOptionsShim.obj
 0001:000025ad       ?get_DisplayAsDefault@CAxHostWindow@ATL@@UAGJPAF@Z 662035ad f i SuperSaverOptionsShim.obj
 0001:000025d2       ?put_Font@CAxHostWindow@ATL@@UAGJPAUIFontDisp@@@Z 662035d2 f i SuperSaverOptionsShim.obj
 0001:000025fe       ?get_Font@CAxHostWindow@ATL@@UAGJPAPAUIFontDisp@@@Z 662035fe f i SuperSaverOptionsShim.obj
 0001:00002748       ?put_MessageReflect@CAxHostWindow@ATL@@UAGJF@Z 66203748 f i SuperSaverOptionsShim.obj
 0001:00002770       ?get_MessageReflect@CAxHostWindow@ATL@@UAGJPAF@Z 66203770 f i SuperSaverOptionsShim.obj
 0001:00002795       ?get_ShowGrabHandles@CAxHostWindow@ATL@@UAGJPAF@Z 66203795 f i SuperSaverOptionsShim.obj
 0001:000027a2       ?get_ShowHatching@CAxHostWindow@ATL@@UAGJPAF@Z 662037a2 f i SuperSaverOptionsShim.obj
 0001:000027ba       ?put_DocHostFlags@CAxHostWindow@ATL@@UAGJK@Z 662037ba f i SuperSaverOptionsShim.obj
 0001:000027d8       ?get_DocHostFlags@CAxHostWindow@ATL@@UAGJPAK@Z 662037d8 f i SuperSaverOptionsShim.obj
 0001:000027f8       ?put_DocHostDoubleClickFlags@CAxHostWindow@ATL@@UAGJK@Z 662037f8 f i SuperSaverOptionsShim.obj
 0001:0000280b       ?get_DocHostDoubleClickFlags@CAxHostWindow@ATL@@UAGJPAK@Z 6620380b f i SuperSaverOptionsShim.obj
 0001:0000282b       ?put_AllowContextMenu@CAxHostWindow@ATL@@UAGJF@Z 6620382b f i SuperSaverOptionsShim.obj
 0001:00002845       ?get_AllowContextMenu@CAxHostWindow@ATL@@UAGJPAF@Z 66203845 f i SuperSaverOptionsShim.obj
 0001:0000286a       ?put_AllowShowUI@CAxHostWindow@ATL@@UAGJF@Z 6620386a f i SuperSaverOptionsShim.obj
 0001:00002884       ?get_AllowShowUI@CAxHostWindow@ATL@@UAGJPAF@Z 66203884 f i SuperSaverOptionsShim.obj
 0001:000028a9       ?put_OptionKeyPath@CAxHostWindow@ATL@@UAGJPAG@Z 662038a9 f i SuperSaverOptionsShim.obj
 0001:000028c3       ?get_OptionKeyPath@CAxHostWindow@ATL@@UAGJPAPAG@Z 662038c3 f i SuperSaverOptionsShim.obj
 0001:000028e3       ?SetAmbientDispatch@CAxHostWindow@ATL@@UAGJPAUIDispatch@@@Z 662038e3 f i SuperSaverOptionsShim.obj
 0001:000028fc       ?SetSite@CAxHostWindow@ATL@@UAGJPAUIUnknown@@@Z 662038fc f i SuperSaverOptionsShim.obj
 0001:0000294f       ?GetContainer@CAxHostWindow@ATL@@UAGJPAPAUIOleContainer@@@Z 6620394f f i SuperSaverOptionsShim.obj
 0001:0000298d       ?ShowObject@CAxHostWindow@ATL@@UAGJXZ 6620398d f i SuperSaverOptionsShim.obj
 0001:000029dd       ?GetWindow@CAxHostWindow@ATL@@UAGJPAPAUHWND__@@@Z 662039dd f i SuperSaverOptionsShim.obj
 0001:000029ef       ?QueryGetData@?$IDataObjectImpl@VCSuperSaverOptionsShim@@@ATL@@UAGJPAUtagFORMATETC@@@Z 662039ef f i SuperSaverOptionsShim.obj
 0001:000029ef       ?OnMnemonic@?$IOleControlImpl@VCSuperSaverOptionsShim@@@ATL@@UAGJPAUtagMSG@@@Z 662039ef f i SuperSaverOptionsShim.obj
 0001:000029ef       ?ContextSensitiveHelp@?$IOleInPlaceObjectWindowlessImpl@VCSuperSaverOptionsShim@@@ATL@@UAGJH@Z 662039ef f i SuperSaverOptionsShim.obj
 0001:000029ef       ?ContextSensitiveHelp@?$IOleInPlaceActiveObjectImpl@VCSuperSaverOptionsShim@@@ATL@@UAGJH@Z 662039ef f i SuperSaverOptionsShim.obj
 0001:000029ef       ?GetControlInfo@?$IOleControlImpl@VCSuperSaverOptionsShim@@@ATL@@UAGJPAUtagCONTROLINFO@@@Z 662039ef f i SuperSaverOptionsShim.obj
 0001:000029ef       ?OnPosRectChange@CAxHostWindow@ATL@@UAGJPBUtagRECT@@@Z 662039ef f i SuperSaverOptionsShim.obj
 0001:000029ef       ?GetDropTarget@?$IOleInPlaceObjectWindowlessImpl@VCSuperSaverOptionsShim@@@ATL@@UAGJPAPAUIDropTarget@@@Z 662039ef f i SuperSaverOptionsShim.obj
 0001:000029ef       ?OnShowWindow@CAxHostWindow@ATL@@UAGJH@Z 662039ef f i SuperSaverOptionsShim.obj
 0001:000029ef       ?SetColorScheme@?$IOleObjectImpl@VCSuperSaverOptionsShim@@@ATL@@UAGJPAUtagLOGPALETTE@@@Z 662039ef f i SuperSaverOptionsShim.obj
 0001:000029ef       ?Unfreeze@?$IViewObjectExImpl@VCSuperSaverOptionsShim@@@ATL@@UAGJK@Z 662039ef f i SuperSaverOptionsShim.obj
 0001:000029ef       ?ContextSensitiveHelp@CAxHostWindow@ATL@@UAGJH@Z 662039ef f i SuperSaverOptionsShim.obj
 0001:000029f7       ?OnInPlaceActivate@CAxHostWindow@ATL@@UAGJXZ 662039f7 f i SuperSaverOptionsShim.obj
 0001:00002a28       ?OnUIActivate@CAxHostWindow@ATL@@UAGJXZ 66203a28 f i SuperSaverOptionsShim.obj
 0001:00002a35       ?GetWindowContext@CAxHostWindow@ATL@@UAGJPAPAUIOleInPlaceFrame@@PAPAUIOleInPlaceUIWindow@@PAUtagRECT@@2PAUtagOIFI@@@Z 66203a35 f i SuperSaverOptionsShim.obj
 0001:00002b50       ?GetDataHere@?$IDataObjectImpl@VCSuperSaverOptionsShim@@@ATL@@UAGJPAUtagFORMATETC@@PAUtagSTGMEDIUM@@@Z 66203b50 f i SuperSaverOptionsShim.obj
 0001:00002b50       ?EnumFormatEtc@?$IDataObjectImpl@VCSuperSaverOptionsShim@@@ATL@@UAGJKPAPAUIEnumFORMATETC@@@Z 66203b50 f i SuperSaverOptionsShim.obj
 0001:00002b50       ?QueryInterface@CRegObject@ATL@@UAGJABU_GUID@@PAPAX@Z 66203b50 f i SuperSaverOptionsShim.obj
 0001:00002b50       ?Scroll@CAxHostWindow@ATL@@UAGJUtagSIZE@@@Z 66203b50 f i SuperSaverOptionsShim.obj
 0001:00002b50       ?GetRect@?$IViewObjectExImpl@VCSuperSaverOptionsShim@@@ATL@@UAGJKPAU_RECTL@@@Z 66203b50 f i SuperSaverOptionsShim.obj
 0001:00002b50       ?SetMoniker@?$IOleObjectImpl@VCSuperSaverOptionsShim@@@ATL@@UAGJKPAUIMoniker@@@Z 66203b50 f i SuperSaverOptionsShim.obj
 0001:00002b50       ?GetCanonicalFormatEtc@?$IDataObjectImpl@VCSuperSaverOptionsShim@@@ATL@@UAGJPAUtagFORMATETC@@0@Z 66203b50 f i SuperSaverOptionsShim.obj
 0001:00002b50       ?GetClipboardData@?$IOleObjectImpl@VCSuperSaverOptionsShim@@@ATL@@UAGJKPAPAUIDataObject@@@Z 66203b50 f i SuperSaverOptionsShim.obj
 0001:00002b58       ?OnUIDeactivate@CAxHostWindow@ATL@@UAGJH@Z 66203b58 f i SuperSaverOptionsShim.obj
 0001:00002b65       ?OnInPlaceDeactivate@CAxHostWindow@ATL@@UAGJXZ 66203b65 f i SuperSaverOptionsShim.obj
 0001:00002b83       ?DeactivateAndUndo@CAxHostWindow@ATL@@UAGJXZ 66203b83 f i SuperSaverOptionsShim.obj
 0001:00002b83       ?DiscardUndoState@CAxHostWindow@ATL@@UAGJXZ 66203b83 f i SuperSaverOptionsShim.obj
 0001:00002b83       ?SaveObject@CAxHostWindow@ATL@@UAGJXZ 66203b83 f i SuperSaverOptionsShim.obj
 0001:00002b83       ?RequestNewObjectLayout@CAxHostWindow@ATL@@UAGJXZ 66203b83 f i SuperSaverOptionsShim.obj
 0001:00002b83       ?ReactivateAndUndo@?$IOleInPlaceObjectWindowlessImpl@VCSuperSaverOptionsShim@@@ATL@@UAGJXZ 66203b83 f i SuperSaverOptionsShim.obj
 0001:00002b83       ?ShowPropertyFrame@CAxHostWindow@ATL@@UAGJXZ 66203b83 f i SuperSaverOptionsShim.obj
 0001:00002b8b       ?OnInPlaceActivateEx@CAxHostWindow@ATL@@UAGJPAHK@Z 66203b8b f i SuperSaverOptionsShim.obj
 0001:00002bf2       ?OnInPlaceDeactivateEx@CAxHostWindow@ATL@@UAGJH@Z 66203bf2 f i SuperSaverOptionsShim.obj
 0001:00002c10       ?CanWindowlessActivate@CAxHostWindow@ATL@@UAGJXZ 66203c10 f i SuperSaverOptionsShim.obj
 0001:00002c22       ?GetCapture@CAxHostWindow@ATL@@UAGJXZ 66203c22 f i SuperSaverOptionsShim.obj
 0001:00002c34       ?SetCapture@CAxHostWindow@ATL@@UAGJH@Z 66203c34 f i SuperSaverOptionsShim.obj
 0001:00002c63       ?GetFocus@CAxHostWindow@ATL@@UAGJXZ 66203c63 f i SuperSaverOptionsShim.obj
 0001:00002c75       ?SetFocus@CAxHostWindow@ATL@@UAGJH@Z 66203c75 f i SuperSaverOptionsShim.obj
 0001:00002c8e       ?GetDC@CAxHostWindow@ATL@@UAGJPBUtagRECT@@KPAPAUHDC__@@@Z 66203c8e f i SuperSaverOptionsShim.obj
 0001:00002d61       ?ReleaseDC@CAxHostWindow@ATL@@UAGJPAUHDC__@@@Z 66203d61 f i SuperSaverOptionsShim.obj
 0001:00002dcd       ?InvalidateRect@CAxHostWindow@ATL@@UAGJPBUtagRECT@@H@Z 66203dcd f i SuperSaverOptionsShim.obj
 0001:00002de7       ?InvalidateRgn@CAxHostWindow@ATL@@UAGJPAUHRGN__@@H@Z 66203de7 f i SuperSaverOptionsShim.obj
 0001:00002e01       ?ScrollRect@CAxHostWindow@ATL@@UAGJHHPBUtagRECT@@0@Z 66203e01 f i SuperSaverOptionsShim.obj
 0001:00002e06       ?OnDefWindowMessage@CAxHostWindow@ATL@@UAGJIIJPAJ@Z 66203e06 f i SuperSaverOptionsShim.obj
 0001:00002e28       ?GetExtendedControl@CAxHostWindow@ATL@@UAGJPAPAUIDispatch@@@Z 66203e28 f i SuperSaverOptionsShim.obj
 0001:00002e4e       ?TranslateAcceleratorW@CAxHostWindow@ATL@@UAGJPAUtagMSG@@K@Z 66203e4e f i SuperSaverOptionsShim.obj
 0001:00002e4e       ?TranslateAcceleratorW@CAxFrameWindow@ATL@@UAGJPAUtagMSG@@G@Z 66203e4e f i SuperSaverOptionsShim.obj
 0001:00002e54       ?OnFocus@CAxHostWindow@ATL@@UAGJH@Z 66203e54 f i SuperSaverOptionsShim.obj
 0001:00002e6d       ?OnViewChange@CAxHostWindow@ATL@@UAGXKJ@Z 66203e6d f i SuperSaverOptionsShim.obj
 0001:00002e6d       ?OnDataChange@CAxHostWindow@ATL@@UAGXPAUtagFORMATETC@@PAUtagSTGMEDIUM@@@Z 66203e6d f i SuperSaverOptionsShim.obj
 0001:00002e70       ?OnRename@CAxHostWindow@ATL@@UAGXPAUIMoniker@@@Z 66203e70 f i SuperSaverOptionsShim.obj
 0001:00002e73       ?ParseDisplayName@CAxHostWindow@ATL@@UAGJPAUIBindCtx@@PAGPAKPAPAUIMoniker@@@Z 66203e73 f i SuperSaverOptionsShim.obj
 0001:00002e73       ?Freeze@?$IViewObjectExImpl@VCSuperSaverOptionsShim@@@ATL@@UAGJKJPAXPAK@Z 66203e73 f i SuperSaverOptionsShim.obj
 0001:00002e7b       ?EnumObjects@CAxHostWindow@ATL@@UAGJKPAPAUIEnumUnknown@@@Z 66203e7b f i SuperSaverOptionsShim.obj
 0001:00002f2c       ?LockContainer@CAxHostWindow@ATL@@UAGJH@Z 66203f2c f i SuperSaverOptionsShim.obj
 0001:00002f48       ?ActivateAx@CAxHostWindow@ATL@@QAEJPAUIUnknown@@_NPAUIStream@@@Z 66203f48 f i SuperSaverOptionsShim.obj
 0001:000032f7       ?SubclassWindow@CAxHostWindow@ATL@@QAEXPAUHWND__@@@Z 662042f7 f i SuperSaverOptionsShim.obj
 0001:00003311       ?ReleaseWindow@CAxHostWindow@ATL@@QAEXXZ 66204311 f i SuperSaverOptionsShim.obj
 0001:0000333c       ?ReflectNotifications@CAxHostWindow@ATL@@QAEJIIJAAH@Z 6620433c f i SuperSaverOptionsShim.obj
 0001:00003450       ?QueryService@CAxHostWindow@ATL@@UAGJABU_GUID@@0PAPAX@Z 66204450 f i SuperSaverOptionsShim.obj
 0001:00003487       ??1?$CWindowImpl@VCAxHostWindow@ATL@@VCWindow@2@V?$CWinTraits@$0FGAAAAAA@$0A@@2@@ATL@@UAE@XZ 66204487 f i SuperSaverOptionsShim.obj
 0001:00003874       _AtlAxCreateControlLic@20  66204874 f i SuperSaverOptionsShim.obj
 0001:00003895       _AtlAxCreateControlLicEx@32 66204895 f i SuperSaverOptionsShim.obj
 0001:00003962       _AtlAxWinInit@0            66204962 f i SuperSaverOptionsShim.obj
 0001:00003a9d       _AtlAxGetControl@8         66204a9d f i SuperSaverOptionsShim.obj
 0001:00003acf       _AtlAxGetHost@8            66204acf f i SuperSaverOptionsShim.obj
 0001:00003b01       ?FormatWindowClassName@AtlModuleRegisterWndClassInfoParamW@ATL@@SAXPAGPAX@Z 66204b01 f i SuperSaverOptionsShim.obj
 0001:00003b18       ?AtlWinModuleRegisterClassExW@ATL@@YGGPAU_ATL_WIN_MODULE70@1@PBUtagWNDCLASSEXW@@@Z 66204b18 f i SuperSaverOptionsShim.obj
 0001:00003b4e       ?AtlCreateTargetDC@ATL@@YGPAUHDC__@@PAU2@PAUtagDVTARGETDEVICE@@@Z 66204b4e f i SuperSaverOptionsShim.obj
 0001:00003bb0       ?AtlHiMetricToPixel@ATL@@YGXPBUtagSIZE@@PAU2@@Z 66204bb0 f i SuperSaverOptionsShim.obj
 0001:00003c07       ?AtlPixelToHiMetric@ATL@@YGXPBUtagSIZE@@PAU2@@Z 66204c07 f i SuperSaverOptionsShim.obj
 0001:00003c5e       ??0CComControlBase@ATL@@QAE@AAPAUHWND__@@@Z 66204c5e f i SuperSaverOptionsShim.obj
 0001:00003c98       ??1CComControlBase@ATL@@UAE@XZ 66204c98 f i SuperSaverOptionsShim.obj
 0001:00003cfb       ?OnSetFocus@CComControlBase@ATL@@QAEJIIJAAH@Z 66204cfb f i SuperSaverOptionsShim.obj
 0001:00003da3       ?OnKillFocus@CComControlBase@ATL@@QAEJIIJAAH@Z 66204da3 f i SuperSaverOptionsShim.obj
 0001:00003e13       ?OnMouseActivate@CComControlBase@ATL@@QAEJIIJAAH@Z 66204e13 f i SuperSaverOptionsShim.obj
 0001:00003e9d       ?GetAmbientProperty@CComControlBase@ATL@@QAEJJAAUtagVARIANT@@@Z 66204e9d f i SuperSaverOptionsShim.obj
 0001:00003ebb       ?GetAmbientBackColor@CComControlBase@ATL@@QAEJAAK@Z 66204ebb f i SuperSaverOptionsShim.obj
 0001:00003ef8       ?GetAmbientLocaleID@CComControlBase@ATL@@QAEJAAK@Z 66204ef8 f i SuperSaverOptionsShim.obj
 0001:00003f35       ?GetAmbientUserMode@CComControlBase@ATL@@QAEJAAH@Z 66204f35 f i SuperSaverOptionsShim.obj
 0001:00003f8a       ?InternalGetSite@CComControlBase@ATL@@QAEJABU_GUID@@PAPAX@Z 66204f8a f i SuperSaverOptionsShim.obj
 0001:00003fb1       ?DoesVerbUIActivate@CComControlBase@ATL@@QAEHJ@Z 66204fb1 f i SuperSaverOptionsShim.obj
 0001:00003fdc       ?DoesVerbActivate@CComControlBase@ATL@@QAEHJ@Z 66204fdc f i SuperSaverOptionsShim.obj
 0001:00003ff5       ?IQuickActivate_QuickActivate@CComControlBase@ATL@@QAEJPAUtagQACONTAINER@@PAUtagQACONTROL@@@Z 66204ff5 f i SuperSaverOptionsShim.obj
 0001:0000427a       ?SetControlFocus@CComControlBase@ATL@@QAEHH@Z 6620527a f i SuperSaverOptionsShim.obj
 0001:00004309       ?DoVerbProperties@CComControlBase@ATL@@QAEJPBUtagRECT@@PAUHWND__@@@Z 66205309 f i SuperSaverOptionsShim.obj
 0001:0000449f       ??1?$CComQIPtr@UIAdviseSink@@$1?_GUID_0000010f_0000_0000_c000_000000000046@@3U__s_GUID@@B@ATL@@QAE@XZ 6620549f f i SuperSaverOptionsShim.obj
 0001:0000449f       ??1?$CComQIPtr@UIPersistStream@@$1?_GUID_00000109_0000_0000_c000_000000000046@@3U__s_GUID@@B@ATL@@QAE@XZ 6620549f f i SuperSaverOptionsShim.obj
 0001:0000449f       ??1?$CComQIPtr@UIOleControlSite@@$1?_GUID_b196b289_bab4_101a_b69c_00aa00341d07@@3U__s_GUID@@B@ATL@@QAE@XZ 6620549f f i SuperSaverOptionsShim.obj
 0001:0000449f       ??1?$CComQIPtr@UIOleInPlaceActiveObject@@$1?_GUID_00000117_0000_0000_c000_000000000046@@3U__s_GUID@@B@ATL@@QAE@XZ 6620549f f i SuperSaverOptionsShim.obj
 0001:0000449f       ??1?$CComQIPtr@UIOleObject@@$1?_GUID_00000112_0000_0000_c000_000000000046@@3U__s_GUID@@B@ATL@@QAE@XZ 6620549f f i SuperSaverOptionsShim.obj
 0001:0000449f       ??1?$CComQIPtr@UIOleClientSite@@$1?_GUID_00000118_0000_0000_c000_000000000046@@3U__s_GUID@@B@ATL@@QAE@XZ 6620549f f i SuperSaverOptionsShim.obj
 0001:0000449f       ??1?$CComQIPtr@UISpecifyPropertyPages@@$1?_GUID_b196b28b_bab4_101a_b69c_00aa00341d07@@3U__s_GUID@@B@ATL@@QAE@XZ 6620549f f i SuperSaverOptionsShim.obj
 0001:0000449f       ??1?$CComQIPtr@UIPersistStreamInit@@$1?_GUID_7fd52380_4e07_101b_ae2d_08002b2ec713@@3U__s_GUID@@B@ATL@@QAE@XZ 6620549f f i SuperSaverOptionsShim.obj
 0001:0000449f       ??1?$CComQIPtr@UIDTToolsOptionsPage@EnvDTE@@$1?_GUID_bdcaf240_2692_4713_902a_b110b1d0f100@@3U__s_GUID@@B@ATL@@QAE@XZ 6620549f f i SuperSaverOptionsShim.obj
 0001:0000449f       ??1?$CComQIPtr@UIOleControl@@$1?_GUID_b196b288_bab4_101a_b69c_00aa00341d07@@3U__s_GUID@@B@ATL@@QAE@XZ 6620549f f i SuperSaverOptionsShim.obj
 0001:000044a4       ?InPlaceActivate@CComControlBase@ATL@@QAEJJPBUtagRECT@@@Z 662054a4 f i SuperSaverOptionsShim.obj
 0001:000047a0       ?SendOnDataChange@CComControlBase@ATL@@QAEJK@Z 662057a0 f i SuperSaverOptionsShim.obj
 0001:00004805       ?IOleObject_SetClientSite@CComControlBase@ATL@@QAEJPAUIOleClientSite@@@Z 66205805 f i SuperSaverOptionsShim.obj
 0001:00004839       ?IOleObject_GetClientSite@CComControlBase@ATL@@QAEJPAPAUIOleClientSite@@@Z 66205839 f i SuperSaverOptionsShim.obj
 0001:0000485a       ?IOleObject_Advise@CComControlBase@ATL@@QAEJPAUIAdviseSink@@PAK@Z 6620585a f i SuperSaverOptionsShim.obj
 0001:00004884       ?IOleObject_Close@CComControlBase@ATL@@QAEJK@Z 66205884 f i SuperSaverOptionsShim.obj
 0001:00004981       ?IOleInPlaceObject_InPlaceDeactivate@CComControlBase@ATL@@QAEJXZ 66205981 f i SuperSaverOptionsShim.obj
 0001:00004a0c       ?IOleInPlaceObject_UIDeactivate@CComControlBase@ATL@@QAEJXZ 66205a0c f i SuperSaverOptionsShim.obj
 0001:00004ad9       ?IOleInPlaceObject_SetObjectRects@CComControlBase@ATL@@QAEJPBUtagRECT@@0@Z 66205ad9 f i SuperSaverOptionsShim.obj
 0001:00004b91       ?IOleObject_SetExtent@CComControlBase@ATL@@QAEJKPAUtagSIZE@@@Z 66205b91 f i SuperSaverOptionsShim.obj
 0001:00004c51       ?IViewObject_Draw@CComControlBase@ATL@@QAEJKJPAXPAUtagDVTARGETDEVICE@@PAUHDC__@@2PBU_RECTL@@3@Z 66205c51 f i SuperSaverOptionsShim.obj
 0001:00004cf8       ?IDataObject_GetData@CComControlBase@ATL@@QAEJPAUtagFORMATETC@@PAUtagSTGMEDIUM@@@Z 66205cf8 f i SuperSaverOptionsShim.obj
 0001:00004e78       ?FireViewChange@CComControlBase@ATL@@QAEJXZ 66205e78 f i SuperSaverOptionsShim.obj
 0001:00004ec2       ?GetZoomInfo@CComControlBase@ATL@@QAEXAAUATL_DRAWINFO@@@Z 66205ec2 f i SuperSaverOptionsShim.obj
 0001:00004f52       ?OnDrawAdvanced@CComControlBase@ATL@@UAEJAAUATL_DRAWINFO@@@Z 66205f52 f i SuperSaverOptionsShim.obj
 0001:0000502a       ??0CSuperSaverOptionsShim@@QAE@XZ 6620602a f i SuperSaverOptionsShim.obj
 0001:0000509b       ?UpdateRegistry@CSuperSaverOptionsShim@@SGJH@Z 6620609b f i SuperSaverOptionsShim.obj
 0001:00005114       ?ProcessWindowMessage@CSuperSaverOptionsShim@@UAEHPAUHWND__@@IIJAAJK@Z 66206114 f i SuperSaverOptionsShim.obj
 0001:0000516c       ?_GetSinkMap@CSuperSaverOptionsShim@@SAPBU?$_ATL_EVENT_ENTRY@VCSuperSaverOptionsShim@@@ATL@@XZ 6620616c f i SuperSaverOptionsShim.obj
 0001:00005197       ?OnAmbientPropertyChange@CSuperSaverOptionsShim@@UAGJJ@Z 66206197 f i SuperSaverOptionsShim.obj
 0001:000051bb       ?InterfaceSupportsErrorInfo@CSuperSaverOptionsShim@@UAGJABU_GUID@@@Z 662061bb f i SuperSaverOptionsShim.obj
 0001:000051e2       ?OnAfterCreated@CSuperSaverOptionsShim@@UAGJPAU_DTE@EnvDTE@@@Z 662061e2 f i SuperSaverOptionsShim.obj
 0001:00005243       ?GetProperties@CSuperSaverOptionsShim@@UAGJPAPAUIDispatch@@@Z 66206243 f i SuperSaverOptionsShim.obj
 0001:00005294       ?OnOK@CSuperSaverOptionsShim@@UAGJXZ 66206294 f i SuperSaverOptionsShim.obj
 0001:000052e2       ?OnCancel@CSuperSaverOptionsShim@@UAGJXZ 662062e2 f i SuperSaverOptionsShim.obj
 0001:00005330       ?OnHelp@CSuperSaverOptionsShim@@UAGJXZ 66206330 f i SuperSaverOptionsShim.obj
 0001:0000537e       ??1?$CComPtr@UIAxWinAmbientDispatch@@@ATL@@QAE@XZ 6620637e f i SuperSaverOptionsShim.obj
 0001:0000537e       ??1?$CComPtr@UICorRuntimeHost@@@ATL@@QAE@XZ 6620637e f i SuperSaverOptionsShim.obj
 0001:0000537e       ??1?$CComPtr@UISpecifyPropertyPages@@@ATL@@QAE@XZ 6620637e f i SuperSaverOptionsShim.obj
 0001:0000537e       ??1?$CComPtr@UIConnectionPoint@@@ATL@@QAE@XZ 6620637e f i SuperSaverOptionsShim.obj
 0001:0000537e       ??1?$CComPtr@UIDataObject@@@ATL@@QAE@XZ 6620637e f i SuperSaverOptionsShim.obj
 0001:0000537e       ??1?$CComPtr@UIPointerInactive@@@ATL@@QAE@XZ 6620637e f i SuperSaverOptionsShim.obj
 0001:0000537e       ??1?$CComPtr@UIWin32Window@@@ATL@@QAE@XZ 6620637e f i SuperSaverOptionsShim.obj
 0001:0000537e       ??1?$CComPtr@UIConnectionPointContainer@@@ATL@@QAE@XZ 6620637e f i SuperSaverOptionsShim.obj
 0001:0000537e       ??1?$CComPtr@UITypeInfo2@@@ATL@@QAE@XZ 6620637e f i SuperSaverOptionsShim.obj
 0001:0000537e       ??1?$CComPtr@UIViewObjectEx@@@ATL@@QAE@XZ 6620637e f i SuperSaverOptionsShim.obj
 0001:0000537e       ??1?$CComPtr@UIObjectWithSite@@@ATL@@QAE@XZ 6620637e f i SuperSaverOptionsShim.obj
 0001:0000537e       ??1?$CComPtr@UIOleControlSite@@@ATL@@QAE@XZ 6620637e f i SuperSaverOptionsShim.obj
 0001:0000537e       ??1?$CComPtr@UIPersistStream@@@ATL@@QAE@XZ 6620637e f i SuperSaverOptionsShim.obj
 0001:0000537e       ??1?$CComPtr@UIWebBrowser2@@@ATL@@QAE@XZ 6620637e f i SuperSaverOptionsShim.obj
 0001:0000537e       ??1?$CComPtr@UIOleInPlaceUIWindow@@@ATL@@QAE@XZ 6620637e f i SuperSaverOptionsShim.obj
 0001:0000537e       ??1?$CComPtr@UIOleObject@@@ATL@@QAE@XZ 6620637e f i SuperSaverOptionsShim.obj
 0001:0000537e       ??1?$CComPtr@UITypeLib@@@ATL@@QAE@XZ 6620637e f i SuperSaverOptionsShim.obj
 0001:0000537e       ??1?$CComPtr@UIOleClientSite@@@ATL@@QAE@XZ 6620637e f i SuperSaverOptionsShim.obj
 0001:0000537e       ??1?$CComPtr@UICatRegister@@@ATL@@QAE@XZ 6620637e f i SuperSaverShim.obj
 0001:0000537e       ??1?$CComPtr@UITypeInfo@@@ATL@@QAE@XZ 6620637e f i SuperSaverOptionsShim.obj
 0001:0000537e       ??1?$CComPtr@U_ObjectHandle@mscorlib@@@ATL@@QAE@XZ 6620637e f i SuperSaverOptionsShim.obj
 0001:0000537e       ??1?$CComPtr@UIUnknown@@@ATL@@QAE@XZ 6620637e f i SuperSaverOptionsShim.obj
 0001:0000537e       ??1?$CComPtr@UIAdviseSink@@@ATL@@QAE@XZ 6620637e f i SuperSaverOptionsShim.obj
 0001:0000537e       ??1?$CComPtr@UIAxWinHostWindowLic@@@ATL@@QAE@XZ 6620637e f i SuperSaverOptionsShim.obj
 0001:0000537e       ??1?$CComPtr@UIOleInPlaceActiveObject@@@ATL@@QAE@XZ 6620637e f i SuperSaverOptionsShim.obj
 0001:0000537e       ??1?$CComPtr@UIProvideClassInfo2@@@ATL@@QAE@XZ 6620637e f i SuperSaverOptionsShim.obj
 0001:0000537e       ??1?$CComPtr@UIOleInPlaceFrame@@@ATL@@QAE@XZ 6620637e f i SuperSaverOptionsShim.obj
 0001:0000537e       ??1?$CComPtr@UIDispatch@@@ATL@@QAE@XZ 6620637e f i SuperSaverOptionsShim.obj
 0001:0000537e       ??1?$CComPtr@UIPersistStreamInit@@@ATL@@QAE@XZ 6620637e f i SuperSaverOptionsShim.obj
 0001:0000537e       ??1?$CComPtr@UIOleInPlaceObject@@@ATL@@QAE@XZ 6620637e f i SuperSaverOptionsShim.obj
 0001:0000537e       ??1?$CComPtr@UIClassFactory2@@@ATL@@QAE@XZ 6620637e f i SuperSaverOptionsShim.obj
 0001:0000537e       ??1?$CComPtr@UIOleControl@@@ATL@@QAE@XZ 6620637e f i SuperSaverOptionsShim.obj
 0001:0000537e       ??1?$CComPtr@U_AppDomain@mscorlib@@@ATL@@QAE@XZ 6620637e f i SuperSaverOptionsShim.obj
 0001:0000537e       ??1?$CComPtr@U_DTE@EnvDTE@@@ATL@@QAE@XZ 6620637e f i SuperSaverOptionsShim.obj
 0001:0000537e       ??1?$CComPtr@UIStream@@@ATL@@QAE@XZ 6620637e f i SuperSaverOptionsShim.obj
 0001:0000537e       ??1?$CComPtr@UIPersist@@@ATL@@QAE@XZ 6620637e f i SuperSaverOptionsShim.obj
 0001:0000537e       ??1?$CComPtr@UIDTToolsOptionsPage@EnvDTE@@@ATL@@QAE@XZ 6620637e f i SuperSaverOptionsShim.obj
 0001:0000538b       ??1CSuperSaverOptionsShim@@UAE@XZ 6620638b f i SuperSaverOptionsShim.obj
 0001:000053ec       ?OnShowWindow@CSuperSaverOptionsShim@@QAEJIIJAAH@Z 662063ec f   SuperSaverOptionsShim.obj
 0001:00005598       ?OnSize@CSuperSaverOptionsShim@@QAEJIIJAAH@Z 66206598 f   SuperSaverOptionsShim.obj
 0001:000055c1       ?Reset@CSuperSaverOptionsShim@@QAEXXZ 662065c1 f   SuperSaverOptionsShim.obj
 0001:000055fc       ?HostUserControl@CSuperSaverOptionsShim@@UAGJPAG0PAPAUIUnknown@@@Z 662065fc f   SuperSaverOptionsShim.obj
 0001:0000577e       ?FinalConstruct@CSuperSaverOptionsShim@@QAEJXZ 6620677e f   SuperSaverOptionsShim.obj
 0001:0000583d       ?Add@?$CSimpleArray@GV?$CSimpleArrayEqualHelper@G@ATL@@@ATL@@QAEHABG@Z 6620683d f i SuperSaverOptionsShim.obj
 0001:00005883       ?Create@?$CWindowImpl@VCAxFrameWindow@ATL@@VCWindow@2@V?$CWinTraits@$0FGAAAAAA@$0A@@2@@ATL@@QAEPAUHWND__@@PAU3@V_U_RECT@2@PBGKKV_U_MENUorID@2@PAX@Z 66206883 f i SuperSaverOptionsShim.obj
 0001:000058dd       ?GetWindowProc@?$CWindowImplBaseT@VCWindow@ATL@@V?$CWinTraits@$0FGAAAAAA@$0A@@2@@ATL@@UAEP6GJPAUHWND__@@IIJ@ZXZ 662068dd f i SuperSaverOptionsShim.obj
 0001:000058e3       ?DefWindowProcW@?$CWindowImplBaseT@VCWindow@ATL@@V?$CWinTraits@$0FGAAAAAA@$0A@@2@@ATL@@QAEJXZ 662068e3 f i SuperSaverOptionsShim.obj
 0001:000058fd       ?DefWindowProcW@?$CWindowImplBaseT@VCWindow@ATL@@V?$CWinTraits@$0FGAAAAAA@$0A@@2@@ATL@@QAEJIIJ@Z 662068fd f i SuperSaverOptionsShim.obj
 0001:00005918       ?OnFinalMessage@?$CDialogImplBaseT@VCWindow@ATL@@@ATL@@UAEXPAUHWND__@@@Z 66206918 f i SuperSaverOptionsShim.obj
 0001:00005918       ?ObjectMain@CComObjectRootBase@ATL@@SGX_N@Z 66206918 f i SuperSaverOptionsShim.obj
 0001:00005918       ?OnClose@CAxHostWindow@ATL@@UAGXXZ 66206918 f i SuperSaverOptionsShim.obj
 0001:00005918       ?OnSave@CAxHostWindow@ATL@@UAGXXZ 66206918 f i SuperSaverOptionsShim.obj
 0001:00005918       ?OnFinalMessage@?$CWindowImplBaseT@VCWindow@ATL@@V?$CWinTraits@$0FGAAAAAA@$0A@@2@@ATL@@UAEXPAUHWND__@@@Z 66206918 f i SuperSaverOptionsShim.obj
 0001:0000591b       ?Create@?$CWindowImpl@VCAxUIWindow@ATL@@VCWindow@2@V?$CWinTraits@$0FGAAAAAA@$0A@@2@@ATL@@QAEPAUHWND__@@PAU3@V_U_RECT@2@PBGKKV_U_MENUorID@2@PAX@Z 6620691b f i SuperSaverOptionsShim.obj
 0001:00005975       ?SetSite@?$IObjectWithSiteImpl@VCAxHostWindow@ATL@@@ATL@@UAGJPAUIUnknown@@@Z 66206975 f i SuperSaverOptionsShim.obj
 0001:00005997       ?GetSite@?$IObjectWithSiteImpl@VCAxHostWindow@ATL@@@ATL@@UAGJABU_GUID@@PAPAX@Z 66206997 f i SuperSaverOptionsShim.obj
 0001:000059cf       ?GetTypeInfo@?$IDispatchImpl@UIAxWinAmbientDispatchEx@@$1?_GUID_b2d0778b_ac99_4c58_a5c8_e7724e5316b5@@3U__s_GUID@@B$1?m_libid@CAtlModule@ATL@@2U_GUID@@A$0PPPP@$0PPPP@VCComTypeInfoHolder@ATL@@@ATL@@UAGJIKPAPAUITypeInfo@@@Z 662069cf f i SuperSaverOptionsShim.obj
 0001:000059e6       ?GetIDsOfNames@?$IDispatchImpl@UIAxWinAmbientDispatchEx@@$1?_GUID_b2d0778b_ac99_4c58_a5c8_e7724e5316b5@@3U__s_GUID@@B$1?m_libid@CAtlModule@ATL@@2U_GUID@@A$0PPPP@$0PPPP@VCComTypeInfoHolder@ATL@@@ATL@@UAGJABU_GUID@@PAPAGIKPAJ@Z 662069e6 f i SuperSaverOptionsShim.obj
 0001:00005a03       ?Invoke@?$IDispatchImpl@UIAxWinAmbientDispatchEx@@$1?_GUID_b2d0778b_ac99_4c58_a5c8_e7724e5316b5@@3U__s_GUID@@B$1?m_libid@CAtlModule@ATL@@2U_GUID@@A$0PPPP@$0PPPP@VCComTypeInfoHolder@ATL@@@ATL@@UAGJJABU_GUID@@KGPAUtagDISPPARAMS@@PAUtagVARIANT@@PAUtagEXCEPINFO@@PAI@Z 66206a03 f i SuperSaverOptionsShim.obj
 0001:00005a2e       ?CopyTo@?$CComPtrBase@UIFontDisp@@@ATL@@QAEJPAPAUIFontDisp@@@Z 66206a2e f i SuperSaverOptionsShim.obj
 0001:00005a2e       ?CopyTo@?$CComPtrBase@UIDispatch@@@ATL@@QAEJPAPAUIDispatch@@@Z 66206a2e f i SuperSaverOptionsShim.obj
 0001:00005a2e       ?CopyTo@?$CComPtrBase@UIOleInPlaceUIWindow@@@ATL@@QAEJPAPAUIOleInPlaceUIWindow@@@Z 66206a2e f i SuperSaverOptionsShim.obj
 0001:00005a2e       ?CopyTo@?$CComPtrBase@UIOleInPlaceFrame@@@ATL@@QAEJPAPAUIOleInPlaceFrame@@@Z 66206a2e f i SuperSaverOptionsShim.obj
 0001:00005a4b       ??0?$CComQIPtr@UIOleInPlaceActiveObject@@$1?_GUID_00000117_0000_0000_c000_000000000046@@3U__s_GUID@@B@ATL@@QAE@PAUIUnknown@@@Z 66206a4b f i SuperSaverOptionsShim.obj
 0001:00005a6d       ??0?$CComQIPtr@UIOleControl@@$1?_GUID_b196b288_bab4_101a_b69c_00aa00341d07@@3U__s_GUID@@B@ATL@@QAE@PAUIUnknown@@@Z 66206a6d f i SuperSaverOptionsShim.obj
 0001:00005a8f       ??1?$CComObject@VCAxFrameWindow@ATL@@@ATL@@UAE@XZ 66206a8f f i SuperSaverOptionsShim.obj
 0001:00005abf       ?Release@?$CComObject@VCAxFrameWindow@ATL@@@ATL@@UAGKXZ 66206abf f i SuperSaverOptionsShim.obj
 0001:00005abf       ?Release@?$CComObject@VCAxUIWindow@ATL@@@ATL@@UAGKXZ 66206abf f i SuperSaverOptionsShim.obj
 0001:00005ae0       ?QueryInterface@?$CComObject@VCAxFrameWindow@ATL@@@ATL@@UAGJABU_GUID@@PAPAX@Z 66206ae0 f i SuperSaverOptionsShim.obj
 0001:00005aff       ??1?$CComObject@VCAxUIWindow@ATL@@@ATL@@UAE@XZ 66206aff f i SuperSaverOptionsShim.obj
 0001:00005b2f       ?AddRef@?$CComObject@VCAxFrameWindow@ATL@@@ATL@@UAGKXZ 66206b2f f i SuperSaverOptionsShim.obj
 0001:00005b2f       ?AddRef@?$CComObject@VCAxUIWindow@ATL@@@ATL@@UAGKXZ 66206b2f f i SuperSaverOptionsShim.obj
 0001:00005b2f       ?AddRef@?$CComAggObject@VCSuperSaverOptionsShim@@@ATL@@UAGKXZ 66206b2f f i SuperSaverOptionsShim.obj
 0001:00005b2f       ?AddRef@?$CComPolyObject@VCAxHostWindow@ATL@@@ATL@@UAGKXZ 66206b2f f i SuperSaverOptionsShim.obj
 0001:00005b3c       ?QueryInterface@?$CComObject@VCAxUIWindow@ATL@@@ATL@@UAGJABU_GUID@@PAPAX@Z 66206b3c f i SuperSaverOptionsShim.obj
 0001:00005b5b       ??0?$CComObject@V?$CComEnum@UIEnumUnknown@@$1?_GUID_00000100_0000_0000_c000_000000000046@@3U__s_GUID@@BPAUIUnknown@@V?$_CopyInterface@UIUnknown@@@ATL@@VCComSingleThreadModel@6@@ATL@@@ATL@@QAE@PAX@Z 66206b5b f i SuperSaverOptionsShim.obj
 0001:00005b76       ??1?$CComObject@V?$CComEnum@UIEnumUnknown@@$1?_GUID_00000100_0000_0000_c000_000000000046@@3U__s_GUID@@BPAUIUnknown@@V?$_CopyInterface@UIUnknown@@@ATL@@VCComSingleThreadModel@6@@ATL@@@ATL@@UAE@XZ 66206b76 f i SuperSaverOptionsShim.obj
 0001:00005b99       ?AddRef@?$CComObject@V?$CComEnum@UIEnumUnknown@@$1?_GUID_00000100_0000_0000_c000_000000000046@@3U__s_GUID@@BPAUIUnknown@@V?$_CopyInterface@UIUnknown@@@ATL@@VCComSingleThreadModel@6@@ATL@@@ATL@@UAGKXZ 66206b99 f i SuperSaverOptionsShim.obj
 0001:00005ba6       ?Release@?$CComObject@V?$CComEnum@UIEnumUnknown@@$1?_GUID_00000100_0000_0000_c000_000000000046@@3U__s_GUID@@BPAUIUnknown@@V?$_CopyInterface@UIUnknown@@@ATL@@VCComSingleThreadModel@6@@ATL@@@ATL@@UAGKXZ 66206ba6 f i SuperSaverOptionsShim.obj
 0001:00005bc4       ?QueryInterface@?$CComObject@V?$CComEnum@UIEnumUnknown@@$1?_GUID_00000100_0000_0000_c000_000000000046@@3U__s_GUID@@BPAUIUnknown@@V?$_CopyInterface@UIUnknown@@@ATL@@VCComSingleThreadModel@6@@ATL@@@ATL@@UAGJABU_GUID@@PAPAX@Z 66206bc4 f i SuperSaverOptionsShim.obj
 0001:00005bdf       ?Reset@?$CComEnumImpl@UIEnumUnknown@@$1?_GUID_00000100_0000_0000_c000_000000000046@@3U__s_GUID@@BPAUIUnknown@@V?$_CopyInterface@UIUnknown@@@ATL@@@ATL@@UAGJXZ 66206bdf f i SuperSaverOptionsShim.obj
 0001:00005bee       ??0?$CComQIPtr@UIOleClientSite@@$1?_GUID_00000118_0000_0000_c000_000000000046@@3U__s_GUID@@B@ATL@@QAE@PAUIUnknown@@@Z 66206bee f i SuperSaverOptionsShim.obj
 0001:00005c10       ??0?$CComQIPtr@UIPersistStreamInit@@$1?_GUID_7fd52380_4e07_101b_ae2d_08002b2ec713@@3U__s_GUID@@B@ATL@@QAE@PAUIUnknown@@@Z 66206c10 f i SuperSaverOptionsShim.obj
 0001:00005c32       ??0?$CComQIPtr@UIPersistStream@@$1?_GUID_00000109_0000_0000_c000_000000000046@@3U__s_GUID@@B@ATL@@QAE@PAUIUnknown@@@Z 66206c32 f i SuperSaverOptionsShim.obj
 0001:00005c54       ??0?$CComQIPtr@UIAdviseSink@@$1?_GUID_0000010f_0000_0000_c000_000000000046@@3U__s_GUID@@B@ATL@@QAE@PAUIUnknown@@@Z 66206c54 f i SuperSaverOptionsShim.obj
 0001:00005c76       ?CreateInstance@?$CComCreator@V?$CComPolyObject@VCAxHostWindow@ATL@@@ATL@@@ATL@@SGJPAXABU_GUID@@PAPAX@Z 66206c76 f i SuperSaverOptionsShim.obj
 0001:00005d11       ??0?$CComQIPtr@UIOleControlSite@@$1?_GUID_b196b289_bab4_101a_b69c_00aa00341d07@@3U__s_GUID@@B@ATL@@QAE@PAUIUnknown@@@Z 66206d11 f i SuperSaverOptionsShim.obj
 0001:00005d33       ?GetTypeInfoCount@?$IDispatchImpl@UIAxWinAmbientDispatchEx@@$1?_GUID_b2d0778b_ac99_4c58_a5c8_e7724e5316b5@@3U__s_GUID@@B$1?m_libid@CAtlModule@ATL@@2U_GUID@@A$0PPPP@$0PPPP@VCComTypeInfoHolder@ATL@@@ATL@@UAGJPAI@Z 66206d33 f i SuperSaverOptionsShim.obj
 0001:00005d33       ?GetTypeInfoCount@?$IDispatchImpl@UIDTToolsOptionsPage@EnvDTE@@$1?IID_IDTToolsOptionsPage@2@3U_GUID@@B$1?LIBID_EnvDTE@2@3U4@B$06$0A@VCComTypeInfoHolder@ATL@@@ATL@@UAGJPAI@Z 66206d33 f i SuperSaverOptionsShim.obj
 0001:00005d4d       ?GetTypeInfo@?$IDispatchImpl@UIDTToolsOptionsPage@EnvDTE@@$1?IID_IDTToolsOptionsPage@2@3U_GUID@@B$1?LIBID_EnvDTE@2@3U4@B$06$0A@VCComTypeInfoHolder@ATL@@@ATL@@UAGJIKPAPAUITypeInfo@@@Z 66206d4d f i SuperSaverOptionsShim.obj
 0001:00005d64       ?GetIDsOfNames@?$IDispatchImpl@UIDTToolsOptionsPage@EnvDTE@@$1?IID_IDTToolsOptionsPage@2@3U_GUID@@B$1?LIBID_EnvDTE@2@3U4@B$06$0A@VCComTypeInfoHolder@ATL@@@ATL@@UAGJABU_GUID@@PAPAGIKPAJ@Z 66206d64 f i SuperSaverOptionsShim.obj
 0001:00005d81       ?Invoke@?$IDispatchImpl@UIDTToolsOptionsPage@EnvDTE@@$1?IID_IDTToolsOptionsPage@2@3U_GUID@@B$1?LIBID_EnvDTE@2@3U4@B$06$0A@VCComTypeInfoHolder@ATL@@@ATL@@UAGJJABU_GUID@@KGPAUtagDISPPARAMS@@PAUtagVARIANT@@PAUtagEXCEPINFO@@PAI@Z 66206d81 f i SuperSaverOptionsShim.obj
 0001:00005dac       ?GetClassID@?$IPersistStorageImpl@VCSuperSaverOptionsShim@@@ATL@@UAGJPAU_GUID@@@Z 66206dac f i SuperSaverOptionsShim.obj
 0001:00005dac       ?GetClassID@?$IPersistStreamInitImpl@VCSuperSaverOptionsShim@@@ATL@@UAGJPAU_GUID@@@Z 66206dac f i SuperSaverOptionsShim.obj
 0001:00005dac       ?GetUserClassID@?$IOleObjectImpl@VCSuperSaverOptionsShim@@@ATL@@UAGJPAU_GUID@@@Z 66206dac f i SuperSaverOptionsShim.obj
 0001:00005dcd       ?IsDirty@?$IPersistStreamInitImpl@VCSuperSaverOptionsShim@@@ATL@@UAGJXZ 66206dcd f i SuperSaverOptionsShim.obj
 0001:00005dea       ?Load@?$IPersistStreamInitImpl@VCSuperSaverOptionsShim@@@ATL@@UAGJPAUIStream@@@Z 66206dea f i SuperSaverOptionsShim.obj
 0001:00005e0b       ?Save@?$IPersistStreamInitImpl@VCSuperSaverOptionsShim@@@ATL@@UAGJPAUIStream@@H@Z 66206e0b f i SuperSaverOptionsShim.obj
 0001:00005e37       ?GetSizeMax@?$IPersistStreamInitImpl@VCSuperSaverOptionsShim@@@ATL@@UAGJPAT_ULARGE_INTEGER@@@Z 66206e37 f i SuperSaverOptionsShim.obj
 0001:00005f67       ?InitNew@?$IPersistStreamInitImpl@VCSuperSaverOptionsShim@@@ATL@@UAGJXZ 66206f67 f i SuperSaverOptionsShim.obj
 0001:00005f7d       ?FreezeEvents@?$IOleControlImpl@VCSuperSaverOptionsShim@@@ATL@@UAGJH@Z 66206f7d f i SuperSaverOptionsShim.obj
 0001:00005f9e       ?SetClientSite@?$IOleObjectImpl@VCSuperSaverOptionsShim@@@ATL@@UAGJPAUIOleClientSite@@@Z 66206f9e f i SuperSaverOptionsShim.obj
 0001:00005fbc       ?GetClientSite@?$IOleObjectImpl@VCSuperSaverOptionsShim@@@ATL@@UAGJPAPAUIOleClientSite@@@Z 66206fbc f i SuperSaverOptionsShim.obj
 0001:00005fd8       ?Close@?$IOleObjectImpl@VCSuperSaverOptionsShim@@@ATL@@UAGJK@Z 66206fd8 f i SuperSaverOptionsShim.obj
 0001:00005ff6       ?DoVerb@?$IOleObjectImpl@VCSuperSaverOptionsShim@@@ATL@@UAGJJPAUtagMSG@@PAUIOleClientSite@@JPAUHWND__@@PBUtagRECT@@@Z 66206ff6 f i SuperSaverOptionsShim.obj
 0001:000060bd       ?EnumVerbs@?$IOleObjectImpl@VCSuperSaverOptionsShim@@@ATL@@UAGJPAPAUIEnumOLEVERB@@@Z 662070bd f i SuperSaverOptionsShim.obj
 0001:000060dd       ?RequestUIActivate@CAxHostWindow@ATL@@UAGJXZ 662070dd f i SuperSaverOptionsShim.obj
 0001:000060dd       ?CanInPlaceActivate@CAxHostWindow@ATL@@UAGJXZ 662070dd f i SuperSaverOptionsShim.obj
 0001:000060dd       ?Update@?$IOleObjectImpl@VCSuperSaverOptionsShim@@@ATL@@UAGJXZ 662070dd f i SuperSaverOptionsShim.obj
 0001:000060dd       ?IsUpToDate@?$IOleObjectImpl@VCSuperSaverOptionsShim@@@ATL@@UAGJXZ 662070dd f i SuperSaverOptionsShim.obj
 0001:000060dd       ?HandsOffStorage@?$IPersistStorageImpl@VCSuperSaverOptionsShim@@@ATL@@UAGJXZ 662070dd f i SuperSaverOptionsShim.obj
 0001:000060dd       ?Release@CRegObject@ATL@@UAGKXZ 662070dd f i SuperSaverOptionsShim.obj
 0001:000060dd       ?OnControlInfoChanged@CAxHostWindow@ATL@@UAGJXZ 662070dd f i SuperSaverOptionsShim.obj
 0001:000060e2       ?GetUserType@?$IOleObjectImpl@VCSuperSaverOptionsShim@@@ATL@@UAGJKPAPAG@Z 662070e2 f i SuperSaverOptionsShim.obj
 0001:000060f8       ?SetExtent@?$IOleObjectImpl@VCSuperSaverOptionsShim@@@ATL@@UAGJKPAUtagSIZE@@@Z 662070f8 f i SuperSaverOptionsShim.obj
 0001:0000611d       ?GetExtent@?$IOleObjectImpl@VCSuperSaverOptionsShim@@@ATL@@UAGJKPAUtagSIZE@@@Z 6620711d f i SuperSaverOptionsShim.obj
 0001:00006159       ?Advise@?$IOleObjectImpl@VCSuperSaverOptionsShim@@@ATL@@UAGJPAUIAdviseSink@@PAK@Z 66207159 f i SuperSaverOptionsShim.obj
 0001:00006179       ?Unadvise@?$IOleObjectImpl@VCSuperSaverOptionsShim@@@ATL@@UAGJK@Z 66207179 f i SuperSaverOptionsShim.obj
 0001:0000619f       ?EnumAdvise@?$IOleObjectImpl@VCSuperSaverOptionsShim@@@ATL@@UAGJPAPAUIEnumSTATDATA@@@Z 6620719f f i SuperSaverOptionsShim.obj
 0001:000061d4       ?GetMiscStatus@?$IOleObjectImpl@VCSuperSaverOptionsShim@@@ATL@@UAGJKPAK@Z 662071d4 f i SuperSaverOptionsShim.obj
 0001:000061ea       ?GetWindow@?$IOleInPlaceActiveObjectImpl@VCSuperSaverOptionsShim@@@ATL@@UAGJPAPAUHWND__@@@Z 662071ea f i SuperSaverOptionsShim.obj
 0001:00006228       ?TranslateAcceleratorW@?$IOleInPlaceActiveObjectImpl@VCSuperSaverOptionsShim@@@ATL@@UAGJPAUtagMSG@@@Z 66207228 f i SuperSaverOptionsShim.obj
 0001:000062e6       ?OnDocWindowActivate@?$IOleInPlaceActiveObjectImpl@VCSuperSaverOptionsShim@@@ATL@@UAGJH@Z 662072e6 f i SuperSaverOptionsShim.obj
 0001:00006309       ?Draw@?$IViewObjectExImpl@VCSuperSaverOptionsShim@@@ATL@@UAGJKJPAXPAUtagDVTARGETDEVICE@@PAUHDC__@@2PBU_RECTL@@3P6GHK@ZK@Z 66207309 f i SuperSaverOptionsShim.obj
 0001:0000633e       ?GetColorSet@?$IViewObjectExImpl@VCSuperSaverOptionsShim@@@ATL@@UAGJKJPAXPAUtagDVTARGETDEVICE@@PAUHDC__@@PAPAUtagLOGPALETTE@@@Z 6620733e f i SuperSaverOptionsShim.obj
 0001:00006346       ?SetAdvise@?$IViewObjectExImpl@VCSuperSaverOptionsShim@@@ATL@@UAGJKKPAUIAdviseSink@@@Z 66207346 f i SuperSaverOptionsShim.obj
 0001:00006368       ?GetAdvise@?$IViewObjectExImpl@VCSuperSaverOptionsShim@@@ATL@@UAGJPAK0PAPAUIAdviseSink@@@Z 66207368 f i SuperSaverOptionsShim.obj
 0001:0000639b       ?GetExtent@?$IViewObjectExImpl@VCSuperSaverOptionsShim@@@ATL@@UAGJKJPAUtagDVTARGETDEVICE@@PAUtagSIZE@@@Z 6620739b f i SuperSaverOptionsShim.obj
 0001:000063c9       ?GetViewStatus@?$IViewObjectExImpl@VCSuperSaverOptionsShim@@@ATL@@UAGJPAK@Z 662073c9 f i SuperSaverOptionsShim.obj
 0001:000063e3       ?QueryHitPoint@?$IViewObjectExImpl@VCSuperSaverOptionsShim@@@ATL@@UAGJKPBUtagRECT@@UtagPOINT@@JPAK@Z 662073e3 f i SuperSaverOptionsShim.obj
 0001:00006424       ?QueryHitRect@?$IViewObjectExImpl@VCSuperSaverOptionsShim@@@ATL@@UAGJKPBUtagRECT@@0JPAK@Z 66207424 f i SuperSaverOptionsShim.obj
 0001:00006469       ?GetNaturalExtent@?$IViewObjectExImpl@VCSuperSaverOptionsShim@@@ATL@@UAGJKJPAUtagDVTARGETDEVICE@@PAUHDC__@@PAUtagExtentInfo@@PAUtagSIZE@@@Z 66207469 f i SuperSaverOptionsShim.obj
 0001:000064b1       ?GetWindow@?$IOleInPlaceObjectWindowlessImpl@VCSuperSaverOptionsShim@@@ATL@@UAGJPAPAUHWND__@@@Z 662074b1 f i SuperSaverOptionsShim.obj
 0001:000064ef       ?InPlaceDeactivate@?$IOleInPlaceObjectWindowlessImpl@VCSuperSaverOptionsShim@@@ATL@@UAGJXZ 662074ef f i SuperSaverOptionsShim.obj
 0001:00006509       ?UIDeactivate@?$IOleInPlaceObjectWindowlessImpl@VCSuperSaverOptionsShim@@@ATL@@UAGJXZ 66207509 f i SuperSaverOptionsShim.obj
 0001:00006523       ?SetObjectRects@?$IOleInPlaceObjectWindowlessImpl@VCSuperSaverOptionsShim@@@ATL@@UAGJPBUtagRECT@@0@Z 66207523 f i SuperSaverOptionsShim.obj
 0001:00006546       ?OnWindowMessage@?$IOleInPlaceObjectWindowlessImpl@VCSuperSaverOptionsShim@@@ATL@@UAGJIIJPAJ@Z 66207546 f i SuperSaverOptionsShim.obj
 0001:000065af       ?IsDirty@?$IPersistStorageImpl@VCSuperSaverOptionsShim@@@ATL@@UAGJXZ 662075af f i SuperSaverOptionsShim.obj
 0001:00006604       ?InitNew@?$IPersistStorageImpl@VCSuperSaverOptionsShim@@@ATL@@UAGJPAUIStorage@@@Z 66207604 f i SuperSaverOptionsShim.obj
 0001:00006659       ?Load@?$IPersistStorageImpl@VCSuperSaverOptionsShim@@@ATL@@UAGJPAUIStorage@@@Z 66207659 f i SuperSaverOptionsShim.obj
 0001:000066f4       ?Save@?$IPersistStorageImpl@VCSuperSaverOptionsShim@@@ATL@@UAGJPAUIStorage@@H@Z 662076f4 f i SuperSaverOptionsShim.obj
 0001:00006796       ?GetPages@?$ISpecifyPropertyPagesImpl@VCSuperSaverOptionsShim@@@ATL@@UAGJPAUtagCAUUID@@@Z 66207796 f i SuperSaverOptionsShim.obj
 0001:000067a7       ?QuickActivate@?$IQuickActivateImpl@VCSuperSaverOptionsShim@@@ATL@@UAGJPAUtagQACONTAINER@@PAUtagQACONTROL@@@Z 662077a7 f i SuperSaverOptionsShim.obj
 0001:000067c7       ?SetContentExtent@?$IQuickActivateImpl@VCSuperSaverOptionsShim@@@ATL@@UAGJPAUtagSIZE@@@Z 662077c7 f i SuperSaverOptionsShim.obj
 0001:000067e8       ?GetContentExtent@?$IQuickActivateImpl@VCSuperSaverOptionsShim@@@ATL@@UAGJPAUtagSIZE@@@Z 662077e8 f i SuperSaverOptionsShim.obj
 0001:00006809       ?GetData@?$IDataObjectImpl@VCSuperSaverOptionsShim@@@ATL@@UAGJPAUtagFORMATETC@@PAUtagSTGMEDIUM@@@Z 66207809 f i SuperSaverOptionsShim.obj
 0001:00006829       ?GetMoniker@CAxHostWindow@ATL@@UAGJKKPAPAUIMoniker@@@Z 66207829 f i SuperSaverOptionsShim.obj
 0001:00006829       ?GetMoniker@?$IOleObjectImpl@VCSuperSaverOptionsShim@@@ATL@@UAGJKKPAPAUIMoniker@@@Z 66207829 f i SuperSaverOptionsShim.obj
 0001:00006829       ?InitFromData@?$IOleObjectImpl@VCSuperSaverOptionsShim@@@ATL@@UAGJPAUIDataObject@@HK@Z 66207829 f i SuperSaverOptionsShim.obj
 0001:00006829       ?TransformCoords@CAxHostWindow@ATL@@UAGJPAU_POINTL@@PAUtagPOINTF@@K@Z 66207829 f i SuperSaverOptionsShim.obj
 0001:00006829       ?SetData@?$IDataObjectImpl@VCSuperSaverOptionsShim@@@ATL@@UAGJPAUtagFORMATETC@@PAUtagSTGMEDIUM@@H@Z 66207829 f i SuperSaverOptionsShim.obj
 0001:00006831       ?DAdvise@?$IDataObjectImpl@VCSuperSaverOptionsShim@@@ATL@@UAGJPAUtagFORMATETC@@KPAUIAdviseSink@@PAK@Z 66207831 f i SuperSaverOptionsShim.obj
 0001:00006872       ?DUnadvise@?$IDataObjectImpl@VCSuperSaverOptionsShim@@@ATL@@UAGJK@Z 66207872 f i SuperSaverOptionsShim.obj
 0001:0000689a       ?EnumDAdvise@?$IDataObjectImpl@VCSuperSaverOptionsShim@@@ATL@@UAGJPAPAUIEnumSTATDATA@@@Z 6620789a f i SuperSaverOptionsShim.obj
 0001:000068d1       ?GetClassInfoW@?$IProvideClassInfo2Impl@$1?CLSID_SuperSaverOptionsShim@@3U_GUID@@B$0A@$1?LIBID_SuperSaverShimLib@@3U2@B$00$0A@VCComTypeInfoHolder@ATL@@@ATL@@UAGJPAPAUITypeInfo@@@Z 662078d1 f i SuperSaverOptionsShim.obj
 0001:000068e6       ?GetGUID@?$IProvideClassInfo2Impl@$1?CLSID_SuperSaverOptionsShim@@3U_GUID@@B$0A@$1?LIBID_SuperSaverShimLib@@3U2@B$00$0A@VCComTypeInfoHolder@ATL@@@ATL@@UAGJKPAU_GUID@@@Z 662078e6 f i SuperSaverOptionsShim.obj
 0001:0000690a       ?GetObjectDescription@?$CComCoClass@VCSuperSaverOptionsShim@@$1?CLSID_SuperSaverOptionsShim@@3U_GUID@@B@ATL@@SGPBGXZ 6620790a f i SuperSaverOptionsShim.obj
 0001:0000690a       ?GetCategoryMap@CComObjectRootBase@ATL@@SAPBU_ATL_CATMAP_ENTRY@2@XZ 6620790a f i SuperSaverOptionsShim.obj
 0001:0000690d       ??0?$CComCompositeControl@VCSuperSaverOptionsShim@@@ATL@@QAE@XZ 6620790d f i SuperSaverOptionsShim.obj
 0001:0000692c       ??1?$CComCompositeControl@VCSuperSaverOptionsShim@@@ATL@@UAE@XZ 6620792c f i SuperSaverOptionsShim.obj
 0001:0000694c       ?SetBackgroundColorFromAmbient@?$CComCompositeControl@VCSuperSaverOptionsShim@@@ATL@@QAEJXZ 6620794c f i SuperSaverOptionsShim.obj
 0001:000069a5       ?CalcExtent@?$CComCompositeControl@VCSuperSaverOptionsShim@@@ATL@@QAEHAAUtagSIZE@@@Z 662079a5 f i SuperSaverOptionsShim.obj
 0001:000069f0       ?CreateControlWindow@?$CComCompositeControl@VCSuperSaverOptionsShim@@@ATL@@UAEPAUHWND__@@PAU3@AAUtagRECT@@@Z 662079f0 f i SuperSaverOptionsShim.obj
 0001:00006a23       ?OnDraw@?$CComCompositeControl@VCSuperSaverOptionsShim@@@ATL@@UAEJAAUATL_DRAWINFO@@@Z 66207a23 f i SuperSaverOptionsShim.obj
 0001:00006aa5       ?ProcessWindowMessage@?$CComCompositeControl@VCSuperSaverOptionsShim@@@ATL@@UAEHPAUHWND__@@IIJAAJK@Z 66207aa5 f i SuperSaverOptionsShim.obj
 0001:00006bbe       ?ControlQueryInterface@?$CComControl@VCSuperSaverOptionsShim@@V?$CAxDialogImpl@VCSuperSaverOptionsShim@@VCWindow@ATL@@@ATL@@@ATL@@UAEJABU_GUID@@PAPAX@Z 66207bbe f i SuperSaverOptionsShim.obj
 0001:00006bd9       ?GetDialogProc@?$CAxDialogImpl@VCSuperSaverOptionsShim@@VCWindow@ATL@@@ATL@@UAEP6GHPAUHWND__@@IIJ@ZXZ 66207bd9 f i SuperSaverOptionsShim.obj
 0001:00006bdf       ?CreateActiveXControls@?$CAxDialogImpl@VCSuperSaverOptionsShim@@VCWindow@ATL@@@ATL@@UAEJI@Z 66207bdf f i SuperSaverOptionsShim.obj
 0001:00006f11       ??0?$CComQIPtr@UIDTToolsOptionsPage@EnvDTE@@$1?_GUID_bdcaf240_2692_4713_902a_b110b1d0f100@@3U__s_GUID@@B@ATL@@QAE@PAUIUnknown@@@Z 66207f11 f i SuperSaverOptionsShim.obj
 0001:00006f33       ?CreateInstance@?$CComCreator@V?$CComObjectCached@VCComClassFactory@ATL@@@ATL@@@ATL@@SGJPAXABU_GUID@@PAPAX@Z 66207f33 f i SuperSaverOptionsShim.obj
 0001:00006fc8       ?CreateInstance@?$CComCreator2@V?$CComCreator@V?$CComObject@VCSuperSaverOptionsShim@@@ATL@@@ATL@@V?$CComCreator@V?$CComAggObject@VCSuperSaverOptionsShim@@@ATL@@@2@@ATL@@SGJPAXABU_GUID@@PAPAX@Z 66207fc8 f i SuperSaverOptionsShim.obj
 0001:00006fe8       ??_E?$CComObject@VCAxFrameWindow@ATL@@@ATL@@UAEPAXI@Z 66207fe8 f i SuperSaverOptionsShim.obj
 0001:00006fe8       ??_G?$CComObject@VCAxFrameWindow@ATL@@@ATL@@UAEPAXI@Z 66207fe8 f i SuperSaverOptionsShim.obj
 0001:00007004       ??_E?$CComObject@VCAxUIWindow@ATL@@@ATL@@UAEPAXI@Z 66208004 f i SuperSaverOptionsShim.obj
 0001:00007004       ??_G?$CComObject@VCAxUIWindow@ATL@@@ATL@@UAEPAXI@Z 66208004 f i SuperSaverOptionsShim.obj
 0001:00007020       ??_G?$CComObject@V?$CComEnum@UIEnumUnknown@@$1?_GUID_00000100_0000_0000_c000_000000000046@@3U__s_GUID@@BPAUIUnknown@@V?$_CopyInterface@UIUnknown@@@ATL@@VCComSingleThreadModel@6@@ATL@@@ATL@@UAEPAXI@Z 66208020 f i SuperSaverOptionsShim.obj
 0001:00007020       ??_E?$CComObject@V?$CComEnum@UIEnumUnknown@@$1?_GUID_00000100_0000_0000_c000_000000000046@@3U__s_GUID@@BPAUIUnknown@@V?$_CopyInterface@UIUnknown@@@ATL@@VCComSingleThreadModel@6@@ATL@@@ATL@@UAEPAXI@Z 66208020 f i SuperSaverOptionsShim.obj
 0001:0000703c       ??0?$CComEnum@UIEnumUnknown@@$1?_GUID_00000100_0000_0000_c000_000000000046@@3U__s_GUID@@BPAUIUnknown@@V?$_CopyInterface@UIUnknown@@@ATL@@VCComSingleThreadModel@6@@ATL@@QAE@XZ 6620803c f i SuperSaverOptionsShim.obj
 0001:00007051       ??1?$CComEnum@UIEnumUnknown@@$1?_GUID_00000100_0000_0000_c000_000000000046@@3U__s_GUID@@BPAUIUnknown@@V?$_CopyInterface@UIUnknown@@@ATL@@VCComSingleThreadModel@6@@ATL@@UAE@XZ 66208051 f i SuperSaverOptionsShim.obj
 0001:00007056       ??_G?$CComCompositeControl@VCSuperSaverOptionsShim@@@ATL@@UAEPAXI@Z 66208056 f i SuperSaverOptionsShim.obj
 0001:00007056       ??_E?$CComCompositeControl@VCSuperSaverOptionsShim@@@ATL@@UAEPAXI@Z 66208056 f i SuperSaverOptionsShim.obj
 0001:00007074       ??1?$CComControl@VCSuperSaverOptionsShim@@V?$CAxDialogImpl@VCSuperSaverOptionsShim@@VCWindow@ATL@@@ATL@@@ATL@@UAE@XZ 66208074 f i SuperSaverOptionsShim.obj
 0001:0000708e       ?InternalSetAtIndex@?$CSimpleArray@GV?$CSimpleArrayEqualHelper@G@ATL@@@ATL@@QAEXHABG@Z 6620808e f i SuperSaverOptionsShim.obj
 0001:000070a4       ?Create@?$CAxWindow2T@VCWindow@ATL@@@ATL@@QAEPAUHWND__@@PAU3@V_U_RECT@2@PBGKKV_U_MENUorID@2@PAX@Z 662080a4 f i SuperSaverOptionsShim.obj
 0001:000070cd       ?CreateControlLic@?$CAxWindow2T@VCWindow@ATL@@@ATL@@QAEJPBGPAUIStream@@PAPAUIUnknown@@PAG@Z 662080cd f i SuperSaverOptionsShim.obj
 0001:000070ee       ?IPersistStreamInit_Load@?$IPersistStreamInitImpl@VCSuperSaverOptionsShim@@@ATL@@QAEJPAUIStream@@PAUATL_PROPMAP_ENTRY@2@@Z 662080ee f i SuperSaverOptionsShim.obj
 0001:00007115       ?DoVerbPrimary@?$IOleObjectImpl@VCSuperSaverOptionsShim@@@ATL@@QAEJPBUtagRECT@@PAUHWND__@@@Z 66208115 f i SuperSaverOptionsShim.obj
 0001:00007195       ?DoVerbShow@?$IOleObjectImpl@VCSuperSaverOptionsShim@@@ATL@@QAEJPBUtagRECT@@PAUHWND__@@@Z 66208195 f i SuperSaverOptionsShim.obj
 0001:000071b5       ?DoVerbInPlaceActivate@?$IOleObjectImpl@VCSuperSaverOptionsShim@@@ATL@@QAEJPBUtagRECT@@PAUHWND__@@@Z 662081b5 f i SuperSaverOptionsShim.obj
 0001:000071e6       ?DoVerbUIActivate@?$IOleObjectImpl@VCSuperSaverOptionsShim@@@ATL@@QAEJPBUtagRECT@@PAUHWND__@@@Z 662081e6 f i SuperSaverOptionsShim.obj
 0001:0000720e       ?DoVerbHide@?$IOleObjectImpl@VCSuperSaverOptionsShim@@@ATL@@QAEJPBUtagRECT@@PAUHWND__@@@Z 6620820e f i SuperSaverOptionsShim.obj
 0001:0000723a       ?GetPagesHelper@?$ISpecifyPropertyPagesImpl@VCSuperSaverOptionsShim@@@ATL@@IAEJPAUtagCAUUID@@PAUATL_PROPMAP_ENTRY@2@@Z 6620823a f i SuperSaverOptionsShim.obj
 0001:00007332       ?AdviseSinkMap@?$CComCompositeControl@VCSuperSaverOptionsShim@@@ATL@@QAEJ_N@Z 66208332 f i SuperSaverOptionsShim.obj
 0001:0000735d       ?BackgroundColorEnumProc@?$CComCompositeControl@VCSuperSaverOptionsShim@@@ATL@@SGHPAUHWND__@@J@Z 6620835d f i SuperSaverOptionsShim.obj
 0001:000073c0       ?OnDialogColor@?$CComCompositeControl@VCSuperSaverOptionsShim@@@ATL@@QAEJIIJAAH@Z 662083c0 f i SuperSaverOptionsShim.obj
 0001:0000741b       ?Create@?$CComCompositeControl@VCSuperSaverOptionsShim@@@ATL@@QAEPAUHWND__@@PAU3@AAUtagRECT@@J@Z 6620841b f i SuperSaverOptionsShim.obj
 0001:0000744a       ?PreTranslateAccelerator@?$CComCompositeControl@VCSuperSaverOptionsShim@@@ATL@@QAEHPAUtagMSG@@AAJ@Z 6620844a f i SuperSaverOptionsShim.obj
 0001:00007755       ?IOleInPlaceObject_InPlaceDeactivate@?$CComCompositeControl@VCSuperSaverOptionsShim@@@ATL@@QAEJXZ 66208755 f i SuperSaverOptionsShim.obj
 0001:0000776f       ?IOleInPlaceObject_UIDeactivate@?$CComCompositeControl@VCSuperSaverOptionsShim@@@ATL@@QAEJXZ 6620876f f i SuperSaverOptionsShim.obj
 0001:00007813       ?OnSetFocus@?$CComCompositeControl@VCSuperSaverOptionsShim@@@ATL@@QAEJIIJAAH@Z 66208813 f i SuperSaverOptionsShim.obj
 0001:000078c3       ?OnMouseActivate@?$CComCompositeControl@VCSuperSaverOptionsShim@@@ATL@@QAEJIIJAAH@Z 662088c3 f i SuperSaverOptionsShim.obj
 0001:0000799c       ??0?$CComControl@VCSuperSaverOptionsShim@@V?$CAxDialogImpl@VCSuperSaverOptionsShim@@VCWindow@ATL@@@ATL@@@ATL@@QAE@XZ 6620899c f i SuperSaverOptionsShim.obj
 0001:000079bb       ??0?$CComPolyObject@VCAxHostWindow@ATL@@@ATL@@QAE@PAX@Z 662089bb f i SuperSaverOptionsShim.obj
 0001:00007a05       ??1?$CComPolyObject@VCAxHostWindow@ATL@@@ATL@@UAE@XZ 66208a05 f i SuperSaverOptionsShim.obj
 0001:00007a51       ?Release@?$CComPolyObject@VCAxHostWindow@ATL@@@ATL@@UAGKXZ 66208a51 f i SuperSaverOptionsShim.obj
 0001:00007a51       ?Release@?$CComAggObject@VCSuperSaverOptionsShim@@@ATL@@UAGKXZ 66208a51 f i SuperSaverOptionsShim.obj
 0001:00007a6f       ?QueryInterface@?$CComPolyObject@VCAxHostWindow@ATL@@@ATL@@UAGJABU_GUID@@PAPAX@Z 66208a6f f i SuperSaverOptionsShim.obj
 0001:00007aba       ?AddRef@?$CComContainedObject@VCAxHostWindow@ATL@@@ATL@@UAGKXZ 66208aba f i SuperSaverOptionsShim.obj
 0001:00007aca       ?Release@?$CComContainedObject@VCAxHostWindow@ATL@@@ATL@@UAGKXZ 66208aca f i SuperSaverOptionsShim.obj
 0001:00007ada       ?QueryInterface@?$CComContainedObject@VCAxHostWindow@ATL@@@ATL@@UAGJABU_GUID@@PAPAX@Z 66208ada f i SuperSaverOptionsShim.obj
 0001:00007af1       ?GetControllingUnknown@?$CComContainedObject@VCAxHostWindow@ATL@@@ATL@@UAEPAUIUnknown@@XZ 66208af1 f i SuperSaverOptionsShim.obj
 0001:00007af5       ??0?$CComObjectCached@VCComClassFactory@ATL@@@ATL@@QAE@PAX@Z 66208af5 f i SuperSaverOptionsShim.obj
 0001:00007b2d       ??1?$CComObjectCached@VCComClassFactory@ATL@@@ATL@@UAE@XZ 66208b2d f i SuperSaverOptionsShim.obj
 0001:00007b59       ?AddRef@?$CComObjectCached@VCComClassFactory@ATL@@@ATL@@UAGKXZ 66208b59 f i SuperSaverOptionsShim.obj
 0001:00007b95       ?Release@?$CComObjectCached@VCComClassFactory@ATL@@@ATL@@UAGKXZ 66208b95 f i SuperSaverOptionsShim.obj
 0001:00007be0       ?QueryInterface@?$CComObjectCached@VCComClassFactory@ATL@@@ATL@@UAGJABU_GUID@@PAPAX@Z 66208be0 f i SuperSaverOptionsShim.obj
 0001:00007bfb       ?CreateInstance@?$CComCreator@V?$CComObject@VCSuperSaverOptionsShim@@@ATL@@@ATL@@SGJPAXABU_GUID@@PAPAX@Z 66208bfb f i SuperSaverOptionsShim.obj
 0001:00007ca6       ?CreateInstance@?$CComCreator@V?$CComAggObject@VCSuperSaverOptionsShim@@@ATL@@@ATL@@SGJPAXABU_GUID@@PAPAX@Z 66208ca6 f i SuperSaverOptionsShim.obj
 0001:00007d51       ??_G?$CComPolyObject@VCAxHostWindow@ATL@@@ATL@@UAEPAXI@Z 66208d51 f i SuperSaverOptionsShim.obj
 0001:00007d51       ??_E?$CComPolyObject@VCAxHostWindow@ATL@@@ATL@@UAEPAXI@Z 66208d51 f i SuperSaverOptionsShim.obj
 0001:00007d6d       ??1?$CComContainedObject@VCAxHostWindow@ATL@@@ATL@@UAE@XZ 66208d6d f i SuperSaverOptionsShim.obj
 0001:00007d72       ??_G?$CComObjectCached@VCComClassFactory@ATL@@@ATL@@UAEPAXI@Z 66208d72 f i SuperSaverOptionsShim.obj
 0001:00007d72       ??_E?$CComObjectCached@VCComClassFactory@ATL@@@ATL@@UAEPAXI@Z 66208d72 f i SuperSaverOptionsShim.obj
 0001:00007d8e       ??0CComClassFactory@ATL@@QAE@XZ 66208d8e f i SuperSaverOptionsShim.obj
 0001:00007da5       ?ExecuteDlgInit@?$CDialogImplBaseT@VCWindow@ATL@@@ATL@@QAEHH@Z 66208da5 f i SuperSaverOptionsShim.obj
 0001:00007eda       ?CreateControlLicEx@?$CAxWindow2T@VCWindow@ATL@@@ATL@@QAEJPBGPAUIStream@@PAPAUIUnknown@@2ABU_GUID@@PAU4@PAG@Z 66208eda f i SuperSaverOptionsShim.obj
 0001:00007fb3       ?Create@?$CAxDialogImpl@VCSuperSaverOptionsShim@@VCWindow@ATL@@@ATL@@QAEPAUHWND__@@PAU3@J@Z 66208fb3 f i SuperSaverOptionsShim.obj
 0001:00007fe4       ??0?$CComContainedObject@VCAxHostWindow@ATL@@@ATL@@QAE@PAX@Z 66208fe4 f i SuperSaverOptionsShim.obj
 0001:00008045       ??0?$CComObject@VCSuperSaverOptionsShim@@@ATL@@QAE@PAX@Z 66209045 f i SuperSaverOptionsShim.obj
 0001:000080c1       ??1?$CComObject@VCSuperSaverOptionsShim@@@ATL@@UAE@XZ 662090c1 f i SuperSaverOptionsShim.obj
 0001:00008149       ?AddRef@?$CComObject@VCSuperSaverOptionsShim@@@ATL@@UAGKXZ 66209149 f i SuperSaverOptionsShim.obj
 0001:00008159       ?Release@?$CComObject@VCSuperSaverOptionsShim@@@ATL@@UAGKXZ 66209159 f i SuperSaverOptionsShim.obj
 0001:0000817d       ?QueryInterface@?$CComObject@VCSuperSaverOptionsShim@@@ATL@@UAGJABU_GUID@@PAPAX@Z 6620917d f i SuperSaverOptionsShim.obj
 0001:00008198       ??0?$CComAggObject@VCSuperSaverOptionsShim@@@ATL@@QAE@PAX@Z 66209198 f i SuperSaverOptionsShim.obj
 0001:000081dd       ??1?$CComAggObject@VCSuperSaverOptionsShim@@@ATL@@UAE@XZ 662091dd f i SuperSaverOptionsShim.obj
 0001:00008223       ?QueryInterface@?$CComAggObject@VCSuperSaverOptionsShim@@@ATL@@UAGJABU_GUID@@PAPAX@Z 66209223 f i SuperSaverOptionsShim.obj
 0001:0000826e       ?AddRef@?$CComContainedObject@VCSuperSaverOptionsShim@@@ATL@@UAGKXZ 6620926e f i SuperSaverOptionsShim.obj
 0001:00008281       ?Release@?$CComContainedObject@VCSuperSaverOptionsShim@@@ATL@@UAGKXZ 66209281 f i SuperSaverOptionsShim.obj
 0001:00008294       ?QueryInterface@?$CComContainedObject@VCSuperSaverOptionsShim@@@ATL@@UAGJABU_GUID@@PAPAX@Z 66209294 f i SuperSaverOptionsShim.obj
 0001:000082ae       ??_E?$CComContainedObject@VCAxHostWindow@ATL@@@ATL@@UAEPAXI@Z 662092ae f i SuperSaverOptionsShim.obj
 0001:000082ae       ??_G?$CComContainedObject@VCAxHostWindow@ATL@@@ATL@@UAEPAXI@Z 662092ae f i SuperSaverOptionsShim.obj
 0001:000082cb       ??_G?$CComObject@VCSuperSaverOptionsShim@@@ATL@@UAEPAXI@Z 662092cb f i SuperSaverOptionsShim.obj
 0001:000082cb       ??_E?$CComObject@VCSuperSaverOptionsShim@@@ATL@@UAEPAXI@Z 662092cb f i SuperSaverOptionsShim.obj
 0001:000082e7       ??_G?$CComAggObject@VCSuperSaverOptionsShim@@@ATL@@UAEPAXI@Z 662092e7 f i SuperSaverOptionsShim.obj
 0001:000082e7       ??_E?$CComAggObject@VCSuperSaverOptionsShim@@@ATL@@UAEPAXI@Z 662092e7 f i SuperSaverOptionsShim.obj
 0001:00008303       ??1?$CComContainedObject@VCSuperSaverOptionsShim@@@ATL@@UAE@XZ 66209303 f i SuperSaverOptionsShim.obj
 0001:00008308       ??0?$CComContainedObject@VCSuperSaverOptionsShim@@@ATL@@QAE@PAX@Z 66209308 f i SuperSaverOptionsShim.obj
 0001:00008385       ??_E?$CComContainedObject@VCSuperSaverOptionsShim@@@ATL@@UAEPAXI@Z 66209385 f i SuperSaverOptionsShim.obj
 0001:00008385       ??_G?$CComContainedObject@VCSuperSaverOptionsShim@@@ATL@@UAEPAXI@Z 66209385 f i SuperSaverOptionsShim.obj
 0001:000083a3       ?StartDialogProc@?$CDialogImplBaseT@VCWindow@ATL@@@ATL@@SGHPAUHWND__@@IIJ@Z 662093a3 f i SuperSaverOptionsShim.obj
 0001:000083ea       ?DialogProc@?$CDialogImplBaseT@VCWindow@ATL@@@ATL@@SGHPAUHWND__@@IIJ@Z 662093ea f i SuperSaverOptionsShim.obj
 0001:000084b2       ?StartWindowProc@?$CWindowImplBaseT@VCWindow@ATL@@V?$CWinTraits@$0FGAAAAAA@$0A@@2@@ATL@@SGJPAUHWND__@@IIJ@Z 662094b2 f i SuperSaverOptionsShim.obj
 0001:000084f9       ?WindowProc@?$CWindowImplBaseT@VCWindow@ATL@@V?$CWinTraits@$0FGAAAAAA@$0A@@2@@ATL@@SGJPAUHWND__@@IIJ@Z 662094f9 f i SuperSaverOptionsShim.obj
 0001:000085db       ?Create@?$CWindowImplBaseT@VCWindow@ATL@@V?$CWinTraits@$0FGAAAAAA@$0A@@2@@ATL@@QAEPAUHWND__@@PAU3@V_U_RECT@2@PBGKKV_U_MENUorID@2@GPAX@Z 662095db f i SuperSaverOptionsShim.obj
 0001:00008651       ?SubclassWindow@?$CWindowImplBaseT@VCWindow@ATL@@V?$CWinTraits@$0FGAAAAAA@$0A@@2@@ATL@@QAEHPAUHWND__@@@Z 66209651 f i SuperSaverOptionsShim.obj
 0001:0000867d       ?UnsubclassWindow@?$CWindowImplBaseT@VCWindow@ATL@@V?$CWinTraits@$0FGAAAAAA@$0A@@2@@ATL@@QAEPAUHWND__@@H@Z 6620967d f i SuperSaverOptionsShim.obj
 0001:000086c2       ?CreateInstance@?$CComObject@VCAxFrameWindow@ATL@@@ATL@@SGJPAPAV12@@Z 662096c2 f i SuperSaverOptionsShim.obj
 0001:00008737       ?CreateInstance@?$CComObject@VCAxUIWindow@ATL@@@ATL@@SGJPAPAV12@@Z 66209737 f i SuperSaverOptionsShim.obj
 0001:000087ac       ??1?$CComEnumImpl@UIEnumUnknown@@$1?_GUID_00000100_0000_0000_c000_000000000046@@3U__s_GUID@@BPAUIUnknown@@V?$_CopyInterface@UIUnknown@@@ATL@@@ATL@@UAE@XZ 662097ac f i SuperSaverOptionsShim.obj
 0001:00008809       ?Next@?$CComEnumImpl@UIEnumUnknown@@$1?_GUID_00000100_0000_0000_c000_000000000046@@3U__s_GUID@@BPAUIUnknown@@V?$_CopyInterface@UIUnknown@@@ATL@@@ATL@@UAGJKPAPAUIUnknown@@PAK@Z 66209809 f i SuperSaverOptionsShim.obj
 0001:000088a4       ?Skip@?$CComEnumImpl@UIEnumUnknown@@$1?_GUID_00000100_0000_0000_c000_000000000046@@3U__s_GUID@@BPAUIUnknown@@V?$_CopyInterface@UIUnknown@@@ATL@@@ATL@@UAGJK@Z 662098a4 f i SuperSaverOptionsShim.obj
 0001:000088dc       ?Clone@?$CComEnumImpl@UIEnumUnknown@@$1?_GUID_00000100_0000_0000_c000_000000000046@@3U__s_GUID@@BPAUIUnknown@@V?$_CopyInterface@UIUnknown@@@ATL@@@ATL@@UAGJPAPAUIEnumUnknown@@@Z 662098dc f i SuperSaverOptionsShim.obj
 0001:000089a8       ?Init@?$CComEnumImpl@UIEnumUnknown@@$1?_GUID_00000100_0000_0000_c000_000000000046@@3U__s_GUID@@BPAUIUnknown@@V?$_CopyInterface@UIUnknown@@@ATL@@@ATL@@QAEJPAPAUIUnknown@@0PAU3@W4CComEnumFlags@2@@Z 662099a8 f i SuperSaverOptionsShim.obj
 0001:00008a68       ??$AtlAxDialogCreateT@PBGV_AtlCreateDialogIndirectParamHelper@ATL@@$1?CreateDialogIndirectParamW@@YGPAUHWND__@@PAUHINSTANCE__@@PBUDLGTEMPLATE@@PAU4@P6GH2IIJ@ZJ@Z@ATL@@YAPAUHWND__@@PAUHINSTANCE__@@PBGPAU1@P6GH2IIJ@ZJ@Z 66209a68 f i SuperSaverOptionsShim.obj
 0001:00008b2f       ??$AtlModuleRegisterWndClassInfoT@VAtlModuleRegisterWndClassInfoParamW@ATL@@@ATL@@YAGPAU_ATL_BASE_MODULE70@0@PAU_ATL_WIN_MODULE70@0@PAU_ATL_WNDCLASSINFOW@0@PAP6GJPAUHWND__@@IIJ@ZVAtlModuleRegisterWndClassInfoParamW@0@@Z 66209b2f f i SuperSaverOptionsShim.obj
 0001:00008c6d       ?IPSI_GetIPersistStreamInit@?$IPersistStorageImpl@VCSuperSaverOptionsShim@@@ATL@@AAEPAUIPersistStreamInit@@XZ 66209c6d f i SuperSaverOptionsShim.obj
 0001:00008ca9       ?DialogProc@?$CAxDialogImpl@VCSuperSaverOptionsShim@@VCWindow@ATL@@@ATL@@SGHPAUHWND__@@IIJ@Z 66209ca9 f i SuperSaverOptionsShim.obj
 0001:00008cf8       ??$AtlAdviseSinkMap@VCSuperSaverOptionsShim@@@ATL@@YAJPAVCSuperSaverOptionsShim@@_N@Z 66209cf8 f i SuperSaverOptionsShim.obj
 0001:00008e15       ?QueryHost@?$CAxWindowT@VCWindow@ATL@@@ATL@@QAEJABU_GUID@@PAPAX@Z 66209e15 f i SuperSaverOptionsShim.obj
 0001:00008e78       ??0?$CComObject@VCAxFrameWindow@ATL@@@ATL@@QAE@PAX@Z 66209e78 f i SuperSaverOptionsShim.obj
 0001:00008e9a       ??0?$CComObject@VCAxUIWindow@ATL@@@ATL@@QAE@PAX@Z 66209e9a f i SuperSaverOptionsShim.obj
 0001:00008ebc       ?CreateInstance@?$CComObject@V?$CComEnum@UIEnumUnknown@@$1?_GUID_00000100_0000_0000_c000_000000000046@@3U__s_GUID@@BPAUIUnknown@@V?$_CopyInterface@UIUnknown@@@ATL@@VCComSingleThreadModel@6@@ATL@@@ATL@@SGJPAPAV12@@Z 66209ebc f i SuperSaverOptionsShim.obj
 0001:00008f31       ?QueryInterface@?$CComContainedObject@VCSuperSaverOptionsShim@@@ATL@@W3AGJABU_GUID@@PAPAX@Z 66209f31 f i SuperSaverOptionsShim.obj
 0001:00008f3b       ?AddRef@?$CComContainedObject@VCSuperSaverOptionsShim@@@ATL@@W3AGKXZ 66209f3b f i SuperSaverOptionsShim.obj
 0001:00008f45       ?Release@?$CComContainedObject@VCSuperSaverOptionsShim@@@ATL@@W3AGKXZ 66209f45 f i SuperSaverOptionsShim.obj
 0001:00008f4f       ?QueryInterface@?$CComContainedObject@VCSuperSaverOptionsShim@@@ATL@@W7AGJABU_GUID@@PAPAX@Z 66209f4f f i SuperSaverOptionsShim.obj
 0001:00008f59       ?AddRef@?$CComContainedObject@VCSuperSaverOptionsShim@@@ATL@@W7AGKXZ 66209f59 f i SuperSaverOptionsShim.obj
 0001:00008f63       ?Release@?$CComContainedObject@VCSuperSaverOptionsShim@@@ATL@@W7AGKXZ 66209f63 f i SuperSaverOptionsShim.obj
 0001:00008f6d       ?QueryInterface@?$CComContainedObject@VCSuperSaverOptionsShim@@@ATL@@WM@AGJABU_GUID@@PAPAX@Z 66209f6d f i SuperSaverOptionsShim.obj
 0001:00008f77       ?AddRef@?$CComContainedObject@VCSuperSaverOptionsShim@@@ATL@@WM@AGKXZ 66209f77 f i SuperSaverOptionsShim.obj
 0001:00008f81       ?Release@?$CComContainedObject@VCSuperSaverOptionsShim@@@ATL@@WM@AGKXZ 66209f81 f i SuperSaverOptionsShim.obj
 0001:00008f8b       ?QueryInterface@?$CComContainedObject@VCSuperSaverOptionsShim@@@ATL@@WBA@AGJABU_GUID@@PAPAX@Z 66209f8b f i SuperSaverOptionsShim.obj
 0001:00008f95       ?AddRef@?$CComContainedObject@VCSuperSaverOptionsShim@@@ATL@@WBA@AGKXZ 66209f95 f i SuperSaverOptionsShim.obj
 0001:00008f9f       ?Release@?$CComContainedObject@VCSuperSaverOptionsShim@@@ATL@@WBA@AGKXZ 66209f9f f i SuperSaverOptionsShim.obj
 0001:00008fa9       ?QueryInterface@?$CComContainedObject@VCSuperSaverOptionsShim@@@ATL@@WBE@AGJABU_GUID@@PAPAX@Z 66209fa9 f i SuperSaverOptionsShim.obj
 0001:00008fb3       ?AddRef@?$CComContainedObject@VCSuperSaverOptionsShim@@@ATL@@WBE@AGKXZ 66209fb3 f i SuperSaverOptionsShim.obj
 0001:00008fbd       ?Release@?$CComContainedObject@VCSuperSaverOptionsShim@@@ATL@@WBE@AGKXZ 66209fbd f i SuperSaverOptionsShim.obj
 0001:00008fc7       ?QueryInterface@?$CComContainedObject@VCSuperSaverOptionsShim@@@ATL@@WBI@AGJABU_GUID@@PAPAX@Z 66209fc7 f i SuperSaverOptionsShim.obj
 0001:00008fd1       ?AddRef@?$CComContainedObject@VCSuperSaverOptionsShim@@@ATL@@WBI@AGKXZ 66209fd1 f i SuperSaverOptionsShim.obj
 0001:00008fdb       ?Release@?$CComContainedObject@VCSuperSaverOptionsShim@@@ATL@@WBI@AGKXZ 66209fdb f i SuperSaverOptionsShim.obj
 0001:00008fe5       ?QueryInterface@?$CComContainedObject@VCSuperSaverOptionsShim@@@ATL@@WBM@AGJABU_GUID@@PAPAX@Z 66209fe5 f i SuperSaverOptionsShim.obj
 0001:00008fef       ?AddRef@?$CComContainedObject@VCSuperSaverOptionsShim@@@ATL@@WBM@AGKXZ 66209fef f i SuperSaverOptionsShim.obj
 0001:00008ff9       ?Release@?$CComContainedObject@VCSuperSaverOptionsShim@@@ATL@@WBM@AGKXZ 66209ff9 f i SuperSaverOptionsShim.obj
 0001:00009003       ?QueryInterface@?$CComContainedObject@VCSuperSaverOptionsShim@@@ATL@@WCA@AGJABU_GUID@@PAPAX@Z 6620a003 f i SuperSaverOptionsShim.obj
 0001:0000900d       ?AddRef@?$CComContainedObject@VCSuperSaverOptionsShim@@@ATL@@WCA@AGKXZ 6620a00d f i SuperSaverOptionsShim.obj
 0001:00009017       ?Release@?$CComContainedObject@VCSuperSaverOptionsShim@@@ATL@@WCA@AGKXZ 6620a017 f i SuperSaverOptionsShim.obj
 0001:00009021       ?QueryInterface@?$CComContainedObject@VCSuperSaverOptionsShim@@@ATL@@WCE@AGJABU_GUID@@PAPAX@Z 6620a021 f i SuperSaverOptionsShim.obj
 0001:0000902b       ?AddRef@?$CComContainedObject@VCSuperSaverOptionsShim@@@ATL@@WCE@AGKXZ 6620a02b f i SuperSaverOptionsShim.obj
 0001:00009035       ?Release@?$CComContainedObject@VCSuperSaverOptionsShim@@@ATL@@WCE@AGKXZ 6620a035 f i SuperSaverOptionsShim.obj
 0001:0000903f       ?QueryInterface@?$CComContainedObject@VCSuperSaverOptionsShim@@@ATL@@WCI@AGJABU_GUID@@PAPAX@Z 6620a03f f i SuperSaverOptionsShim.obj
 0001:00009049       ?AddRef@?$CComContainedObject@VCSuperSaverOptionsShim@@@ATL@@WCI@AGKXZ 6620a049 f i SuperSaverOptionsShim.obj
 0001:00009053       ?Release@?$CComContainedObject@VCSuperSaverOptionsShim@@@ATL@@WCI@AGKXZ 6620a053 f i SuperSaverOptionsShim.obj
 0001:0000905d       ?QueryInterface@?$CComContainedObject@VCSuperSaverOptionsShim@@@ATL@@WCM@AGJABU_GUID@@PAPAX@Z 6620a05d f i SuperSaverOptionsShim.obj
 0001:00009067       ?AddRef@?$CComContainedObject@VCSuperSaverOptionsShim@@@ATL@@WCM@AGKXZ 6620a067 f i SuperSaverOptionsShim.obj
 0001:00009071       ?Release@?$CComContainedObject@VCSuperSaverOptionsShim@@@ATL@@WCM@AGKXZ 6620a071 f i SuperSaverOptionsShim.obj
 0001:0000907b       ?QueryInterface@?$CComContainedObject@VCSuperSaverOptionsShim@@@ATL@@WDA@AGJABU_GUID@@PAPAX@Z 6620a07b f i SuperSaverOptionsShim.obj
 0001:00009085       ?AddRef@?$CComContainedObject@VCSuperSaverOptionsShim@@@ATL@@WDA@AGKXZ 6620a085 f i SuperSaverOptionsShim.obj
 0001:0000908f       ?Release@?$CComContainedObject@VCSuperSaverOptionsShim@@@ATL@@WDA@AGKXZ 6620a08f f i SuperSaverOptionsShim.obj
 0001:00009099       ??_E?$CComContainedObject@VCSuperSaverOptionsShim@@@ATL@@WDE@AEPAXI@Z 6620a099 f i SuperSaverOptionsShim.obj
 0001:000090a1       ??_E?$CComContainedObject@VCSuperSaverOptionsShim@@@ATL@@WHM@AEPAXI@Z 6620a0a1 f i SuperSaverOptionsShim.obj
 0001:000090a9       ??_E?$CComCompositeControl@VCSuperSaverOptionsShim@@@ATL@@WEI@AEPAXI@Z 6620a0a9 f i SuperSaverOptionsShim.obj
 0001:000090b1       ?QueryInterface@?$CComObject@VCSuperSaverOptionsShim@@@ATL@@W3AGJABU_GUID@@PAPAX@Z 6620a0b1 f i SuperSaverOptionsShim.obj
 0001:000090bb       ?AddRef@?$CComObject@VCSuperSaverOptionsShim@@@ATL@@W3AGKXZ 6620a0bb f i SuperSaverOptionsShim.obj
 0001:000090c5       ?Release@?$CComObject@VCSuperSaverOptionsShim@@@ATL@@W3AGKXZ 6620a0c5 f i SuperSaverOptionsShim.obj
 0001:000090cf       ?QueryInterface@?$CComObject@VCSuperSaverOptionsShim@@@ATL@@W7AGJABU_GUID@@PAPAX@Z 6620a0cf f i SuperSaverOptionsShim.obj
 0001:000090d9       ?AddRef@?$CComObject@VCSuperSaverOptionsShim@@@ATL@@W7AGKXZ 6620a0d9 f i SuperSaverOptionsShim.obj
 0001:000090e3       ?Release@?$CComObject@VCSuperSaverOptionsShim@@@ATL@@W7AGKXZ 6620a0e3 f i SuperSaverOptionsShim.obj
 0001:000090ed       ?QueryInterface@?$CComObject@VCSuperSaverOptionsShim@@@ATL@@WM@AGJABU_GUID@@PAPAX@Z 6620a0ed f i SuperSaverOptionsShim.obj
 0001:000090f7       ?AddRef@?$CComObject@VCSuperSaverOptionsShim@@@ATL@@WM@AGKXZ 6620a0f7 f i SuperSaverOptionsShim.obj
[...]
   211 0001:0000b0fa   212 0001:0000b100   686 0001:0000b103   709 0001:0000b104
   711 0001:0000b106   714 0001:0000b121   715 0001:0000b124   712 0001:0000b125
   715 0001:0000b12d   763 0001:0000b12e   764 0001:0000b139   767 0001:0000b13e
   768 0001:0000b148   772 0001:0000b152   774 0001:0000b15c   776 0001:0000b169
   778 0001:0000b174   779 0001:0000b17c   781 0001:0000b181   782 0001:0000b183
   784 0001:0000b189   786 0001:0000b19b   787 0001:0000b1a4   776 0001:0000b1b4
   790 0001:0000b1bc   793 0001:0000b1c2   796 0001:0000b1c4   797 0001:0000b1c8
   800 0001:0000b1ce   785 0001:0000b1d0   803 0001:0000b1d7   806 0001:0000b1e5
   807 0001:0000b1ec   809 0001:0000b1fe   810 0001:0000b206   803 0001:0000b216
   813 0001:0000b21e   815 0001:0000b222   816 0001:0000b227   165 0001:0000b229
   744 0001:0000b245   743 0001:0000b245   750 0001:0000b25c   754 0001:0000b25f
   753 0001:0000b260   754 0001:0000b262  1154 0001:0000b263  1155 0001:0000b278
  1159 0001:0000b28e  1163 0001:0000b291  1164 0001:0000b2a7  1167 0001:0000b2ac
  1170 0001:0000b2b7  1172 0001:0000b2d3  1174 0001:0000b2e6  1177 0001:0000b2fd
  1181 0001:0000b303  1184 0001:0000b315  1186 0001:0000b31f  1188 0001:0000b322
  1191 0001:0000b32e  1193 0001:0000b332  1195 0001:0000b349  1197 0001:0000b356
  1203 0001:0000b35b  1205 0001:0000b36b  1206 0001:0000b371  1210 0001:0000b388
  1214 0001:0000b39c  1216 0001:0000b3b9  1220 0001:0000b3d0  1223 0001:0000b3da
  1227 0001:0000b3e3  1228 0001:0000b3ed  1231 0001:0000b406  1389 0001:0000b40e
  1393 0001:0000b412  1395 0001:0000b424  1397 0001:0000b445  1167 0001:0000b45c
  1397 0001:0000b466  1238 0001:0000b46b  1243 0001:0000b478  1244 0001:0000b48c
  1246 0001:0000b494  1247 0001:0000b4a5  1259 0001:0000b4b2  1260 0001:0000b4bd
  1262 0001:0000b4ca  1266 0001:0000b4cc  1269 0001:0000b4de  1271 0001:0000b4e9
  1272 0001:0000b4fd  1275 0001:0000b501  1276 0001:0000b515  1280 0001:0000b519
  1281 0001:0000b532  1286 0001:0000b53a  1290 0001:0000b551  1292 0001:0000b55b
  1296 0001:0000b57a  1298 0001:0000b57f  1299 0001:0000b584  1300 0001:0000b59b
  1301 0001:0000b59d  1305 0001:0000b5a4  1306 0001:0000b5a9  1317 0001:0000b5b0
  1319 0001:0000b5c3  1321 0001:0000b5d6  1324 0001:0000b5e9  1326 0001:0000b5ef
  1328 0001:0000b608  1331 0001:0000b612  1341 0001:0000b625  1345 0001:0000b638
  1348 0001:0000b641  1383 0001:0000b64d  1403 0001:0000b654  1404 0001:0000b66c
  1358 0001:0000b684  1361 0001:0000b69b  1365 0001:0000b6bc  1367 0001:0000b6ce
  1370 0001:0000b6d3  1371 0001:0000b6e7  1374 0001:0000b6f5  1379 0001:0000b701
  1381 0001:0000b711  1386 0001:0000b719  1221 0001:0000b71e  1232 0001:0000b726
  1250 0001:0000b731  1251 0001:0000b736  1256 0001:0000b743  1257 0001:0000b748
  1267 0001:0000b761  1282 0001:0000b77b  1372 0001:0000b780   819 0001:0000b7d3
   827 0001:0000b7ef   828 0001:0000b810   829 0001:0000b816   832 0001:0000b82f
   835 0001:0000b839   836 0001:0000b83e   837 0001:0000b84d   839 0001:0000b853
   850 0001:0000b87f   851 0001:0000b88d   852 0001:0000b893   853 0001:0000b8a8
   858 0001:0000b8b2   860 0001:0000b8c8   861 0001:0000b8cb   863 0001:0000b8da
   864 0001:0000b8df   866 0001:0000b8e5   852 0001:0000b8e7   868 0001:0000b8ed
   877 0001:0000b8f0   878 0001:0000b8f2   858 0001:0000b8f4   882 0001:0000b8fa
   883 0001:0000b8fe   885 0001:0000b911   887 0001:0000b913   889 0001:0000b916
   890 0001:0000b933   894 0001:0000b938   901 0001:0000b93e   903 0001:0000b95a
   905 0001:0000b96b   909 0001:0000b97d   910 0001:0000b98a   913 0001:0000b992
   916 0001:0000b994   917 0001:0000b9af   918 0001:0000b9cd   919 0001:0000b9d7
   920 0001:0000b9f6   921 0001:0000ba06   922 0001:0000ba0f   923 0001:0000ba48
   924 0001:0000ba64   843 0001:0000ba7f   928 0001:0000ba95   931 0001:0000ba9b
   934 0001:0000baa4   935 0001:0000bab1   937 0001:0000bab3   938 0001:0000bab5
   628 0001:0000bace   618 0001:0000bace   629 0001:0000baf1   630 0001:0000bb04
   631 0001:0000bb17   636 0001:0000bb2b   638 0001:0000bb2d   645 0001:0000bb48
   647 0001:0000bb4b   640 0001:0000bb4c   641 0001:0000bb5b   647 0001:0000bb5f
   651 0001:0000bc2f   650 0001:0000bc2f   677 0001:0000bc50   683 0001:0000bc53
   670 0001:0000bc54   683 0001:0000bc57   663 0001:0000bc58   683 0001:0000bc5b
   681 0001:0000bc5c   683 0001:0000bc5e   994 0001:0000bc92   998 0001:0000bc9c
  1000 0001:0000bcb1  1001 0001:0000bcba  1003 0001:0000bcbc  1004 0001:0000bcc1
  1005 0001:0000bcce  1006 0001:0000bcd0  1007 0001:0000bcdb  1010 0001:0000bcdd
  1011 0001:0000bcdf   950 0001:0000bcf3   951 0001:0000bcf7   955 0001:0000bcf9
   959 0001:0000bd17   962 0001:0000bd1b   963 0001:0000bd24   941 0001:0000bd28
   942 0001:0000bd29   943 0001:0000bd2e   946 0001:0000bd49   947 0001:0000bd4d
   944 0001:0000bd50   757 0001:0000be60   758 0001:0000be60   759 0001:0000be62
   760 0001:0000be7a   460 0001:0000be7b   461 0001:0000be88   470 0001:0000be93
   471 0001:0000beb4

Line numbers for .\Release\SuperSaverOptionsShim.obj(g:\vsnet\vc7\atlmfc\include\atlcomcli.h) segment .text

   206 0001:00005a2e   204 0001:00005a2e   207 0001:00005a32   212 0001:00005a37
   208 0001:00005a38   209 0001:00005a3c   210 0001:00005a42   211 0001:00005a48
   212 0001:00005a4a   486 0001:00005a4b   488 0001:00005a54   489 0001:00005a58
   490 0001:00005a66   486 0001:00005a6d   488 0001:00005a76   489 0001:00005a7a
   490 0001:00005a88   486 0001:00005bee   488 0001:00005bf7   489 0001:00005bfb
   490 0001:00005c09   486 0001:00005c10   488 0001:00005c19   489 0001:00005c1d
   490 0001:00005c2b   486 0001:00005c32   488 0001:00005c3b   489 0001:00005c3f
   490 0001:00005c4d   486 0001:00005c54   488 0001:00005c5d   489 0001:00005c61
   490 0001:00005c6f   486 0001:00005d11   488 0001:00005d1a   489 0001:00005d1e
   490 0001:00005d2c   486 0001:00006f11   488 0001:00006f1a   489 0001:00006f1e
   490 0001:00006f2c  1045 0001:000098f6  1047 0001:000098fb  1048 0001:000098ff
  1056 0001:00009904  1051 0001:00009906  1052 0001:0000991e  1053 0001:0000992e
  1054 0001:00009930  1055 0001:00009932  1056 0001:00009947  1055 0001:00009949
  1056 0001:0000994b  2201 0001:0000994d  2202 0001:0000995b  2203 0001:00009968
  2205 0001:00009972  2206 0001:0000997c  2207 0001:0000997e  2210 0001:00009984
  2215 0001:000099a1  2216 0001:000099a7  2218 0001:000099ac  2219 0001:000099bd
  2221 0001:000099c1  2222 0001:000099d4  2223 0001:000099d8  2226 0001:000099ef
  2227 0001:000099f4  2228 0001:00009a00  2232 0001:00009a10  2233 0001:00009a13
  2237 0001:00009a15  2238 0001:00009a17  2245 0001:00009a19  2246 0001:00009a1b
  2254 0001:00009a1d  2260 0001:00009a20  2263 0001:00009a2e  2264 0001:00009a3b
  2266 0001:00009a47  2267 0001:00009a58  2268 0001:00009a5c  2269 0001:00009a6d
  2271 0001:00009a70  2272 0001:00009a72  2274 0001:00009a7f  2276 0001:00009a8c
  2277 0001:00009a9c  1058 0001:00009c57  1060 0001:00009c5d  1061 0001:00009c63
  1064 0001:00009c6a  1067 0001:00009c72  1068 0001:00009c84  1072 0001:00009c92
  1073 0001:00009c9d  1074 0001:00009ca3  1075 0001:00009caa  1076 0001:00009cac
  1079 0001:00009cb7  1083 0001:00009cbe  1086 0001:00009ccf  1087 0001:00009cd5
  1088 0001:00009cdc  1089 0001:00009ce0  2281 0001:00009ce2  2283 0001:00009cf4
  2284 0001:00009cfc  2287 0001:00009d06  2288 0001:00009d0d  2289 0001:00009d0f
  2292 0001:00009d15  2293 0001:00009d2b  2294 0001:00009d3c  2295 0001:00009d41
  2296 0001:00009d43  2298 0001:00009d49  2300 0001:00009d4c  2305 0001:00009d6b
  2308 0001:00009d6e  2311 0001:00009d89  2312 0001:00009d94  2313 0001:00009d96
  2317 0001:00009d9b  2318 0001:00009d9e  2322 0001:00009da0  2323 0001:00009da7
  2330 0001:00009da9  2331 0001:00009db0  2339 0001:00009db2  2346 0001:00009db9
  2347 0001:00009dc7  2348 0001:00009dcc  2349 0001:00009dd1  2351 0001:00009dd3
  2353 0001:00009dd9  2354 0001:00009de3  2360 0001:00009de7  2361 0001:00009df9
  2365 0001:00009dfe  2366 0001:00009e10  2367 0001:00009e1f  2368 0001:00009e29
   425 0001:00009e66   428 0001:00009e6c   429 0001:00009e72   452 0001:00009e77
   431 0001:00009e79   432 0001:00009e7d   452 0001:00009e82   435 0001:00009e84
   436 0001:00009e88   441 0001:00009e8b   445 0001:00009ebd   446 0001:00009ed1
   447 0001:00009ed3   446 0001:00009ed5   451 0001:00009ed7   452 0001:00009eed
  2371 0001:00009f1e  2375 0001:00009f2e  2380 0001:00009f4f  2381 0001:00009f57
  2383 0001:00009f5c  2384 0001:00009f6d  2386 0001:00009f71  2387 0001:00009f82
  2388 0001:00009f86  2391 0001:00009f99  2394 0001:00009fa0  2395 0001:00009fa8
  2396 0001:00009fb2  2398 0001:00009fb5  2399 0001:00009fbd  2400 0001:00009fc0
  2401 0001:00009fce  2404 0001:00009fd0  2405 0001:00009fd2  2409 0001:00009fd4
  2410 0001:00009fd6  2417 0001:00009fd8  2418 0001:00009fda  2421 0001:00009fdc
  2422 0001:00009fdf  2426 0001:00009fe1  2431 0001:00009fe4  2434 0001:00009fe9
  2435 0001:00009ff3  2437 0001:00009ff9  2438 0001:0000a008  2439 0001:0000a00c
  2441 0001:0000a00f  2442 0001:0000a011  2445 0001:0000a014  2446 0001:0000a018
  2447 0001:0000a024  2449 0001:0000a02e    59 0001:0000a070    58 0001:0000a070
    60 0001:0000a074    62 0001:0000a079    63 0001:0000a07b    64 0001:0000a07e
    65 0001:0000a082    66 0001:0000a08c    67 0001:0000a090    68 0001:0000a096
    69 0001:0000a099    46 0001:0000a63b    45 0001:0000a63b    47 0001:0000a63f
    55 0001:0000a641    49 0001:0000a642    50 0001:0000a646    51 0001:0000a64c
    52 0001:0000a652    53 0001:0000a658    54 0001:0000a65a    55 0001:0000a65c
    32 0001:0000be51    33 0001:0000be51    34 0001:0000be5f   248 0001:0000bedc
   250 0001:0000bedf   454 0001:0000bee0   457 0001:0000bee6   458 0001:0000beed
   468 0001:0000bef2   460 0001:0000bef4   461 0001:0000bef8   468 0001:0000befd
   467 0001:0000beff   468 0001:0000bf29   611 0001:0000bf42   612 0001:0000bf42
   614 0001:0000bf4a   615 0001:0000bf51   617 0001:0000bf58   618 0001:0000bf62
   619 0001:0000bf68   622 0001:0000bf72   624 0001:0000bf75   625 0001:0000bf77
    26 0001:0000bf7a    27 0001:0000bf7a    28 0001:0000bf80    29 0001:0000bf8e
   573 0001:0000bf8f   571 0001:0000bf8f   574 0001:0000bf96   581 0001:0000bf99
   589 0001:0000bfb9   592 0001:0000bfca   593 0001:0000bfdc   594 0001:0000bfe9
   595 0001:0000bfef   596 0001:0000bff9  1708 0001:0000c007  1709 0001:0000c007
  1711 0001:0000c00e  1713 0001:0000c01d  1715 0001:0000c02a  1716 0001:0000c02f
  1718 0001:0000c036  1719 0001:0000c038  1537 0001:0000c03b  1536 0001:0000c03b
  1538 0001:0000c042   551 0001:0000c252   549 0001:0000c252   552 0001:0000c259
   559 0001:0000c25c

Line numbers for .\Release\SuperSaverOptionsShim.obj(g:\vsnet\vc7\atlmfc\include\atlbase.h) segment .text

   736 0001:0000976f   727 0001:0000976f   738 0001:0000978f   736 0001:00009790
   738 0001:00009792   627 0001:00009f07   628 0001:00009f07   629 0001:00009f0d
   630 0001:00009f1d  2678 0001:0000a315  2677 0001:0000a315  2679 0001:0000a32e
  5506 0001:0000a682  5507 0001:0000a69d  5509 0001:0000a6a9  5511 0001:0000a6ad
  5514 0001:0000a6af  5515 0001:0000a6bc  5519 0001:0000a6c5  5520 0001:0000a6d0
  5528 0001:0000a6d4  5523 0001:0000a6db  5525 0001:0000a6e1  5526 0001:0000a6eb
  5527 0001:0000a6ff  5528 0001:0000a703  5529 0001:0000a70d  5540 0001:0000a71b
  5543 0001:0000a729  5559 0001:0000a739  5550 0001:0000a73e  5551 0001:0000a758
  5552 0001:0000a765  5553 0001:0000a767  5555 0001:0000a77a  5562 0001:0000a78f
  5565 0001:0000a793  5566 0001:0000a7a5  5571 0001:0000a7a9  5572 0001:0000a7d6
  5573 0001:0000a7e6  2766 0001:0000a957  2765 0001:0000a957  2768 0001:0000a959
  2769 0001:0000a95e  2770 0001:0000a964  2771 0001:0000a96b  2773 0001:0000a975
  2774 0001:0000a978  4883 0001:0000b78a  4886 0001:0000b78f  4888 0001:0000b795
  4889 0001:0000b7b7  4890 0001:0000b7bb  4891 0001:0000b7c0  4893 0001:0000b7c4
  4894 0001:0000b7c9  4897 0001:0000b7cf  5179 0001:0000bb60  5184 0001:0000bb63
  5185 0001:0000bb87  5188 0001:0000bbab  5200 0001:0000bbac  5203 0001:0000bbb3
  5204 0001:0000bbbb  5205 0001:0000bbc0  5206 0001:0000bbc2  5209 0001:0000bbc7
  5210 0001:0000bbe2  5169 0001:0000bbe5  5167 0001:0000bbe5  5170 0001:0000bc00
  4900 0001:0000bc5f  4902 0001:0000bc63  4903 0001:0000bc6a  4904 0001:0000bc7f
  4906 0001:0000bc83  4908 0001:0000bc88  4911 0001:0000bc8e  5246 0001:0000bd54
  5248 0001:0000bd6a  5249 0001:0000bd8e  5255 0001:0000bd92  5261 0001:0000bda4
  5263 0001:0000bdac  5264 0001:0000bdb8  5261 0001:0000bdbf  5266 0001:0000bdd2
  5268 0001:0000bddf  5269 0001:0000bdf2  5270 0001:0000be0e  5265 0001:0000be26
  4844 0001:0000be39  4842 0001:0000be39  4846 0001:0000be41  4847 0001:0000be48
  4850 0001:0000be4b  4803 0001:0000be4c   303 0001:0000bf2b   304 0001:0000bf2e
   306 0001:0000bf34   308 0001:0000bf41  2779 0001:0000c1bf  2780 0001:0000c1c3
  2782 0001:0000c1d3  2783 0001:0000c1d7  2785 0001:0000c1e3  2787 0001:0000c1e8
  2789 0001:0000c1ef  2791 0001:0000c1f8  2792 0001:0000c1fc   633 0001:0000c202
   634 0001:0000c202   636 0001:0000c207   638 0001:0000c21a   639 0001:0000c229
   457 0001:0000c22c   453 0001:0000c22c   460 0001:0000c22e   461 0001:0000c251

Line numbers for .\Release\stdafx.obj(g:\vsnet\vc7\atlmfc\include\atlbase.h) segment .text

  2573 0001:000001e9  2576 0001:000001f1  2577 0001:000001fd  2578 0001:00000201
  2579 0001:00000208  2582 0001:0000020c  2583 0001:0000020d  2584 0001:0000021b
  6215 0001:0000023e  6216 0001:0000023f  6217 0001:00000245  6218 0001:00000247
  6219 0001:0000024b  6220 0001:0000024d  6221 0001:00000252  6223 0001:0000025a
  6224 0001:00000265  6225 0001:00000282  6226 0001:0000028a  6227 0001:00000294
  6228 0001:00000298  6229 0001:0000029b  2602 0001:0000d9b5

Line numbers for .\Release\stdafx.obj(g:\vsnet\vc7\atlmfc\include\atlbase.inl) segment .text

   353 0001:0000029e   352 0001:0000029e   354 0001:000002a4   357 0001:000002a6
   358 0001:000002ab   360 0001:000002b2   362 0001:000002b6   369 0001:000002be

Line numbers for .\Release\stdafx.obj(g:\vsnet\vc7\atlmfc\include\atlconv.h) segment .text

   101 0001:000000b2   102 0001:000000c1   104 0001:000000c3   110 0001:000000c9
   113 0001:000000df   116 0001:000000e9   120 0001:000000fa   121 0001:000000fe
   124 0001:00000106   128 0001:00000113   127 0001:00000113   129 0001:00000116
   134 0001:00000117   139 0001:00000130   140 0001:00000141   143 0001:0000014b
   147 0001:00000152   149 0001:00000157   151 0001:00000163   152 0001:00000169

Line numbers for .\Release\stdafx.obj(g:\vsnet\vc7\atlmfc\include\atlcore.h) segment .text

   114 0001:0000017c   116 0001:0000017d   117 0001:0000018c   129 0001:00000190
   130 0001:0000019c   131 0001:0000019e   133 0001:000001a1   136 0001:000001aa
   138 0001:000001bb   143 0001:000001d8   144 0001:000001da

Line numbers for .\Release\stdafx.obj(g:\vsnet\vc7\atlmfc\include\atlcomcli.h) segment .text

   629 0001:000001e0   628 0001:000001e0   630 0001:000001e8

Line numbers for .\Release\stdafx.obj(g:\vsnet\vc7\atlmfc\include\atlsimpcoll.h) segment .text

   173 0001:00000311   174 0001:00000314   178 0001:0000031a   179 0001:00000321
   181 0001:00000325   182 0001:00000329   183 0001:0000032e   196 0001:0000032f
   194 0001:0000032f   200 0001:0000033c   201 0001:00000341

Line numbers for .\Release\dlldatax.obj(d:\dev\booktwo\disk\supersaver\supersavershim\dlldata.c) segment .text

    32 0001:00000000    32 0001:00000034    32 0001:00000040    32 0001:00000051
    32 0001:00000052    32 0001:00000064    32 0001:0000008b

Line numbers for .\Release\dlldatax.obj(d:\dev\booktwo\disk\supersaver\supersavershim\supersavershim_p.c) segment .orpc

   239 0002:00000000   237 0002:00000000   241 0002:0000001a   242 0002:00000021
   245 0002:00000026   246 0002:00000028

Line numbers for G:\VSNET\Vc7\lib\MSVCRT.lib(F:\VS70Builds\3036\vc\crtbld\crt\src\intel\chkstk.asm) segment .text

    69 0001:0000d3e0    65 0001:0000d3e0    70 0001:0000d3e5    72 0001:0000d3e7
    73 0001:0000d3e9    74 0001:0000d3eb    75 0001:0000d3ee    76 0001:0000d3f0
    77 0001:0000d3f1    78 0001:0000d3f3    79 0001:0000d3f4    82 0001:0000d3f5
    83 0001:0000d3f6    88 0001:0000d3fa    89 0001:0000d400    91 0001:0000d405
    93 0001:0000d407    94 0001:0000d40c    97 0001:0000d40e    98 0001:0000d410
   100 0001:0000d412   102 0001:0000d414   104 0001:0000d416   105 0001:0000d418
   107 0001:0000d41b   109 0001:0000d41c

Line numbers for G:\VSNET\Vc7\lib\MSVCRT.lib(f:\vs70builds\3036\vc\crtbld\crt\src\atonexit.c) segment .text

    81 0001:0000cdd0    76 0001:0000cdd0    90 0001:0000cdf5    96 0001:0000cdf6
    95 0001:0000cdf6    97 0001:0000ce07

Line numbers for G:\VSNET\Vc7\lib\MSVCRT.lib(f:\vs70builds\3036\vc\crtbld\crt\src\crtdll.c) segment .text

   134 0001:0000ceda   129 0001:0000ceda   135 0001:0000cee2   136 0001:0000ceea
   158 0001:0000cef0   163 0001:0000cf03   168 0001:0000cf18   170 0001:0000cf1c
   172 0001:0000cf1f   178 0001:0000cf29   179 0001:0000cf2e   184 0001:0000cf38
   189 0001:0000cf49   192 0001:0000cf50   219 0001:0000cf56   220 0001:0000cf5f
   225 0001:0000cf61   226 0001:0000cf6d   234 0001:0000cf83   236 0001:0000cf8a
   234 0001:0000cf91   240 0001:0000cf92   241 0001:0000cf95   249 0001:0000cf98
   250 0001:0000cfa4   252 0001:0000cfaa   257 0001:0000cfaf   258 0001:0000cfbc
   260 0001:0000cfc2   262 0001:0000cfcb   263 0001:0000cfd4   265 0001:0000cfe0
   266 0001:0000cfe9   268 0001:0000cff8   269 0001:0000cffa   272 0001:0000cffc
   275 0001:0000d00c   283 0001:0000d015   286 0001:0000d01f   288 0001:0000d028
   289 0001:0000d036   291 0001:0000d039   292 0001:0000d047   298 0001:0000d055
   294 0001:0000d05a   295 0001:0000d072   299 0001:0000d074

Line numbers for G:\VSNET\Vc7\lib\MSVCRT.lib(f:\vs70builds\3036\vc\crtbld\crt\src\secchk.c) segment .text

   114 0001:0000d2f0   116 0001:0000d2fc   117 0001:0000d300   119 0001:0000d30d
   123 0001:0000d318   100 0001:0000d321   103 0001:0000d321   104 0001:0000d327
   105 0001:0000d329   107 0001:0000d32a

Line numbers for G:\VSNET\Vc7\lib\MSVCRT.lib(f:\vs70builds\3036\vc\crtbld\crt\src\seccinit.c) segment .text

    49 0001:0000d32f    58 0001:0000d335    67 0001:0000d346    70 0001:0000d350
    75 0001:0000d356    76 0001:0000d35e    77 0001:0000d366    79 0001:0000d36e
    93 0001:0000d378    94 0001:0000d393

Line numbers for G:\VSNET\Vc7\atlmfc\lib\atls.lib(f:\vs70builds\3036\vc\mfcatl\ship\atlmfc\src\atl\atls\atlbase.cpp) segment .text

    67 0001:0000d1ad    68 0001:0000d1b0    69 0001:0000d1ba    29 0001:0000d1c3
    32 0001:0000d1de    36 0001:0000d1e3    38 0001:0000d206    39 0001:0000d217
    41 0001:0000d21d    46 0001:0000d223    49 0001:0000d22b    51 0001:0000d239
    58 0001:0000d23d    62 0001:0000d257    64 0001:0000d25e   126 0001:0000d9e3

Line numbers for G:\VSNET\Vc7\atlmfc\lib\atls.lib(f:\vs70builds\3036\vc\mfcatl\ship\atlmfc\include\atlsimpcoll.h) segment .text

   173 0001:0000d176   174 0001:0000d179   178 0001:0000d17f   179 0001:0000d185
   181 0001:0000d189   182 0001:0000d18d   183 0001:0000d192

Line numbers for G:\VSNET\Vc7\atlmfc\lib\atls.lib(f:\vs70builds\3036\vc\mfcatl\ship\atlmfc\src\atl\atls\atlcommodule.cpp) segment .text

    20 0001:0000d9f9

Line numbers for G:\VSNET\Vc7\atlmfc\lib\atls.lib(f:\vs70builds\3036\vc\mfcatl\ship\atlmfc\include\atlbase.h) segment .text

  2272 0001:0000d26e  2273 0001:0000d271  2276 0001:0000d277  2278 0001:0000d280
  2281 0001:0000d286  2282 0001:0000d28d  2283 0001:0000d293  2276 0001:0000d297
  2286 0001:0000d2a0  2290 0001:0000d2aa  2291 0001:0000d2af  2248 0001:0000d2b0
  2257 0001:0000d2be  2261 0001:0000d2e4  2263 0001:0000d2ec

 Exports

  ordinal    name

        1    _DllCanUnloadNow@0
               exported name: DllCanUnloadNow
        2    _DllGetClassObject@12
               exported name: DllGetClassObject
        3    _DllRegisterServer@0
               exported name: DllRegisterServer
        4    _DllUnregisterServer@0
               exported name: DllUnregisterServer
