 SWS

 Timestamp is 3e4e578a (Sat Feb 15 10:06:50 2003)

 Preferred load address is 00400000

 Start         Length     Name                   Class
 0001:00000000 00000686H .text                   CODE
 0002:00000000 000000a4H .idata$5                DATA
 0002:000000b0 000001d0H .rdata                  DATA
 0002:00000280 0000003cH .rdata$debug            DATA
 0002:000002c0 00000004H .rdata$sxdata           DATA
 0002:000002c4 00000004H .rtc$IAA                DATA
 0002:000002c8 00000004H .rtc$IZZ                DATA
 0002:000002cc 00000004H .rtc$TAA                DATA
 0002:000002d0 00000004H .rtc$TZZ                DATA
 0002:000002d4 00000050H .idata$2                DATA
 0002:00000324 00000014H .idata$3                DATA
 0002:00000338 000000a4H .idata$4                DATA
 0002:000003dc 00000278H .idata$6                DATA
 0002:00000654 00000000H .edata                  DATA
 0003:00000000 00000004H .CRT$XCA                DATA
 0003:00000004 00000004H .CRT$XCAA               DATA
 0003:00000008 00000004H .CRT$XCZ                DATA
 0003:0000000c 00000004H .CRT$XIA                DATA
 0003:00000010 00000004H .CRT$XIZ                DATA
 0003:00000014 00000008H .data                   DATA
 0003:0000001c 00000020H .bss                    DATA
 0004:00000000 000000a0H .rsrc$01                DATA
 0004:000000a0 00000828H .rsrc$02                DATA

  Address         Publics by Value              Rva+Base     Lib:Object

 0000:00000001       ___safe_se_handler_count   00000001     <absolute>
 0001:00000000       _wmain                     00401000 f   SWS.obj
 0001:00000163       ?ParseCommandLine@@YAHHQAPAGAAUtag_CMDOPTS@@@Z 00401163 f   SWS.obj
 0001:0000024f       ?ShowHelp@@YAXXZ           0040124f f   SWS.obj
 0001:000002af       ?LoadStringW@CResString@@QAEPBGI@Z 004012af f i SWS.obj
 0001:000002d0       ??_GCResString@@UAEPAXI@Z  004012d0 f i SWS.obj
 0001:000002d0       ??_ECResString@@UAEPAXI@Z  004012d0 f i SWS.obj
 0001:000002ee       ??3@YAXPAX@Z               004012ee f   MSVCRT:MSVCR71.dll
 0001:000002f4       _memset                    004012f4 f   MSVCRT:MSVCR71.dll
 0001:000002fa       _wmainCRTStartup           004012fa f   MSVCRT:wcrtexe.obj
 0001:00000492       __XcptFilter               00401492 f   MSVCRT:MSVCR71.dll
 0001:00000498       __amsg_exit                00401498 f   MSVCRT:MSVCR71.dll
 0001:0000049e       __onexit                   0040149e f   MSVCRT:atonexit.obj
 0001:000004c4       _atexit                    004014c4 f   MSVCRT:atonexit.obj
 0001:000004d6       __RTC_Initialize           004014d6 f   MSVCRT:initsect.obj
 0001:0000051a       __RTC_Terminate            0040151a f   MSVCRT:initsect.obj
 0001:0000055e       __initterm                 0040155e f   MSVCRT:MSVCR71.dll
 0001:00000564       __setdefaultprecision      00401564 f   MSVCRT:fp8.obj
 0001:00000576       __wsetargv                 00401576 f   MSVCRT:wdllargv.obj
 0001:00000576       __matherr                  00401576 f   MSVCRT:merr.obj
 0001:0000057c       __SEH_prolog               0040157c f   MSVCRT:sehprolg.obj
 0001:000005b7       __SEH_epilog               004015b7 f   MSVCRT:sehprolg.obj
 0001:000005c8       __except_handler3          004015c8 f   MSVCRT:MSVCR71.dll
 0001:000005ce       ___dllonexit               004015ce f   MSVCRT:MSVCR71.dll
 0001:000005d4       __controlfp                004015d4 f   MSVCRT:MSVCR71.dll
 0001:0000060b       @__security_check_cookie@4 0040160b f   MSVCRT:secchk.obj
 0001:00000619       ___security_init_cookie    00401619 f   MSVCRT:seccinit.obj
 0001:00000680       ___security_error_handler  00401680 f   MSVCRT:MSVCR71.dll
 0002:00000000       __imp__GetModuleHandleW@4  00402000     kernel32:KERNEL32.dll
 0002:00000004       __imp__GetCurrentProcessId@0 00402004     kernel32:KERNEL32.dll
 0002:00000008       __imp__GetCurrentThreadId@0 00402008     kernel32:KERNEL32.dll
 0002:0000000c       __imp__GetTickCount@0      0040200c     kernel32:KERNEL32.dll
 0002:00000010       __imp__QueryPerformanceCounter@4 00402010     kernel32:KERNEL32.dll
 0002:00000014       __imp__ExitProcess@4       00402014     kernel32:KERNEL32.dll
 0002:00000018       __imp__GetModuleHandleA@4  00402018     kernel32:KERNEL32.dll
 0002:0000001c       __imp__GetSystemTimeAsFileTime@4 0040201c     kernel32:KERNEL32.dll
 0002:00000020       \177KERNEL32_NULL_THUNK_DATA 00402020     kernel32:KERNEL32.dll
 0002:00000024       __imp__wprintf             00402024     MSVCRT:MSVCR71.dll
 0002:00000028       __imp__memset              00402028     MSVCRT:MSVCR71.dll
 0002:0000002c       __imp__towupper            0040202c     MSVCRT:MSVCR71.dll
 0002:00000030       __imp___wcsicmp            00402030     MSVCRT:MSVCR71.dll
 0002:00000034       __imp__wcscpy              00402034     MSVCRT:MSVCR71.dll
 0002:00000038       __imp___c_exit             00402038     MSVCRT:MSVCR71.dll
 0002:0000003c       __imp___exit               0040203c     MSVCRT:MSVCR71.dll
 0002:00000040       __imp___XcptFilter         00402040     MSVCRT:MSVCR71.dll
 0002:00000044       __imp___cexit              00402044     MSVCRT:MSVCR71.dll
 0002:00000048       __imp__exit                00402048     MSVCRT:MSVCR71.dll
 0002:0000004c       __imp____p___winitenv      0040204c     MSVCRT:MSVCR71.dll
 0002:00000050       __imp_??3@YAXPAX@Z         00402050     MSVCRT:MSVCR71.dll
 0002:00000054       __imp____wgetmainargs      00402054     MSVCRT:MSVCR71.dll
 0002:00000058       __imp___initterm           00402058     MSVCRT:MSVCR71.dll
 0002:0000005c       __imp____setusermatherr    0040205c     MSVCRT:MSVCR71.dll
 0002:00000060       __imp___adjust_fdiv        00402060     MSVCRT:MSVCR71.dll
 0002:00000064       __imp____p__commode        00402064     MSVCRT:MSVCR71.dll
 0002:00000068       __imp____p__fmode          00402068     MSVCRT:MSVCR71.dll
 0002:0000006c       __imp____set_app_type      0040206c     MSVCRT:MSVCR71.dll
 0002:00000070       __imp___except_handler3    00402070     MSVCRT:MSVCR71.dll
 0002:00000074       __imp____dllonexit         00402074     MSVCRT:MSVCR71.dll
 0002:00000078       __imp___onexit             00402078     MSVCRT:MSVCR71.dll
 0002:0000007c       __imp___controlfp          0040207c     MSVCRT:MSVCR71.dll
 0002:00000080       __imp____security_error_handler 00402080     MSVCRT:MSVCR71.dll
 0002:00000084       __imp___amsg_exit          00402084     MSVCRT:MSVCR71.dll
 0002:00000088       \177MSVCR71_NULL_THUNK_DATA 00402088     MSVCRT:MSVCR71.dll
 0002:0000008c       __imp__GenerateInitialFiles@8 0040208c     SWSDLL:SWSDLL.DLL
 0002:00000090       __imp__DumpFiles@12        00402090     SWSDLL:SWSDLL.DLL
 0002:00000094       __imp__TuneModule@8        00402094     SWSDLL:SWSDLL.DLL
 0002:00000098       \177SWSDLL_NULL_THUNK_DATA 00402098     SWSDLL:SWSDLL.DLL
 0002:0000009c       __imp__LoadStringW@16      0040209c     user32:USER32.dll
 0002:000000a0       \177USER32_NULL_THUNK_DATA 004020a0     user32:USER32.dll
 0002:000000fc       ??_7CResString@@6B@        004020fc     SWS.obj
 0002:00000100       ??_C@_1O@IHGACBLG@?$AAn?$AAo?$AAl?$AAo?$AAg?$AAo?$AA?$AA@ 00402100     SWS.obj
 0002:00000110       ??_C@_1DG@CKJFKIJP@?$AAA?$AAc?$AAt?$AAi?$AAo?$AAn?$AA?5?$AA?9?$AA?$DO?$AA?5?$AAT?$AAu?$AAn?$AAi?$AAn?$AAg?$AA?5?$AAf?$AAo?$AAr@ 00402110     SWS.obj
 0002:00000148       ??_C@_1FK@CFOJGCCL@?$AAA?$AAc?$AAt?$AAi?$AAo?$AAn?$AA?5?$AA?9?$AA?$DO?$AA?5?$AAG?$AAe?$AAn?$AAe?$AAr?$AAa?$AAt?$AAi?$AAn?$AAg@ 00402148     SWS.obj
 0002:000001a8       ??_C@_1EC@JCMBDGEK@?$AAA?$AAc?$AAt?$AAi?$AAo?$AAn?$AA?5?$AA?9?$AA?$DO?$AA?5?$AAD?$AAu?$AAm?$AAp?$AAi?$AAn?$AAg?$AA?5?$AAd?$AAa@ 004021a8     SWS.obj
 0002:000001ec       ??_C@_15GANGMFKL@?$AA?$CF?$AAs?$AA?$AA@ 004021ec     SWS.obj
 0002:000001f4       ??_C@_1DE@OJCKBEKA@?$AAV?$AAe?$AAr?$AAb?$AAo?$AAs?$AAe?$AA?5?$AAo?$AAu?$AAt?$AAp?$AAu?$AAt?$AA?5?$AAt?$AAu?$AAr?$AAn?$AAe@ 004021f4     SWS.obj
 0002:00000238       __load_config_used         00402238     MSVCRT:loadcfg.obj
 0002:000002c0       ___safe_se_handler_table   004022c0     <linker-defined>
 0002:000002c4       ___rtc_iaa                 004022c4     MSVCRT:initsect.obj
 0002:000002c8       ___rtc_izz                 004022c8     MSVCRT:initsect.obj
 0002:000002cc       ___rtc_taa                 004022cc     MSVCRT:initsect.obj
 0002:000002d0       ___rtc_tzz                 004022d0     MSVCRT:initsect.obj
 0002:000002d4       __IMPORT_DESCRIPTOR_KERNEL32 004022d4     kernel32:KERNEL32.dll
 0002:000002e8       __IMPORT_DESCRIPTOR_USER32 004022e8     user32:USER32.dll
 0002:000002fc       __IMPORT_DESCRIPTOR_SWSDLL 004022fc     SWSDLL:SWSDLL.DLL
 0002:00000310       __IMPORT_DESCRIPTOR_MSVCR71 00402310     MSVCRT:MSVCR71.dll
 0002:00000324       __NULL_IMPORT_DESCRIPTOR   00402324     kernel32:KERNEL32.dll
 0003:00000000       ___xc_a                    00403000     MSVCRT:cinitexe.obj
 0003:00000008       ___xc_z                    00403008     MSVCRT:cinitexe.obj
 0003:0000000c       ___xi_a                    0040300c     MSVCRT:cinitexe.obj
 0003:00000010       ___xi_z                    00403010     MSVCRT:cinitexe.obj
 0003:00000014       ___defaultmatherr          00403014     MSVCRT:merr.obj
 0003:00000018       ___security_cookie         00403018     MSVCRT:seccook.obj
 0003:0000001c       __dowildcard               0040301c     MSVCRT:wildcard.obj
 0003:00000020       __newmode                  00403020     MSVCRT:_newmode.obj
 0003:00000024       __commode                  00403024     MSVCRT:xncommod.obj
 0003:00000028       __fmode                    00403028     MSVCRT:xtxtmode.obj
 0003:00000030       __adjust_fdiv              00403030     <common>
 0003:00000034       ___onexitend               00403034     <common>
 0003:00000038       ___onexitbegin             00403038     <common>

 entry point at        0001:000002fa

 Static symbols

 0001:000005da       _report_failure            004015da f   MSVCRT:secchk.obj

Line numbers for .\Release\SWS.obj(d:\dev\booktwo\disk\sws\sws\sws.cpp) segment .text

    80 0001:00000000    84 0001:00000011    87 0001:00000027    89 0001:00000043
    91 0001:0000005a    92 0001:00000068    93 0001:0000006d    96 0001:00000074
    98 0001:00000082   101 0001:0000008c   105 0001:000000a6   107 0001:000000ac
   110 0001:000000ae   113 0001:000000b6   116 0001:000000ca   117 0001:000000db
   119 0001:000000df   120 0001:000000ec   123 0001:000000f6   126 0001:00000100
   128 0001:00000114   130 0001:00000124   132 0001:0000012e   133 0001:00000142
   135 0001:00000150   139 0001:00000152   142 0001:00000154   143 0001:00000156
   158 0001:00000163   160 0001:00000163   162 0001:0000016a   250 0001:0000016c
   165 0001:00000170   167 0001:0000017d   169 0001:0000018f   171 0001:00000196
   234 0001:000001a2   238 0001:000001af   240 0001:000001b9   176 0001:000001bb
   221 0001:000001ea   222 0001:000001f0   184 0001:000001f2   188 0001:000001fc
   189 0001:000001ff   209 0001:00000201   211 0001:00000213   218 0001:00000215
   200 0001:00000217   204 0001:00000221   205 0001:00000224   192 0001:00000226
   196 0001:00000230   167 0001:00000233   245 0001:0000023e   250 0001:0000024a
   236 0001:0000024b   262 0001:0000024f   263 0001:0000025e   264 0001:0000027b
   266 0001:00000284   267 0001:00000290   269 0001:000002a4

Line numbers for .\Release\SWS.obj(d:\dev\booktwo\disk\include\resstring.h) segment .text

    59 0001:000002af    64 0001:000002b0    69 0001:000002cd

Line numbers for G:\VSNET\Vc7\lib\MSVCRT.lib(f:\vs70builds\3036\vc\crtbld\crt\src\atonexit.c) segment .text

    81 0001:0000049e    76 0001:0000049e    90 0001:000004c3    96 0001:000004c4
    95 0001:000004c4    97 0001:000004d5

Line numbers for G:\VSNET\Vc7\lib\MSVCRT.lib(f:\vs70builds\3036\vc\crtbld\crt\src\merr.c) segment .text

    33 0001:00000576    32 0001:00000576    34 0001:00000578

Line numbers for G:\VSNET\Vc7\lib\MSVCRT.lib(f:\vs70builds\3036\vc\crtbld\crt\src\crtexe.c) segment .text

   202 0001:000002fa   222 0001:00000306   229 0001:00000361   236 0001:00000364
   244 0001:0000036d   249 0001:0000037b   250 0001:00000389   257 0001:00000397
   264 0001:000003a3   273 0001:000003a8   282 0001:000003ad   283 0001:000003b5
   286 0001:000003c1   305 0001:000003c6   308 0001:000003d5   319 0001:000003df
   322 0001:000003e7   329 0001:00000409   330 0001:0000040d   336 0001:00000415
   394 0001:00000424   395 0001:0000042f   403 0001:00000445   404 0001:0000044a
   406 0001:00000451   409 0001:00000459   415 0001:00000470   417 0001:00000473
   418 0001:00000479   420 0001:00000480   424 0001:0000048a   425 0001:0000048c

Line numbers for G:\VSNET\Vc7\lib\MSVCRT.lib(f:\vs70builds\3036\vc\crtbld\crt\src\dllargv.c) segment .text

    49 0001:00000576    48 0001:00000576    50 0001:00000578

Line numbers for G:\VSNET\Vc7\lib\MSVCRT.lib(f:\vs70builds\3036\vc\crtbld\crt\src\intel\fp8.c) segment .text

    19 0001:00000564    18 0001:00000564    20 0001:00000575

Line numbers for G:\VSNET\Vc7\lib\MSVCRT.lib(f:\vs70builds\3036\vc\crtbld\crt\src\secchk.c) segment .text

   114 0001:000005da   116 0001:000005e6   117 0001:000005ea   119 0001:000005f7
   123 0001:00000602   100 0001:0000060b   103 0001:0000060b   104 0001:00000611
   105 0001:00000613   107 0001:00000614

Line numbers for G:\VSNET\Vc7\lib\MSVCRT.lib(f:\vs70builds\3036\vc\crtbld\crt\src\seccinit.c) segment .text

    49 0001:00000619    58 0001:0000061f    67 0001:00000630    70 0001:0000063a
    75 0001:00000640    76 0001:00000648    77 0001:00000650    79 0001:00000658
    93 0001:00000662    94 0001:0000067d
