 Tester

 Timestamp is 3e4e58dc (Sat Feb 15 10:12:28 2003)

 Preferred load address is 10000000

 Start         Length     Name                   Class
 0001:00000000 0000abf6H .text                   CODE
 0001:0000abf6 0000045dH .text$x                 CODE
 0001:0000b053 00000050H .text$yc                CODE
 0001:0000b0a3 0000002cH .text$yd                CODE
 0002:00000000 0000025cH .idata$5                DATA
 0002:00000260 00001f48H .rdata                  DATA
 0002:000021a8 0000003fH .rdata$debug            DATA
 0002:000021e8 00000044H .rdata$r                DATA
 0002:00002230 000000d0H .rdata$sxdata           DATA
 0002:00002300 00000004H .rtc$IAA                DATA
 0002:00002304 00000004H .rtc$IZZ                DATA
 0002:00002308 00000004H .rtc$TAA                DATA
 0002:0000230c 00000004H .rtc$TZZ                DATA
 0002:00002310 00000db8H .xdata$x                DATA
 0002:000030c8 00000004H ATL$__a                 DATA
 0002:000030cc 00000014H ATL$__m                 DATA
 0002:000030e0 00000004H ATL$__z                 DATA
 0002:000030e4 000000b4H .idata$2                DATA
 0002:00003198 00000014H .idata$3                DATA
 0002:000031ac 0000025cH .idata$4                DATA
 0002:00003408 000008a4H .idata$6                DATA
 0002:00003cb0 000000b5H .edata                  DATA
 0003:00000000 00000004H .CRT$XCA                DATA
 0003:00000004 00000004H .CRT$XCAA               DATA
 0003:00000008 00000008H .CRT$XCL                DATA
 0003:00000010 00000008H .CRT$XCU                DATA
 0003:00000018 00000004H .CRT$XCZ                DATA
 0003:0000001c 00000004H .CRT$XIA                DATA
 0003:00000020 00000004H .CRT$XIZ                DATA
 0003:00000030 00000c20H .data                   DATA
 0003:00000c50 00000178H .bss                    DATA
 0004:00000000 00000184H .rsrc$01                DATA
 0004:00000190 00003d88H .rsrc$02                DATA

  Address         Publics by Value              Rva+Base     Lib:Object

 0000:00000000       __except_list              00000000     <absolute>
 0000:00000034       ___safe_se_handler_count   00000034     <absolute>
 0000:00009876       __fltused                  00009876     <absolute>
 0000:00009876       __ldused                   00009876     <absolute>
 0000:00000000       ___ImageBase               10000000     <linker-defined>
 0001:00000000       ?UpdateRegistry@TWindow@@SGJH@Z 10001000 f i Helpers.obj
 0001:00000068       ?InterfaceSupportsErrorInfo@TWindow@@UAGJABU_GUID@@@Z 10001068 f i Helpers.obj
 0001:0000008f       ??0TWindows@@QAE@XZ        1000108f f i Helpers.obj
 0001:0000009e       ?Invoke@?IITWindows@TWindows@@UAGJJABU_GUID@@KGPAUtagDISPPARAMS@@PAUtagVARIANT@@PAUtagEXCEPINFO@@PAI@Z 1000109e f i Helpers.obj
 0001:0000026a       ?GetIDsOfNames@?IITWindows@TWindows@@UAGJABU_GUID@@PAPAGIKPAJ@Z 1000126a f i Helpers.obj
 0001:000002c8       ?GetTypeInfoCount@?IITWindows@TWindows@@UAGJPAI@Z 100012c8 f i Helpers.obj
 0001:00000323       ?GetTypeInfo@?IITWindows@TWindows@@UAGJIKPAPAUITypeInfo@@@Z 10001323 f i Helpers.obj
 0001:00000344       ?UpdateRegistry@TWindows@@SGJH@Z 10001344 f i Helpers.obj
 0001:000003ac       ?InterfaceSupportsErrorInfo@TWindows@@UAGJABU_GUID@@@Z 100013ac f i Helpers.obj
 0001:000003d3       ?BuildITWindowsFromHwndArray@@YAJAAV?$CSimpleArray@PAUHWND__@@V?$CSimpleArrayEqualHelper@PAUHWND__@@@ATL@@@ATL@@PAPAUITWindows@@@Z 100013d3 f   Helpers.obj
 0001:000004c4       ?GetTypeInfoCount@?$IDispatchImpl@UITWindow@@$1?_GUID_63690418_8142_4e20_85e6_2cb50508ca74@@3U__s_GUID@@B$1?m_libid@CAtlModule@ATL@@2U_GUID@@A$00$0A@VCComTypeInfoHolder@ATL@@@ATL@@UAGJPAI@Z 100014c4 f i Helpers.obj
 0001:000004de       ?GetTypeInfo@?$IDispatchImpl@UITWindow@@$1?_GUID_63690418_8142_4e20_85e6_2cb50508ca74@@3U__s_GUID@@B$1?m_libid@CAtlModule@ATL@@2U_GUID@@A$00$0A@VCComTypeInfoHolder@ATL@@@ATL@@UAGJIKPAPAUITypeInfo@@@Z 100014de f i Helpers.obj
 0001:000004f5       ?GetIDsOfNames@?$IDispatchImpl@UITWindow@@$1?_GUID_63690418_8142_4e20_85e6_2cb50508ca74@@3U__s_GUID@@B$1?m_libid@CAtlModule@ATL@@2U_GUID@@A$00$0A@VCComTypeInfoHolder@ATL@@@ATL@@UAGJABU_GUID@@PAPAGIKPAJ@Z 100014f5 f i Helpers.obj
 0001:00000512       ?Invoke@?$IDispatchImpl@UITWindow@@$1?_GUID_63690418_8142_4e20_85e6_2cb50508ca74@@3U__s_GUID@@B$1?m_libid@CAtlModule@ATL@@2U_GUID@@A$00$0A@VCComTypeInfoHolder@ATL@@@ATL@@UAGJJABU_GUID@@KGPAUtagDISPPARAMS@@PAUtagVARIANT@@PAUtagEXCEPINFO@@PAI@Z 10001512 f i Helpers.obj
 0001:0000053d       ?GetClassInfoW@?$IProvideClassInfoImpl@$1?_GUID_767d32eb_7b39_44df_94ef_e7608afb0f01@@3U__s_GUID@@B$1?m_libid@CAtlModule@ATL@@2U_GUID@@A$00$0A@VCComTypeInfoHolder@ATL@@@ATL@@UAGJPAPAUITypeInfo@@@Z 1000153d f i Helpers.obj
 0001:00000552       ?CreateInstance@?$CComCreator@V?$CComObjectCached@VCComClassFactory@ATL@@@ATL@@@ATL@@SGJPAXABU_GUID@@PAPAX@Z 10001552 f i Helpers.obj
 0001:000005e7       ?CreateInstance@?$CComCreator2@V?$CComCreator@V?$CComObject@VTWindow@@@ATL@@@ATL@@V?$CComCreator@V?$CComAggObject@VTWindow@@@ATL@@@2@@ATL@@SGJPAXABU_GUID@@PAPAX@Z 100015e7 f i Helpers.obj
 0001:00000607       ?GetClassInfoW@?$IProvideClassInfoImpl@$1?_GUID_8a4af30a_d1de_4123_9a91_e52861e7fea7@@3U__s_GUID@@B$1?m_libid@CAtlModule@ATL@@2U_GUID@@A$00$0A@VCComTypeInfoHolder@ATL@@@ATL@@UAGJPAPAUITypeInfo@@@Z 10001607 f i Helpers.obj
 0001:0000061c       ?CreateInstance@?$CComCreator2@V?$CComCreator@V?$CComObject@VTWindows@@@ATL@@@ATL@@V?$CComCreator@V?$CComAggObject@VTWindows@@@ATL@@@2@@ATL@@SGJPAXABU_GUID@@PAPAX@Z 1000161c f i Helpers.obj
 0001:0000063c       ??0?$CComObject@VTWindows@@@ATL@@QAE@PAX@Z 1000163c f i Helpers.obj
 0001:00000665       ??1?$CComObject@VTWindows@@@ATL@@UAE@XZ 10001665 f i Helpers.obj
 0001:00000696       ?Release@?$CComObject@VTWindows@@@ATL@@UAGKXZ 10001696 f i Helpers.obj
 0001:000006b4       ?QueryInterface@?$CComObject@VTWindows@@@ATL@@UAGJABU_GUID@@PAPAX@Z 100016b4 f i Helpers.obj
 0001:000006cf       ??A?$CSimpleArray@V?$CComPtr@UITWindow@@@ATL@@V?$CSimpleArrayEqualHelper@V?$CComPtr@UITWindow@@@ATL@@@2@@ATL@@QAEAAV?$CComPtr@UITWindow@@@1@H@Z 100016cf f i TWindows.obj
 0001:000006cf       ??A?$CSimpleArray@PAVTNotify@@V?$CSimpleArrayEqualHelper@PAVTNotify@@@ATL@@@ATL@@QAEAAPAVTNotify@@H@Z 100016cf f i TNotify.obj
 0001:000006cf       ??A?$CSimpleArray@PAUHWND__@@V?$CSimpleArrayEqualHelper@PAUHWND__@@@ATL@@@ATL@@QAEAAPAUHWND__@@H@Z 100016cf f i Helpers.obj
 0001:000006f0       ??_G?$CComObject@VTWindows@@@ATL@@UAEPAXI@Z 100016f0 f i Helpers.obj
 0001:000006f0       ??_E?$CComObject@VTWindows@@@ATL@@UAEPAXI@Z 100016f0 f i Helpers.obj
 0001:0000070c       ?RemoveAll@?$CSimpleArray@V?$CComPtr@UITWindow@@@ATL@@V?$CSimpleArrayEqualHelper@V?$CComPtr@UITWindow@@@ATL@@@2@@ATL@@QAEXXZ 1000170c f i Helpers.obj
 0001:00000741       ??0?$CComObjectCached@VCComClassFactory@ATL@@@ATL@@QAE@PAX@Z 10001741 f i Helpers.obj
 0001:00000779       ??1?$CComObjectCached@VCComClassFactory@ATL@@@ATL@@UAE@XZ 10001779 f i Helpers.obj
 0001:000007a5       ?AddRef@?$CComObjectCached@VCComClassFactory@ATL@@@ATL@@UAGKXZ 100017a5 f i Helpers.obj
 0001:000007e1       ?Release@?$CComObjectCached@VCComClassFactory@ATL@@@ATL@@UAGKXZ 100017e1 f i Helpers.obj
 0001:0000082c       ?QueryInterface@?$CComObjectCached@VCComClassFactory@ATL@@@ATL@@UAGJABU_GUID@@PAPAX@Z 1000182c f i Helpers.obj
 0001:00000847       ?CreateInstance@?$CComCreator@V?$CComObject@VTWindow@@@ATL@@@ATL@@SGJPAXABU_GUID@@PAPAX@Z 10001847 f i Helpers.obj
 0001:000008d9       ?CreateInstance@?$CComCreator@V?$CComAggObject@VTWindow@@@ATL@@@ATL@@SGJPAXABU_GUID@@PAPAX@Z 100018d9 f i Helpers.obj
 0001:00000970       ?CreateInstance@?$CComCreator@V?$CComObject@VTWindows@@@ATL@@@ATL@@SGJPAXABU_GUID@@PAPAX@Z 10001970 f i Helpers.obj
 0001:000009ff       ?CreateInstance@?$CComCreator@V?$CComAggObject@VTWindows@@@ATL@@@ATL@@SGJPAXABU_GUID@@PAPAX@Z 100019ff f i Helpers.obj
 0001:00000a91       ??_G?$CComPtr@UITWindow@@@ATL@@QAEPAXI@Z 10001a91 f i Helpers.obj
 0001:00000ab2       ??_E?$CComObjectCached@VCComClassFactory@ATL@@@ATL@@UAEPAXI@Z 10001ab2 f i Helpers.obj
 0001:00000ab2       ??_G?$CComObjectCached@VCComClassFactory@ATL@@@ATL@@UAEPAXI@Z 10001ab2 f i Helpers.obj
 0001:00000ace       ??0CComClassFactory@ATL@@QAE@XZ 10001ace f i Helpers.obj
 0001:00000ae5       ??0?$CComObject@VTWindow@@@ATL@@QAE@PAX@Z 10001ae5 f i Helpers.obj
 0001:00000b0f       ??1?$CComObject@VTWindow@@@ATL@@UAE@XZ 10001b0f f i Helpers.obj
 0001:00000b35       ?Release@?$CComObject@VTWindow@@@ATL@@UAGKXZ 10001b35 f i Helpers.obj
 0001:00000b56       ?QueryInterface@?$CComObject@VTWindow@@@ATL@@UAGJABU_GUID@@PAPAX@Z 10001b56 f i Helpers.obj
 0001:00000b71       ??0?$CComAggObject@VTWindow@@@ATL@@QAE@PAX@Z 10001b71 f i Helpers.obj
 0001:00000b91       ??1?$CComAggObject@VTWindow@@@ATL@@UAE@XZ 10001b91 f i Helpers.obj
 0001:00000ba9       ?QueryInterface@?$CComAggObject@VTWindow@@@ATL@@UAGJABU_GUID@@PAPAX@Z 10001ba9 f i Helpers.obj
 0001:00000bf4       ??0?$CComAggObject@VTWindows@@@ATL@@QAE@PAX@Z 10001bf4 f i Helpers.obj
 0001:00000c37       ??1?$CComAggObject@VTWindows@@@ATL@@UAE@XZ 10001c37 f i Helpers.obj
 0001:00000c79       ?QueryInterface@?$CComAggObject@VTWindows@@@ATL@@UAGJABU_GUID@@PAPAX@Z 10001c79 f i Helpers.obj
 0001:00000cc4       ?Release@?$CComContainedObject@VTSystem@@@ATL@@UAGKXZ 10001cc4 f i TSystem.obj
 0001:00000cc4       ?Release@?$CComContainedObject@VTWindows@@@ATL@@UAGKXZ 10001cc4 f i Helpers.obj
 0001:00000cc4       ?Release@?$CComContainedObject@VTWindow@@@ATL@@UAGKXZ 10001cc4 f i Helpers.obj
 0001:00000cc4       ?Release@?$CComContainedObject@VTInput@@@ATL@@UAGKXZ 10001cc4 f i TInput.obj
 0001:00000cd4       ?QueryInterface@?$CComContainedObject@VTInput@@@ATL@@UAGJABU_GUID@@PAPAX@Z 10001cd4 f i TInput.obj
 0001:00000cd4       ?QueryInterface@?$CComContainedObject@VTWindow@@@ATL@@UAGJABU_GUID@@PAPAX@Z 10001cd4 f i Helpers.obj
 0001:00000cd4       ?QueryInterface@?$CComContainedObject@VTSystem@@@ATL@@UAGJABU_GUID@@PAPAX@Z 10001cd4 f i TSystem.obj
 0001:00000cd4       ?QueryInterface@?$CComContainedObject@VTWindows@@@ATL@@UAGJABU_GUID@@PAPAX@Z 10001cd4 f i Helpers.obj
 0001:00000ceb       ??_G?$CComObject@VTWindow@@@ATL@@UAEPAXI@Z 10001ceb f i Helpers.obj
 0001:00000ceb       ??_E?$CComObject@VTWindow@@@ATL@@UAEPAXI@Z 10001ceb f i Helpers.obj
 0001:00000d07       ??_E?$CComAggObject@VTWindow@@@ATL@@UAEPAXI@Z 10001d07 f i Helpers.obj
 0001:00000d07       ??_G?$CComAggObject@VTWindow@@@ATL@@UAEPAXI@Z 10001d07 f i Helpers.obj
 0001:00000d23       ??_E?$CComAggObject@VTWindows@@@ATL@@UAEPAXI@Z 10001d23 f i Helpers.obj
 0001:00000d23       ??_G?$CComAggObject@VTWindows@@@ATL@@UAEPAXI@Z 10001d23 f i Helpers.obj
 0001:00000d3f       ??1TWindows@@QAE@XZ        10001d3f f i Helpers.obj
 0001:00000d3f       ??1?$CComContainedObject@VTWindows@@@ATL@@QAE@XZ 10001d3f f i Helpers.obj
 0001:00000d4c       ??0?$CComContainedObject@VTWindow@@@ATL@@QAE@PAX@Z 10001d4c f i Helpers.obj
 0001:00000d6c       ??0?$CComContainedObject@VTWindows@@@ATL@@QAE@PAX@Z 10001d6c f i Helpers.obj
 0001:00000d98       ?QueryInterface@?$CComObject@VTWindow@@@ATL@@W3AGJABU_GUID@@PAPAX@Z 10001d98 f i Helpers.obj
 0001:00000da2       ?Release@?$CComObject@VTWindow@@@ATL@@W3AGKXZ 10001da2 f i Helpers.obj
 0001:00000dac       ?QueryInterface@?$CComObject@VTWindow@@@ATL@@W7AGJABU_GUID@@PAPAX@Z 10001dac f i Helpers.obj
 0001:00000db6       ?Release@?$CComObject@VTWindow@@@ATL@@W7AGKXZ 10001db6 f i Helpers.obj
 0001:00000dc0       ?QueryInterface@?$CComObject@VTWindows@@@ATL@@W3AGJABU_GUID@@PAPAX@Z 10001dc0 f i Helpers.obj
 0001:00000dca       ?Release@?$CComObject@VTWindows@@@ATL@@W3AGKXZ 10001dca f i Helpers.obj
 0001:00000dd4       ?QueryInterface@?$CComObject@VTWindows@@@ATL@@W7AGJABU_GUID@@PAPAX@Z 10001dd4 f i Helpers.obj
 0001:00000dde       ?Release@?$CComObject@VTWindows@@@ATL@@W7AGKXZ 10001dde f i Helpers.obj
 0001:00000de8       ?LockServer@CComClassFactory@ATL@@UAGJH@Z 10001de8 f i Helpers.obj
 0001:00000e04       ?CreateInstance@CComClassFactory@ATL@@UAGJPAUIUnknown@@ABU_GUID@@PAPAX@Z 10001e04 f i Helpers.obj
 0001:00000e42       ?InlineIsEqualUnknown@ATL@@YGHABU_GUID@@@Z 10001e42 f i Helpers.obj
 0001:00000e66       ??_ECComClassFactory@ATL@@UAEPAXI@Z 10001e66 f i Helpers.obj
 0001:00000e66       ??_GCComClassFactory@ATL@@UAEPAXI@Z 10001e66 f i Helpers.obj
 0001:00000e82       ??0CComAutoCriticalSection@ATL@@QAE@XZ 10001e82 f i Helpers.obj
 0001:00000e9d       ??0CComCriticalSection@ATL@@QAE@XZ 10001e9d f i Helpers.obj
 0001:00000eb1       ?Init@CComCriticalSection@ATL@@QAEJXZ 10001eb1 f i Helpers.obj
 0001:00000f01       ?AtlThrow@ATL@@YGXJ@Z      10001f01 f i Helpers.obj
 0001:00000f19       ??1CComClassFactory@ATL@@UAE@XZ 10001f19 f i Helpers.obj
 0001:00000f2a       ?Invoke@CComTypeInfoHolder@ATL@@QAEJPAUIDispatch@@JABU_GUID@@KGPAUtagDISPPARAMS@@PAUtagVARIANT@@PAUtagEXCEPINFO@@PAI@Z 10001f2a f i Helpers.obj
 0001:00000f5f       ?EnsureTI@CComTypeInfoHolder@ATL@@QAEJK@Z 10001f5f f i Helpers.obj
 0001:00000f7b       ?GetTI@CComTypeInfoHolder@ATL@@QAEJK@Z 10001f7b f i Helpers.obj
 0001:000011a3       ??1?$CComCritSecLock@VCComCriticalSection@ATL@@@ATL@@QAE@XZ 100021a3 f i Helpers.obj
 0001:000011ba       ?AtlComQIPtrAssign@ATL@@YGPAUIUnknown@@PAPAU2@PAU2@ABU_GUID@@@Z 100021ba f i Helpers.obj
 0001:000011e6       ?AddTermFunc@CAtlModule@ATL@@QAEJP6GXK@ZK@Z 100021e6 f i Helpers.obj
 0001:00001202       ?AtlModuleAddTermFunc@ATL@@YGJPAU_ATL_MODULE70@1@P6GXK@ZK@Z 10002202 f i Helpers.obj
 0001:00001290       ?Cleanup@CComTypeInfoHolder@ATL@@SGXK@Z 10002290 f i Helpers.obj
 0001:000012c2       ??_Estringdispid@CComTypeInfoHolder@ATL@@QAEPAXI@Z 100022c2 f i Helpers.obj
 0001:00001309       ??1stringdispid@CComTypeInfoHolder@ATL@@QAE@XZ 10002309 f i Helpers.obj
 0001:00001312       ??1CComBSTR@ATL@@QAE@XZ    10002312 f i Helpers.obj
 0001:0000131b       ?LoadNameCache@CComTypeInfoHolder@ATL@@QAEJPAUITypeInfo@@@Z 1000231b f i Helpers.obj
 0001:00001487       ??0stringdispid@CComTypeInfoHolder@ATL@@QAE@XZ 10002487 f i Helpers.obj
 0001:00001495       ?GetIDsOfNames@CComTypeInfoHolder@ATL@@QAEJABU_GUID@@PAPAGIKPAJ@Z 10002495 f i Helpers.obj
 0001:0000152d       ?GetTI@CComTypeInfoHolder@ATL@@QAEJKPAPAUITypeInfo@@@Z 1000252d f i Helpers.obj
 0001:00001565       ?Add@?$CSimpleArray@GV?$CSimpleArrayEqualHelper@G@ATL@@@ATL@@QAEHABG@Z 10002565 f i Helpers.obj
 0001:000015ab       ?InternalSetAtIndex@?$CSimpleArray@GV?$CSimpleArrayEqualHelper@G@ATL@@@ATL@@QAEXHABG@Z 100025ab f i Helpers.obj
 0001:000015c1       ??1?$CSimpleArray@GV?$CSimpleArrayEqualHelper@G@ATL@@@ATL@@QAE@XZ 100025c1 f i Helpers.obj
 0001:000015c6       ?RemoveAll@?$CSimpleArray@GV?$CSimpleArrayEqualHelper@G@ATL@@@ATL@@QAEXXZ 100025c6 f i Helpers.obj
 0001:000015e4       ??1?$CAtlSafeAllocBufferManager@VCCRTAllocator@ATL@@@_ATL_SAFE_ALLOCA_IMPL@ATL@@QAE@XZ 100025e4 f i Helpers.obj
 0001:000015fa       ?_AtlGetThreadACPThunk@ATL@@YGIXZ 100025fa f i Helpers.obj
 0001:0000165f       ?_AtlGetThreadACPReal@ATL@@YGIXZ 1000265f f i Helpers.obj
 0001:00001663       ?_AtlGetThreadACPFake@ATL@@YGIXZ 10002663 f i Helpers.obj
 0001:000016c4       ?__VariantChangeType@@YGJAAPAUtagVARIANT@@PAU1@G@Z 100026c4 f i Helpers.obj
 0001:000017cc       ?RemoveAll@?$CSimpleMap@PAGPAGVCExpansionVectorEqualHelper@ATL@@@ATL@@QAEXXZ 100027cc f i Tester.obj
 0001:000017cc       ?RemoveAll@?$CSimpleMap@PAGPAGV?$CSimpleMapEqualHelper@PAGPAG@ATL@@@ATL@@QAEXXZ 100027cc f i Helpers.obj
 0001:000017f5       ?QueryInterface@CRegistryVirtualMachine@ATL@@UAGJABU_GUID@@PAPAX@Z 100027f5 f i Helpers.obj
 0001:00001843       _IsEqualGUID               10002843 f i Helpers.obj
 0001:0000185b       ?Release@CRegistryVirtualMachine@ATL@@UAGKXZ 1000285b f i Helpers.obj
 0001:0000185b       ?AddRef@CRegObject@ATL@@UAGKXZ 1000285b f i Tester.obj
 0001:0000185b       ?AddRef@CRegistryVirtualMachine@ATL@@UAGKXZ 1000285b f i Helpers.obj
 0001:00001861       ?ClearReplacements@CRegistryVirtualMachine@ATL@@UAGJXZ 10002861 f i Helpers.obj
 0001:0000189b       ??_ECRegistryVirtualMachine@ATL@@UAEPAXI@Z 1000289b f i Helpers.obj
 0001:0000189b       ??_GCRegistryVirtualMachine@ATL@@UAEPAXI@Z 1000289b f i Helpers.obj
 0001:000018b7       _InlineIsEqualGUID         100028b7 f i Helpers.obj
 0001:000018dc       ?AtlInternalQueryInterface@ATL@@YGJPAXPBU_ATL_INTMAP_ENTRY@1@ABU_GUID@@PAPAX@Z 100028dc f i Helpers.obj
 0001:00001971       ?VMUpdateRegistry@CRegistryVirtualMachine@ATL@@QAEJPAKPAURGSStrings@2@PAURGSDWORD@2@PAURGSBinary@2@H@Z 10002971 f i Helpers.obj
 0001:000019d1       ?VMUpdateRegistryRecurse@CRegistryVirtualMachine@ATL@@QAEJPAUHKEY__@@AAPAKPAURGSStrings@2@PAURGSDWORD@2@PAURGSBinary@2@H@Z 100029d1 f i Helpers.obj
 0001:00002557       ?Open@CRegKey@ATL@@QAEJPAUHKEY__@@PBGK@Z 10003557 f i Helpers.obj
 0001:0000258a       ?Close@CRegKey@ATL@@QAEJXZ 1000358a f i Helpers.obj
 0001:0000259d       ?AddKeyWithReplacement@CRegistryVirtualMachine@ATL@@QAEJPAUHKEY__@@AAVCRegKey@2@KPAURGSStrings@2@@Z 1000359d f i Helpers.obj
 0001:0000263d       ?Create@CRegKey@ATL@@QAEJPAUHKEY__@@PBGPAGKKPAU_SECURITY_ATTRIBUTES@@PAK@Z 1000363d f i Helpers.obj
 0001:00002686       ?DeleteKeyWithReplacement@CRegistryVirtualMachine@ATL@@QAEJPAUHKEY__@@KPAURGSStrings@2@@Z 10003686 f i Helpers.obj
 0001:000026f3       ?RecurseDeleteKey@CRegKey@ATL@@QAEJPBG@Z 100036f3 f i Helpers.obj
 0001:000027d8       ?SetStringValue@CRegKey@ATL@@QAEJPBG0K@Z 100037d8 f i Helpers.obj
 0001:00002803       ??1?$CTempBuffer@E$0EAA@VCCRTAllocator@ATL@@@ATL@@QAE@XZ 10003803 f i Helpers.obj
 0001:00002803       ??1?$CTempBuffer@G$0BAA@VCCRTAllocator@ATL@@@ATL@@QAE@XZ 10003803 f i Tester.obj
 0001:00002803       ??1?$CTempBuffer@E$0BAA@VCCRTAllocator@ATL@@@ATL@@QAE@XZ 10003803 f i Tester.obj
 0001:00002803       ??1?$CTempBuffer@G$0EAA@VCCRTAllocator@ATL@@@ATL@@QAE@XZ 10003803 f i Helpers.obj
 0001:00002810       ?SetMultiStringValue@CRegKey@ATL@@QAEJPBG0@Z 10003810 f i Helpers.obj
 0001:0000284a       ?SetDWORDValue@CRegKey@ATL@@QAEJPBGK@Z 1000384a f i Helpers.obj
 0001:00002868       ?AllocateBytes@?$CTempBuffer@E$0EAA@VCCRTAllocator@ATL@@@ATL@@QAEPAEI@Z 10003868 f i Helpers.obj
 0001:00002868       ?AllocateBytes@?$CTempBuffer@G$0EAA@VCCRTAllocator@ATL@@@ATL@@QAEPAGI@Z 10003868 f i Helpers.obj
 0001:00002888       ?GetStringAtLoc@CRegistryVirtualMachine@ATL@@QAEJPAURGSStrings@2@KAAV?$CSimpleArray@GV?$CSimpleArrayEqualHelper@G@ATL@@@2@PAPAG@Z 10003888 f i Helpers.obj
 0001:0000297a       ?Lookup@CVMExpansionVector@ATL@@QBEPAGPAG@Z 1000397a f i Helpers.obj
 0001:0000299d       ?FindKey@CVMExpansionVector@ATL@@QBEHAAPAG@Z 1000399d f i Helpers.obj
 0001:000029cb       ?GetValueAt@?$CSimpleMap@PAGPAGVCExpansionVectorEqualHelper@ATL@@@ATL@@QBEAAPAGH@Z 100039cb f i Tester.obj
 0001:000029cb       ?GetValueAt@?$CSimpleMap@PAGPAGV?$CSimpleMapEqualHelper@PAGPAG@ATL@@@ATL@@QBEAAPAGH@Z 100039cb f i Helpers.obj
 0001:000029ed       ??1CRegKey@ATL@@QAE@XZ     100039ed f i Helpers.obj
 0001:000029f2       ?AtlHresultFromWin32@ATL@@YAJK@Z 100039f2 f i Helpers.obj
 0001:00002a01       ?AddReplacement@CRegistryVirtualMachine@ATL@@UAGJPBG0@Z 10003a01 f i Helpers.obj
 0001:00002ab8       ?Allocate@?$CAutoVectorPtr@G@ATL@@QAE_NI@Z 10003ab8 f i Helpers.obj
 0001:00002afe       ?Add@?$CSimpleMap@PAGPAGV?$CSimpleMapEqualHelper@PAGPAG@ATL@@@ATL@@QAEHABQAG0@Z 10003afe f i Helpers.obj
 0001:00002afe       ?Add@?$CSimpleMap@PAGPAGVCExpansionVectorEqualHelper@ATL@@@ATL@@QAEHABQAG0@Z 10003afe f i Tester.obj
 0001:00002b55       ?AddStandardReplacements@CRegistryVirtualMachine@ATL@@QAEJXZ 10003b55 f i Helpers.obj
 0001:00002cc4       ?AtlHresultFromLastError@ATL@@YAJXZ 10003cc4 f i Helpers.obj
 0001:00002cd9       ??1CRegistryVirtualMachine@ATL@@UAE@XZ 10003cd9 f i Helpers.obj
 0001:00002cf2       ?ObjectMain@CComObjectRootBase@ATL@@SGX_N@Z 10003cf2 f i Helpers.obj
 0001:00002cf5       ?ParsePlayInputString@@YAIPBGAAIAAPAUtagINPUT@@1@Z 10003cf5 f   ParsePlayInputString.obj
 0001:00003805       _PlayInput@8               10004805 f   PlayInput.obj
 0001:00003969       _DllGetClassObject@12      10004969 f   Tester.obj
 0001:00003973       _DllRegisterServer@0       10004973 f   Tester.obj
 0001:00003988       _DllUnregisterServer@0     10004988 f   Tester.obj
 0001:0000399d       _DllCanUnloadNow@0         1000499d f   Tester.obj
 0001:000039b1       _DllMain@12                100049b1 f   Tester.obj
 0001:000039c8       ?UpdateRegistryAppId@CTesterModule@@SGJH@Z 100049c8 f i Tester.obj
 0001:000039fb       ??0CTesterModule@@QAE@XZ   100049fb f i Tester.obj
 0001:00003a0a       ??1CTesterModule@@UAE@XZ   10004a0a f i Tester.obj
 0001:00003a0f       ??_GCTesterModule@@UAEPAXI@Z 10004a0f f i Tester.obj
 0001:00003a0f       ??_ECTesterModule@@UAEPAXI@Z 10004a0f f i Tester.obj
 0001:00003a2c       ??0?$CAtlDllModuleT@VCTesterModule@@@ATL@@QAE@XZ 10004a2c f i Tester.obj
 0001:00003a4a       ??1?$CAtlDllModuleT@VCTesterModule@@@ATL@@UAE@XZ 10004a4a f i Tester.obj
 0001:00003a64       ?AddCommonRGSReplacements@?$CAtlModuleT@VCTesterModule@@@ATL@@UAEJPAUIRegistrarBase@@@Z 10004a64 f i Tester.obj
 0001:00003a7b       ??1?$CAtlModuleT@VCTesterModule@@@ATL@@UAE@XZ 10004a7b f i Tester.obj
 0001:00003a80       ??0?$CAtlModuleT@VCTesterModule@@@ATL@@QAE@XZ 10004a80 f i Tester.obj
 0001:00003aa2       ?RegisterServer@?$CAtlModuleT@VCTesterModule@@@ATL@@QAEJHPBU_GUID@@@Z 10004aa2 f i Tester.obj
 0001:00003ace       ?UnregisterServer@?$CAtlModuleT@VCTesterModule@@@ATL@@QAEJHPBU_GUID@@@Z 10004ace f i Tester.obj
 0001:00003af4       ?GetGITPtr@CAtlModule@ATL@@UAEJPAPAUIGlobalInterfaceTable@@@Z 10004af4 f i Tester.obj
 0001:00003b3d       ?GetLockCount@CAtlModule@ATL@@UAEJXZ 10004b3d f i Tester.obj
 0001:00003b41       ?Unlock@CAtlModule@ATL@@UAEJXZ 10004b41 f i Tester.obj
 0001:00003b4c       ?Lock@CAtlModule@ATL@@UAEJXZ 10004b4c f i Tester.obj
 0001:00003b57       ?AtlComModuleUnregisterServer@ATL@@YGJPAU_ATL_COM_MODULE70@1@HPBU_GUID@@@Z 10004b57 f i Tester.obj
 0001:00003bdb       ?AtlRegisterClassCategoriesHelper@ATL@@YGJABU_GUID@@PBU_ATL_CATMAP_ENTRY@1@H@Z 10004bdb f i Tester.obj
 0001:00003e45       ??0?$CComPtr@UICatRegister@@@ATL@@QAE@XZ 10004e45 f i Tester.obj
 0001:00003e45       ??0?$CComPtr@UIErrorInfo@@@ATL@@QAE@XZ 10004e45 f i TInput.obj
 0001:00003e45       ??0?$CComPtr@UICreateErrorInfo@@@ATL@@QAE@XZ 10004e45 f i TInput.obj
 0001:00003e45       ??0?$CComPtr@UITypeLib@@@ATL@@QAE@XZ 10004e45 f i Helpers.obj
 0001:00003e49       ?AtlUnRegisterTypeLib@ATL@@YGJPAUHINSTANCE__@@PBG@Z 10004e49 f i Tester.obj
 0001:00003ecb       ?AtlLoadTypeLib@ATL@@YGJPAUHINSTANCE__@@PBGPAPAGPAPAUITypeLib@@@Z 10004ecb f i Tester.obj
 0001:00004021       ?AtlComModuleRegisterServer@ATL@@YGJPAU_ATL_COM_MODULE70@1@HPBU_GUID@@@Z 10005021 f i Tester.obj
 0001:000040a9       ?AtlRegisterTypeLib@ATL@@YGJPAUHINSTANCE__@@PBG@Z 100050a9 f i Tester.obj
 0001:000041bf       ??0CAtlModule@ATL@@QAE@XZ  100051bf f i Tester.obj
 0001:000041f9       ?AtlComModuleGetClassObject@ATL@@YGJPAU_ATL_COM_MODULE70@1@ABU_GUID@@1PAPAX@Z 100051f9 f i Tester.obj
 0001:000042ce       ?Term@CAtlModule@ATL@@QAEXXZ 100052ce f i Tester.obj
 0001:00004306       ?AtlCallTermFunc@ATL@@YGXPAU_ATL_MODULE70@1@@Z 10005306 f i Tester.obj
 0001:0000433e       ?ExecuteObjectMain@CAtlComModule@ATL@@QAEX_N@Z 1000533e f i Tester.obj
 0001:0000435d       ?UpdateRegistryFromResourceS@CAtlModule@ATL@@QAGJIHPAU_ATL_REGMAP_ENTRY@2@@Z 1000535d f i Tester.obj
 0001:000044da       ??0CRegObject@ATL@@QAE@XZ  100054da f i Tester.obj
 0001:000044ec       ?QueryInterface@CRegObject@ATL@@UAGJABU_GUID@@PAPAX@Z 100054ec f i Tester.obj
 0001:000044f4       ?Release@CRegObject@ATL@@UAGKXZ 100054f4 f i Tester.obj
 0001:000044f9       ?ClearReplacements@CRegObject@ATL@@UAGJXZ 100054f9 f i Tester.obj
 0001:00004508       ?ClearReplacements@CExpansionVector@ATL@@QAEJXZ 10005508 f i Tester.obj
 0001:00004545       ?GetKeyAt@?$CSimpleMap@PAGPAGVCExpansionVectorEqualHelper@ATL@@@ATL@@QBEAAPAGH@Z 10005545 f i Tester.obj
 0001:00004566       ??_GCRegObject@ATL@@UAEPAXI@Z 10005566 f i Tester.obj
 0001:00004566       ??_ECRegObject@ATL@@UAEPAXI@Z 10005566 f i Tester.obj
 0001:00004582       ??1CVMExpansionVector@ATL@@QAE@XZ 10005582 f i Helpers.obj
 0001:00004582       ??1?$CSimpleMap@PAGPAGVCExpansionVectorEqualHelper@ATL@@@ATL@@QAE@XZ 10005582 f i Tester.obj
 0001:00004587       ??1CExpansionVector@ATL@@QAE@XZ 10005587 f i Tester.obj
 0001:000045b4       ??1CRegObject@ATL@@UAE@XZ  100055b4 f i Tester.obj
 0001:000045ee       ?EscapeSingleQuote@CAtlModule@ATL@@SAXPAGPBG@Z 100055ee f i Tester.obj
 0001:00004610       ?AddReplacement@CRegObject@ATL@@UAGJPBG0@Z 10005610 f i Tester.obj
 0001:0000467a       ?Add@CExpansionVector@ATL@@QAEHPBG0@Z 1000567a f i Tester.obj
 0001:00004779       ?InternalSetAtIndex@?$CSimpleMap@PAGPAGV?$CSimpleMapEqualHelper@PAGPAG@ATL@@@ATL@@QAEXHABQAG0@Z 10005779 f i Helpers.obj
 0001:00004779       ?InternalSetAtIndex@?$CSimpleMap@PAGPAGVCExpansionVectorEqualHelper@ATL@@@ATL@@QAEXHABQAG0@Z 10005779 f i Tester.obj
 0001:0000479e       ?ResourceRegister@CRegObject@ATL@@QAGJPBGI0@Z 1000579e f i Tester.obj
 0001:000047ea       ?RegisterFromResource@CRegObject@ATL@@IAEJPBG00H@Z 100057ea f i Tester.obj
 0001:00004951       ?RegisterBuffer@CRegParser@ATL@@QAEJPAGH@Z 10005951 f i Tester.obj
 0001:00004a63       ?PreProcessBuffer@CRegParser@ATL@@QAEJPAGPAPAG@Z 10005a63 f i Tester.obj
 0001:00004bbb       ??0CParseBuffer@CRegParser@ATL@@QAE@H@Z 10005bbb f i Tester.obj
 0001:00004be2       ??1CParseBuffer@CRegParser@ATL@@QAE@XZ 10005be2 f i Tester.obj
 0001:00004bec       ?StrChrW@CRegParser@ATL@@KAPAGPAGG@Z 10005bec f i Tester.obj
 0001:00004c13       ?Lookup@?$CSimpleMap@PAGPAGVCExpansionVectorEqualHelper@ATL@@@ATL@@QBEPAGABQAG@Z 10005c13 f i Tester.obj
 0001:00004c35       ?FindKey@?$CSimpleMap@PAGPAGVCExpansionVectorEqualHelper@ATL@@@ATL@@QBEHABQAG@Z 10005c35 f i Tester.obj
 0001:00004c64       ?IsEqualKey@CExpansionVectorEqualHelper@ATL@@SA_NQAG0@Z 10005c64 f i Tester.obj
 0001:00004c79       ?AddString@CParseBuffer@CRegParser@ATL@@QAEHPBG@Z 10005c79 f i Tester.obj
 0001:00004cbb       ?Append@CParseBuffer@CRegParser@ATL@@QAEHPBGH@Z 10005cbb f i Tester.obj
 0001:00004d16       ?HKeyFromString@CRegParser@ATL@@KAPAUHKEY__@@PAG@Z 10005d16 f i Tester.obj
 0001:00004d41       ?NextToken@CRegParser@ATL@@IAEJPAG@Z 10005d41 f i Tester.obj
 0001:00004e3c       ?EndOfVar@CRegParser@ATL@@IAEHXZ 10005e3c f i Tester.obj
 0001:00004e58       ?IsSpace@CRegParser@ATL@@IAEHG@Z 10005e58 f i Tester.obj
 0001:00004e76       ?RegisterSubkeys@CRegParser@ATL@@IAEJPAGPAUHKEY__@@HH@Z 10005e76 f i Tester.obj
 0001:0000539d       ?AddValue@CRegParser@ATL@@IAEJAAVCRegKey@2@PBGPAG@Z 1000639d f i Tester.obj
 0001:00005698       ?VTFromRegType@CRegParser@ATL@@KAHPBGAAG@Z 10006698 f i Tester.obj
 0001:0000572a       ?FreeHeap@?$CTempBuffer@G$0BAA@VCCRTAllocator@ATL@@@ATL@@AAEXXZ 1000672a f i Tester.obj
 0001:0000572a       ?FreeHeap@?$CTempBuffer@E$0EAA@VCCRTAllocator@ATL@@@ATL@@AAEXXZ 1000672a f i Helpers.obj
 0001:0000572a       ?FreeHeap@?$CTempBuffer@E$0BAA@VCCRTAllocator@ATL@@@ATL@@AAEXXZ 1000672a f i Tester.obj
 0001:0000572a       ?FreeHeap@?$CTempBuffer@G$0EAA@VCCRTAllocator@ATL@@@ATL@@AAEXXZ 1000672a f i Helpers.obj
 0001:00005734       ?AllocateBytes@?$CTempBuffer@E$0BAA@VCCRTAllocator@ATL@@@ATL@@QAEPAEI@Z 10006734 f i Tester.obj
 0001:00005734       ?AllocateBytes@?$CTempBuffer@G$0BAA@VCCRTAllocator@ATL@@@ATL@@QAEPAGI@Z 10006734 f i Tester.obj
 0001:00005754       ?AllocateHeap@?$CTempBuffer@E$0EAA@VCCRTAllocator@ATL@@@ATL@@AAEXI@Z 10006754 f i Helpers.obj
 0001:00005754       ?AllocateHeap@?$CTempBuffer@E$0BAA@VCCRTAllocator@ATL@@@ATL@@AAEXI@Z 10006754 f i Tester.obj
 0001:00005754       ?AllocateHeap@?$CTempBuffer@G$0EAA@VCCRTAllocator@ATL@@@ATL@@AAEXI@Z 10006754 f i Helpers.obj
 0001:00005754       ?AllocateHeap@?$CTempBuffer@G$0BAA@VCCRTAllocator@ATL@@@ATL@@AAEXI@Z 10006754 f i Tester.obj
 0001:00005776       ?ChToByte@CRegParser@ATL@@KAEG@Z 10006776 f i Tester.obj
 0001:00005776       ?ChToByte@CRegistryVirtualMachine@ATL@@QAEEG@Z 10006776 f i Helpers.obj
 0001:000057a6       ?SkipAssignment@CRegParser@ATL@@IAEJPAG@Z 100067a6 f i Tester.obj
 0001:00005807       ?HasSubKeys@CRegParser@ATL@@IAEHPAUHKEY__@@@Z 10006807 f i Tester.obj
 0001:0000583c       ?CanForceRemoveKey@CRegParser@ATL@@IAEHPBG@Z 1000683c f i Tester.obj
 0001:00005868       ?SkipWhiteSpace@CRegParser@ATL@@IAEXXZ 10006868 f i Tester.obj
 0001:00005883       ?ResourceUnregister@CRegObject@ATL@@QAGJPBGI0@Z 10006883 f i Tester.obj
 0001:000058ce       ?Error@TInput@@IAEJIJ@Z    100068ce f i TInput.obj
 0001:000058e9       ?Invoke@?IITInput@TInput@@UAGJJABU_GUID@@KGPAUtagDISPPARAMS@@PAUtagVARIANT@@PAUtagEXCEPINFO@@PAI@Z 100068e9 f i TInput.obj
 0001:00005b3c       ?GetIDsOfNames@?IITInput@TInput@@UAGJABU_GUID@@PAPAGIKPAJ@Z 10006b3c f i TInput.obj
 0001:00005b9a       ?GetTypeInfoCount@?IITInput@TInput@@UAGJPAI@Z 10006b9a f i TInput.obj
 0001:00005bf5       ?GetTypeInfo@?IITInput@TInput@@UAGJIKPAPAUITypeInfo@@@Z 10006bf5 f i TInput.obj
 0001:00005c16       ?UpdateRegistry@TInput@@SGJH@Z 10006c16 f i TInput.obj
 0001:00005c7e       ?InterfaceSupportsErrorInfo@TInput@@UAGJABU_GUID@@@Z 10006c7e f i TInput.obj
 0001:00005ca5       ?get_MultiMonitor@TInput@@UAGJPAF@Z 10006ca5 f   TInput.obj
 0001:00005cc9       ?put_MultiMonitor@TInput@@UAGJF@Z 10006cc9 f   TInput.obj
 0001:00005cde       ?get_AbsoluteScreenCoordinates@TInput@@UAGJPAF@Z 10006cde f   TInput.obj
 0001:00005cde       ?get_VirtualScreenCoordinates@TInput@@UAGJPAF@Z 10006cde f   TInput.obj
 0001:00005cf6       ?put_AbsoluteScreenCoordinates@TInput@@UAGJF@Z 10006cf6 f   TInput.obj
 0001:00005d1c       ?put_VirtualScreenCoordinates@TInput@@UAGJF@Z 10006d1c f   TInput.obj
 0001:00005d42       ?PlayInput@TInput@@UAGJPAG@Z 10006d42 f   TInput.obj
 0001:00005da4       ?PlayKeys@TInput@@UAGJPAG@Z 10006da4 f   TInput.obj
 0001:00005db5       ?GetObjectDescription@?$CComCoClass@VTInput@@$1?_GUID_9ee83f0e_21f9_45d7_974d_fae9a57438da@@3U__s_GUID@@B@ATL@@SGPBGXZ 10006db5 f i TInput.obj
 0001:00005db5       ?GetCategoryMap@CComObjectRootBase@ATL@@SAPBU_ATL_CATMAP_ENTRY@2@XZ 10006db5 f i Helpers.obj
 0001:00005db5       ?GetObjectDescription@?$CComCoClass@VTSystem@@$1?_GUID_70a9fc86_0989_4ebf_b2ae_b31f846a7797@@3U__s_GUID@@B@ATL@@SGPBGXZ 10006db5 f i TSystem.obj
 0001:00005db5       ?GetObjectDescription@?$CComCoClass@VTWindow@@$1?_GUID_767d32eb_7b39_44df_94ef_e7608afb0f01@@3U__s_GUID@@B@ATL@@SGPBGXZ 10006db5 f i Helpers.obj
 0001:00005db5       ?GetObjectDescription@?$CComCoClass@VTNotify@@$1?_GUID_dec3f5eb_6169_48cc_816b_1ee00bd26541@@3U__s_GUID@@B@ATL@@SGPBGXZ 10006db5 f i TNotify.obj
 0001:00005db5       ?GetObjectDescription@?$CComCoClass@VTWindows@@$1?_GUID_8a4af30a_d1de_4123_9a91_e52861e7fea7@@3U__s_GUID@@B@ATL@@SGPBGXZ 10006db5 f i Helpers.obj
 0001:00005db8       ?GetClassInfoW@?$IProvideClassInfoImpl@$1?_GUID_9ee83f0e_21f9_45d7_974d_fae9a57438da@@3U__s_GUID@@B$1?m_libid@CAtlModule@ATL@@2U_GUID@@A$00$0A@VCComTypeInfoHolder@ATL@@@ATL@@UAGJPAPAUITypeInfo@@@Z 10006db8 f i TInput.obj
 0001:00005dcd       ?CreateInstance@?$CComCreator2@V?$CComCreator@V?$CComObject@VTInput@@@ATL@@@ATL@@V?$CComCreator@V?$CComAggObject@VTInput@@@ATL@@@2@@ATL@@SGJPAXABU_GUID@@PAPAX@Z 10006dcd f i TInput.obj
 0001:00005ded       ?Error@?$CComCoClass@UITInput@@$1?GUID_NULL@@3U_GUID@@B@ATL@@SGJIABU_GUID@@JPAUHINSTANCE__@@@Z 10006ded f i TInput.obj
 0001:00005e0a       ?CreateInstance@?$CComCreator@V?$CComObject@VTInput@@@ATL@@@ATL@@SGJPAXABU_GUID@@PAPAX@Z 10006e0a f i TInput.obj
 0001:00005e99       ?CreateInstance@?$CComCreator@V?$CComAggObject@VTInput@@@ATL@@@ATL@@SGJPAXABU_GUID@@PAPAX@Z 10006e99 f i TInput.obj
 0001:00005f30       ??0?$CComObject@VTInput@@@ATL@@QAE@PAX@Z 10006f30 f i TInput.obj
 0001:00005f56       ??1?$CComObject@VTInput@@@ATL@@UAE@XZ 10006f56 f i TInput.obj
 0001:00005f7c       ?AddRef@?$CComObject@VTInput@@@ATL@@UAGKXZ 10006f7c f i TInput.obj
 0001:00005f7c       ?AddRef@?$CComObject@VTWindow@@@ATL@@UAGKXZ 10006f7c f i Helpers.obj
 0001:00005f7c       ?AddRef@?$CComObject@VTSystem@@@ATL@@UAGKXZ 10006f7c f i TSystem.obj
 0001:00005f7c       ?AddRef@?$CComObject@VTWindows@@@ATL@@UAGKXZ 10006f7c f i Helpers.obj
 0001:00005f89       ?Release@?$CComObject@VTInput@@@ATL@@UAGKXZ 10006f89 f i TInput.obj
 0001:00005fa7       ?QueryInterface@?$CComObject@VTInput@@@ATL@@UAGJABU_GUID@@PAPAX@Z 10006fa7 f i TInput.obj
 0001:00005fc2       ??0?$CComAggObject@VTInput@@@ATL@@QAE@PAX@Z 10006fc2 f i TInput.obj
 0001:00005ff6       ??1?$CComAggObject@VTInput@@@ATL@@UAE@XZ 10006ff6 f i TInput.obj
 0001:0000600e       ?QueryInterface@?$CComAggObject@VTInput@@@ATL@@UAGJABU_GUID@@PAPAX@Z 1000700e f i TInput.obj
 0001:00006059       ?AddRef@?$CComContainedObject@VTSystem@@@ATL@@UAGKXZ 10007059 f i TSystem.obj
 0001:00006059       ?AddRef@?$CComContainedObject@VTWindows@@@ATL@@UAGKXZ 10007059 f i Helpers.obj
 0001:00006059       ?AddRef@?$CComContainedObject@VTWindow@@@ATL@@UAGKXZ 10007059 f i Helpers.obj
 0001:00006059       ?AddRef@?$CComContainedObject@VTInput@@@ATL@@UAGKXZ 10007059 f i TInput.obj
 0001:00006069       ??_G?$CComObject@VTInput@@@ATL@@UAEPAXI@Z 10007069 f i TInput.obj
 0001:00006069       ??_E?$CComObject@VTInput@@@ATL@@UAEPAXI@Z 10007069 f i TInput.obj
 0001:00006085       ??_E?$CComAggObject@VTInput@@@ATL@@UAEPAXI@Z 10007085 f i TInput.obj
 0001:00006085       ??_G?$CComAggObject@VTInput@@@ATL@@UAEPAXI@Z 10007085 f i TInput.obj
 0001:000060a1       ?QueryInterface@?$CComObject@VTInput@@@ATL@@W3AGJABU_GUID@@PAPAX@Z 100070a1 f i TInput.obj
 0001:000060ab       ?Release@?$CComObject@VTInput@@@ATL@@W3AGKXZ 100070ab f i TInput.obj
 0001:000060b5       ?QueryInterface@?$CComObject@VTInput@@@ATL@@W7AGJABU_GUID@@PAPAX@Z 100070b5 f i TInput.obj
 0001:000060bf       ?AddRef@?$CComObject@VTSystem@@@ATL@@W7AGKXZ 100070bf f i TSystem.obj
 0001:000060bf       ?AddRef@?$CComObject@VTWindows@@@ATL@@W7AGKXZ 100070bf f i Helpers.obj
 0001:000060bf       ?AddRef@?$CComObject@VTInput@@@ATL@@W7AGKXZ 100070bf f i TInput.obj
 0001:000060bf       ?AddRef@?$CComObject@VTWindow@@@ATL@@W7AGKXZ 100070bf f i Helpers.obj
 0001:000060c9       ?Release@?$CComObject@VTInput@@@ATL@@W7AGKXZ 100070c9 f i TInput.obj
 0001:000060d3       ?AtlReportError@ATL@@YGJABU_GUID@@I0JPAUHINSTANCE__@@@Z 100070d3 f i TInput.obj
 0001:000060f3       ?AtlSetErrorInfo@ATL@@YGJABU_GUID@@PBGK10JPAUHINSTANCE__@@@Z 100070f3 f i TInput.obj
 0001:00006268       ??1?$CComPtr@UIUnknown@@@ATL@@QAE@XZ 10007268 f i TNotify.obj
 0001:00006268       ??1?$CComPtr@UICreateErrorInfo@@@ATL@@QAE@XZ 10007268 f i TInput.obj
 0001:00006268       ??1?$CComPtr@UITypeInfo2@@@ATL@@QAE@XZ 10007268 f i Helpers.obj
 0001:00006268       ??1?$CComPtr@UICatRegister@@@ATL@@QAE@XZ 10007268 f i Tester.obj
 0001:00006268       ??1?$CComPtr@UITypeLib@@@ATL@@QAE@XZ 10007268 f i Helpers.obj
 0001:00006268       ??1?$CComPtr@UITypeInfo@@@ATL@@QAE@XZ 10007268 f i Helpers.obj
 0001:00006268       ??1?$CComPtr@UIErrorInfo@@@ATL@@QAE@XZ 10007268 f i TInput.obj
 0001:00006268       ??1?$CComPtr@UITWindow@@@ATL@@QAE@XZ 10007268 f i Helpers.obj
 0001:00006275       ??0CComBSTR@ATL@@QAE@PBG@Z 10007275 f i TInput.obj
 0001:0000629f       ??0TNotify@@QAE@XZ         1000729f f i TNotify.obj
 0001:000062bc       ?Invoke@?IITNotify@TNotify@@UAGJJABU_GUID@@KGPAUtagDISPPARAMS@@PAUtagVARIANT@@PAUtagEXCEPINFO@@PAI@Z 100072bc f i TNotify.obj
 0001:0000649d       ?GetIDsOfNames@?IITNotify@TNotify@@UAGJABU_GUID@@PAPAGIKPAJ@Z 1000749d f i TNotify.obj
 0001:000064fb       ?TypeInfoHelper@TNotify@@QAEJABU_GUID@@KPAPAUITypeInfo@@@Z 100074fb f i TNotify.obj
 0001:000064fb       ?TypeInfoHelper@TInput@@QAEJABU_GUID@@KPAPAUITypeInfo@@@Z 100074fb f i TInput.obj
 0001:000064fb       ?TypeInfoHelper@TSystem@@QAEJABU_GUID@@KPAPAUITypeInfo@@@Z 100074fb f i TSystem.obj
 0001:000064fb       ?TypeInfoHelper@TWindows@@QAEJABU_GUID@@KPAPAUITypeInfo@@@Z 100074fb f i Helpers.obj
 0001:00006612       ?GetTypeInfoCount@?IITNotify@TNotify@@UAGJPAI@Z 10007612 f i TNotify.obj
 0001:0000666d       ?GetTypeInfo@?IITNotify@TNotify@@UAGJIKPAPAUITypeInfo@@@Z 1000766d f i TNotify.obj
 0001:0000668e       ?DestroyWindow@TNotify@@QAEJXZ 1000768e f i TNotify.obj
 0001:000066ff       ?CreateWindow@TNotify@@QAEJPAUITWindow@@@Z 100076ff f i TNotify.obj
 0001:00006795       ?GetConnMap@TNotify@@SAPBU_ATL_CONNMAP_ENTRY@ATL@@PAH@Z 10007795 f i TNotify.obj
 0001:000067d0       ?UpdateRegistry@TNotify@@SGJH@Z 100077d0 f i TNotify.obj
 0001:00006838       ?InterfaceSupportsErrorInfo@TNotify@@UAGJABU_GUID@@@Z 10007838 f i TNotify.obj
 0001:0000685f       ?AddNotification@TNotify@@UAGJW4AddNotifyType@@W4AddNotifySearch@@PAGPAF@Z 1000785f f   TNotify.obj
 0001:000068d1       ?CheckNotification@TNotify@@UAGJXZ 100078d1 f   TNotify.obj
 0001:000068de       ?ClearNotification@TNotify@@UAGJXZ 100078de f   TNotify.obj
 0001:000068f8       ?CheckWinTimerProc@@YGXPAUHWND__@@IIK@Z 100078f8 f   TNotify.obj
 0001:000069c5       ?AddNotify@@YAPAXPAVTNotify@@W4AddNotifyType@@W4AddNotifySearch@@PAG@Z 100079c5 f   TNotify.obj
 0001:00006a5c       ?RemoveNotify@@YAXPAVTNotify@@PAX@Z 10007a5c f   TNotify.obj
 0001:00006a94       ?SpinTheTimerLoop@@YAXJ@Z  10007a94 f   TNotify.obj
 0001:00006aad       ?EnumConnectionPoints@?$IConnectionPointContainerImpl@VTNotify@@@ATL@@UAGJPAPAUIEnumConnectionPoints@@@Z 10007aad f i TNotify.obj
 0001:00006bf5       ?FindConnectionPoint@?$IConnectionPointContainerImpl@VTNotify@@@ATL@@UAGJABU_GUID@@PAPAUIConnectionPoint@@@Z 10007bf5 f i TNotify.obj
 0001:00006c8c       ?_LocCPQueryInterface@?$IConnectionPointImpl@VTNotify@@$1?_GUID_698e7564_2a64_4988_8f1d_58131b6aa9ca@@3U__s_GUID@@BVCComDynamicUnkArray@ATL@@@ATL@@UAGJABU_GUID@@PAPAX@Z 10007c8c f i TNotify.obj
 0001:00006c8c       ?_LocCPQueryInterface@?$IConnectionPointImpl@VTNotify@@$1?IID_IPropertyNotifySink@@3U_GUID@@BVCComDynamicUnkArray@ATL@@@ATL@@UAGJABU_GUID@@PAPAX@Z 10007c8c f i TNotify.obj
 0001:00006cd7       ?GetConnectionInterface@?$IConnectionPointImpl@VTNotify@@$1?IID_IPropertyNotifySink@@3U_GUID@@BVCComDynamicUnkArray@ATL@@@ATL@@UAGJPAU_GUID@@@Z 10007cd7 f i TNotify.obj
 0001:00006cf8       ?GetConnectionPointContainer@?$IConnectionPointImpl@VTNotify@@$1?IID_IPropertyNotifySink@@3U_GUID@@BVCComDynamicUnkArray@ATL@@@ATL@@UAGJPAPAUIConnectionPointContainer@@@Z 10007cf8 f i TNotify.obj
 0001:00006d16       ?GetConnectionInterface@?$IConnectionPointImpl@VTNotify@@$1?_GUID_698e7564_2a64_4988_8f1d_58131b6aa9ca@@3U__s_GUID@@BVCComDynamicUnkArray@ATL@@@ATL@@UAGJPAU_GUID@@@Z 10007d16 f i TNotify.obj
 0001:00006d37       ?GetConnectionPointContainer@?$IConnectionPointImpl@VTNotify@@$1?_GUID_698e7564_2a64_4988_8f1d_58131b6aa9ca@@3U__s_GUID@@BVCComDynamicUnkArray@ATL@@@ATL@@UAGJPAPAUIConnectionPointContainer@@@Z 10007d37 f i TNotify.obj
 0001:00006d55       ?GetClassInfoW@?$IProvideClassInfo2Impl@$1?_GUID_dec3f5eb_6169_48cc_816b_1ee00bd26541@@3U__s_GUID@@B$1?_GUID_698e7564_2a64_4988_8f1d_58131b6aa9ca@@3U2@B$1?m_libid@CAtlModule@ATL@@2U_GUID@@A$00$0A@VCComTypeInfoHolder@ATL@@@ATL@@UAGJPAPAUITypeInfo@@@Z 10007d55 f i TNotify.obj
 0001:00006d6a       ?GetGUID@?$IProvideClassInfo2Impl@$1?_GUID_dec3f5eb_6169_48cc_816b_1ee00bd26541@@3U__s_GUID@@B$1?_GUID_698e7564_2a64_4988_8f1d_58131b6aa9ca@@3U2@B$1?m_libid@CAtlModule@ATL@@2U_GUID@@A$00$0A@VCComTypeInfoHolder@ATL@@@ATL@@UAGJKPAU_GUID@@@Z 10007d6a f i TNotify.obj
 0001:00006d9e       ?CreateInstance@?$CComCreator2@V?$CComCreator@V?$CComObject@VTNotify@@@ATL@@@ATL@@V?$CComCreator@V?$CComAggObject@VTNotify@@@ATL@@@2@@ATL@@SGJPAXABU_GUID@@PAPAX@Z 10007d9e f i TNotify.obj
 0001:00006dbe       ?Add@?$CSimpleArray@PAUHWND__@@V?$CSimpleArrayEqualHelper@PAUHWND__@@@ATL@@@ATL@@QAEHABQAUHWND__@@@Z 10007dbe f i TSystem.obj
 0001:00006dbe       ?Add@?$CSimpleArray@PAVTNotify@@V?$CSimpleArrayEqualHelper@PAVTNotify@@@ATL@@@ATL@@QAEHABQAVTNotify@@@Z 10007dbe f i TNotify.obj
 0001:00006e06       ?Remove@?$CSimpleArray@PAVTNotify@@V?$CSimpleArrayEqualHelper@PAVTNotify@@@ATL@@@ATL@@QAEHABQAVTNotify@@@Z 10007e06 f i TNotify.obj
 0001:00006e28       ?RemoveAt@?$CSimpleArray@PAVTNotify@@V?$CSimpleArrayEqualHelper@PAVTNotify@@@ATL@@@ATL@@QAEHH@Z 10007e28 f i TNotify.obj
 0001:00006e61       ?Find@?$CSimpleArray@PAVTNotify@@V?$CSimpleArrayEqualHelper@PAVTNotify@@@ATL@@@ATL@@QBEHABQAVTNotify@@@Z 10007e61 f i TNotify.obj
 0001:00006e86       ?InternalSetAtIndex@?$CSimpleArray@PAUHWND__@@V?$CSimpleArrayEqualHelper@PAUHWND__@@@ATL@@@ATL@@QAEXHABQAUHWND__@@@Z 10007e86 f i TSystem.obj
 0001:00006e86       ?InternalSetAtIndex@?$CSimpleArray@PAVTNotify@@V?$CSimpleArrayEqualHelper@PAVTNotify@@@ATL@@@ATL@@QAEXHABQAVTNotify@@@Z 10007e86 f i TNotify.obj
 0001:00006e9a       ??0?$CComObject@V?$CComEnum@UIEnumConnectionPoints@@$1?_GUID_b196b285_bab4_101a_b69c_00aa00341d07@@3U__s_GUID@@BPAUIConnectionPoint@@V?$_CopyInterface@UIConnectionPoint@@@ATL@@VCComSingleThreadModel@6@@ATL@@@ATL@@QAE@PAX@Z 10007e9a f i TNotify.obj
 0001:00006eb5       ??1?$CComObject@V?$CComEnum@UIEnumConnectionPoints@@$1?_GUID_b196b285_bab4_101a_b69c_00aa00341d07@@3U__s_GUID@@BPAUIConnectionPoint@@V?$_CopyInterface@UIConnectionPoint@@@ATL@@VCComSingleThreadModel@6@@ATL@@@ATL@@UAE@XZ 10007eb5 f i TNotify.obj
 0001:00006ed8       ?Release@?$CComObject@V?$CComEnum@UIEnumConnections@@$1?_GUID_b196b287_bab4_101a_b69c_00aa00341d07@@3U__s_GUID@@BUtagCONNECTDATA@@V?$_Copy@UtagCONNECTDATA@@@ATL@@VCComSingleThreadModel@6@@ATL@@@ATL@@UAGKXZ 10007ed8 f i TNotify.obj
 0001:00006ed8       ?Release@?$CComObject@V?$CComEnum@UIEnumConnectionPoints@@$1?_GUID_b196b285_bab4_101a_b69c_00aa00341d07@@3U__s_GUID@@BPAUIConnectionPoint@@V?$_CopyInterface@UIConnectionPoint@@@ATL@@VCComSingleThreadModel@6@@ATL@@@ATL@@UAGKXZ 10007ed8 f i TNotify.obj
 0001:00006ed8       ?Release@?$CComObject@V?$CComEnum@UIEnumVARIANT@@$1?IID_IEnumVARIANT@@3U_GUID@@BUtagVARIANT@@V?$_Copy@UtagVARIANT@@@ATL@@VCComSingleThreadModel@6@@ATL@@@ATL@@UAGKXZ 10007ed8 f i TWindows.obj
 0001:00006ef6       ?QueryInterface@?$CComObject@V?$CComEnum@UIEnumConnectionPoints@@$1?_GUID_b196b285_bab4_101a_b69c_00aa00341d07@@3U__s_GUID@@BPAUIConnectionPoint@@V?$_CopyInterface@UIConnectionPoint@@@ATL@@VCComSingleThreadModel@6@@ATL@@@ATL@@UAGJABU_GUID@@PAPAX@Z 10007ef6 f i TNotify.obj
 0001:00006f11       ?CreateInstance@?$CComCreator@V?$CComObject@VTNotify@@@ATL@@@ATL@@SGJPAXABU_GUID@@PAPAX@Z 10007f11 f i TNotify.obj
 0001:00006fa0       ?CreateInstance@?$CComCreator@V?$CComAggObject@VTNotify@@@ATL@@@ATL@@SGJPAXABU_GUID@@PAPAX@Z 10007fa0 f i TNotify.obj
 0001:00007032       ??_E?$CComObject@V?$CComEnum@UIEnumConnectionPoints@@$1?_GUID_b196b285_bab4_101a_b69c_00aa00341d07@@3U__s_GUID@@BPAUIConnectionPoint@@V?$_CopyInterface@UIConnectionPoint@@@ATL@@VCComSingleThreadModel@6@@ATL@@@ATL@@UAEPAXI@Z 10008032 f i TNotify.obj
 0001:00007032       ??_G?$CComObject@V?$CComEnum@UIEnumConnectionPoints@@$1?_GUID_b196b285_bab4_101a_b69c_00aa00341d07@@3U__s_GUID@@BPAUIConnectionPoint@@V?$_CopyInterface@UIConnectionPoint@@@ATL@@VCComSingleThreadModel@6@@ATL@@@ATL@@UAEPAXI@Z 10008032 f i TNotify.obj
 0001:0000704e       ??0?$CComEnum@UIEnumConnections@@$1?_GUID_b196b287_bab4_101a_b69c_00aa00341d07@@3U__s_GUID@@BUtagCONNECTDATA@@V?$_Copy@UtagCONNECTDATA@@@ATL@@VCComSingleThreadModel@6@@ATL@@QAE@XZ 1000804e f i TNotify.obj
 0001:0000704e       ??0?$CComEnum@UIEnumVARIANT@@$1?IID_IEnumVARIANT@@3U_GUID@@BUtagVARIANT@@V?$_Copy@UtagVARIANT@@@ATL@@VCComSingleThreadModel@6@@ATL@@QAE@XZ 1000804e f i TWindows.obj
 0001:0000704e       ??0?$CComEnum@UIEnumConnectionPoints@@$1?_GUID_b196b285_bab4_101a_b69c_00aa00341d07@@3U__s_GUID@@BPAUIConnectionPoint@@V?$_CopyInterface@UIConnectionPoint@@@ATL@@VCComSingleThreadModel@6@@ATL@@QAE@XZ 1000804e f i TNotify.obj
 0001:00007063       ??1?$CComEnum@UIEnumConnectionPoints@@$1?_GUID_b196b285_bab4_101a_b69c_00aa00341d07@@3U__s_GUID@@BPAUIConnectionPoint@@V?$_CopyInterface@UIConnectionPoint@@@ATL@@VCComSingleThreadModel@6@@ATL@@UAE@XZ 10008063 f i TNotify.obj
 0001:00007068       ??0?$CComObject@VTNotify@@@ATL@@QAE@PAX@Z 10008068 f i TNotify.obj
 0001:000070a6       ??1?$CComObject@VTNotify@@@ATL@@UAE@XZ 100080a6 f i TNotify.obj
 0001:000070fb       ?AddRef@?$CComObject@VTNotify@@@ATL@@UAGKXZ 100080fb f i TNotify.obj
 0001:00007108       ?Release@?$CComObject@VTNotify@@@ATL@@UAGKXZ 10008108 f i TNotify.obj
 0001:00007126       ?QueryInterface@?$CComObject@VTNotify@@@ATL@@UAGJABU_GUID@@PAPAX@Z 10008126 f i TNotify.obj
 0001:00007141       ??0?$CComAggObject@VTNotify@@@ATL@@QAE@PAX@Z 10008141 f i TNotify.obj
 0001:00007186       ??1?$CComAggObject@VTNotify@@@ATL@@UAE@XZ 10008186 f i TNotify.obj
 0001:000071da       ?AddRef@?$CComAggObject@VTNotify@@@ATL@@UAGKXZ 100081da f i TNotify.obj
 0001:000071da       ?AddRef@?$CComAggObject@VTInput@@@ATL@@UAGKXZ 100081da f i TInput.obj
 0001:000071da       ?AddRef@?$CComAggObject@VTWindows@@@ATL@@UAGKXZ 100081da f i Helpers.obj
 0001:000071da       ?AddRef@?$CComAggObject@VTWindow@@@ATL@@UAGKXZ 100081da f i Helpers.obj
 0001:000071da       ?AddRef@?$CComAggObject@VTSystem@@@ATL@@UAGKXZ 100081da f i TSystem.obj
 0001:000071e7       ?QueryInterface@?$CComAggObject@VTNotify@@@ATL@@UAGJABU_GUID@@PAPAX@Z 100081e7 f i TNotify.obj
 0001:00007232       ?AddRef@?$CComContainedObject@VTNotify@@@ATL@@UAGKXZ 10008232 f i TNotify.obj
 0001:00007242       ?Release@?$CComContainedObject@VTNotify@@@ATL@@UAGKXZ 10008242 f i TNotify.obj
 0001:00007252       ?QueryInterface@?$CComContainedObject@VTNotify@@@ATL@@UAGJABU_GUID@@PAPAX@Z 10008252 f i TNotify.obj
 0001:00007269       ??_E?$CComObject@VTNotify@@@ATL@@UAEPAXI@Z 10008269 f i TNotify.obj
 0001:00007269       ??_G?$CComObject@VTNotify@@@ATL@@UAEPAXI@Z 10008269 f i TNotify.obj
 0001:00007285       ??1TNotify@@QAE@XZ         10008285 f i TNotify.obj
 0001:000072cc       ??_E?$CComAggObject@VTNotify@@@ATL@@UAEPAXI@Z 100082cc f i TNotify.obj
 0001:000072cc       ??_G?$CComAggObject@VTNotify@@@ATL@@UAEPAXI@Z 100082cc f i TNotify.obj
 0001:000072e8       ??1?$CComContainedObject@VTNotify@@@ATL@@QAE@XZ 100082e8 f i TNotify.obj
 0001:000072ed       ??0?$CComContainedObject@VTNotify@@@ATL@@QAE@PAX@Z 100082ed f i TNotify.obj
 0001:00007329       ?Advise@?$IConnectionPointImpl@VTNotify@@$1?IID_IPropertyNotifySink@@3U_GUID@@BVCComDynamicUnkArray@ATL@@@ATL@@UAGJPAUIUnknown@@PAK@Z 10008329 f i TNotify.obj
 0001:00007329       ?Advise@?$IConnectionPointImpl@VTNotify@@$1?_GUID_698e7564_2a64_4988_8f1d_58131b6aa9ca@@3U__s_GUID@@BVCComDynamicUnkArray@ATL@@@ATL@@UAGJPAUIUnknown@@PAK@Z 10008329 f i TNotify.obj
 0001:000073c5       ?Unadvise@?$IConnectionPointImpl@VTNotify@@$1?IID_IPropertyNotifySink@@3U_GUID@@BVCComDynamicUnkArray@ATL@@@ATL@@UAGJK@Z 100083c5 f i TNotify.obj
 0001:000073c5       ?Unadvise@?$IConnectionPointImpl@VTNotify@@$1?_GUID_698e7564_2a64_4988_8f1d_58131b6aa9ca@@3U__s_GUID@@BVCComDynamicUnkArray@ATL@@@ATL@@UAGJK@Z 100083c5 f i TNotify.obj
 0001:0000741b       ??1?$IConnectionPointImpl@VTNotify@@$1?_GUID_698e7564_2a64_4988_8f1d_58131b6aa9ca@@3U__s_GUID@@BVCComDynamicUnkArray@ATL@@@ATL@@QAE@XZ 1000841b f i TNotify.obj
 0001:0000741b       ??1?$IConnectionPointImpl@VTNotify@@$1?IID_IPropertyNotifySink@@3U_GUID@@BVCComDynamicUnkArray@ATL@@@ATL@@QAE@XZ 1000841b f i TNotify.obj
 0001:00007481       ?EnumConnections@?$IConnectionPointImpl@VTNotify@@$1?_GUID_698e7564_2a64_4988_8f1d_58131b6aa9ca@@3U__s_GUID@@BVCComDynamicUnkArray@ATL@@@ATL@@UAGJPAPAUIEnumConnections@@@Z 10008481 f i TNotify.obj
 0001:00007481       ?EnumConnections@?$IConnectionPointImpl@VTNotify@@$1?IID_IPropertyNotifySink@@3U_GUID@@BVCComDynamicUnkArray@ATL@@@ATL@@UAGJPAPAUIEnumConnections@@@Z 10008481 f i TNotify.obj
 0001:000075c9       ??1?$CComEnumImpl@UIEnumConnectionPoints@@$1?_GUID_b196b285_bab4_101a_b69c_00aa00341d07@@3U__s_GUID@@BPAUIConnectionPoint@@V?$_CopyInterface@UIConnectionPoint@@@ATL@@@ATL@@UAE@XZ 100085c9 f i TNotify.obj
 0001:00007626       ?Next@?$CComEnumImpl@UIEnumConnectionPoints@@$1?_GUID_b196b285_bab4_101a_b69c_00aa00341d07@@3U__s_GUID@@BPAUIConnectionPoint@@V?$_CopyInterface@UIConnectionPoint@@@ATL@@@ATL@@UAGJKPAPAUIConnectionPoint@@PAK@Z 10008626 f i TNotify.obj
 0001:000076c1       ?Skip@?$CComEnumImpl@UIEnumConnectionPoints@@$1?_GUID_b196b285_bab4_101a_b69c_00aa00341d07@@3U__s_GUID@@BPAUIConnectionPoint@@V?$_CopyInterface@UIConnectionPoint@@@ATL@@@ATL@@UAGJK@Z 100086c1 f i TNotify.obj
 0001:000076f9       ?Clone@?$CComEnumImpl@UIEnumConnectionPoints@@$1?_GUID_b196b285_bab4_101a_b69c_00aa00341d07@@3U__s_GUID@@BPAUIConnectionPoint@@V?$_CopyInterface@UIConnectionPoint@@@ATL@@@ATL@@UAGJPAPAUIEnumConnectionPoints@@@Z 100086f9 f i TNotify.obj
 0001:000077c5       ?Init@?$CComEnumImpl@UIEnumConnectionPoints@@$1?_GUID_b196b285_bab4_101a_b69c_00aa00341d07@@3U__s_GUID@@BPAUIConnectionPoint@@V?$_CopyInterface@UIConnectionPoint@@@ATL@@@ATL@@QAEJPAPAUIConnectionPoint@@0PAUIUnknown@@W4CComEnumFlags@2@@Z 100087c5 f i TNotify.obj
 0001:00007885       ??0?$CComObject@V?$CComEnum@UIEnumConnections@@$1?_GUID_b196b287_bab4_101a_b69c_00aa00341d07@@3U__s_GUID@@BUtagCONNECTDATA@@V?$_Copy@UtagCONNECTDATA@@@ATL@@VCComSingleThreadModel@6@@ATL@@@ATL@@QAE@PAX@Z 10008885 f i TNotify.obj
 0001:000078a0       ??1?$CComObject@V?$CComEnum@UIEnumConnections@@$1?_GUID_b196b287_bab4_101a_b69c_00aa00341d07@@3U__s_GUID@@BUtagCONNECTDATA@@V?$_Copy@UtagCONNECTDATA@@@ATL@@VCComSingleThreadModel@6@@ATL@@@ATL@@UAE@XZ 100088a0 f i TNotify.obj
 0001:000078c3       ?AddRef@?$CComObject@V?$CComEnum@UIEnumConnectionPoints@@$1?_GUID_b196b285_bab4_101a_b69c_00aa00341d07@@3U__s_GUID@@BPAUIConnectionPoint@@V?$_CopyInterface@UIConnectionPoint@@@ATL@@VCComSingleThreadModel@6@@ATL@@@ATL@@UAGKXZ 100088c3 f i TNotify.obj
 0001:000078c3       ?AddRef@?$CComObject@V?$CComEnum@UIEnumConnections@@$1?_GUID_b196b287_bab4_101a_b69c_00aa00341d07@@3U__s_GUID@@BUtagCONNECTDATA@@V?$_Copy@UtagCONNECTDATA@@@ATL@@VCComSingleThreadModel@6@@ATL@@@ATL@@UAGKXZ 100088c3 f i TNotify.obj
 0001:000078c3       ?AddRef@?$CComObject@V?$CComEnum@UIEnumVARIANT@@$1?IID_IEnumVARIANT@@3U_GUID@@BUtagVARIANT@@V?$_Copy@UtagVARIANT@@@ATL@@VCComSingleThreadModel@6@@ATL@@@ATL@@UAGKXZ 100088c3 f i TWindows.obj
 0001:000078d0       ?QueryInterface@?$CComObject@V?$CComEnum@UIEnumConnections@@$1?_GUID_b196b287_bab4_101a_b69c_00aa00341d07@@3U__s_GUID@@BUtagCONNECTDATA@@V?$_Copy@UtagCONNECTDATA@@@ATL@@VCComSingleThreadModel@6@@ATL@@@ATL@@UAGJABU_GUID@@PAPAX@Z 100088d0 f i TNotify.obj
 0001:000078eb       ?Reset@?$CComEnumImpl@UIEnumVARIANT@@$1?IID_IEnumVARIANT@@3U_GUID@@BUtagVARIANT@@V?$_Copy@UtagVARIANT@@@ATL@@@ATL@@UAGJXZ 100088eb f i TWindows.obj
 0001:000078eb       ?Reset@?$CComEnumImpl@UIEnumConnectionPoints@@$1?_GUID_b196b285_bab4_101a_b69c_00aa00341d07@@3U__s_GUID@@BPAUIConnectionPoint@@V?$_CopyInterface@UIConnectionPoint@@@ATL@@@ATL@@UAGJXZ 100088eb f i TNotify.obj
 0001:000078eb       ?Reset@?$CComEnumImpl@UIEnumConnections@@$1?_GUID_b196b287_bab4_101a_b69c_00aa00341d07@@3U__s_GUID@@BUtagCONNECTDATA@@V?$_Copy@UtagCONNECTDATA@@@ATL@@@ATL@@UAGJXZ 100088eb f i TNotify.obj
 0001:000078fa       ??_E?$CComObject@V?$CComEnum@UIEnumConnections@@$1?_GUID_b196b287_bab4_101a_b69c_00aa00341d07@@3U__s_GUID@@BUtagCONNECTDATA@@V?$_Copy@UtagCONNECTDATA@@@ATL@@VCComSingleThreadModel@6@@ATL@@@ATL@@UAEPAXI@Z 100088fa f i TNotify.obj
 0001:000078fa       ??_G?$CComObject@V?$CComEnum@UIEnumConnections@@$1?_GUID_b196b287_bab4_101a_b69c_00aa00341d07@@3U__s_GUID@@BUtagCONNECTDATA@@V?$_Copy@UtagCONNECTDATA@@@ATL@@VCComSingleThreadModel@6@@ATL@@@ATL@@UAEPAXI@Z 100088fa f i TNotify.obj
 0001:00007916       ??1?$CComEnum@UIEnumConnections@@$1?_GUID_b196b287_bab4_101a_b69c_00aa00341d07@@3U__s_GUID@@BUtagCONNECTDATA@@V?$_Copy@UtagCONNECTDATA@@@ATL@@VCComSingleThreadModel@6@@ATL@@UAE@XZ 10008916 f i TNotify.obj
 0001:0000791b       ??1?$CComEnumImpl@UIEnumConnections@@$1?_GUID_b196b287_bab4_101a_b69c_00aa00341d07@@3U__s_GUID@@BUtagCONNECTDATA@@V?$_Copy@UtagCONNECTDATA@@@ATL@@@ATL@@UAE@XZ 1000891b f i TNotify.obj
 0001:00007978       ?Next@?$CComEnumImpl@UIEnumConnections@@$1?_GUID_b196b287_bab4_101a_b69c_00aa00341d07@@3U__s_GUID@@BUtagCONNECTDATA@@V?$_Copy@UtagCONNECTDATA@@@ATL@@@ATL@@UAGJKPAUtagCONNECTDATA@@PAK@Z 10008978 f i TNotify.obj
 0001:00007a43       ?Skip@?$CComEnumImpl@UIEnumConnections@@$1?_GUID_b196b287_bab4_101a_b69c_00aa00341d07@@3U__s_GUID@@BUtagCONNECTDATA@@V?$_Copy@UtagCONNECTDATA@@@ATL@@@ATL@@UAGJK@Z 10008a43 f i TNotify.obj
 0001:00007a7b       ?Clone@?$CComEnumImpl@UIEnumConnections@@$1?_GUID_b196b287_bab4_101a_b69c_00aa00341d07@@3U__s_GUID@@BUtagCONNECTDATA@@V?$_Copy@UtagCONNECTDATA@@@ATL@@@ATL@@UAGJPAPAUIEnumConnections@@@Z 10008a7b f i TNotify.obj
 0001:00007b47       ?Init@?$CComEnumImpl@UIEnumConnections@@$1?_GUID_b196b287_bab4_101a_b69c_00aa00341d07@@3U__s_GUID@@BUtagCONNECTDATA@@V?$_Copy@UtagCONNECTDATA@@@ATL@@@ATL@@QAEJPAUtagCONNECTDATA@@0PAUIUnknown@@W4CComEnumFlags@2@@Z 10008b47 f i TNotify.obj
 0001:00007c40       ?CreateInstance@?$CComObject@V?$CComEnum@UIEnumConnectionPoints@@$1?_GUID_b196b285_bab4_101a_b69c_00aa00341d07@@3U__s_GUID@@BPAUIConnectionPoint@@V?$_CopyInterface@UIConnectionPoint@@@ATL@@VCComSingleThreadModel@6@@ATL@@@ATL@@SGJPAPAV12@@Z 10008c40 f i TNotify.obj
 0001:00007cb5       ?CreateInstance@?$CComObject@V?$CComEnum@UIEnumConnections@@$1?_GUID_b196b287_bab4_101a_b69c_00aa00341d07@@3U__s_GUID@@BUtagCONNECTDATA@@V?$_Copy@UtagCONNECTDATA@@@ATL@@VCComSingleThreadModel@6@@ATL@@@ATL@@SGJPAPAV12@@Z 10008cb5 f i TNotify.obj
 0001:00007d2a       ?AddRef@?$CComObject@VTNotify@@@ATL@@W3AGKXZ 10008d2a f i TNotify.obj
 0001:00007d34       ?Release@?$CComObject@VTNotify@@@ATL@@W3AGKXZ 10008d34 f i TNotify.obj
 0001:00007d3e       ?QueryInterface@?$CComObject@VTNotify@@@ATL@@WBA@AGJABU_GUID@@PAPAX@Z 10008d3e f i TNotify.obj
 0001:00007d48       ?AddRef@?$CComObject@VTNotify@@@ATL@@WBA@AGKXZ 10008d48 f i TNotify.obj
 0001:00007d52       ?Release@?$CComObject@VTNotify@@@ATL@@WBA@AGKXZ 10008d52 f i TNotify.obj
 0001:00007d5c       ?AddNotification@TNotify@@WBA@AGJW4AddNotifyType@@W4AddNotifySearch@@PAGPAF@Z 10008d5c f i TNotify.obj
 0001:00007d66       ?CheckNotification@TNotify@@WBA@AGJXZ 10008d66 f i TNotify.obj
 0001:00007d70       ?ClearNotification@TNotify@@WBA@AGJXZ 10008d70 f i TNotify.obj
 0001:00007d7a       ?QueryInterface@?$CComObject@VTNotify@@@ATL@@WBE@AGJABU_GUID@@PAPAX@Z 10008d7a f i TNotify.obj
 0001:00007d84       ?AddRef@?$CComObject@VTNotify@@@ATL@@WBE@AGKXZ 10008d84 f i TNotify.obj
 0001:00007d8e       ?Release@?$CComObject@VTNotify@@@ATL@@WBE@AGKXZ 10008d8e f i TNotify.obj
 0001:00007d98       ?AddRef@?$CComObject@VTNotify@@@ATL@@WBI@AGKXZ 10008d98 f i TNotify.obj
 0001:00007da2       ?Release@?$CComObject@VTNotify@@@ATL@@WBI@AGKXZ 10008da2 f i TNotify.obj
 0001:00007dac       ?QueryInterface@?$CComObject@VTNotify@@@ATL@@WCE@AGJABU_GUID@@PAPAX@Z 10008dac f i TNotify.obj
 0001:00007db6       ?AddRef@?$CComObject@VTNotify@@@ATL@@WCE@AGKXZ 10008db6 f i TNotify.obj
 0001:00007dc0       ?Release@?$CComObject@VTNotify@@@ATL@@WCE@AGKXZ 10008dc0 f i TNotify.obj
 0001:00007dca       ?AddRef@?$CComContainedObject@VTNotify@@@ATL@@W3AGKXZ 10008dca f i TNotify.obj
 0001:00007dd4       ?Release@?$CComContainedObject@VTNotify@@@ATL@@W3AGKXZ 10008dd4 f i TNotify.obj
 0001:00007dde       ?QueryInterface@?$CComContainedObject@VTNotify@@@ATL@@WBA@AGJABU_GUID@@PAPAX@Z 10008dde f i TNotify.obj
 0001:00007de8       ?AddRef@?$CComContainedObject@VTNotify@@@ATL@@WBA@AGKXZ 10008de8 f i TNotify.obj
 0001:00007df2       ?Release@?$CComContainedObject@VTNotify@@@ATL@@WBA@AGKXZ 10008df2 f i TNotify.obj
 0001:00007dfc       ?QueryInterface@?$CComContainedObject@VTNotify@@@ATL@@WBE@AGJABU_GUID@@PAPAX@Z 10008dfc f i TNotify.obj
 0001:00007e06       ?AddRef@?$CComContainedObject@VTNotify@@@ATL@@WBE@AGKXZ 10008e06 f i TNotify.obj
 0001:00007e10       ?Release@?$CComContainedObject@VTNotify@@@ATL@@WBE@AGKXZ 10008e10 f i TNotify.obj
 0001:00007e1a       ?AddRef@?$CComContainedObject@VTNotify@@@ATL@@WBI@AGKXZ 10008e1a f i TNotify.obj
 0001:00007e24       ?Release@?$CComContainedObject@VTNotify@@@ATL@@WBI@AGKXZ 10008e24 f i TNotify.obj
 0001:00007e2e       ?QueryInterface@?$CComContainedObject@VTNotify@@@ATL@@WCE@AGJABU_GUID@@PAPAX@Z 10008e2e f i TNotify.obj
 0001:00007e38       ?AddRef@?$CComContainedObject@VTNotify@@@ATL@@WCE@AGKXZ 10008e38 f i TNotify.obj
 0001:00007e42       ?Release@?$CComContainedObject@VTNotify@@@ATL@@WCE@AGKXZ 10008e42 f i TNotify.obj
 0001:00007e4c       ?copy@?$_Copy@UtagCONNECTDATA@@@ATL@@SAJPAUtagCONNECTDATA@@0@Z 10008e4c f i TNotify.obj
 0001:00007e65       ?AtlComPtrAssign@ATL@@YGPAUIUnknown@@PAPAU2@PAU2@@Z 10008e65 f i TNotify.obj
 0001:00007e87       ?GetCookie@CComDynamicUnkArray@ATL@@QAGKPAPAUIUnknown@@@Z 10008e87 f i TNotify.obj
 0001:00007eca       ?Remove@CComDynamicUnkArray@ATL@@QAEHK@Z 10008eca f i TNotify.obj
 0001:00007efb       ?GetAt@CComDynamicUnkArray@ATL@@QAEPAUIUnknown@@H@Z 10008efb f i TNotify.obj
 0001:00007f14       ?Add@CComDynamicUnkArray@ATL@@QAEKPAUIUnknown@@@Z 10008f14 f i TNotify.obj
 0001:00007fc4       ?Allocate@?$CAtlSafeAllocBufferManager@VCCRTAllocator@ATL@@@_ATL_SAFE_ALLOCA_IMPL@ATL@@QAEPAXK@Z 10008fc4 f i TNotify.obj
 0001:00007fde       ?_AtlVerifyStackAvailable@_ATL_SAFE_ALLOCA_IMPL@ATL@@YA_NK@Z 10008fde f i TNotify.obj
 0001:00008038       ??1CComDynamicUnkArray@ATL@@QAE@XZ 10009038 f i TNotify.obj
 0001:00008048       ?__ComInvokeEventHandler@ATL@@YAJPAUIDispatch@@JGPAUtagDISPPARAMS@@PAUtagVARIANT@@@Z 10009048 f i TNotify.obj
 0001:000080cc       ?Invoke@?IITSystem@TSystem@@UAGJJABU_GUID@@KGPAUtagDISPPARAMS@@PAUtagVARIANT@@PAUtagEXCEPINFO@@PAI@Z 100090cc f i TSystem.obj
 0001:00008734       ?GetIDsOfNames@?IITSystem@TSystem@@UAGJABU_GUID@@PAPAGIKPAJ@Z 10009734 f i TSystem.obj
 0001:00008792       ?GetTypeInfoCount@?IITSystem@TSystem@@UAGJPAI@Z 10009792 f i TSystem.obj
 0001:000087ed       ?GetTypeInfo@?IITSystem@TSystem@@UAGJIKPAPAUITypeInfo@@@Z 100097ed f i TSystem.obj
 0001:0000880e       ?UpdateRegistry@TSystem@@SGJH@Z 1000980e f i TSystem.obj
 0001:00008876       ?InterfaceSupportsErrorInfo@TSystem@@UAGJABU_GUID@@@Z 10009876 f i TSystem.obj
 0001:0000889d       ?GetForegroundTWindow@TSystem@@UAGJPAPAUITWindow@@@Z 1000989d f   TSystem.obj
 0001:000088ae       ?get_ForegroundTWindow@TSystem@@UAGJPAPAUITWindow@@@Z 100098ae f   TSystem.obj
 0001:00008937       ?EnumTopWindows@TSystem@@UAGJPAPAUITWindows@@@Z 10009937 f   TSystem.obj
 0001:00008948       ?get_TopTWindows@TSystem@@UAGJPAPAUITWindows@@@Z 10009948 f   TSystem.obj
 0001:000089c5       ?FindTopWindow@TSystem@@UAGJPAG0PAPAUITWindow@@@Z 100099c5 f   TSystem.obj
 0001:000089de       ?FindTopTWindow@TSystem@@UAGJPAG0PAPAUITWindow@@@Z 100099de f   TSystem.obj
 0001:00008aa8       ?FindTopWindowByTitle@TSystem@@UAGJPAGPAPAUITWindow@@@Z 10009aa8 f   TSystem.obj
 0001:00008abd       ?FindTopTWindowByTitle@TSystem@@UAGJPAGPAPAUITWindow@@@Z 10009abd f   TSystem.obj
 0001:00008ad4       ?FindTopWindowByClass@TSystem@@UAGJPAGPAPAUITWindow@@@Z 10009ad4 f   TSystem.obj
 0001:00008ae9       ?FindTopTWindowByClass@TSystem@@UAGJPAGPAPAUITWindow@@@Z 10009ae9 f   TSystem.obj
 0001:00008b00       ?Execute@TSystem@@UAGJPAGPAF@Z 10009b00 f   TSystem.obj
 0001:00008ba5       ?Sleep@TSystem@@UAGJN@Z    10009ba5 f   TSystem.obj
 0001:00008bc6       ?Pause@TSystem@@UAGJJ@Z    10009bc6 f   TSystem.obj
 0001:00008bd5       ?CheckResolution@TSystem@@UAGJJJPAF@Z 10009bd5 f   TSystem.obj
 0001:00008c2a       ?CheckVirtualResolution@TSystem@@UAGJJJJJPAF@Z 10009c2a f   TSystem.obj
 0001:00008c92       ?LookForChildTitleAndIdProc@@YGHPAUHWND__@@J@Z 10009c92 f   TSystem.obj
 0001:00008cf7       ?SetSpecificFocus@TSystem@@UAGJPAG00JPAF@Z 10009cf7 f   TSystem.obj
 0001:0000900e       ?GetClassInfoW@?$IProvideClassInfoImpl@$1?_GUID_70a9fc86_0989_4ebf_b2ae_b31f846a7797@@3U__s_GUID@@B$1?m_libid@CAtlModule@ATL@@2U_GUID@@A$00$0A@VCComTypeInfoHolder@ATL@@@ATL@@UAGJPAPAUITypeInfo@@@Z 1000a00e f i TSystem.obj
 0001:00009023       ?CreateInstance@?$CComCreator2@V?$CComCreator@V?$CComObject@VTSystem@@@ATL@@@ATL@@V?$CComCreator@V?$CComAggObject@VTSystem@@@ATL@@@2@@ATL@@SGJPAXABU_GUID@@PAPAX@Z 1000a023 f i TSystem.obj
 0001:00009043       ??1?$CSimpleArray@PAUHWND__@@V?$CSimpleArrayEqualHelper@PAUHWND__@@@ATL@@@ATL@@QAE@XZ 1000a043 f i TSystem.obj
 0001:00009048       ?RemoveAll@?$CSimpleArray@PAVTNotify@@V?$CSimpleArrayEqualHelper@PAVTNotify@@@ATL@@@ATL@@QAEXXZ 1000a048 f i TNotify.obj
 0001:00009048       ?RemoveAll@?$CSimpleArray@PAUHWND__@@V?$CSimpleArrayEqualHelper@PAUHWND__@@@ATL@@@ATL@@QAEXXZ 1000a048 f i TSystem.obj
 0001:00009062       ?CreateInstance@?$CComCreator@V?$CComObject@VTSystem@@@ATL@@@ATL@@SGJPAXABU_GUID@@PAPAX@Z 1000a062 f i TSystem.obj
 0001:000090f1       ?CreateInstance@?$CComCreator@V?$CComAggObject@VTSystem@@@ATL@@@ATL@@SGJPAXABU_GUID@@PAPAX@Z 1000a0f1 f i TSystem.obj
 0001:00009188       ??0?$CComObject@VTSystem@@@ATL@@QAE@PAX@Z 1000a188 f i TSystem.obj
 0001:000091ae       ??1?$CComObject@VTSystem@@@ATL@@UAE@XZ 1000a1ae f i TSystem.obj
 0001:000091d4       ?Release@?$CComObject@VTSystem@@@ATL@@UAGKXZ 1000a1d4 f i TSystem.obj
 0001:000091f2       ?QueryInterface@?$CComObject@VTSystem@@@ATL@@UAGJABU_GUID@@PAPAX@Z 1000a1f2 f i TSystem.obj
 0001:0000920d       ??0?$CComAggObject@VTSystem@@@ATL@@QAE@PAX@Z 1000a20d f i TSystem.obj
 0001:00009241       ??1?$CComAggObject@VTSystem@@@ATL@@UAE@XZ 1000a241 f i TSystem.obj
 0001:00009259       ?Release@?$CComAggObject@VTNotify@@@ATL@@UAGKXZ 1000a259 f i TNotify.obj
 0001:00009259       ?Release@?$CComAggObject@VTInput@@@ATL@@UAGKXZ 1000a259 f i TInput.obj
 0001:00009259       ?Release@?$CComAggObject@VTWindow@@@ATL@@UAGKXZ 1000a259 f i Helpers.obj
 0001:00009259       ?Release@?$CComAggObject@VTWindows@@@ATL@@UAGKXZ 1000a259 f i Helpers.obj
 0001:00009259       ?Release@?$CComAggObject@VTSystem@@@ATL@@UAGKXZ 1000a259 f i TSystem.obj
 0001:00009277       ?QueryInterface@?$CComAggObject@VTSystem@@@ATL@@UAGJABU_GUID@@PAPAX@Z 1000a277 f i TSystem.obj
 0001:000092c2       ??_E?$CComObject@VTSystem@@@ATL@@UAEPAXI@Z 1000a2c2 f i TSystem.obj
 0001:000092c2       ??_G?$CComObject@VTSystem@@@ATL@@UAEPAXI@Z 1000a2c2 f i TSystem.obj
 0001:000092de       ??_G?$CComAggObject@VTSystem@@@ATL@@UAEPAXI@Z 1000a2de f i TSystem.obj
 0001:000092de       ??_E?$CComAggObject@VTSystem@@@ATL@@UAEPAXI@Z 1000a2de f i TSystem.obj
 0001:000092fa       ?QueryInterface@?$CComObject@VTSystem@@@ATL@@W3AGJABU_GUID@@PAPAX@Z 1000a2fa f i TSystem.obj
 0001:00009304       ?AddRef@?$CComObject@VTWindows@@@ATL@@W3AGKXZ 1000a304 f i Helpers.obj
 0001:00009304       ?AddRef@?$CComObject@VTSystem@@@ATL@@W3AGKXZ 1000a304 f i TSystem.obj
 0001:00009304       ?AddRef@?$CComObject@VTWindow@@@ATL@@W3AGKXZ 1000a304 f i Helpers.obj
 0001:00009304       ?AddRef@?$CComObject@VTInput@@@ATL@@W3AGKXZ 1000a304 f i TInput.obj
 0001:0000930e       ?Release@?$CComObject@VTSystem@@@ATL@@W3AGKXZ 1000a30e f i TSystem.obj
 0001:00009318       ?QueryInterface@?$CComObject@VTSystem@@@ATL@@W7AGJABU_GUID@@PAPAX@Z 1000a318 f i TSystem.obj
 0001:00009322       ?Release@?$CComObject@VTSystem@@@ATL@@W7AGKXZ 1000a322 f i TSystem.obj
 0001:0000932c       ?QueryInterface@?$CComContainedObject@VTWindows@@@ATL@@W3AGJABU_GUID@@PAPAX@Z 1000a32c f i Helpers.obj
 0001:0000932c       ?QueryInterface@?$CComContainedObject@VTInput@@@ATL@@W3AGJABU_GUID@@PAPAX@Z 1000a32c f i TInput.obj
 0001:0000932c       ?QueryInterface@?$CComContainedObject@VTSystem@@@ATL@@W3AGJABU_GUID@@PAPAX@Z 1000a32c f i TSystem.obj
 0001:0000932c       ?QueryInterface@?$CComContainedObject@VTWindow@@@ATL@@W3AGJABU_GUID@@PAPAX@Z 1000a32c f i Helpers.obj
 0001:00009336       ?AddRef@?$CComContainedObject@VTInput@@@ATL@@W3AGKXZ 1000a336 f i TInput.obj
 0001:00009336       ?AddRef@?$CComContainedObject@VTSystem@@@ATL@@W3AGKXZ 1000a336 f i TSystem.obj
 0001:00009336       ?AddRef@?$CComContainedObject@VTWindow@@@ATL@@W3AGKXZ 1000a336 f i Helpers.obj
 0001:00009336       ?AddRef@?$CComContainedObject@VTWindows@@@ATL@@W3AGKXZ 1000a336 f i Helpers.obj
 0001:00009340       ?Release@?$CComContainedObject@VTSystem@@@ATL@@W3AGKXZ 1000a340 f i TSystem.obj
 0001:00009340       ?Release@?$CComContainedObject@VTWindow@@@ATL@@W3AGKXZ 1000a340 f i Helpers.obj
 0001:00009340       ?Release@?$CComContainedObject@VTWindows@@@ATL@@W3AGKXZ 1000a340 f i Helpers.obj
 0001:00009340       ?Release@?$CComContainedObject@VTInput@@@ATL@@W3AGKXZ 1000a340 f i TInput.obj
 0001:0000934a       ?QueryInterface@?$CComContainedObject@VTWindows@@@ATL@@W7AGJABU_GUID@@PAPAX@Z 1000a34a f i Helpers.obj
 0001:0000934a       ?QueryInterface@?$CComContainedObject@VTWindow@@@ATL@@W7AGJABU_GUID@@PAPAX@Z 1000a34a f i Helpers.obj
 0001:0000934a       ?QueryInterface@?$CComContainedObject@VTSystem@@@ATL@@W7AGJABU_GUID@@PAPAX@Z 1000a34a f i TSystem.obj
 0001:0000934a       ?QueryInterface@?$CComContainedObject@VTInput@@@ATL@@W7AGJABU_GUID@@PAPAX@Z 1000a34a f i TInput.obj
 0001:00009354       ?AddRef@?$CComContainedObject@VTInput@@@ATL@@W7AGKXZ 1000a354 f i TInput.obj
 0001:00009354       ?AddRef@?$CComContainedObject@VTSystem@@@ATL@@W7AGKXZ 1000a354 f i TSystem.obj
 0001:00009354       ?AddRef@?$CComContainedObject@VTWindow@@@ATL@@W7AGKXZ 1000a354 f i Helpers.obj
 0001:00009354       ?AddRef@?$CComContainedObject@VTWindows@@@ATL@@W7AGKXZ 1000a354 f i Helpers.obj
 0001:0000935e       ?Release@?$CComContainedObject@VTWindow@@@ATL@@W7AGKXZ 1000a35e f i Helpers.obj
 0001:0000935e       ?Release@?$CComContainedObject@VTWindows@@@ATL@@W7AGKXZ 1000a35e f i Helpers.obj
 0001:0000935e       ?Release@?$CComContainedObject@VTInput@@@ATL@@W7AGKXZ 1000a35e f i TInput.obj
 0001:0000935e       ?Release@?$CComContainedObject@VTSystem@@@ATL@@W7AGKXZ 1000a35e f i TSystem.obj
 0001:00009368       ??8CComBSTR@ATL@@QBE_NPBG@Z 1000a368 f i TSystem.obj
 0001:00009395       ??8CComBSTR@ATL@@QBE_NABV01@@Z 1000a395 f i TSystem.obj
 0001:000093b2       ?Error@TWindow@@IAEJIJ@Z   1000a3b2 f   TWindow.obj
 0001:000093d7       ?get_hWnd@TWindow@@UAGJPAJ@Z 1000a3d7 f   TWindow.obj
 0001:000093e9       ?put_hWnd@TWindow@@UAGJJ@Z 1000a3e9 f   TWindow.obj
 0001:000093f9       ?get_Caption@TWindow@@UAGJPAPAG@Z 1000a3f9 f   TWindow.obj
 0001:00009474       ?get_Title@TWindow@@UAGJPAPAG@Z 1000a474 f   TWindow.obj
 0001:00009485       ?get_ClassName@TWindow@@UAGJPAPAG@Z 1000a485 f   TWindow.obj
 0001:00009505       ?GetWindowRect@TWindow@@IAEJPAJPAUtagRECT@@@Z 1000a505 f   TWindow.obj
 0001:0000953d       ?get_Top@TWindow@@UAGJPAJ@Z 1000a53d f   TWindow.obj
 0001:00009563       ?get_Bottom@TWindow@@UAGJPAJ@Z 1000a563 f   TWindow.obj
 0001:00009589       ?get_Left@TWindow@@UAGJPAJ@Z 1000a589 f   TWindow.obj
 0001:000095af       ?get_Right@TWindow@@UAGJPAJ@Z 1000a5af f   TWindow.obj
 0001:000095d5       ?get_Valid@TWindow@@UAGJPAF@Z 1000a5d5 f   TWindow.obj
 0001:00009610       ?get_Enabled@TWindow@@UAGJPAF@Z 1000a610 f   TWindow.obj
 0001:0000964b       ?get_Parent@TWindow@@UAGJPAPAUITWindow@@@Z 1000a64b f   TWindow.obj
 0001:000096c0       ?get_ProcessId@TWindow@@UAGJPAJ@Z 1000a6c0 f   TWindow.obj
 0001:00009706       ?get_ThreadId@TWindow@@UAGJPAJ@Z 1000a706 f   TWindow.obj
 0001:00009741       ?get_Id@TWindow@@UAGJPAJ@Z 1000a741 f   TWindow.obj
 0001:0000976f       ?get_Visible@TWindow@@UAGJPAF@Z 1000a76f f   TWindow.obj
 0001:00009790       ?SetWindowSize@TWindow@@UAGJJJJJ@Z 1000a790 f   TWindow.obj
 0001:000097c9       ?SetForegroundTWindow@TWindow@@UAGJXZ 1000a7c9 f   TWindow.obj
 0001:00009854       ?SetFocusTWindow@TWindow@@UAGJXZ 1000a854 f   TWindow.obj
 0001:000098ed       ?FindChildTWindow@TWindow@@UAGJPAG0PAPAUITWindow@@@Z 1000a8ed f   TWindow.obj
 0001:000099d2       ?FindChildWindow@TWindow@@UAGJPAG0PAPAUITWindow@@@Z 1000a9d2 f   TWindow.obj
 0001:000099eb       ?FindChildTWindowByClass@TWindow@@UAGJPAGPAPAUITWindow@@@Z 1000a9eb f   TWindow.obj
 0001:000099eb       ?FindChildWindowByClass@TWindow@@UAGJPAGPAPAUITWindow@@@Z 1000a9eb f   TWindow.obj
 0001:00009a02       ?FindChildWindowByTitle@TWindow@@UAGJPAGPAPAUITWindow@@@Z 1000aa02 f   TWindow.obj
 0001:00009a02       ?FindChildTWindowByTitle@TWindow@@UAGJPAGPAPAUITWindow@@@Z 1000aa02 f   TWindow.obj
 0001:00009a19       ?ChildWindowIDEnumProc@@YGHPAUHWND__@@J@Z 1000aa19 f   TWindow.obj
 0001:00009a3f       ?FindChildTWindowWithID@TWindow@@UAGJJPAPAUITWindow@@@Z 1000aa3f f   TWindow.obj
 0001:00009adf       ?FindChildWindowWithID@TWindow@@UAGJJPAPAUITWindow@@@Z 1000aadf f   TWindow.obj
 0001:00009af7       ?EnumChildren@TWindow@@UAGJPAPAUITWindows@@@Z 1000aaf7 f   TWindow.obj
 0001:00009b0b       ?EnumChildWindowProc@@YGHPAUHWND__@@J@Z 1000ab0b f   TWindow.obj
 0001:00009b0b       ?EnumTopWindowProc@@YGHPAUHWND__@@J@Z 1000ab0b f   TSystem.obj
 0001:00009b21       ?get_Children@TWindow@@UAGJPAPAUITWindows@@@Z 1000ab21 f   TWindow.obj
 0001:00009bab       ?Copy@CComBSTR@ATL@@QBEPAGXZ 1000abab f i TWindow.obj
 0001:00009bc3       ?get_Count@TWindows@@UAGJPAJ@Z 1000abc3 f   TWindows.obj
 0001:00009be0       ?get_Item@TWindows@@UAGJJPAPAUITWindow@@@Z 1000abe0 f   TWindows.obj
 0001:00009c19       ?get__NewEnum@TWindows@@UAGJPAPAUIUnknown@@@Z 1000ac19 f   TWindows.obj
 0001:00009cd5       ?Add@TWindows@@UAGJPAUtagVARIANT@@PAPAUITWindow@@@Z 1000acd5 f   TWindows.obj
 0001:00009e14       ?Remove@TWindows@@UAGJJPAPAUITWindow@@@Z 1000ae14 f   TWindows.obj
 0001:00009e67       ?Add@?$CSimpleArray@V?$CComPtr@UITWindow@@@ATL@@V?$CSimpleArrayEqualHelper@V?$CComPtr@UITWindow@@@ATL@@@2@@ATL@@QAEHABV?$CComPtr@UITWindow@@@2@@Z 1000ae67 f i TWindows.obj
 0001:00009eae       ?RemoveAt@?$CSimpleArray@V?$CComPtr@UITWindow@@@ATL@@V?$CSimpleArrayEqualHelper@V?$CComPtr@UITWindow@@@ATL@@@2@@ATL@@QAEHH@Z 1000aeae f i TWindows.obj
 0001:00009efa       ?CopyTo@?$CComPtrBase@UITWindow@@@ATL@@QAEJPAPAUITWindow@@@Z 1000aefa f i TWindows.obj
 0001:00009f17       ??0?$CComObject@V?$CComEnum@UIEnumVARIANT@@$1?IID_IEnumVARIANT@@3U_GUID@@BUtagVARIANT@@V?$_Copy@UtagVARIANT@@@ATL@@VCComSingleThreadModel@6@@ATL@@@ATL@@QAE@PAX@Z 1000af17 f i TWindows.obj
 0001:00009f32       ??1?$CComObject@V?$CComEnum@UIEnumVARIANT@@$1?IID_IEnumVARIANT@@3U_GUID@@BUtagVARIANT@@V?$_Copy@UtagVARIANT@@@ATL@@VCComSingleThreadModel@6@@ATL@@@ATL@@UAE@XZ 1000af32 f i TWindows.obj
 0001:00009f55       ?QueryInterface@?$CComObject@V?$CComEnum@UIEnumVARIANT@@$1?IID_IEnumVARIANT@@3U_GUID@@BUtagVARIANT@@V?$_Copy@UtagVARIANT@@@ATL@@VCComSingleThreadModel@6@@ATL@@@ATL@@UAGJABU_GUID@@PAPAX@Z 1000af55 f i TWindows.obj
 0001:00009f70       ??_G?$CComObject@V?$CComEnum@UIEnumVARIANT@@$1?IID_IEnumVARIANT@@3U_GUID@@BUtagVARIANT@@V?$_Copy@UtagVARIANT@@@ATL@@VCComSingleThreadModel@6@@ATL@@@ATL@@UAEPAXI@Z 1000af70 f i TWindows.obj
 0001:00009f70       ??_E?$CComObject@V?$CComEnum@UIEnumVARIANT@@$1?IID_IEnumVARIANT@@3U_GUID@@BUtagVARIANT@@V?$_Copy@UtagVARIANT@@@ATL@@VCComSingleThreadModel@6@@ATL@@@ATL@@UAEPAXI@Z 1000af70 f i TWindows.obj
 0001:00009f8c       ??1?$CComEnum@UIEnumVARIANT@@$1?IID_IEnumVARIANT@@3U_GUID@@BUtagVARIANT@@V?$_Copy@UtagVARIANT@@@ATL@@VCComSingleThreadModel@6@@ATL@@UAE@XZ 1000af8c f i TWindows.obj
 0001:00009f91       ?InternalSetAtIndex@?$CSimpleArray@V?$CComPtr@UITWindow@@@ATL@@V?$CSimpleArrayEqualHelper@V?$CComPtr@UITWindow@@@ATL@@@2@@ATL@@QAEXHABV?$CComPtr@UITWindow@@@2@@Z 1000af91 f i TWindows.obj
 0001:00009fca       ??1?$CComEnumImpl@UIEnumVARIANT@@$1?IID_IEnumVARIANT@@3U_GUID@@BUtagVARIANT@@V?$_Copy@UtagVARIANT@@@ATL@@@ATL@@UAE@XZ 1000afca f i TWindows.obj
 0001:0000a022       ?Next@?$CComEnumImpl@UIEnumVARIANT@@$1?IID_IEnumVARIANT@@3U_GUID@@BUtagVARIANT@@V?$_Copy@UtagVARIANT@@@ATL@@@ATL@@UAGJKPAUtagVARIANT@@PAK@Z 1000b022 f i TWindows.obj
 0001:0000a0ed       ?Skip@?$CComEnumImpl@UIEnumVARIANT@@$1?IID_IEnumVARIANT@@3U_GUID@@BUtagVARIANT@@V?$_Copy@UtagVARIANT@@@ATL@@@ATL@@UAGJK@Z 1000b0ed f i TWindows.obj
 0001:0000a12b       ?Clone@?$CComEnumImpl@UIEnumVARIANT@@$1?IID_IEnumVARIANT@@3U_GUID@@BUtagVARIANT@@V?$_Copy@UtagVARIANT@@@ATL@@@ATL@@UAGJPAPAUIEnumVARIANT@@@Z 1000b12b f i TWindows.obj
 0001:0000a1f7       ?Init@?$CComEnumImpl@UIEnumVARIANT@@$1?IID_IEnumVARIANT@@3U_GUID@@BUtagVARIANT@@V?$_Copy@UtagVARIANT@@@ATL@@@ATL@@QAEJPAUtagVARIANT@@0PAUIUnknown@@W4CComEnumFlags@2@@Z 1000b1f7 f i TWindows.obj
 0001:0000a2f4       ??$?3V?$CComPtr@UITWindow@@@ATL@@@Wrapper@?$CSimpleArray@V?$CComPtr@UITWindow@@@ATL@@V?$CSimpleArrayEqualHelper@V?$CComPtr@UITWindow@@@ATL@@@2@@ATL@@SAXPAXPAV?$CComPtr@UITWindow@@@2@@Z 1000b2f4 f i TWindows.obj
 0001:0000a2f5       ?CreateInstance@?$CComObject@V?$CComEnum@UIEnumVARIANT@@$1?IID_IEnumVARIANT@@3U_GUID@@BUtagVARIANT@@V?$_Copy@UtagVARIANT@@@ATL@@VCComSingleThreadModel@6@@ATL@@@ATL@@SGJPAPAV12@@Z 1000b2f5 f i TWindows.obj
 0001:0000a36a       _BlockInput@4              1000b36a f   user32:USER32.dll
 0001:0000a370       _VarBstrCmp@16             1000b370 f   oleaut32:OLEAUT32.dll
 0001:0000a376       ?RemoveAll@?$CSimpleArray@PAUHINSTANCE__@@V?$CSimpleArrayEqualHelper@PAUHINSTANCE__@@@ATL@@@ATL@@QAEXXZ 1000b376 f i atls:atlbase.obj
 0001:0000a393       ??0_ATL_BASE_MODULE70@ATL@@QAE@XZ 1000b393 f i atls:atlbase.obj
 0001:0000a3ad       ??1CAtlBaseModule@ATL@@QAE@XZ 1000b3ad f   atls:atlbase.obj
 0001:0000a3c3       ??0CAtlBaseModule@ATL@@QAE@XZ 1000b3c3 f   atls:atlbase.obj
 0001:0000a46e       ?Term@CAtlComModule@ATL@@QAEXXZ 1000b46e f i atls:atlcommodule.obj
 0001:0000a4b0       ??0CAtlComModule@ATL@@QAE@XZ 1000b4b0 f i atls:atlcommodule.obj
 0001:0000a4f0       ??2@YAPAXI@Z               1000b4f0 f   MSVCRT:MSVCR71.dll
 0001:0000a4f6       __onexit                   1000b4f6 f   MSVCRT:atonexit.obj
 0001:0000a51c       _atexit                    1000b51c f   MSVCRT:atonexit.obj
 0001:0000a52e       _memcmp                    1000b52e f   MSVCRT:MSVCR71.dll
 0001:0000a534       ??_L@YGXPAXIHP6EX0@Z1@Z    1000b534 f   MSVCRT:ehvecctr.obj
 0001:0000a596       ?__ArrayUnwind@@YGXPAXIHP6EX0@Z@Z 1000b596 f   MSVCRT:ehvecdtr.obj
 0001:0000a5f4       ??_M@YGXPAXIHP6EX0@Z@Z     1000b5f4 f   MSVCRT:ehvecdtr.obj
 0001:0000a654       ??3@YAXPAX@Z               1000b654 f   MSVCRT:MSVCR71.dll
 0001:0000a65a       _free                      1000b65a f   MSVCRT:MSVCR71.dll
 0001:0000a660       ??_Etype_info@@UAEPAXI@Z   1000b660 f i MSVCRT:ti_inst.obj
 0001:0000a6ac       _memset                    1000b6ac f   MSVCRT:MSVCR71.dll
 0001:0000a6b2       ??_U@YAPAXI@Z              1000b6b2 f   MSVCRT:MSVCR71.dll
 0001:0000a6b8       ??_V@YAXPAX@Z              1000b6b8 f   MSVCRT:MSVCR71.dll
 0001:0000a6be       __purecall                 1000b6be f   MSVCRT:MSVCR71.dll
 0001:0000a6c4       _memcpy                    1000b6c4 f   MSVCRT:MSVCR71.dll
 0001:0000a6ca       __CRT_INIT@12              1000b6ca f   MSVCRT:crtdll.obj
 0001:0000a788       __DllMainCRTStartup@12     1000b788 f   MSVCRT:crtdll.obj
 0001:0000a89d       @__security_check_cookie@4 1000b89d f   MSVCRT:secchk.obj
 0001:0000a8ac       __SEH_prolog               1000b8ac f   MSVCRT:sehprolg.obj
 0001:0000a8e7       __SEH_epilog               1000b8e7 f   MSVCRT:sehprolg.obj
 0001:0000a8f8       __except_handler3          1000b8f8 f   MSVCRT:MSVCR71.dll
 0001:0000a8fe       ___dllonexit               1000b8fe f   MSVCRT:MSVCR71.dll
 0001:0000a904       ?terminate@@YAXXZ          1000b904 f   MSVCRT:MSVCR71.dll
 0001:0000a90a       ??1type_info@@UAE@XZ       1000b90a f   MSVCRT:MSVCR71.dll
 0001:0000a910       __initterm                 1000b910 f   MSVCRT:MSVCR71.dll
 0001:0000a916       __RTC_Initialize           1000b916 f   MSVCRT:initsect.obj
 0001:0000a95a       __RTC_Terminate            1000b95a f   MSVCRT:initsect.obj
 0001:0000a99e       ___CppXcptFilter           1000b99e f   MSVCRT:MSVCR71.dll
 0001:0000a9a4       ___security_init_cookie    1000b9a4 f   MSVCRT:seccinit.obj
 0001:0000aa0a       ___security_error_handler  1000ba0a f   MSVCRT:MSVCR71.dll
 0001:0000aa10       ?_com_handle_excepinfo@@YGJAAUtagEXCEPINFO@@PAPAUIErrorInfo@@@Z 1000ba10 f   comsupp:invkerr.obj
 0001:0000ab08       __ftol2                    1000bb08 f   MSVCRT:ftol2.obj
 0001:0000ab80       __chkstk                   1000bb80 f   MSVCRT:chkstk.obj
 0001:0000ab80       __alloca_probe             1000bb80     MSVCRT:chkstk.obj
 0001:0000abbe       ___CxxFrameHandler         1000bbbe f   MSVCRT:MSVCR71.dll
 0001:0000abd0       __EH_prolog                1000bbd0 f   MSVCRT:ehprolog.obj
 0001:0000abf0       __CxxThrowException@8      1000bbf0 f   MSVCRT:MSVCR71.dll
 0002:00000000       __imp__RegCreateKeyExW@36  1000d000     advapi32:ADVAPI32.dll
 0002:00000004       __imp__RegQueryInfoKeyW@48 1000d004     advapi32:ADVAPI32.dll
 0002:00000008       __imp__RegDeleteValueW@8   1000d008     advapi32:ADVAPI32.dll
 0002:0000000c       __imp__RegOpenKeyExW@20    1000d00c     advapi32:ADVAPI32.dll
 0002:00000010       __imp__RegCloseKey@4       1000d010     advapi32:ADVAPI32.dll
 0002:00000014       __imp__RegEnumKeyExW@32    1000d014     advapi32:ADVAPI32.dll
 0002:00000018       __imp__RegDeleteKeyW@8     1000d018     advapi32:ADVAPI32.dll
 0002:0000001c       __imp__RegSetValueExW@24   1000d01c     advapi32:ADVAPI32.dll
 0002:00000020       \177ADVAPI32_NULL_THUNK_DATA 1000d020     advapi32:ADVAPI32.dll
 0002:00000024       __imp__GetModuleFileNameW@12 1000d024     kernel32:KERNEL32.dll
 0002:00000028       __imp__InterlockedExchange@8 1000d028     kernel32:KERNEL32.dll
 0002:0000002c       __imp__GetACP@0            1000d02c     kernel32:KERNEL32.dll
 0002:00000030       __imp__GetLocaleInfoA@16   1000d030     kernel32:KERNEL32.dll
 0002:00000034       __imp__GetThreadLocale@0   1000d034     kernel32:KERNEL32.dll
 0002:00000038       __imp__GetVersionExW@4     1000d038     kernel32:KERNEL32.dll
 0002:0000003c       __imp__lstrlenW@4          1000d03c     kernel32:KERNEL32.dll
 0002:00000040       __imp__lstrcpyW@8          1000d040     kernel32:KERNEL32.dll
 0002:00000044       __imp__RaiseException@16   1000d044     kernel32:KERNEL32.dll
 0002:00000048       __imp__InitializeCriticalSection@4 1000d048     kernel32:KERNEL32.dll
 0002:0000004c       __imp__DeleteCriticalSection@4 1000d04c     kernel32:KERNEL32.dll
 0002:00000050       __imp__EnterCriticalSection@4 1000d050     kernel32:KERNEL32.dll
 0002:00000054       __imp__LeaveCriticalSection@4 1000d054     kernel32:KERNEL32.dll
 0002:00000058       __imp__InterlockedIncrement@4 1000d058     kernel32:KERNEL32.dll
 0002:0000005c       __imp__InterlockedDecrement@4 1000d05c     kernel32:KERNEL32.dll
 0002:00000060       __imp__GetTickCount@0      1000d060     kernel32:KERNEL32.dll
 0002:00000064       __imp__IsBadWritePtr@8     1000d064     kernel32:KERNEL32.dll
 0002:00000068       __imp__SetLastError@4      1000d068     kernel32:KERNEL32.dll
 0002:0000006c       __imp__Sleep@4             1000d06c     kernel32:KERNEL32.dll
 0002:00000070       __imp__FreeLibrary@4       1000d070     kernel32:KERNEL32.dll
 0002:00000074       __imp__MultiByteToWideChar@24 1000d074     kernel32:KERNEL32.dll
 0002:00000078       __imp__SizeofResource@8    1000d078     kernel32:KERNEL32.dll
 0002:0000007c       __imp__LoadResource@8      1000d07c     kernel32:KERNEL32.dll
 0002:00000080       __imp__FindResourceW@12    1000d080     kernel32:KERNEL32.dll
 0002:00000084       __imp__LoadLibraryExW@12   1000d084     kernel32:KERNEL32.dll
 0002:00000088       __imp__lstrcatW@8          1000d088     kernel32:KERNEL32.dll
 0002:0000008c       __imp__CreateProcessW@40   1000d08c     kernel32:KERNEL32.dll
 0002:00000090       __imp__CloseHandle@4       1000d090     kernel32:KERNEL32.dll
 0002:00000094       __imp__GetCurrentThreadId@0 1000d094     kernel32:KERNEL32.dll
 0002:00000098       __imp__ExitProcess@4       1000d098     kernel32:KERNEL32.dll
 0002:0000009c       __imp__GetVersionExA@4     1000d09c     kernel32:KERNEL32.dll
 0002:000000a0       __imp__lstrcpynW@12        1000d0a0     kernel32:KERNEL32.dll
 0002:000000a4       __imp__GetCurrentProcessId@0 1000d0a4     kernel32:KERNEL32.dll
 0002:000000a8       __imp__QueryPerformanceCounter@4 1000d0a8     kernel32:KERNEL32.dll
 0002:000000ac       __imp__GetSystemTimeAsFileTime@4 1000d0ac     kernel32:KERNEL32.dll
 0002:000000b0       __imp__GetModuleHandleW@4  1000d0b0     kernel32:KERNEL32.dll
[...]

Line numbers for .\Release\Helpers.obj(g:\vsnet\vc7\platformsdk\include\guiddef.h) segment .text

   161 0001:00001843   160 0001:00001843   162 0001:0000185a   156 0001:000018b7
   151 0001:000018b7   157 0001:000018d8   156 0001:000018d9   157 0001:000018db

Line numbers for .\Release\Helpers.obj(g:\vsnet\vc7\atlmfc\include\atlplus.h) segment .text

   103 0001:000017f5   104 0001:000017f6   105 0001:000017fe   106 0001:00001805
   107 0001:00001808   112 0001:00001830   109 0001:00001837   110 0001:0000183d
   113 0001:00001840   116 0001:0000185b   230 0001:00001861   233 0001:00001862
   235 0001:0000186e   236 0001:00001879   238 0001:0000188c   240 0001:00001895
   241 0001:00001898   244 0001:00001971   246 0001:00001974   249 0001:00001980
   251 0001:00001985   254 0001:00001995   258 0001:0000199c   247 0001:000019c8
   259 0001:000019cd   403 0001:000019d1   404 0001:000019ec   411 0001:000019fd
   726 0001:00001a3a   412 0001:00001a3d   414 0001:00001a46   417 0001:00001a52
   420 0001:00001a6e   422 0001:00001a7f   423 0001:00001a99   424 0001:00001aa1
   428 0001:00001aa7   430 0001:00001aac   432 0001:00001ab2   433 0001:00001ac7
   434 0001:00001acb   439 0001:00001ad7   443 0001:00001add   444 0001:00001b14
   445 0001:00001b1e   448 0001:00001b34   449 0001:00001b39   450 0001:00001b5d
   451 0001:00001b66   452 0001:00001b78   453 0001:00001b7f   454 0001:00001b90
   469 0001:00001b95   470 0001:00001bb9   471 0001:00001bc1   472 0001:00001bc7
   473 0001:00001bde   475 0001:00001bf4   479 0001:00001bfd   480 0001:00001c1d
   481 0001:00001c2b   484 0001:00001c30   486 0001:00001c37   494 0001:00001c3c
   499 0001:00001c68   502 0001:00001c72   504 0001:00001c82   505 0001:00001c8b
   510 0001:00001c92   511 0001:00001ce5   512 0001:00001cf3   515 0001:00001d16
   516 0001:00001d1a   517 0001:00001d20   518 0001:00001d22   520 0001:00001d25
   522 0001:00001d63   523 0001:00001d67   524 0001:00001d9f   525 0001:00001da8
   527 0001:00001dae   530 0001:00001dbf   534 0001:00001dc4   537 0001:00001dce
   539 0001:00001ddf   540 0001:00001de8   542 0001:00001def   545 0001:00001e13
   546 0001:00001e40   547 0001:00001e4e   551 0001:00001e71   552 0001:00001e81
   553 0001:00001e8e   554 0001:00001e95   555 0001:00001ebc   558 0001:00001eca
   562 0001:00001ed2   563 0001:00001ed9   565 0001:00001ee8   566 0001:00001eed
   568 0001:00001ef7   570 0001:00001ef9   579 0001:00001efc   580 0001:00001efe
   560 0001:00001f00   584 0001:00001f06   587 0001:00001f0a   588 0001:00001f0e
   592 0001:00001f1a   594 0001:00001f2f   595 0001:00001f33   590 0001:00001f69
   592 0001:00001f72   596 0001:00001f84   597 0001:00001f8d   603 0001:00001f94
   604 0001:00001fc7   605 0001:00001fcf   606 0001:00001ff0   601 0001:00001ff5
   611 0001:0000202c   614 0001:00002037   616 0001:00002046   617 0001:0000204f
   619 0001:00002056   623 0001:0000207a   624 0001:000020a7   626 0001:000020b2
   627 0001:000020cf   628 0001:000020d5   629 0001:000020f7   632 0001:00002101
   636 0001:00002122   637 0001:0000212e   640 0001:00002151   641 0001:00002155
   642 0001:0000215b   643 0001:0000215d   645 0001:00002166   647 0001:00002189
   648 0001:0000218d   649 0001:000021af   650 0001:000021b8   652 0001:000021bf
   655 0001:000021d0   659 0001:000021d5   662 0001:000021e0   664 0001:000021ee
   665 0001:000021f7   667 0001:000021fe   668 0001:00002222   669 0001:00002228
   671 0001:0000222e   673 0001:00002234   674 0001:00002261   676 0001:00002270
   677 0001:0000228d   679 0001:00002296   681 0001:000022a2   682 0001:000022ae
   685 0001:000022b8   687 0001:00002306   688 0001:00002311   689 0001:0000233c
   691 0001:00002348   694 0001:00002391   695 0001:000023a7   696 0001:000023af
   699 0001:000023ea   700 0001:000023f8   703 0001:0000241b   704 0001:0000241f
   705 0001:00002425   706 0001:00002427   708 0001:0000242a   710 0001:00002451
   711 0001:00002455   712 0001:000024a3   713 0001:000024ac   715 0001:000024b2
   716 0001:000024e5   726 0001:000024eb   727 0001:000024f0   729 0001:000024f3
   730 0001:0000250e   385 0001:0000259d   388 0001:000025a5   389 0001:000025c7
   390 0001:000025cb   393 0001:000025d8   395 0001:000025fa   396 0001:00002617
   397 0001:0000261b   399 0001:0000262c   400 0001:00002639   363 0001:00002686
   365 0001:0000268c   366 0001:00002698   367 0001:0000269d   368 0001:000026b1
   369 0001:000026b3   372 0001:000026b5   373 0001:000026bc   374 0001:000026cf
   378 0001:000026dd   381 0001:000026e4   382 0001:000026ef   299 0001:00002888
   300 0001:00002896   301 0001:0000289d   304 0001:000028a4   305 0001:000028ac
   306 0001:000028b2   308 0001:000028b7   310 0001:000028bf   311 0001:000028c7
   312 0001:000028c9   313 0001:000028cc   315 0001:000028ce   317 0001:000028d2
   318 0001:000028dd   319 0001:000028e3   342 0001:000028e4   343 0001:000028ec
   345 0001:000028fd   347 0001:00002906   348 0001:0000290a   322 0001:00002917
   323 0001:00002922   328 0001:00002928   329 0001:0000292c   332 0001:00002931
   333 0001:0000293e   334 0001:0000294d   336 0001:00002951   337 0001:00002959
   338 0001:0000296c   341 0001:0000296e   335 0001:00002973    89 0001:0000297a
    90 0001:0000297d    91 0001:00002987    92 0001:0000298c    93 0001:00002990
    94 0001:0000299a    70 0001:0000299d    71 0001:0000299e    73 0001:000029a5
    76 0001:000029c0    77 0001:000029c4    74 0001:000029c7   199 0001:00002a01
   201 0001:00002a07   207 0001:00002a1d   209 0001:00002a2e   211 0001:00002a3f
   212 0001:00002a4d   213 0001:00002a52   214 0001:00002a57   216 0001:00002a65
   217 0001:00002a6e   219 0001:00002a8e   220 0001:00002a90   221 0001:00002a93
   224 0001:00002a96   226 0001:00002a9f   202 0001:00002aae   227 0001:00002ab4
   141 0001:00002b55   142 0001:00002b70   145 0001:00002b76   146 0001:00002b7c
   147 0001:00002b90   148 0001:00002b94   149 0001:00002b9e   150 0001:00002ba2
   153 0001:00002bac   168 0001:00002bbc   160 0001:00002bc4   161 0001:00002be1
   162 0001:00002bee   163 0001:00002bf0   164 0001:00002c03   171 0001:00002c15
   172 0001:00002c17   174 0001:00002c1d   175 0001:00002c2f   176 0001:00002c31
   180 0001:00002c33   181 0001:00002c42   182 0001:00002c44   183 0001:00002c46
   184 0001:00002c54   185 0001:00002c5f   186 0001:00002c63   188 0001:00002c67
   189 0001:00002c86   190 0001:00002c8f   191 0001:00002c91   193 0001:00002c9f
   194 0001:00002ca3   196 0001:00002caf   135 0001:00002cd9   136 0001:00002cdc
   137 0001:00002ce8

Line numbers for .\Release\Helpers.obj(g:\vsnet\vc7\atlmfc\include\atlbase.h) segment .text

   736 0001:00000e42   727 0001:00000e42   738 0001:00000e62   736 0001:00000e63
   738 0001:00000e65   303 0001:000011a3   304 0001:000011a6   306 0001:000011ac
   308 0001:000011b9  2678 0001:000011e6  2677 0001:000011e6  2679 0001:000011ff
  4900 0001:00002557  4902 0001:0000255b  4903 0001:00002562  4904 0001:00002577
  4906 0001:0000257b  4908 0001:00002580  4911 0001:00002586  4842 0001:0000258a
  4844 0001:0000258a  4846 0001:00002592  4847 0001:00002599  4850 0001:0000259c
  4883 0001:0000263d  4886 0001:00002642  4888 0001:00002648  4889 0001:0000266a
  4890 0001:0000266e  4891 0001:00002673  4893 0001:00002677  4894 0001:0000267c
  4897 0001:00002682  5246 0001:000026f3  5248 0001:00002709  5249 0001:0000272d
  5255 0001:00002731  5261 0001:00002743  5263 0001:0000274b  5264 0001:00002757
  5261 0001:0000275e  5266 0001:00002771  5268 0001:0000277e  5269 0001:00002791
  5270 0001:000027ad  5265 0001:000027c5  5179 0001:000027d8  5184 0001:000027db
  5185 0001:000027ff  5188 0001:00002810  5200 0001:00002811  5203 0001:00002818
  5204 0001:00002820  5205 0001:00002825  5206 0001:00002827  5209 0001:0000282c
  5210 0001:00002847  5169 0001:0000284a  5167 0001:0000284a  5170 0001:00002865
  4803 0001:000029ed   810 0001:00002ab8   812 0001:00002ac3   813 0001:00002ade
   819 0001:00002ae4   812 0001:00002af8

Line numbers for .\Release\Helpers.obj(g:\vsnet\vc7\atlmfc\include\atlsimpcoll.h) segment .text

   194 0001:000006cf   196 0001:000006cf   200 0001:000006d8   201 0001:000006dd
   173 0001:0000070c   174 0001:0000070d   176 0001:00000714   177 0001:0000071d
   178 0001:0000072d   179 0001:00000736   181 0001:00000739   182 0001:0000073c
   183 0001:00000740   140 0001:00001565   139 0001:00001565   143 0001:00001570
   144 0001:0000157c   145 0001:00001588   147 0001:0000158e   148 0001:00001591
   150 0001:00001593   151 0001:000015a1   152 0001:000015a4   153 0001:000015a8
   247 0001:000015ab   246 0001:000015ab   248 0001:000015be   100 0001:000015c1
   101 0001:000015c1   173 0001:000015c6   174 0001:000015c9   178 0001:000015cf
   179 0001:000015d6   181 0001:000015da   182 0001:000015de   183 0001:000015e3
   332 0001:000017cc   333 0001:000017cc   340 0001:000017d9   341 0001:000017dc
   343 0001:000017e0   345 0001:000017e7   346 0001:000017ea   349 0001:000017ef
   350 0001:000017f4   387 0001:000029cb   385 0001:000029cb   390 0001:000029d4
   391 0001:000029da   286 0001:00002afe   288 0001:00002afe   289 0001:00002b14
   290 0001:00002b18   291 0001:00002b1a   293 0001:00002b1c   294 0001:00002b2c
   295 0001:00002b32   297 0001:00002b36   298 0001:00002b4b   299 0001:00002b4e
   300 0001:00002b52

Line numbers for .\Release\Helpers.obj(g:\vsnet\vc7\atlmfc\include\atlcomcli.h) segment .text

    58 0001:000011ba    59 0001:000011ba    60 0001:000011be    62 0001:000011c3
    63 0001:000011c5    64 0001:000011c8    65 0001:000011cc    66 0001:000011d6
    67 0001:000011da    68 0001:000011e0    69 0001:000011e3   629 0001:00001312
   628 0001:00001312   630 0001:0000131a    32 0001:000029f2    33 0001:000029f2
    34 0001:00002a00    27 0001:00002cc4    26 0001:00002cc4    28 0001:00002cca
    29 0001:00002cd8

Line numbers for .\Release\Helpers.obj(g:\vsnet\vc7\atlmfc\include\atlcom.h) segment .text

  4392 0001:000004c4  4391 0001:000004c4  4393 0001:000004cc  4394 0001:000004d3
  4395 0001:000004d9  4396 0001:000004db  4398 0001:000004de  4399 0001:000004df
  4400 0001:000004f2  4403 0001:000004f5  4404 0001:000004f5  4405 0001:0000050f
  4409 0001:00000512  4411 0001:00000516  4412 0001:00000539  4462 0001:0000053d
  4463 0001:0000053e  4464 0001:0000054f  1751 0001:00000552  1753 0001:0000055f
  1754 0001:0000056e  1759 0001:00000575  1760 0001:000005ae  1769 0001:000005b2
  1770 0001:000005c3  1771 0001:000005ca  1773 0001:000005d3  1774 0001:000005d6
  1827 0001:000005e7  1832 0001:000005ea  1833 0001:000005fd  1832 0001:00000602
  4462 0001:00000607  4463 0001:00000608  4464 0001:00000619  1827 0001:0000061c
  1832 0001:0000061f  1833 0001:00000632  1832 0001:00000637  2489 0001:0000063c
  2491 0001:00000657  2492 0001:00000662  2496 0001:00000665  2497 0001:0000067c
  2502 0001:00000683  2503 0001:0000068e  2508 0001:00000696  2509 0001:00000696
  2510 0001:000006a1  2511 0001:000006a3  2512 0001:000006ae  2513 0001:000006b1
  2516 0001:000006b4  2564 0001:00000741  2568 0001:00000779  2574 0001:0000077d
  2578 0001:000007a5  2579 0001:000007a7  2580 0001:000007b6  2581 0001:000007c0
  2582 0001:000007c7  2583 0001:000007d2  2584 0001:000007db  2585 0001:000007de
  2587 0001:000007e1  2588 0001:000007e4  2589 0001:000007f2  2590 0001:000007fc
  2591 0001:000007fe  2592 0001:00000805  2593 0001:00000809  2594 0001:00000812
  2595 0001:00000819  2596 0001:00000825  2597 0001:00000829  2600 0001:0000082c
  1751 0001:00000847  1753 0001:00000859  1754 0001:00000863  1759 0001:0000086a
  1760 0001:0000089d  1769 0001:000008a1  1770 0001:000008b2  1771 0001:000008b9
  1773 0001:000008c5  1774 0001:000008c8  1751 0001:000008d9  1753 0001:000008ec
  1754 0001:000008f5  1759 0001:000008fc  1760 0001:0000093d  1769 0001:00000941
  1770 0001:0000094c  1771 0001:00000953  1773 0001:0000095c  1774 0001:0000095f
  1751 0001:00000970  1753 0001:00000982  1754 0001:0000098c  1759 0001:00000993
  1760 0001:000009c6  1769 0001:000009ca  1770 0001:000009db  1771 0001:000009e2
  1773 0001:000009eb  1774 0001:000009ee  1751 0001:000009ff  1753 0001:00000a11
  1754 0001:00000a1b  1759 0001:00000a22  1760 0001:00000a5e  1769 0001:00000a62
  1770 0001:00000a6d  1771 0001:00000a74  1773 0001:00000a7d  1774 0001:00000a80
  2489 0001:00000ae5  2491 0001:00000b01  2492 0001:00000b0c  2496 0001:00000b0f
  2497 0001:00000b23  2502 0001:00000b2a  2509 0001:00000b35  2508 0001:00000b35
  2510 0001:00000b40  2511 0001:00000b42  2512 0001:00000b50  2513 0001:00000b53
  2516 0001:00000b56  2848 0001:00000b71  2849 0001:00000b83  2850 0001:00000b8e
  2866 0001:00000b91  2867 0001:00000b97  2872 0001:00000b9e  2884 0001:00000ba9
  2886 0001:00000bad  2887 0001:00000bb7  2891 0001:00000bbe  2893 0001:00000bca
  2894 0001:00000bd1  2899 0001:00000bd7  2900 0001:00000bd9  2901 0001:00000bec
  2902 0001:00000bf0  2848 0001:00000bf4  2849 0001:00000c1b  2850 0001:00000c26
  2866 0001:00000c37  2867 0001:00000c52  2872 0001:00000c59  2873 0001:00000c64
  2884 0001:00000c79  2886 0001:00000c7d  2887 0001:00000c87  2891 0001:00000c8e
  2893 0001:00000c9a  2894 0001:00000ca1  2899 0001:00000ca7  2900 0001:00000ca9
  2901 0001:00000cbc  2902 0001:00000cc0  2814 0001:00000cc4  2817 0001:00000cd4
  2816 0001:00000cd4  2818 0001:00000ce8  2804 0001:00000d4c  2804 0001:00000d6c
  3187 0001:00000de8  3186 0001:00000de8  3188 0001:00000ded  3189 0001:00000dfa
  3190 0001:00000dfc  3191 0001:00000dff  3192 0001:00000e01  3166 0001:00000e04
  3169 0001:00000e08  3171 0001:00000e14  3174 0001:00000e17  3177 0001:00000e29
  3179 0001:00000e2e  3180 0001:00000e30  3183 0001:00000e3e  3161 0001:00000f19
  3162 0001:00000f1f  3584 0001:00000f2a  3585 0001:00000f2d  3586 0001:00000f37
  3587 0001:00000f3d  3589 0001:00000f5b  3520 0001:00000f5f  3521 0001:00000f62
  3522 0001:00000f64  3523 0001:00000f6e  3525 0001:00000f78  3632 0001:00000f7b
  3637 0001:00000f91  3638 0001:00000fa0  3640 0001:00000fa7  3641 0001:00000fb6
  3649 0001:00000fc0  3652 0001:00000fda  3655 0001:00001003  3656 0001:0000101c
  3658 0001:0000102c  3664 0001:00001032  3665 0001:00001049  3667 0001:00001057
  3669 0001:00001059  3720 0001:0000107e  3722 0001:0000108a  3723 0001:00001090
  3724 0001:000010a9  3726 0001:000010b7  3727 0001:000010d0  3728 0001:000010d6
  3729 0001:000010ef  3731 0001:00001102  3733 0001:00001105  3735 0001:0000111b
  3736 0001:00001140  3737 0001:0000114c  3739 0001:0000115f  3742 0001:00001161
  3745 0001:00001167  3746 0001:00001174  3748 0001:0000117b  3749 0001:0000118c
  3530 0001:00001290  3532 0001:00001291  3536 0001:00001299  3537 0001:000012a0
  3538 0001:000012a6  3539 0001:000012ab  3540 0001:000012b9  3541 0001:000012bf
  3591 0001:0000131b  3593 0001:00001329  3594 0001:0000133e  3597 0001:00001348
  3599 0001:0000134f  3601 0001:0000135e  3602 0001:000013b4  3604 0001:000013ba
  3605 0001:000013c3  3608 0001:000013cf  3611 0001:000013de  3613 0001:000013ef
  3614 0001:000013f4  3616 0001:00001411  3617 0001:00001427  3618 0001:0000142f
  3620 0001:0000143d  3621 0001:00001446  3623 0001:00001465  3624 0001:00001468
  3626 0001:00001474  3627 0001:00001476  3477 0001:00001487  3549 0001:00001495
  3550 0001:00001499  3551 0001:000014a3  3557 0001:000014a9  3559 0001:000014b7
  3560 0001:000014c2  3563 0001:000014d1  3560 0001:000014f9  3575 0001:00001501
  3579 0001:00001516  3565 0001:0000151a  3566 0001:00001529  3573 0001:0000152b
  3502 0001:0000152d  3504 0001:0000152d  3505 0001:00001534  3507 0001:0000153b
  3508 0001:0000153d  3509 0001:00001542  3510 0001:0000154b  3511 0001:00001550
  3513 0001:00001556  3514 0001:0000155f  3517 0001:00001562  2155 0001:00002cf2

Line numbers for G:\VSNET\Vc7\atlmfc\lib\atls.lib(f:\vs70builds\3036\vc\mfcatl\ship\atlmfc\src\atl\atls\atlbase.cpp) segment .text

    67 0001:0000a3ad    68 0001:0000a3b0    69 0001:0000a3ba    29 0001:0000a3c3
    32 0001:0000a3de    36 0001:0000a3e3    38 0001:0000a406    39 0001:0000a417
    41 0001:0000a41d    46 0001:0000a423    49 0001:0000a42b    51 0001:0000a439
    58 0001:0000a43d    62 0001:0000a457    64 0001:0000a45e   126 0001:0000b077

Line numbers for G:\VSNET\Vc7\atlmfc\lib\atls.lib(f:\vs70builds\3036\vc\mfcatl\ship\atlmfc\include\atlsimpcoll.h) segment .text

   173 0001:0000a376   174 0001:0000a379   178 0001:0000a37f   179 0001:0000a385
   181 0001:0000a389   182 0001:0000a38d   183 0001:0000a392

Line numbers for G:\VSNET\Vc7\atlmfc\lib\atls.lib(f:\vs70builds\3036\vc\mfcatl\ship\atlmfc\src\atl\atls\atlcommodule.cpp) segment .text

    20 0001:0000b08d

Line numbers for G:\VSNET\Vc7\atlmfc\lib\atls.lib(f:\vs70builds\3036\vc\mfcatl\ship\atlmfc\include\atlbase.h) segment .text

  2272 0001:0000a46e  2273 0001:0000a471  2276 0001:0000a477  2278 0001:0000a480
  2281 0001:0000a486  2282 0001:0000a48d  2283 0001:0000a493  2276 0001:0000a497
  2286 0001:0000a4a0  2290 0001:0000a4aa  2291 0001:0000a4af  2248 0001:0000a4b0
  2257 0001:0000a4be  2261 0001:0000a4e4  2263 0001:0000a4ec

Line numbers for G:\VSNET\Vc7\lib\MSVCRT.lib(F:\VS70Builds\3036\vc\crtbld\crt\src\intel\chkstk.asm) segment .text

    69 0001:0000ab80    65 0001:0000ab80    70 0001:0000ab85    72 0001:0000ab87
    73 0001:0000ab89    74 0001:0000ab8b    75 0001:0000ab8e    76 0001:0000ab90
    77 0001:0000ab91    78 0001:0000ab93    79 0001:0000ab94    82 0001:0000ab95
    83 0001:0000ab96    88 0001:0000ab9a    89 0001:0000aba0    91 0001:0000aba5
    93 0001:0000aba7    94 0001:0000abac    97 0001:0000abae    98 0001:0000abb0
   100 0001:0000abb2   102 0001:0000abb4   104 0001:0000abb6   105 0001:0000abb8
   107 0001:0000abbb   109 0001:0000abbc

Line numbers for G:\VSNET\Vc7\lib\MSVCRT.lib(f:\vs70builds\3036\vc\crtbld\crt\src\atonexit.c) segment .text

    81 0001:0000a4f6    76 0001:0000a4f6    90 0001:0000a51b    96 0001:0000a51c
    95 0001:0000a51c    97 0001:0000a52d

Line numbers for G:\VSNET\Vc7\lib\MSVCRT.lib(f:\vs70builds\3036\vc\crtbld\crt\src\crtdll.c) segment .text

   134 0001:0000a6ca   129 0001:0000a6ca   135 0001:0000a6d2   136 0001:0000a6da
   158 0001:0000a6e0   163 0001:0000a6f3   168 0001:0000a708   170 0001:0000a70c
   172 0001:0000a70f   178 0001:0000a719   179 0001:0000a71e   184 0001:0000a728
   189 0001:0000a739   192 0001:0000a740   219 0001:0000a746   220 0001:0000a74f
   225 0001:0000a751   226 0001:0000a75d   234 0001:0000a773   236 0001:0000a77a
   234 0001:0000a781   240 0001:0000a782   241 0001:0000a785   249 0001:0000a788
   250 0001:0000a794   252 0001:0000a79a   257 0001:0000a79f   258 0001:0000a7ac
   260 0001:0000a7b2   262 0001:0000a7bb   263 0001:0000a7c4   265 0001:0000a7d0
   266 0001:0000a7d9   268 0001:0000a7e8   269 0001:0000a7ea   272 0001:0000a7ec
   275 0001:0000a7fc   283 0001:0000a805   286 0001:0000a80f   288 0001:0000a818
   289 0001:0000a826   291 0001:0000a829   292 0001:0000a837   298 0001:0000a845
   294 0001:0000a84a   295 0001:0000a862   299 0001:0000a864

Line numbers for G:\VSNET\Vc7\lib\MSVCRT.lib(f:\vs70builds\3036\vc\crtbld\crt\src\secchk.c) segment .text

   114 0001:0000a86c   116 0001:0000a878   117 0001:0000a87c   119 0001:0000a889
   123 0001:0000a894   100 0001:0000a89d   103 0001:0000a89d   104 0001:0000a8a3
   105 0001:0000a8a5   107 0001:0000a8a6

Line numbers for G:\VSNET\Vc7\lib\MSVCRT.lib(f:\vs70builds\3036\vc\crtbld\crt\src\seccinit.c) segment .text

    49 0001:0000a9a4    58 0001:0000a9aa    67 0001:0000a9bb    70 0001:0000a9c5
    75 0001:0000a9cb    76 0001:0000a9d3    77 0001:0000a9db    79 0001:0000a9e3
    93 0001:0000a9ed    94 0001:0000aa08

 Exports

  ordinal    name

        1    _DllCanUnloadNow@0
               exported name: DllCanUnloadNow
        2    _DllGetClassObject@12
               exported name: DllGetClassObject
        3    _DllMain@12
               exported name: DllMain
        4    _DllRegisterServer@0
               exported name: DllRegisterServer
        5    _DllUnregisterServer@0
               exported name: DllUnregisterServer
