 TextFileDDExt

 Timestamp is 3e4e5770 (Sat Feb 15 10:06:24 2003)

 Preferred load address is 66000000

 Start         Length     Name                   Class
 0001:00000000 00000d08H .text                   CODE
 0002:00000000 00000078H .idata$5                DATA
 0002:00000080 00000940H .rdata                  DATA
 0002:000009c0 00000046H .rdata$debug            DATA
 0002:00000a10 00000004H .rdata$sxdata           DATA
 0002:00000a14 00000004H .rtc$IAA                DATA
 0002:00000a18 00000004H .rtc$IZZ                DATA
 0002:00000a1c 00000004H .rtc$TAA                DATA
 0002:00000a20 00000004H .rtc$TZZ                DATA
 0002:00000a24 0000003cH .idata$2                DATA
 0002:00000a60 00000014H .idata$3                DATA
 0002:00000a74 00000078H .idata$4                DATA
 0002:00000aec 000001e2H .idata$6                DATA
 0002:00000cd0 000000a7H .edata                  DATA
 0003:00000000 00000004H .CRT$XCA                DATA
 0003:00000004 00000004H .CRT$XCAA               DATA
 0003:00000008 00000004H .CRT$XCZ                DATA
 0003:0000000c 00000004H .CRT$XIA                DATA
 0003:00000010 00000004H .CRT$XIZ                DATA
 0003:00000018 00000184H .data                   DATA
 0003:0000019c 00000014H .bss                    DATA
 0004:00000000 00000058H .rsrc$01                DATA
 0004:00000060 000003c8H .rsrc$02                DATA

  Address         Publics by Value              Rva+Base     Lib:Object

 0000:00000001       ___safe_se_handler_count   00000001     <absolute>
 0001:00000000       ?Trans_DWORDHEX@@YAHPAGK@Z 66001000 f   ParamDecode.obj
 0001:00000017       ?Trans_UINT@@YAHPAGI@Z     66001017 f   ParamDecode.obj
 0001:0000006f       ?Trans_LPSTR@@YAHPAGPBD@Z  6600106f f   ParamDecode.obj
 0001:00000080       ?Trans_LPWSTR@@YAHPAGPBG@Z 66001080 f   ParamDecode.obj
 0001:00000091       ?Trans_HandleArray@@YAHPAGIPAPAX@Z 66001091 f   ParamDecode.obj
 0001:00000103       ?Trans_ParamSeparator@@YAHPAG@Z 66001103 f   ParamDecode.obj
 0001:00000115       ?Trans_WaitForSingleObjectParams@@YAHPAGK@Z 66001115 f   ParamDecode.obj
 0001:00000162       ?Trans_WaitForSingleObjectExParams@@YAHPAGK@Z 66001162 f   ParamDecode.obj
 0001:00000196       ?Trans_WaitForMultipleObjectsParams@@YAHPAGK@Z 66001196 f   ParamDecode.obj
 0001:000001fe       ?Trans_WaitForMultipleObjectsExParams@@YAHPAGK@Z 660011fe f   ParamDecode.obj
 0001:00000232       ?Trans_MsgWaitForMultipleObjectsParams@@YAHPAGK@Z 66001232 f   ParamDecode.obj
 0001:000002d0       ?Trans_MsgWaitForMultipleObjectsExParams@@YAHPAGK@Z 660012d0 f   ParamDecode.obj
 0001:000002ff       ?Trans_SignalObjectAndWaitParams@@YAHPAGK@Z 660012ff f   ParamDecode.obj
 0001:00000382       ?Trans_GetProcAddressParams@@YAHPAGK@Z 66001382 f   ParamDecode.obj
 0001:000003b6       ?Trans_TerminateThreadParams@@YAHPAGK@Z 660013b6 f   ParamDecode.obj
 0001:000003b6       ?Trans_FreeLibraryAndExitThread@@YAHPAGK@Z 660013b6 f   ParamDecode.obj
 0001:000003eb       ?Trans_CreateThreadParams@@YAHPAGK@Z 660013eb f   ParamDecode.obj
 0001:000003eb       ?Trans_beginthreadex@@YAHPAGK@Z 660013eb f   ParamDecode.obj
 0001:00000484       ?Trans_beginthread@@YAHPAGK@Z 66001484 f   ParamDecode.obj
 0001:000004d2       ?Trans_endthread@@YAHPAGK@Z 660014d2 f   ParamDecode.obj
 0001:000004d5       ?Trans_InitializeCriticalSectionAndSpinCountParams@@YAHPAGK@Z 660014d5 f   ParamDecode.obj
 0001:000004d5       ?Trans_SetCriticalSectionSpinCountParams@@YAHPAGK@Z 660014d5 f   ParamDecode.obj
 0001:0000050a       ?Trans_SetEventParams@@YAHPAGK@Z 6600150a f   ParamDecode.obj
 0001:0000050a       ?Trans_CloseHandleParams@@YAHPAGK@Z 6600150a f   ParamDecode.obj
 0001:0000050a       ?Trans_PulseEventParams@@YAHPAGK@Z 6600150a f   ParamDecode.obj
 0001:0000050a       ?Trans_ReleaseMutexParams@@YAHPAGK@Z 6600150a f   ParamDecode.obj
 0001:0000050a       ?Trans_LeaveCriticalSectionParams@@YAHPAGK@Z 6600150a f   ParamDecode.obj
 0001:0000050a       ?Trans_ResetEventParams@@YAHPAGK@Z 6600150a f   ParamDecode.obj
 0001:0000050a       ?Trans_endthreadex@@YAHPAGK@Z 6600150a f   ParamDecode.obj
 0001:0000050a       ?Trans_InitializeCriticalSectionParams@@YAHPAGK@Z 6600150a f   ParamDecode.obj
 0001:0000050a       ?Trans_EnterCriticalSectionParams@@YAHPAGK@Z 6600150a f   ParamDecode.obj
 0001:0000050a       ?Trans_ResumeThreadParams@@YAHPAGK@Z 6600150a f   ParamDecode.obj
 0001:0000050a       ?Trans_ExitProcessParams@@YAHPAGK@Z 6600150a f   ParamDecode.obj
 0001:0000050a       ?Trans_ExitThreadParams@@YAHPAGK@Z 6600150a f   ParamDecode.obj
 0001:0000050a       ?Trans_TryEnterCriticalSectionParams@@YAHPAGK@Z 6600150a f   ParamDecode.obj
 0001:0000050a       ?Trans_SuspendThreadParams@@YAHPAGK@Z 6600150a f   ParamDecode.obj
 0001:0000050a       ?Trans_DeleteCriticalSectionParams@@YAHPAGK@Z 6600150a f   ParamDecode.obj
 0001:0000051c       ?Trans_OpenSemaphoreWParams@@YAHPAGK@Z 6600151c f   ParamDecode.obj
 0001:0000051c       ?Trans_CreateMutexWParams@@YAHPAGK@Z 6600151c f   ParamDecode.obj
 0001:0000051c       ?Trans_OpenEventWParams@@YAHPAGK@Z 6600151c f   ParamDecode.obj
 0001:0000051c       ?Trans_OpenMutexWParams@@YAHPAGK@Z 6600151c f   ParamDecode.obj
 0001:00000569       ?Trans_OpenSemaphoreAParams@@YAHPAGK@Z 66001569 f   ParamDecode.obj
 0001:00000569       ?Trans_OpenEventAParams@@YAHPAGK@Z 66001569 f   ParamDecode.obj
 0001:00000569       ?Trans_OpenMutexAParams@@YAHPAGK@Z 66001569 f   ParamDecode.obj
 0001:00000569       ?Trans_CreateMutexAParams@@YAHPAGK@Z 66001569 f   ParamDecode.obj
 0001:000005b6       ?Trans_ReleaseSemaphoreParams@@YAHPAGK@Z 660015b6 f   ParamDecode.obj
 0001:00000604       ?Trans_CreateSemaphoreAParams@@YAHPAGK@Z 66001604 f   ParamDecode.obj
 0001:00000604       ?Trans_CreateEventAParams@@YAHPAGK@Z 66001604 f   ParamDecode.obj
 0001:0000066a       ?Trans_CreateSemaphoreWParams@@YAHPAGK@Z 6600166a f   ParamDecode.obj
 0001:0000066a       ?Trans_CreateEventWParams@@YAHPAGK@Z 6600166a f   ParamDecode.obj
 0001:000006d0       _DeadDetProcessEvent@4     660016d0 f   TextFileDDExt.obj
 0001:00000806       _DeadDetWriteToLog@4       66001806 f   TextFileDDExt.obj
 0001:00000881       _DllMain@12                66001881 f   TextFileDDExt.obj
 0001:000008a4       _DeadDetExtOpen@0          660018a4 f   TextFileDDExt.obj
 0001:00000968       _DeadDetExtClose@0         66001968 f   TextFileDDExt.obj
 0001:00000981       ?ConvertPrePostToString@@YAPBGW4tag_ePrePostEnum@@@Z 66001981 f   TextFileDDExt.obj
 0001:00000994       __CRT_INIT@12              66001994 f   MSVCRT:crtdll.obj
 0001:00000a52       __DllMainCRTStartup@12     66001a52 f   MSVCRT:crtdll.obj
 0001:00000b36       __initterm                 66001b36 f   MSVCRT:MSVCR71.dll
 0001:00000b3c       __onexit                   66001b3c f   MSVCRT:atonexit.obj
 0001:00000b62       _atexit                    66001b62 f   MSVCRT:atonexit.obj
 0001:00000b74       __RTC_Initialize           66001b74 f   MSVCRT:initsect.obj
 0001:00000bb8       __RTC_Terminate            66001bb8 f   MSVCRT:initsect.obj
 0001:00000bfc       ___CppXcptFilter           66001bfc f   MSVCRT:MSVCR71.dll
 0001:00000c04       __SEH_prolog               66001c04 f   MSVCRT:sehprolg.obj
 0001:00000c3f       __SEH_epilog               66001c3f f   MSVCRT:sehprolg.obj
 0001:00000c50       __except_handler3          66001c50 f   MSVCRT:MSVCR71.dll
 0001:00000c56       ___dllonexit               66001c56 f   MSVCRT:MSVCR71.dll
 0001:00000c8d       @__security_check_cookie@4 66001c8d f   MSVCRT:secchk.obj
 0001:00000c9b       ___security_init_cookie    66001c9b f   MSVCRT:seccinit.obj
 0001:00000d02       ___security_error_handler  66001d02 f   MSVCRT:MSVCR71.dll
 0002:00000000       __imp__lstrcpyW@8          66002000     kernel32:KERNEL32.dll
 0002:00000004       __imp__WriteFile@20        66002004     kernel32:KERNEL32.dll
 0002:00000008       __imp__FlushFileBuffers@4  66002008     kernel32:KERNEL32.dll
 0002:0000000c       __imp__IsBadStringPtrW@8   6600200c     kernel32:KERNEL32.dll
 0002:00000010       __imp__DisableThreadLibraryCalls@4 66002010     kernel32:KERNEL32.dll
 0002:00000014       __imp__GetModuleFileNameW@12 66002014     kernel32:KERNEL32.dll
 0002:00000018       __imp__CreateFileW@28      66002018     kernel32:KERNEL32.dll
 0002:0000001c       __imp__CloseHandle@4       6600201c     kernel32:KERNEL32.dll
 0002:00000020       __imp__GetCurrentProcessId@0 66002020     kernel32:KERNEL32.dll
 0002:00000024       __imp__GetCurrentThreadId@0 66002024     kernel32:KERNEL32.dll
 0002:00000028       __imp__GetTickCount@0      66002028     kernel32:KERNEL32.dll
 0002:0000002c       __imp__QueryPerformanceCounter@4 6600202c     kernel32:KERNEL32.dll
 0002:00000030       __imp__ExitProcess@4       66002030     kernel32:KERNEL32.dll
 0002:00000034       __imp__GetSystemTimeAsFileTime@4 66002034     kernel32:KERNEL32.dll
 0002:00000038       \177KERNEL32_NULL_THUNK_DATA 66002038     kernel32:KERNEL32.dll
 0002:0000003c       __imp__free                6600203c     MSVCRT:MSVCR71.dll
 0002:00000040       __imp__malloc              66002040     MSVCRT:MSVCR71.dll
 0002:00000044       __imp___adjust_fdiv        66002044     MSVCRT:MSVCR71.dll
 0002:00000048       __imp____CppXcptFilter     66002048     MSVCRT:MSVCR71.dll
 0002:0000004c       __imp___except_handler3    6600204c     MSVCRT:MSVCR71.dll
 0002:00000050       __imp____dllonexit         66002050     MSVCRT:MSVCR71.dll
 0002:00000054       __imp___onexit             66002054     MSVCRT:MSVCR71.dll
 0002:00000058       __imp____security_error_handler 66002058     MSVCRT:MSVCR71.dll
 0002:0000005c       __imp__wcscpy              6600205c     MSVCRT:MSVCR71.dll
 0002:00000060       __imp__wcsrchr             66002060     MSVCRT:MSVCR71.dll
 0002:00000064       __imp__wcslen              66002064     MSVCRT:MSVCR71.dll
 0002:00000068       __imp___initterm           66002068     MSVCRT:MSVCR71.dll
 0002:0000006c       \177MSVCR71_NULL_THUNK_DATA 6600206c     MSVCRT:MSVCR71.dll
 0002:00000070       __imp__wsprintfW           66002070     user32:USER32.dll
 0002:00000074       \177USER32_NULL_THUNK_DATA 66002074     user32:USER32.dll
 0002:000000cc       ??_C@_1BC@ENFDGFHD@?$AAI?$AAN?$AAF?$AAI?$AAN?$AAI?$AAT?$AAE?$AA?$AA@ 660020cc     ParamDecode.obj
 0002:000000e0       ??_C@_15JOGBDECP@?$AA?0?$AA?5?$AA?$AA@ 660020e0     ParamDecode.obj
 0002:000000e8       ??_C@_13OHNMPHJM@?$AA?$FN?$AA?$AA@ 660020e8     ParamDecode.obj
 0002:000000ec       ??_C@_13HOIJIPNN@?$AA?5?$AA?$AA@ 660020ec     ParamDecode.obj
 0002:000000f0       ??_C@_1O@MNMPKDNM@?$AA0?$AAx?$AA?$CF?$AA0?$AA8?$AAx?$AA?$AA@ 660020f0     ParamDecode.obj
 0002:00000100       ??_C@_1BC@PMNNHPFH@?$AA0?$AAx?$AA?$CF?$AA0?$AA8?$AAX?$AA?5?$AA?$FL?$AA?$AA@ 66002100     ParamDecode.obj
 0002:00000114       ??_C@_1M@NIKIFLPF@?$AA?5?$AA?$FL?$AA?$CF?$AAs?$AA?$FN?$AA?$AA@ 66002114     ParamDecode.obj
 0002:00000120       ??_C@_1M@NPAEFOMD@?$AA?5?$AA?$FL?$AA?$CF?$AAS?$AA?$FN?$AA?$AA@ 66002120     ParamDecode.obj
 0002:0000012c       ??_C@_1BA@NFOINMIP@?$AA?5?$AA?$FL?$AAN?$AAU?$AAL?$AAL?$AA?$FN?$AA?$AA@ 6600212c     ParamDecode.obj
 0002:0000013c       ??_C@_17IJMNDCL@?$AA?$CF?$AAl?$AAu?$AA?$AA@ 6600213c     ParamDecode.obj
 0002:00000144       ??_C@_1O@GNPNAMOC@?$AA0?$AAx?$AA?$CF?$AA0?$AA8?$AAX?$AA?$AA@ 66002144     ParamDecode.obj
 0002:00000158       ??_C@_1EA@ODAPBAMN@?$AA?$CK?$AA?$CK?$AA?$CK?$AAO?$AAU?$AAT?$AA?5?$AAO?$AAF?$AA?5?$AAR?$AAA?$AAN?$AAG?$AAE?$AA?5?$AAP?$AAR?$AAE?$AAP@ 66002158     TextFileDDExt.obj
 0002:00000198       ??_C@_17CMDCBADN@?$AA?$CI?$AAR?$AA?$CJ?$AA?$AA@ 66002198     TextFileDDExt.obj
 0002:000001a0       ??_C@_17OELIMBAD@?$AA?$CI?$AAC?$AA?$CJ?$AA?$AA@ 660021a0     TextFileDDExt.obj
 0002:000001a8       ??_C@_1DK@OKJAOAEK@?$AA?$CK?$AA?$CK?$AA?$CK?$AAU?$AAN?$AAI?$AAN?$AAI?$AAT?$AAI?$AAA?$AAL?$AAI?$AAZ?$AAE?$AAD?$AA?5?$AAP?$AAR?$AAE@ 660021a8     TextFileDDExt.obj
 0002:000001e4       ??_C@_15MOICNJEM@?$AAD?$AAD?$AA?$AA@ 660021e4     TextFileDDExt.obj
 0002:000001ec       ??_C@_19MPDKCIDK@?$AA?5?$AA?$CF?$AAs?$AA?5?$AA?$AA@ 660021ec     TextFileDDExt.obj
 0002:000001f8       ??_C@_1DK@CAEKPMEC@?$AA?$CK?$AA?$CK?$AAO?$AAU?$AAT?$AA?5?$AAO?$AAF?$AA?5?$AAR?$AAA?$AAN?$AAG?$AAE?$AA?5?$AAF?$AAU?$AAN?$AAC?$AA?5@ 660021f8     TextFileDDExt.obj
 0002:00000234       ??_C@_1BI@LOBCKCIO@?$AA?5?$AA?5?$AA?5?$AA?5?$AA?5?$AA?5?$AA?5?$AA?5?$AA?5?$AA?5?$AA?5?$AA?$AA@ 66002234     TextFileDDExt.obj
 0002:0000024c       ??_C@_1BA@EHMCEFAN@?$AA?5?$AA0?$AAx?$AA?$CF?$AA0?$AA8?$AAX?$AA?$AA@ 6600224c     TextFileDDExt.obj
 0002:0000025c       ??_C@_1CG@IPLPLJJF@?$AA0?$AAx?$AA?$CF?$AA0?$AA8?$AAX?$AA?5?$AA?$FL?$AA0?$AAx?$AA?$CF?$AA0?$AA8?$AAX?$AA?$FN?$AA?5?$AA?$CF?$AAs?$AA?$AA@ 6600225c     TextFileDDExt.obj
 0002:00000284       ??_C@_15JNBOKNOG@?$AA?$AN?$AA?6?$AA?$AA@ 66002284     TextFileDDExt.obj
 0002:00000290       ??_C@_1HG@GDJMJKAL@?$AAT?$AAI?$AAD?$AA?5?$AA?5?$AA?5?$AA?5?$AA?5?$AA?5?$AA?5?$AA?5?$AAR?$AAe?$AAt?$AA?5?$AAA?$AAd?$AAd?$AAr?$AA?5@ 66002290     TextFileDDExt.obj
 0002:00000308       ??_C@_1BC@ELKIGPGG@?$AAS?$AAe?$AAt?$AAE?$AAv?$AAe?$AAn?$AAt?$AA?$AA@ 66002308     TextFileDDExt.obj
 0002:0000031c       ??_C@_1BG@JALLCJPP@?$AAR?$AAe?$AAs?$AAe?$AAt?$AAE?$AAv?$AAe?$AAn?$AAt?$AA?$AA@ 6600231c     TextFileDDExt.obj
 0002:00000334       ??_C@_1BG@MIPKDJEK@?$AAP?$AAu?$AAl?$AAs?$AAe?$AAE?$AAv?$AAe?$AAn?$AAt?$AA?$AA@ 66002334     TextFileDDExt.obj
 0002:0000034c       ??_C@_1BG@KOJJEEMC@?$AAO?$AAp?$AAe?$AAn?$AAE?$AAv?$AAe?$AAn?$AAt?$AAW?$AA?$AA@ 6600234c     TextFileDDExt.obj
 0002:00000364       ??_C@_1BG@NLOLEMIB@?$AAO?$AAp?$AAe?$AAn?$AAE?$AAv?$AAe?$AAn?$AAt?$AAA?$AA?$AA@ 66002364     TextFileDDExt.obj
 0002:0000037c       ??_C@_1BK@OAIMFKFC@?$AAC?$AAr?$AAe?$AAa?$AAt?$AAe?$AAE?$AAv?$AAe?$AAn?$AAt?$AAW?$AA?$AA@ 6600237c     TextFileDDExt.obj
 0002:00000398       ??_C@_1BK@JFPOFCBB@?$AAC?$AAr?$AAe?$AAa?$AAt?$AAe?$AAE?$AAv?$AAe?$AAn?$AAt?$AAA?$AA?$AA@ 66002398     TextFileDDExt.obj
 0002:000003b4       ??_C@_1CC@EAMELBMN@?$AAR?$AAe?$AAl?$AAe?$AAa?$AAs?$AAe?$AAS?$AAe?$AAm?$AAa?$AAp?$AAh?$AAo?$AAr?$AAe?$AA?$AA@ 660023b4     TextFileDDExt.obj
 0002:000003d8       ??_C@_1BO@MPAAAOMI@?$AAO?$AAp?$AAe?$AAn?$AAS?$AAe?$AAm?$AAa?$AAp?$AAh?$AAo?$AAr?$AAe?$AAW?$AA?$AA@ 660023d8     TextFileDDExt.obj
 0002:000003f8       ??_C@_1BO@LKHCAGIL@?$AAO?$AAp?$AAe?$AAn?$AAS?$AAe?$AAm?$AAa?$AAp?$AAh?$AAo?$AAr?$AAe?$AAA?$AA?$AA@ 660023f8     TextFileDDExt.obj
 0002:00000418       ??_C@_1CC@GDLJCIKK@?$AAC?$AAr?$AAe?$AAa?$AAt?$AAe?$AAS?$AAe?$AAm?$AAa?$AAp?$AAh?$AAo?$AAr?$AAe?$AAW?$AA?$AA@ 66002418     TextFileDDExt.obj
 0002:0000043c       ??_C@_1CC@BGMLCAOJ@?$AAC?$AAr?$AAe?$AAa?$AAt?$AAe?$AAS?$AAe?$AAm?$AAa?$AAp?$AAh?$AAo?$AAr?$AAe?$AAA?$AA?$AA@ 6600243c     TextFileDDExt.obj
 0002:00000460       ??_C@_1BK@COAIAEGE@?$AAR?$AAe?$AAl?$AAe?$AAa?$AAs?$AAe?$AAM?$AAu?$AAt?$AAe?$AAx?$AA?$AA@ 66002460     TextFileDDExt.obj
 0002:0000047c       ??_C@_1BG@IJKLOPP@?$AAO?$AAp?$AAe?$AAn?$AAM?$AAu?$AAt?$AAe?$AAx?$AAW?$AA?$AA@ 6600247c     TextFileDDExt.obj
 0002:00000494       ??_C@_1BG@HNOILGLM@?$AAO?$AAp?$AAe?$AAn?$AAM?$AAu?$AAt?$AAe?$AAx?$AAA?$AA?$AA@ 66002494     TextFileDDExt.obj
 0002:000004ac       ??_C@_1BK@EGIPKAGP@?$AAC?$AAr?$AAe?$AAa?$AAt?$AAe?$AAM?$AAu?$AAt?$AAe?$AAx?$AAW?$AA?$AA@ 660024ac     TextFileDDExt.obj
 0002:000004c8       ??_C@_1BK@DDPNKICM@?$AAC?$AAr?$AAe?$AAa?$AAt?$AAe?$AAM?$AAu?$AAt?$AAe?$AAx?$AAA?$AA?$AA@ 660024c8     TextFileDDExt.obj
 0002:000004e4       ??_C@_1DA@HOAMHGDC@?$AAT?$AAr?$AAy?$AAE?$AAn?$AAt?$AAe?$AAr?$AAC?$AAr?$AAi?$AAt?$AAi?$AAc?$AAa?$AAl?$AAS?$AAe?$AAc?$AAt@ 660024e4     TextFileDDExt.obj
 0002:00000514       ??_C@_1DI@EOINMEAE@?$AAS?$AAe?$AAt?$AAC?$AAr?$AAi?$AAt?$AAi?$AAc?$AAa?$AAl?$AAS?$AAe?$AAc?$AAt?$AAi?$AAo?$AAn?$AAS?$AAp@ 66002514     TextFileDDExt.obj
 0002:0000054c       ??_C@_1CK@EEDEFDDP@?$AAL?$AAe?$AAa?$AAv?$AAe?$AAC?$AAr?$AAi?$AAt?$AAi?$AAc?$AAa?$AAl?$AAS?$AAe?$AAc?$AAt?$AAi?$AAo?$AAn@ 6600254c     TextFileDDExt.obj
 0002:00000578       ??_C@_1CK@IAELJGFG@?$AAE?$AAn?$AAt?$AAe?$AAr?$AAC?$AAr?$AAi?$AAt?$AAi?$AAc?$AAa?$AAl?$AAS?$AAe?$AAc?$AAt?$AAi?$AAo?$AAn@ 66002578     TextFileDDExt.obj
 0002:000005a4       ??_C@_1CM@PAKGOAED@?$AAD?$AAe?$AAl?$AAe?$AAt?$AAe?$AAC?$AAr?$AAi?$AAt?$AAi?$AAc?$AAa?$AAl?$AAS?$AAe?$AAc?$AAt?$AAi?$AAo@ 660025a4     TextFileDDExt.obj
 0002:000005d0       ??_C@_1EM@MKCEIELC@?$AAI?$AAn?$AAi?$AAt?$AAi?$AAa?$AAl?$AAi?$AAz?$AAe?$AAC?$AAr?$AAi?$AAt?$AAi?$AAc?$AAa?$AAl?$AAS?$AAe@ 660025d0     TextFileDDExt.obj
 0002:0000061c       ??_C@_1DE@BODHJKMD@?$AAI?$AAn?$AAi?$AAt?$AAi?$AAa?$AAl?$AAi?$AAz?$AAe?$AAC?$AAr?$AAi?$AAt?$AAi?$AAc?$AAa?$AAl?$AAS?$AAe@ 6600261c     TextFileDDExt.obj
 0002:00000650       ??_C@_1BG@DPCLGFHL@?$AA_?$AAe?$AAn?$AAd?$AAt?$AAh?$AAr?$AAe?$AAa?$AAd?$AA?$AA@ 66002650     TextFileDDExt.obj
 0002:00000668       ??_C@_1BK@LDJFDJGO@?$AA_?$AAb?$AAe?$AAg?$AAi?$AAn?$AAt?$AAh?$AAr?$AAe?$AAa?$AAd?$AA?$AA@ 66002668     TextFileDDExt.obj
 0002:00000684       ??_C@_1BK@MEIGOIJI@?$AA_?$AAe?$AAn?$AAd?$AAt?$AAh?$AAr?$AAe?$AAa?$AAd?$AAe?$AAx?$AA?$AA@ 66002684     TextFileDDExt.obj
 0002:000006a0       ??_C@_1BO@FIKPNENM@?$AA_?$AAb?$AAe?$AAg?$AAi?$AAn?$AAt?$AAh?$AAr?$AAe?$AAa?$AAd?$AAe?$AAx?$AA?$AA@ 660026a0     TextFileDDExt.obj
 0002:000006c0       ??_C@_1DC@GHMIKCPC@?$AAF?$AAr?$AAe?$AAe?$AAL?$AAi?$AAb?$AAr?$AAa?$AAr?$AAy?$AAA?$AAn?$AAd?$AAE?$AAx?$AAi?$AAt?$AAT?$AAh@ 660026c0     TextFileDDExt.obj
 0002:000006f4       ??_C@_1CA@JPLKNAMK@?$AAT?$AAe?$AAr?$AAm?$AAi?$AAn?$AAa?$AAt?$AAe?$AAT?$AAh?$AAr?$AAe?$AAa?$AAd?$AA?$AA@ 660026f4     TextFileDDExt.obj
 0002:00000714       ??_C@_1BK@HHDEFKOH@?$AAR?$AAe?$AAs?$AAu?$AAm?$AAe?$AAT?$AAh?$AAr?$AAe?$AAa?$AAd?$AA?$AA@ 66002714     TextFileDDExt.obj
 0002:00000730       ??_C@_1BM@CJEGKOOH@?$AAS?$AAu?$AAs?$AAp?$AAe?$AAn?$AAd?$AAT?$AAh?$AAr?$AAe?$AAa?$AAd?$AA?$AA@ 66002730     TextFileDDExt.obj
 0002:0000074c       ??_C@_1BG@JNDFCBBA@?$AAE?$AAx?$AAi?$AAt?$AAT?$AAh?$AAr?$AAe?$AAa?$AAd?$AA?$AA@ 6600274c     TextFileDDExt.obj
 0002:00000764       ??_C@_1BK@NHIFPLAK@?$AAC?$AAr?$AAe?$AAa?$AAt?$AAe?$AAT?$AAh?$AAr?$AAe?$AAa?$AAd?$AA?$AA@ 66002764     TextFileDDExt.obj
 0002:00000780       ??_C@_1BO@KHNMPAIM@?$AAG?$AAe?$AAt?$AAP?$AAr?$AAo?$AAc?$AAA?$AAd?$AAd?$AAr?$AAe?$AAs?$AAs?$AA?$AA@ 66002780     TextFileDDExt.obj
 0002:000007a0       ??_C@_1BI@JPPEGAPD@?$AAC?$AAl?$AAo?$AAs?$AAe?$AAH?$AAa?$AAn?$AAd?$AAl?$AAe?$AA?$AA@ 660027a0     TextFileDDExt.obj
 0002:000007b8       ??_C@_1CI@FPLCEHFK@?$AAS?$AAi?$AAg?$AAn?$AAa?$AAl?$AAO?$AAb?$AAj?$AAe?$AAc?$AAt?$AAA?$AAn?$AAd?$AAW?$AAa?$AAi?$AAt?$AA?$AA@ 660027b8     TextFileDDExt.obj
 0002:000007e0       ??_C@_1DI@PEHOLLEL@?$AAM?$AAs?$AAg?$AAW?$AAa?$AAi?$AAt?$AAF?$AAo?$AAr?$AAM?$AAu?$AAl?$AAt?$AAi?$AAp?$AAl?$AAe?$AAO?$AAb@ 660027e0     TextFileDDExt.obj
 0002:00000818       ??_C@_1DE@OKHIMICH@?$AAM?$AAs?$AAg?$AAW?$AAa?$AAi?$AAt?$AAF?$AAo?$AAr?$AAM?$AAu?$AAl?$AAt?$AAi?$AAp?$AAl?$AAe?$AAO?$AAb@ 66002818     TextFileDDExt.obj
 0002:0000084c       ??_C@_1DC@MJLKEFAN@?$AAW?$AAa?$AAi?$AAt?$AAF?$AAo?$AAr?$AAM?$AAu?$AAl?$AAt?$AAi?$AAp?$AAl?$AAe?$AAO?$AAb?$AAj?$AAe?$AAc@ 6600284c     TextFileDDExt.obj
 0002:00000880       ??_C@_1CO@PLEHGDKC@?$AAW?$AAa?$AAi?$AAt?$AAF?$AAo?$AAr?$AAM?$AAu?$AAl?$AAt?$AAi?$AAp?$AAl?$AAe?$AAO?$AAb?$AAj?$AAe?$AAc@ 66002880     TextFileDDExt.obj
 0002:000008b0       ??_C@_1CM@OBGOHNLG@?$AAW?$AAa?$AAi?$AAt?$AAF?$AAo?$AAr?$AAS?$AAi?$AAn?$AAg?$AAl?$AAe?$AAO?$AAb?$AAj?$AAe?$AAc?$AAt?$AAE@ 660028b0     TextFileDDExt.obj
 0002:000008dc       ??_C@_1CI@FKGMKMIK@?$AAW?$AAa?$AAi?$AAt?$AAF?$AAo?$AAr?$AAS?$AAi?$AAn?$AAg?$AAl?$AAe?$AAO?$AAb?$AAj?$AAe?$AAc?$AAt?$AA?$AA@ 660028dc     TextFileDDExt.obj
 0002:00000904       ??_C@_1BI@BKKFJKLE@?$AAE?$AAx?$AAi?$AAt?$AAP?$AAr?$AAo?$AAc?$AAe?$AAs?$AAs?$AA?$AA@ 66002904     TextFileDDExt.obj
 0002:00000920       ??_C@_1EG@BHMGPKHM@?$AA?$CK?$AA?$CK?$AA?$CK?$AAU?$AAN?$AAI?$AAN?$AAI?$AAT?$AAI?$AAA?$AAL?$AAI?$AAZ?$AAE?$AAD?$AA?5?$AAF?$AAU?$AAN@ 66002920     TextFileDDExt.obj
 0002:00000978       __load_config_used         66002978     MSVCRT:loadcfg.obj
 0002:00000a10       ___safe_se_handler_table   66002a10     <linker-defined>
 0002:00000a14       ___rtc_iaa                 66002a14     MSVCRT:initsect.obj
 0002:00000a18       ___rtc_izz                 66002a18     MSVCRT:initsect.obj
 0002:00000a1c       ___rtc_taa                 66002a1c     MSVCRT:initsect.obj
 0002:00000a20       ___rtc_tzz                 66002a20     MSVCRT:initsect.obj
 0002:00000a24       __IMPORT_DESCRIPTOR_KERNEL32 66002a24     kernel32:KERNEL32.dll
 0002:00000a38       __IMPORT_DESCRIPTOR_USER32 66002a38     user32:USER32.dll
 0002:00000a4c       __IMPORT_DESCRIPTOR_MSVCR71 66002a4c     MSVCRT:MSVCR71.dll
 0002:00000a60       __NULL_IMPORT_DESCRIPTOR   66002a60     kernel32:KERNEL32.dll
 0003:00000000       ___xc_a                    66003000     MSVCRT:cinitexe.obj
 0003:00000008       ___xc_z                    66003008     MSVCRT:cinitexe.obj
 0003:0000000c       ___xi_a                    6600300c     MSVCRT:cinitexe.obj
 0003:00000010       ___xi_z                    66003010     MSVCRT:cinitexe.obj
 0003:00000018       ?g_stOutData@@3PAUtagOutputData@@A 66003018     TextFileDDExt.obj
 0003:00000188       ?g_hFile@@3PAXA            66003188     TextFileDDExt.obj
 0003:00000198       ___security_cookie         66003198     MSVCRT:seccook.obj
 0003:000001a0       __adjust_fdiv              660031a0     <common>
 0003:000001a4       ___onexitend               660031a4     <common>
 0003:000001a8       ___onexitbegin             660031a8     <common>
 0003:000001ac       __pRawDllMain              660031ac     <common>

 entry point at        0001:00000a52

 Static symbols

 0001:0000002e       ?InternalStringTranslate@@YAHPAGPBDPBG@Z 6600102e f   ParamDecode.obj
 0001:00000c5c       _report_failure            66001c5c f   MSVCRT:secchk.obj

Line numbers for .\WinRel\TextFileDDExt.obj(d:\dev\booktwo\disk\deadlockdetection\textfileddext\textfileddext.cpp) segment .text

   185 0001:000006d0   187 0001:000006d9   190 0001:000006ea   201 0001:000006f3
   204 0001:0000071d   208 0001:00000723   210 0001:0000073a   213 0001:0000073c
   218 0001:00000748   222 0001:0000074f   224 0001:00000760   228 0001:00000762
   232 0001:0000077d   236 0001:0000078a   240 0001:0000079b   244 0001:000007ae
   249 0001:000007b2   254 0001:000007d0   256 0001:000007d5   267 0001:000007eb
   275 0001:000007fa   278 0001:00000806   280 0001:0000080a   283 0001:00000811
   285 0001:00000813   288 0001:00000826   291 0001:0000082a   292 0001:0000082f
   297 0001:0000083b   299 0001:00000856   305 0001:0000085b   309 0001:0000087d
   317 0001:00000881   319 0001:00000881   322 0001:0000088d   323 0001:00000897
   325 0001:00000899   330 0001:0000089e   331 0001:000008a1   334 0001:000008a4
   336 0001:000008b2   339 0001:000008c6   346 0001:000008ce   348 0001:000008e0
   349 0001:000008ec   351 0001:000008f2   353 0001:000008f4   361 0001:00000905
   363 0001:0000091c   367 0001:00000926   372 0001:00000936   375 0001:00000950
   382 0001:00000952   385 0001:00000955   389 0001:00000968   388 0001:00000968
   391 0001:00000972   393 0001:00000979   394 0001:00000980   413 0001:00000981
   414 0001:00000981   416 0001:00000986   419 0001:0000098b   418 0001:0000098c
   419 0001:00000993

Line numbers for .\WinRel\ParamDecode.obj(d:\dev\booktwo\disk\deadlockdetection\textfileddext\paramdecode.cpp) segment .text

    12 0001:00000000    11 0001:00000000    13 0001:00000016    19 0001:00000017
    18 0001:00000017    20 0001:0000002d    31 0001:0000002e    33 0001:0000002f
    36 0001:00000039    40 0001:00000042    42 0001:00000059    44 0001:0000005b
    46 0001:0000006b    47 0001:0000006e    51 0001:0000006f    54 0001:0000006f
    55 0001:0000007f    59 0001:00000080    62 0001:00000080    63 0001:00000090
    68 0001:00000091    72 0001:00000096    74 0001:000000aa    78 0001:000000b6
    79 0001:000000cf    81 0001:000000d5    84 0001:000000ec    86 0001:00000101
    89 0001:00000103    90 0001:00000103    91 0001:00000114   102 0001:00000115
   106 0001:00000116   107 0001:0000012a   108 0001:00000133   110 0001:0000013e
   112 0001:0000014f   114 0001:00000151   116 0001:0000015d   117 0001:00000161
   121 0001:00000162   126 0001:00000163   127 0001:00000176   128 0001:0000017f
   130 0001:00000195   134 0001:00000196   138 0001:00000197   139 0001:000001ab
   142 0001:000001b4   143 0001:000001c6   144 0001:000001cf   146 0001:000001da
   148 0001:000001eb   150 0001:000001ed   152 0001:000001f9   153 0001:000001fd
   157 0001:000001fe   163 0001:000001ff   164 0001:00000212   165 0001:0000021b
   167 0001:00000231   171 0001:00000232   175 0001:00000233   176 0001:00000247
   179 0001:00000250   180 0001:00000262   181 0001:0000026b   182 0001:0000027b
   183 0001:00000286   185 0001:00000291   187 0001:000002a0   189 0001:000002a2
   191 0001:000002b0   192 0001:000002b9   194 0001:000002cf   198 0001:000002d0
   202 0001:000002d1   203 0001:000002e2   204 0001:000002e8   206 0001:000002fe
   210 0001:000002ff   215 0001:00000300   216 0001:00000314   218 0001:0000031d
   219 0001:0000032d   220 0001:00000338   222 0001:00000343   224 0001:00000352
   226 0001:00000354   228 0001:00000362   229 0001:0000036b   231 0001:00000381
   242 0001:00000382   245 0001:00000383   246 0001:00000397   247 0001:000003a0
   249 0001:000003b5   308 0001:000003b6   312 0001:000003b7   313 0001:000003cb
   314 0001:000003d4   316 0001:000003ea   320 0001:000003eb   324 0001:000003ec
   325 0001:00000400   326 0001:00000409   327 0001:00000419   329 0001:00000422
   330 0001:00000432   332 0001:0000043b   333 0001:0000044b   334 0001:00000454
   335 0001:00000464   337 0001:0000046d   339 0001:00000483   349 0001:00000484
   353 0001:00000485   354 0001:00000499   355 0001:000004a2   356 0001:000004b2
   358 0001:000004bb   360 0001:000004d1   365 0001:000004d2   364 0001:000004d2
   366 0001:000004d4   411 0001:000004d5   416 0001:000004d6   417 0001:000004ea
   418 0001:000004f3   420 0001:00000509   426 0001:0000050a   424 0001:0000050a
   427 0001:0000051b   445 0001:0000051c   449 0001:0000051d   450 0001:00000531
   451 0001:0000053a   452 0001:0000054a   453 0001:00000553   455 0001:00000568
   459 0001:00000569   462 0001:0000056a   463 0001:0000057e   464 0001:00000587
   465 0001:00000597   466 0001:000005a0   468 0001:000005b5   556 0001:000005b6
   561 0001:000005b7   562 0001:000005cb   563 0001:000005d4   564 0001:000005e4
   566 0001:000005ed   568 0001:00000603   572 0001:00000604   576 0001:00000605
   577 0001:00000619   578 0001:00000622   579 0001:00000632   580 0001:0000063b
   581 0001:0000064b   582 0001:00000654   584 0001:00000669   588 0001:0000066a
   592 0001:0000066b   593 0001:0000067f   594 0001:00000688   595 0001:00000698
   596 0001:000006a1   597 0001:000006b1   598 0001:000006ba   600 0001:000006cf

Line numbers for G:\VSNET\Vc7\lib\MSVCRT.lib(f:\vs70builds\3036\vc\crtbld\crt\src\atonexit.c) segment .text

    81 0001:00000b3c    76 0001:00000b3c    90 0001:00000b61    96 0001:00000b62
    95 0001:00000b62    97 0001:00000b73

Line numbers for G:\VSNET\Vc7\lib\MSVCRT.lib(f:\vs70builds\3036\vc\crtbld\crt\src\crtdll.c) segment .text

   134 0001:00000994   129 0001:00000994   135 0001:0000099c   136 0001:000009a4
   158 0001:000009aa   163 0001:000009bd   168 0001:000009d2   170 0001:000009d6
   172 0001:000009d9   178 0001:000009e3   179 0001:000009e8   184 0001:000009f2
   189 0001:00000a03   192 0001:00000a0a   219 0001:00000a10   220 0001:00000a19
   225 0001:00000a1b   226 0001:00000a27   234 0001:00000a3d   236 0001:00000a44
   234 0001:00000a4b   240 0001:00000a4c   241 0001:00000a4f   249 0001:00000a52
   250 0001:00000a5e   252 0001:00000a64   257 0001:00000a69   258 0001:00000a76
   260 0001:00000a7c   262 0001:00000a85   263 0001:00000a8e   265 0001:00000a9a
   266 0001:00000aa3   268 0001:00000ab2   269 0001:00000ab4   272 0001:00000ab6
   275 0001:00000ac6   283 0001:00000acf   286 0001:00000ad9   288 0001:00000ae2
   289 0001:00000af0   291 0001:00000af3   292 0001:00000b01   298 0001:00000b0f
   294 0001:00000b14   295 0001:00000b2c   299 0001:00000b2e

Line numbers for G:\VSNET\Vc7\lib\MSVCRT.lib(f:\vs70builds\3036\vc\crtbld\crt\src\secchk.c) segment .text

   114 0001:00000c5c   116 0001:00000c68   117 0001:00000c6c   119 0001:00000c79
   123 0001:00000c84   100 0001:00000c8d   103 0001:00000c8d   104 0001:00000c93
   105 0001:00000c95   107 0001:00000c96

Line numbers for G:\VSNET\Vc7\lib\MSVCRT.lib(f:\vs70builds\3036\vc\crtbld\crt\src\seccinit.c) segment .text

    49 0001:00000c9b    58 0001:00000ca1    67 0001:00000cb2    70 0001:00000cbc
    75 0001:00000cc2    76 0001:00000cca    77 0001:00000cd2    79 0001:00000cda
    93 0001:00000ce4    94 0001:00000cff

 Exports

  ordinal    name

        1    _DeadDetExtClose@0
               exported name: DeadDetExtClose
        2    _DeadDetExtOpen@0
               exported name: DeadDetExtOpen
        3    _DeadDetProcessEvent@4
               exported name: DeadDetProcessEvent
        4    _DeadDetWriteToLog@4
               exported name: DeadDetWriteToLog
