 VSNetToolHostShim

 Timestamp is 3e4e5822 (Sat Feb 15 10:09:22 2003)

 Preferred load address is 10000000

 Start         Length     Name                   Class
 0001:00000000 0000d47dH .text                   CODE
 0001:0000d47d 0000058aH .text$x                 CODE
 0001:0000da07 0000005aH .text$yc                CODE
 0001:0000da61 00000029H .text$yd                CODE
 0002:00000000 0000002bH .orpc                   CODE
 0003:00000000 000003ccH .idata$5                DATA
 0003:000003d0 00001798H .rdata                  DATA
 0003:00001b68 0000004aH .rdata$debug            DATA
 0003:00001bb4 00000044H .rdata$r                DATA
 0003:00001c00 000000e0H .rdata$sxdata           DATA
 0003:00001ce0 00000004H .rtc$IAA                DATA
 0003:00001ce4 00000004H .rtc$IZZ                DATA
 0003:00001ce8 00000004H .rtc$TAA                DATA
 0003:00001cec 00000004H .rtc$TZZ                DATA
 0003:00001cf0 00000c78H .xdata$x                DATA
 0003:00002968 00000004H ATL$__a                 DATA
 0003:0000296c 00000004H ATL$__m                 DATA
 0003:00002970 00000004H ATL$__z                 DATA
 0003:00002974 000000c8H .idata$2                DATA
 0003:00002a3c 00000014H .idata$3                DATA
 0003:00002a50 000003ccH .idata$4                DATA
 0003:00002e1c 00000ec6H .idata$6                DATA
 0003:00003cf0 000000aeH .edata                  DATA
 0004:00000000 00000004H .CRT$XCA                DATA
 0004:00000004 00000004H .CRT$XCAA               DATA
 0004:00000008 00000008H .CRT$XCL                DATA
 0004:00000010 00000008H .CRT$XCU                DATA
 0004:00000018 00000004H .CRT$XCZ                DATA
 0004:0000001c 00000004H .CRT$XIA                DATA
 0004:00000020 00000004H .CRT$XIZ                DATA
 0004:00000030 000002e0H .data                   DATA
 0004:00000310 00000154H .bss                    DATA
 0005:00000000 00000214H .rsrc$01                DATA
 0005:00000220 000012d8H .rsrc$02                DATA

  Address         Publics by Value              Rva+Base     Lib:Object

 0000:00000000       __except_list              00000000     <absolute>
 0000:00000038       ___safe_se_handler_count   00000038     <absolute>
 0000:00009876       __ldused                   00009876     <absolute>
 0000:00009876       __fltused                  00009876     <absolute>
 0000:00000000       ___ImageBase               10000000     <linker-defined>
 0001:00000000       _PrxDllGetClassObject@12   10001000 f   dlldatax.obj
 0001:00000034       _PrxDllCanUnloadNow@0      10001034 f   dlldatax.obj
 0001:00000040       _CStdStubBuffer2_Release@4 10001040 f   dlldatax.obj
 0001:00000051       __purecall                 10001051 f   dlldatax.obj
 0001:00000052       _PrxDllMain@12             10001052 f   dlldatax.obj
 0001:00000064       _PrxDllRegisterServer@0    10001064 f   dlldatax.obj
 0001:0000008b       _PrxDllUnregisterServer@0  1000108b f   dlldatax.obj
 0001:000000b2       ?_AtlGetThreadACPFake@ATL@@YGIXZ 100010b2 f i stdafx.obj
 0001:00000113       ?_AtlGetThreadACPReal@ATL@@YGIXZ 10001113 f i stdafx.obj
 0001:00000117       ?_AtlGetThreadACPThunk@ATL@@YGIXZ 10001117 f i stdafx.obj
 0001:0000017c       ??0CComCriticalSection@ATL@@QAE@XZ 1000117c f i stdafx.obj
 0001:00000190       ?Init@CComCriticalSection@ATL@@QAEJXZ 10001190 f i stdafx.obj
 0001:000001e0       ??1CComBSTR@ATL@@QAE@XZ    100011e0 f i stdafx.obj
 0001:000001e9       ??0CAtlWinModule@ATL@@QAE@XZ 100011e9 f i stdafx.obj
 0001:0000020c       ??1CAtlWinModule@ATL@@QAE@XZ 1000120c f i stdafx.obj
 0001:00000224       ??0_ATL_WIN_MODULE70@ATL@@QAE@XZ 10001224 f i stdafx.obj
 0001:0000023e       ?AtlWinModuleTerm@ATL@@YGJPAU_ATL_WIN_MODULE70@1@PAUHINSTANCE__@@@Z 1000123e f i stdafx.obj
 0001:0000029e       ?AtlWinModuleInit@ATL@@YGJPAU_ATL_WIN_MODULE70@1@@Z 1000129e f i stdafx.obj
 0001:000002c1       ??_Estringdispid@CComTypeInfoHolder@ATL@@QAEPAXI@Z 100012c1 f i stdafx.obj
 0001:00000308       ??1stringdispid@CComTypeInfoHolder@ATL@@QAE@XZ 10001308 f i stdafx.obj
 0001:00000311       ?RemoveAll@?$CSimpleArray@GV?$CSimpleArrayEqualHelper@G@ATL@@@ATL@@QAEXXZ 10001311 f i stdafx.obj
 0001:0000032f       ??A?$CSimpleArray@GV?$CSimpleArrayEqualHelper@G@ATL@@@ATL@@QAEAAGH@Z 1000132f f i stdafx.obj
 0001:00000356       ?UpdateRegistryAppId@CVSNetToolHostShimModule@@SGJH@Z 10001356 f i VSNetToolHostShim.obj
 0001:00000389       ??0CVSNetToolHostShimModule@@QAE@XZ 10001389 f i VSNetToolHostShim.obj
 0001:00000398       ??1CVSNetToolHostShimModule@@UAE@XZ 10001398 f i VSNetToolHostShim.obj
 0001:0000039d       ??_ECVSNetToolHostShimModule@@UAEPAXI@Z 1000139d f i VSNetToolHostShim.obj
 0001:0000039d       ??_GCVSNetToolHostShimModule@@UAEPAXI@Z 1000139d f i VSNetToolHostShim.obj
 0001:000003ba       _DllMain@12                100013ba f   VSNetToolHostShim.obj
 0001:000003e2       _DllCanUnloadNow@0         100013e2 f   VSNetToolHostShim.obj
 0001:000003ff       _DllGetClassObject@12      100013ff f   VSNetToolHostShim.obj
 0001:00000423       _DllRegisterServer@0       10001423 f   VSNetToolHostShim.obj
 0001:00000441       _DllUnregisterServer@0     10001441 f   VSNetToolHostShim.obj
 0001:00000468       ??0?$CAtlDllModuleT@VCVSNetToolHostShimModule@@@ATL@@QAE@XZ 10001468 f i VSNetToolHostShim.obj
 0001:00000486       ??1?$CAtlDllModuleT@VCVSNetToolHostShimModule@@@ATL@@UAE@XZ 10001486 f i VSNetToolHostShim.obj
 0001:000004a0       ?AddCommonRGSReplacements@?$CAtlModuleT@VCVSNetToolHostShimModule@@@ATL@@UAEJPAUIRegistrarBase@@@Z 100014a0 f i VSNetToolHostShim.obj
 0001:000004b7       ??1?$CAtlModuleT@VCVSNetToolHostShimModule@@@ATL@@UAE@XZ 100014b7 f i VSNetToolHostShim.obj
 0001:000004bc       ??0?$CAtlModuleT@VCVSNetToolHostShimModule@@@ATL@@QAE@XZ 100014bc f i VSNetToolHostShim.obj
 0001:000004de       ?RegisterServer@?$CAtlModuleT@VCVSNetToolHostShimModule@@@ATL@@QAEJHPBU_GUID@@@Z 100014de f i VSNetToolHostShim.obj
 0001:0000050a       ?UnregisterServer@?$CAtlModuleT@VCVSNetToolHostShimModule@@@ATL@@QAEJHPBU_GUID@@@Z 1000150a f i VSNetToolHostShim.obj
 0001:00000530       ?GetGITPtr@CAtlModule@ATL@@UAEJPAPAUIGlobalInterfaceTable@@@Z 10001530 f i VSNetToolHostShim.obj
 0001:00000579       ?GetLockCount@CAtlModule@ATL@@UAEJXZ 10001579 f i VSNetToolHostShim.obj
 0001:0000057d       ?Unlock@CAtlModule@ATL@@UAEJXZ 1000157d f i VSNetToolHostShim.obj
 0001:00000588       ?Lock@CAtlModule@ATL@@UAEJXZ 10001588 f i VSNetToolHostShim.obj
 0001:00000593       ?AtlComModuleUnregisterServer@ATL@@YGJPAU_ATL_COM_MODULE70@1@HPBU_GUID@@@Z 10001593 f i VSNetToolHostShim.obj
 0001:00000617       _IsEqualGUID               10001617 f i VSNetToolHostShim.obj
 0001:0000062f       ?AtlRegisterClassCategoriesHelper@ATL@@YGJABU_GUID@@PBU_ATL_CATMAP_ENTRY@1@H@Z 1000162f f i VSNetToolHostShim.obj
 0001:00000899       _InlineIsEqualGUID         10001899 f i VSNetToolHostShim.obj
 0001:000008be       ??1?$CAtlSafeAllocBufferManager@VCCRTAllocator@ATL@@@_ATL_SAFE_ALLOCA_IMPL@ATL@@QAE@XZ 100018be f i VSNetToolHostShim.obj
 0001:000008d4       ??1CRegKey@ATL@@QAE@XZ     100018d4 f i VSNetToolHostShim.obj
 0001:000008d9       ?Open@CRegKey@ATL@@QAEJPAUHKEY__@@PBGK@Z 100018d9 f i VSNetToolHostShim.obj
 0001:0000090c       ?Close@CRegKey@ATL@@QAEJXZ 1000190c f i VSNetToolHostShim.obj
 0001:0000091f       ?AtlUnRegisterTypeLib@ATL@@YGJPAUHINSTANCE__@@PBG@Z 1000191f f i VSNetToolHostShim.obj
 0001:000009a1       ?AtlLoadTypeLib@ATL@@YGJPAUHINSTANCE__@@PBGPAPAGPAPAUITypeLib@@@Z 100019a1 f i VSNetToolHostShim.obj
 0001:00000af7       ?AtlHresultFromLastError@ATL@@YAJXZ 10001af7 f i VSNetToolHostShim.obj
 0001:00000b0c       ?AtlComModuleRegisterServer@ATL@@YGJPAU_ATL_COM_MODULE70@1@HPBU_GUID@@@Z 10001b0c f i VSNetToolHostShim.obj
 0001:00000b94       ?AtlRegisterTypeLib@ATL@@YGJPAUHINSTANCE__@@PBG@Z 10001b94 f i VSNetToolHostShim.obj
 0001:00000caa       ??0CAtlModule@ATL@@QAE@XZ  10001caa f i VSNetToolHostShim.obj
 0001:00000ce4       ?AtlComModuleGetClassObject@ATL@@YGJPAU_ATL_COM_MODULE70@1@ABU_GUID@@1PAPAX@Z 10001ce4 f i VSNetToolHostShim.obj
 0001:00000db9       ?AtlThrow@ATL@@YGXJ@Z      10001db9 f i VSNetToolHostShim.obj
 0001:00000dd1       ??1?$CComCritSecLock@VCComCriticalSection@ATL@@@ATL@@QAE@XZ 10001dd1 f i VSNetToolHostShim.obj
 0001:00000de8       ?Term@CAtlModule@ATL@@QAEXXZ 10001de8 f i VSNetToolHostShim.obj
 0001:00000e20       ?AtlCallTermFunc@ATL@@YGXPAU_ATL_MODULE70@1@@Z 10001e20 f i VSNetToolHostShim.obj
 0001:00000e58       ?ExecuteObjectMain@CAtlComModule@ATL@@QAEX_N@Z 10001e58 f i VSNetToolHostShim.obj
 0001:00000e77       ?UpdateRegistryFromResourceS@CAtlModule@ATL@@QAGJIHPAU_ATL_REGMAP_ENTRY@2@@Z 10001e77 f i VSNetToolHostShim.obj
 0001:00000ff4       ??0CRegObject@ATL@@QAE@XZ  10001ff4 f i VSNetToolHostShim.obj
 0001:00001006       ?GetRect@?$IViewObjectExImpl@VCVSNetToolWinShim@@@ATL@@UAGJKPAU_RECTL@@@Z 10002006 f i VSNetToolWinShim.obj
 0001:00001006       ?Scroll@CAxHostWindow@ATL@@UAGJUtagSIZE@@@Z 10002006 f i VSNetToolWinShim.obj
 0001:00001006       ?GetClipboardData@?$IOleObjectImpl@VCVSNetToolWinShim@@@ATL@@UAGJKPAPAUIDataObject@@@Z 10002006 f i VSNetToolWinShim.obj
 0001:00001006       ?GetDataHere@?$IDataObjectImpl@VCVSNetToolWinShim@@@ATL@@UAGJPAUtagFORMATETC@@PAUtagSTGMEDIUM@@@Z 10002006 f i VSNetToolWinShim.obj
 0001:00001006       ?EnumFormatEtc@?$IDataObjectImpl@VCVSNetToolWinShim@@@ATL@@UAGJKPAPAUIEnumFORMATETC@@@Z 10002006 f i VSNetToolWinShim.obj
 0001:00001006       ?GetCanonicalFormatEtc@?$IDataObjectImpl@VCVSNetToolWinShim@@@ATL@@UAGJPAUtagFORMATETC@@0@Z 10002006 f i VSNetToolWinShim.obj
 0001:00001006       ?QueryInterface@CRegObject@ATL@@UAGJABU_GUID@@PAPAX@Z 10002006 f i VSNetToolHostShim.obj
 0001:00001006       ?SetMoniker@?$IOleObjectImpl@VCVSNetToolWinShim@@@ATL@@UAGJKPAUIMoniker@@@Z 10002006 f i VSNetToolWinShim.obj
 0001:0000100e       ?AddRef@CRegObject@ATL@@UAGKXZ 1000200e f i VSNetToolHostShim.obj
 0001:00001014       ?ClearReplacements@CRegObject@ATL@@UAGJXZ 10002014 f i VSNetToolHostShim.obj
 0001:00001023       ?ClearReplacements@CExpansionVector@ATL@@QAEJXZ 10002023 f i VSNetToolHostShim.obj
 0001:00001060       ?GetKeyAt@?$CSimpleMap@PAGPAGVCExpansionVectorEqualHelper@ATL@@@ATL@@QBEAAPAGH@Z 10002060 f i VSNetToolHostShim.obj
 0001:00001081       ?GetValueAt@?$CSimpleMap@PAGPAGVCExpansionVectorEqualHelper@ATL@@@ATL@@QBEAAPAGH@Z 10002081 f i VSNetToolHostShim.obj
 0001:000010a3       ?RemoveAll@?$CSimpleMap@PAGPAGVCExpansionVectorEqualHelper@ATL@@@ATL@@QAEXXZ 100020a3 f i VSNetToolHostShim.obj
 0001:000010cc       ??_GCRegObject@ATL@@UAEPAXI@Z 100020cc f i VSNetToolHostShim.obj
 0001:000010cc       ??_ECRegObject@ATL@@UAEPAXI@Z 100020cc f i VSNetToolHostShim.obj
 0001:000010e8       ??1?$CSimpleMap@PAGPAGVCExpansionVectorEqualHelper@ATL@@@ATL@@QAE@XZ 100020e8 f i VSNetToolHostShim.obj
 0001:000010ed       ??1CExpansionVector@ATL@@QAE@XZ 100020ed f i VSNetToolHostShim.obj
 0001:0000111a       ??1CRegObject@ATL@@UAE@XZ  1000211a f i VSNetToolHostShim.obj
 0001:00001154       ?EscapeSingleQuote@CAtlModule@ATL@@SAXPAGPBG@Z 10002154 f i VSNetToolHostShim.obj
 0001:00001176       ?AddReplacement@CRegObject@ATL@@UAGJPBG0@Z 10002176 f i VSNetToolHostShim.obj
 0001:000011e0       ?Add@CExpansionVector@ATL@@QAEHPBG0@Z 100021e0 f i VSNetToolHostShim.obj
 0001:000012df       ?Add@?$CSimpleMap@PAGPAGVCExpansionVectorEqualHelper@ATL@@@ATL@@QAEHABQAG0@Z 100022df f i VSNetToolHostShim.obj
 0001:00001336       ?InternalSetAtIndex@?$CSimpleMap@PAGPAGVCExpansionVectorEqualHelper@ATL@@@ATL@@QAEXHABQAG0@Z 10002336 f i VSNetToolHostShim.obj
 0001:0000135b       ?ResourceRegister@CRegObject@ATL@@QAGJPBGI0@Z 1000235b f i VSNetToolHostShim.obj
 0001:000013a7       ?RegisterFromResource@CRegObject@ATL@@IAEJPBG00H@Z 100023a7 f i VSNetToolHostShim.obj
 0001:0000150e       ?AllocateBytes@?$CTempBuffer@G$0EAA@VCCRTAllocator@ATL@@@ATL@@QAEPAGI@Z 1000250e f i VSNetToolHostShim.obj
 0001:0000152e       ?RegisterBuffer@CRegParser@ATL@@QAEJPAGH@Z 1000252e f i VSNetToolHostShim.obj
 0001:00001640       ?PreProcessBuffer@CRegParser@ATL@@QAEJPAGPAPAG@Z 10002640 f i VSNetToolHostShim.obj
 0001:00001798       ??0CParseBuffer@CRegParser@ATL@@QAE@H@Z 10002798 f i VSNetToolHostShim.obj
 0001:000017bf       ??1CParseBuffer@CRegParser@ATL@@QAE@XZ 100027bf f i VSNetToolHostShim.obj
 0001:000017c9       ?StrChrW@CRegParser@ATL@@KAPAGPAGG@Z 100027c9 f i VSNetToolHostShim.obj
 0001:000017f0       ?Lookup@?$CSimpleMap@PAGPAGVCExpansionVectorEqualHelper@ATL@@@ATL@@QBEPAGABQAG@Z 100027f0 f i VSNetToolHostShim.obj
 0001:00001812       ?FindKey@?$CSimpleMap@PAGPAGVCExpansionVectorEqualHelper@ATL@@@ATL@@QBEHABQAG@Z 10002812 f i VSNetToolHostShim.obj
 0001:00001841       ?IsEqualKey@CExpansionVectorEqualHelper@ATL@@SA_NQAG0@Z 10002841 f i VSNetToolHostShim.obj
 0001:00001856       ?AddString@CParseBuffer@CRegParser@ATL@@QAEHPBG@Z 10002856 f i VSNetToolHostShim.obj
 0001:00001898       ?Append@CParseBuffer@CRegParser@ATL@@QAEHPBGH@Z 10002898 f i VSNetToolHostShim.obj
 0001:000018f3       ?HKeyFromString@CRegParser@ATL@@KAPAUHKEY__@@PAG@Z 100028f3 f i VSNetToolHostShim.obj
 0001:0000191e       ?NextToken@CRegParser@ATL@@IAEJPAG@Z 1000291e f i VSNetToolHostShim.obj
 0001:00001a19       ?EndOfVar@CRegParser@ATL@@IAEHXZ 10002a19 f i VSNetToolHostShim.obj
 0001:00001a35       ?IsSpace@CRegParser@ATL@@IAEHG@Z 10002a35 f i VSNetToolHostShim.obj
 0001:00001a53       ?RegisterSubkeys@CRegParser@ATL@@IAEJPAGPAUHKEY__@@HH@Z 10002a53 f i VSNetToolHostShim.obj
 0001:00001f7a       ?Create@CRegKey@ATL@@QAEJPAUHKEY__@@PBGPAGKKPAU_SECURITY_ATTRIBUTES@@PAK@Z 10002f7a f i VSNetToolHostShim.obj
 0001:00001fc3       ?AddValue@CRegParser@ATL@@IAEJAAVCRegKey@2@PBGPAG@Z 10002fc3 f i VSNetToolHostShim.obj
 0001:000022be       ?VTFromRegType@CRegParser@ATL@@KAHPBGAAG@Z 100032be f i VSNetToolHostShim.obj
 0001:00002350       ?SetStringValue@CRegKey@ATL@@QAEJPBG0K@Z 10003350 f i VSNetToolHostShim.obj
 0001:0000237b       ?FreeHeap@?$CTempBuffer@G$0EAA@VCCRTAllocator@ATL@@@ATL@@AAEXXZ 1000337b f i VSNetToolHostShim.obj
 0001:0000237b       ?FreeHeap@?$CTempBuffer@E$0BAA@VCCRTAllocator@ATL@@@ATL@@AAEXXZ 1000337b f i VSNetToolHostShim.obj
 0001:0000237b       ?FreeHeap@?$CTempBuffer@G$0BAA@VCCRTAllocator@ATL@@@ATL@@AAEXXZ 1000337b f i VSNetToolHostShim.obj
 0001:00002385       ?AllocateBytes@?$CTempBuffer@G$0BAA@VCCRTAllocator@ATL@@@ATL@@QAEPAGI@Z 10003385 f i VSNetToolHostShim.obj
 0001:00002385       ?AllocateBytes@?$CTempBuffer@E$0BAA@VCCRTAllocator@ATL@@@ATL@@QAEPAEI@Z 10003385 f i VSNetToolHostShim.obj
 0001:000023a5       ?AllocateHeap@?$CTempBuffer@G$0BAA@VCCRTAllocator@ATL@@@ATL@@AAEXI@Z 100033a5 f i VSNetToolHostShim.obj
 0001:000023a5       ?AllocateHeap@?$CTempBuffer@E$0BAA@VCCRTAllocator@ATL@@@ATL@@AAEXI@Z 100033a5 f i VSNetToolHostShim.obj
 0001:000023a5       ?AllocateHeap@?$CTempBuffer@G$0EAA@VCCRTAllocator@ATL@@@ATL@@AAEXI@Z 100033a5 f i VSNetToolHostShim.obj
 0001:000023c7       ?SetMultiStringValue@CRegKey@ATL@@QAEJPBG0@Z 100033c7 f i VSNetToolHostShim.obj
 0001:00002401       ?SetDWORDValue@CRegKey@ATL@@QAEJPBGK@Z 10003401 f i VSNetToolHostShim.obj
 0001:0000241f       ??1?$CTempBuffer@G$0EAA@VCCRTAllocator@ATL@@@ATL@@QAE@XZ 1000341f f i VSNetToolHostShim.obj
 0001:0000241f       ??1?$CTempBuffer@E$0BAA@VCCRTAllocator@ATL@@@ATL@@QAE@XZ 1000341f f i VSNetToolHostShim.obj
 0001:0000241f       ??1?$CTempBuffer@G$0BAA@VCCRTAllocator@ATL@@@ATL@@QAE@XZ 1000341f f i VSNetToolHostShim.obj
 0001:0000242c       ?ChToByte@CRegParser@ATL@@KAEG@Z 1000342c f i VSNetToolHostShim.obj
 0001:0000245c       ?SkipAssignment@CRegParser@ATL@@IAEJPAG@Z 1000345c f i VSNetToolHostShim.obj
 0001:000024bd       ?HasSubKeys@CRegParser@ATL@@IAEHPAUHKEY__@@@Z 100034bd f i VSNetToolHostShim.obj
 0001:000024f2       ?CanForceRemoveKey@CRegParser@ATL@@IAEHPBG@Z 100034f2 f i VSNetToolHostShim.obj
 0001:0000251e       ?RecurseDeleteKey@CRegKey@ATL@@QAEJPBG@Z 1000351e f i VSNetToolHostShim.obj
 0001:00002603       ?AtlHresultFromWin32@ATL@@YAJK@Z 10003603 f i VSNetToolHostShim.obj
 0001:00002612       ?SkipWhiteSpace@CRegParser@ATL@@IAEXXZ 10003612 f i VSNetToolHostShim.obj
 0001:0000262d       ?ResourceUnregister@CRegObject@ATL@@QAGJPBGI0@Z 1000362d f i VSNetToolHostShim.obj
 0001:00002678       ??0_ATL_MSG@ATL@@QAE@PAUHWND__@@IIJH@Z 10003678 f i VSNetToolWinShim.obj
 0001:000026ab       ?Register@_ATL_WNDCLASSINFOW@ATL@@QAEGPAP6GJPAUHWND__@@IIJ@Z@Z 100036ab f i VSNetToolWinShim.obj
 0001:000026ca       ?FindFirstDlgItem@_DialogSplitHelper@ATL@@SAPAUDLGITEMTEMPLATE@@PBUDLGTEMPLATE@@@Z 100036ca f i VSNetToolWinShim.obj
 0001:00002746       ?FindNextDlgItem@_DialogSplitHelper@ATL@@SAPAUDLGITEMTEMPLATE@@PAU3@H@Z 10003746 f i VSNetToolWinShim.obj
 0001:000027a5       ?FindCreateData@_DialogSplitHelper@ATL@@SAKKPAEPAPAE@Z 100037a5 f i VSNetToolWinShim.obj
 0001:000027df       ?IsActiveXControl@_DialogSplitHelper@ATL@@SA_NPAUDLGITEMTEMPLATE@@H@Z 100037df f i VSNetToolWinShim.obj
 0001:000027f6       ?SplitDialogTemplate@_DialogSplitHelper@ATL@@SAPAUDLGTEMPLATE@@PAU3@PAE@Z 100037f6 f i VSNetToolWinShim.obj
 0001:00002913       ?ParseInitData@_DialogSplitHelper@ATL@@SAJPAUIStream@@PAPAG@Z 10003913 f i VSNetToolWinShim.obj
 0001:00002ab0       ?Create@CWindow@ATL@@QAEPAUHWND__@@PBGPAU3@V_U_RECT@2@0KKV_U_MENUorID@2@PAX@Z 10003ab0 f i VSNetToolWinShim.obj
 0001:00002afe       ?IsParentDialog@CWindow@ATL@@QAEHXZ 10003afe f i VSNetToolWinShim.obj
 0001:00002b48       ?Init@CWndProcThunk@ATL@@QAEXP6GJPAUHWND__@@IIJ@ZPAX@Z 10003b48 f i VSNetToolWinShim.obj
 0001:00002b5f       ?GetDialogSize@_DialogSizeHelper@ATL@@SAXPBUDLGTEMPLATE@@PAUtagSIZE@@_N@Z 10003b5f f i VSNetToolWinShim.obj
 0001:00002bb7       ?GetFontDimensions@_DialogSizeHelper@ATL@@SAXPBGGPAUtagSIZE@@PAJ@Z 10003bb7 f i VSNetToolWinShim.obj
 0001:00002ccd       ?ConvertDialogUnitsToPixels@_DialogSizeHelper@ATL@@SAXPBGGPAUtagSIZE@@_N@Z 10003ccd f i VSNetToolWinShim.obj
 0001:00002db2       ?HasFont@_DialogSizeHelper@ATL@@SAHPBUDLGTEMPLATE@@@Z 10003db2 f i VSNetToolWinShim.obj
 0001:00002dc5       ?GetFontSizeField@_DialogSizeHelper@ATL@@SAPAEPBUDLGTEMPLATE@@@Z 10003dc5 f i VSNetToolWinShim.obj
 0001:00002e0c       ?GetFont@_DialogSizeHelper@ATL@@SAHPBUDLGTEMPLATE@@PAG1@Z 10003e0c f i VSNetToolWinShim.obj
 0001:00002e63       ?GetSizeInDialogUnits@_DialogSizeHelper@ATL@@SAXPBUDLGTEMPLATE@@PAUtagSIZE@@@Z 10003e63 f i VSNetToolWinShim.obj
 0001:00003029       ?FinalRelease@CAxFrameWindow@ATL@@QAEXXZ 10004029 f i VSNetToolWinShim.obj
 0001:00003029       ?FinalRelease@CAxUIWindow@ATL@@QAEXXZ 10004029 f i VSNetToolWinShim.obj
 0001:0000304d       ?GetWindow@CAxFrameWindow@ATL@@UAGJPAPAUHWND__@@@Z 1000404d f i VSNetToolWinShim.obj
 0001:00003096       ?SetActiveObject@CAxFrameWindow@ATL@@UAGJPAUIOleInPlaceActiveObject@@PBG@Z 10004096 f i VSNetToolWinShim.obj
 0001:00003096       ?SetActiveObject@CAxUIWindow@ATL@@UAGJPAUIOleInPlaceActiveObject@@PBG@Z 10004096 f i VSNetToolWinShim.obj
 0001:000030af       ?SetMenu@CAxFrameWindow@ATL@@UAGJPAUHMENU__@@PAXPAUHWND__@@@Z 100040af f i VSNetToolWinShim.obj
 0001:000030af       ?ResizeBorder@?$IOleInPlaceActiveObjectImpl@VCVSNetToolWinShim@@@ATL@@UAGJPBUtagRECT@@PAUIOleInPlaceUIWindow@@H@Z 100040af f i VSNetToolWinShim.obj
 0001:000030b4       ?TranslateAcceleratorW@CAxFrameWindow@ATL@@UAGJPAUtagMSG@@G@Z 100040b4 f i VSNetToolWinShim.obj
 0001:000030b4       ?TranslateAcceleratorW@CAxHostWindow@ATL@@UAGJPAUtagMSG@@K@Z 100040b4 f i VSNetToolWinShim.obj
 0001:000030ba       ??0CAxFrameWindow@ATL@@QAE@XZ 100040ba f i VSNetToolWinShim.obj
 0001:000030ba       ??0CAxUIWindow@ATL@@QAE@XZ 100040ba f i VSNetToolWinShim.obj
 0001:000030d8       ?ProcessWindowMessage@CAxFrameWindow@ATL@@UAEHPAUHWND__@@IIJAAJK@Z 100040d8 f i VSNetToolWinShim.obj
 0001:000030d8       ?ProcessWindowMessage@CAxUIWindow@ATL@@UAEHPAUHWND__@@IIJAAJK@Z 100040d8 f i VSNetToolWinShim.obj
 0001:000030dd       ?GetWindow@CAxUIWindow@ATL@@UAGJPAPAUHWND__@@@Z 100040dd f i VSNetToolWinShim.obj
 0001:00003119       ?RequestBorderSpace@CAxFrameWindow@ATL@@UAGJPBUtagRECT@@@Z 10004119 f i VSNetToolWinShim.obj
 0001:00003119       ?RequestBorderSpace@CAxUIWindow@ATL@@UAGJPBUtagRECT@@@Z 10004119 f i VSNetToolWinShim.obj
 0001:00003121       ?ContextSensitiveHelp@CAxFrameWindow@ATL@@UAGJH@Z 10004121 f i VSNetToolWinShim.obj
 0001:00003121       ?EnableModeless@?$IOleInPlaceActiveObjectImpl@VCVSNetToolWinShim@@@ATL@@UAGJH@Z 10004121 f i VSNetToolWinShim.obj
 0001:00003121       ?SaveCompleted@?$IPersistStorageImpl@VCVSNetToolWinShim@@@ATL@@UAGJPAUIStorage@@@Z 10004121 f i VSNetToolWinShim.obj
 0001:00003121       ?LockInPlaceActive@CAxHostWindow@ATL@@UAGJH@Z 10004121 f i VSNetToolWinShim.obj
 0001:00003121       ?SetStatusText@CAxFrameWindow@ATL@@UAGJPBG@Z 10004121 f i VSNetToolWinShim.obj
 0001:00003121       ?ContextSensitiveHelp@CAxUIWindow@ATL@@UAGJH@Z 10004121 f i VSNetToolWinShim.obj
 0001:00003121       ?EnableModeless@CAxFrameWindow@ATL@@UAGJH@Z 10004121 f i VSNetToolWinShim.obj
 0001:00003121       ?GetBorder@CAxFrameWindow@ATL@@UAGJPAUtagRECT@@@Z 10004121 f i VSNetToolWinShim.obj
 0001:00003121       ?AdjustRect@CAxHostWindow@ATL@@UAGJPAUtagRECT@@@Z 10004121 f i VSNetToolWinShim.obj
 0001:00003121       ?GetBorder@CAxUIWindow@ATL@@UAGJPAUtagRECT@@@Z 10004121 f i VSNetToolWinShim.obj
 0001:00003121       ?RemoveMenus@CAxFrameWindow@ATL@@UAGJPAUHMENU__@@@Z 10004121 f i VSNetToolWinShim.obj
 0001:00003121       ?SetBorderSpace@CAxUIWindow@ATL@@UAGJPBUtagRECT@@@Z 10004121 f i VSNetToolWinShim.obj
 0001:00003121       ?SetBorderSpace@CAxFrameWindow@ATL@@UAGJPBUtagRECT@@@Z 10004121 f i VSNetToolWinShim.obj
 0001:00003121       ?OnFrameWindowActivate@?$IOleInPlaceActiveObjectImpl@VCVSNetToolWinShim@@@ATL@@UAGJH@Z 10004121 f i VSNetToolWinShim.obj
 0001:00003126       ??1CAxUIWindow@ATL@@UAE@XZ 10004126 f i VSNetToolWinShim.obj
 0001:00003126       ??1CAxFrameWindow@ATL@@UAE@XZ 10004126 f i VSNetToolWinShim.obj
 0001:0000313b       ??0CAxHostWindow@ATL@@QAE@XZ 1000413b f i VSNetToolWinShim.obj
 0001:00003200       ??1CAxHostWindow@ATL@@UAE@XZ 10004200 f i VSNetToolWinShim.obj
 0001:000032d7       ?OnFinalMessage@CAxHostWindow@ATL@@UAEXPAUHWND__@@@Z 100042d7 f i VSNetToolWinShim.obj
 0001:000032e5       ?ProcessWindowMessage@CAxHostWindow@ATL@@UAEHPAUHWND__@@IIJAAJK@Z 100042e5 f i VSNetToolWinShim.obj
 0001:000036ad       ?OnForwardMsg@CAxHostWindow@ATL@@QAEJIIJAAH@Z 100046ad f i VSNetToolWinShim.obj
 0001:00003717       ?ReleaseAll@CAxHostWindow@ATL@@QAEXXZ 10004717 f i VSNetToolWinShim.obj
 0001:0000386a       ?OnMouseActivate@CAxHostWindow@ATL@@QAEJIIJAAH@Z 1000486a f i VSNetToolWinShim.obj
 0001:000038fe       ?OnSetFocus@CAxHostWindow@ATL@@QAEJIIJAAH@Z 100048fe f i VSNetToolWinShim.obj
 0001:000039c1       ?OnSize@CAxHostWindow@ATL@@QAEJIIJAAH@Z 100049c1 f i VSNetToolWinShim.obj
 0001:00003a4e       ?OnDestroy@CAxHostWindow@ATL@@QAEJIIJAAH@Z 10004a4e f i VSNetToolWinShim.obj
 0001:00003a81       ?OnWindowMessage@CAxHostWindow@ATL@@QAEJIIJAAH@Z 10004a81 f i VSNetToolWinShim.obj
 0001:00003ac3       ?OnWindowlessMouseMessage@CAxHostWindow@ATL@@QAEJIIJAAH@Z 10004ac3 f i VSNetToolWinShim.obj
 0001:00003b00       ?OnPaint@CAxHostWindow@ATL@@QAEJIIJAAH@Z 10004b00 f i VSNetToolWinShim.obj
 0001:00003c75       ?CreateControl@CAxHostWindow@ATL@@UAGJPBGPAUHWND__@@PAUIStream@@@Z 10004c75 f i VSNetToolWinShim.obj
 0001:00003ccc       ?CreateControlEx@CAxHostWindow@ATL@@UAGJPBGPAUHWND__@@PAUIStream@@PAPAUIUnknown@@ABU_GUID@@PAU5@@Z 10004ccc f i VSNetToolWinShim.obj
 0001:00003cf0       ?AttachControl@CAxHostWindow@ATL@@UAGJPAUIUnknown@@PAUHWND__@@@Z 10004cf0 f i VSNetToolWinShim.obj
 0001:00003d99       ?QueryControl@CAxHostWindow@ATL@@UAGJABU_GUID@@PAPAX@Z 10004d99 f i VSNetToolWinShim.obj
 0001:00003dc8       ?SetExternalDispatch@CAxHostWindow@ATL@@UAGJPAUIDispatch@@@Z 10004dc8 f i VSNetToolWinShim.obj
 0001:00003de1       ?SetExternalUIHandler@CAxHostWindow@ATL@@UAGJPAUIDocHostUIHandlerDispatch@@@Z 10004de1 f i VSNetToolWinShim.obj
 0001:00003dfa       ?CreateControlLic@CAxHostWindow@ATL@@UAGJPBGPAUHWND__@@PAUIStream@@PAG@Z 10004dfa f i VSNetToolWinShim.obj
 0001:00003e52       ?CreateControlLicEx@CAxHostWindow@ATL@@UAGJPBGPAUHWND__@@PAUIStream@@PAPAUIUnknown@@ABU_GUID@@PAU5@PAG@Z 10004e52 f i VSNetToolWinShim.obj
 0001:00004200       ?ShowContextMenu@CAxHostWindow@ATL@@UAGJKPAUtagPOINT@@PAUIUnknown@@PAUIDispatch@@@Z 10005200 f i VSNetToolWinShim.obj
 0001:0000423e       ?GetHostInfo@CAxHostWindow@ATL@@UAGJPAU_DOCHOSTUIINFO@@@Z 1000523e f i VSNetToolWinShim.obj
 0001:00004281       ?ShowUI@CAxHostWindow@ATL@@UAGJKPAUIOleInPlaceActiveObject@@PAUIOleCommandTarget@@PAUIOleInPlaceFrame@@PAUIOleInPlaceUIWindow@@@Z 10005281 f i VSNetToolWinShim.obj
 0001:000042bd       ?HideUI@CAxHostWindow@ATL@@UAGJXZ 100052bd f i VSNetToolWinShim.obj
 0001:000042d3       ?UpdateUI@CAxHostWindow@ATL@@UAGJXZ 100052d3 f i VSNetToolWinShim.obj
 0001:000042e9       ?EnableModeless@CAxHostWindow@ATL@@UAGJH@Z 100052e9 f i VSNetToolWinShim.obj
 0001:00004308       ?OnDocWindowActivate@CAxHostWindow@ATL@@UAGJH@Z 10005308 f i VSNetToolWinShim.obj
 0001:00004327       ?OnFrameWindowActivate@CAxHostWindow@ATL@@UAGJH@Z 10005327 f i VSNetToolWinShim.obj
 0001:00004346       ?ResizeBorder@CAxHostWindow@ATL@@UAGJPBUtagRECT@@PAUIOleInPlaceUIWindow@@H@Z 10005346 f i VSNetToolWinShim.obj
 0001:00004378       ?TranslateAcceleratorW@CAxHostWindow@ATL@@UAGJPAUtagMSG@@PBU_GUID@@K@Z 10005378 f i VSNetToolWinShim.obj
 0001:000043e1       ?GetOptionKeyPath@CAxHostWindow@ATL@@UAGJPAPAGK@Z 100053e1 f i VSNetToolWinShim.obj
 0001:00004468       ?GetDropTarget@CAxHostWindow@ATL@@UAGJPAUIDropTarget@@PAPAU3@@Z 10005468 f i VSNetToolWinShim.obj
 0001:000044ee       ?GetExternal@CAxHostWindow@ATL@@UAGJPAPAUIDispatch@@@Z 100054ee f i VSNetToolWinShim.obj
 0001:00004533       ?TranslateUrl@CAxHostWindow@ATL@@UAGJKPAGPAPAG@Z 10005533 f i VSNetToolWinShim.obj
 0001:00004600       ?FilterDataObject@CAxHostWindow@ATL@@UAGJPAUIDataObject@@PAPAU3@@Z 10005600 f i VSNetToolWinShim.obj
 0001:00004687       ?FireAmbientPropertyChange@CAxHostWindow@ATL@@QAEJJ@Z 10005687 f i VSNetToolWinShim.obj
 0001:000046dc       ?Invoke@CAxHostWindow@ATL@@UAGJJABU_GUID@@KGPAUtagDISPPARAMS@@PAUtagVARIANT@@PAUtagEXCEPINFO@@PAI@Z 100056dc f i VSNetToolWinShim.obj
 0001:0000474f       ?put_AllowWindowlessActivation@CAxHostWindow@ATL@@UAGJF@Z 1000574f f i VSNetToolWinShim.obj
 0001:00004765       ?get_AllowWindowlessActivation@CAxHostWindow@ATL@@UAGJPAF@Z 10005765 f i VSNetToolWinShim.obj
 0001:0000478a       ?put_BackColor@CAxHostWindow@ATL@@UAGJK@Z 1000578a f i VSNetToolWinShim.obj
 0001:000047ba       ?get_BackColor@CAxHostWindow@ATL@@UAGJPAK@Z 100057ba f i VSNetToolWinShim.obj
 0001:000047da       ?put_ForeColor@CAxHostWindow@ATL@@UAGJK@Z 100057da f i VSNetToolWinShim.obj
 0001:000047fb       ?get_ForeColor@CAxHostWindow@ATL@@UAGJPAK@Z 100057fb f i VSNetToolWinShim.obj
 0001:0000481b       ?put_LocaleID@CAxHostWindow@ATL@@UAGJK@Z 1000581b f i VSNetToolWinShim.obj
 0001:0000483c       ?get_LocaleID@CAxHostWindow@ATL@@UAGJPAK@Z 1000583c f i VSNetToolWinShim.obj
 0001:0000485c       ?put_UserMode@CAxHostWindow@ATL@@UAGJF@Z 1000585c f i VSNetToolWinShim.obj
 0001:00004883       ?get_UserMode@CAxHostWindow@ATL@@UAGJPAF@Z 10005883 f i VSNetToolWinShim.obj
 0001:000048a8       ?put_DisplayAsDefault@CAxHostWindow@ATL@@UAGJF@Z 100058a8 f i VSNetToolWinShim.obj
 0001:000048d0       ?get_DisplayAsDefault@CAxHostWindow@ATL@@UAGJPAF@Z 100058d0 f i VSNetToolWinShim.obj
 0001:000048f5       ?put_Font@CAxHostWindow@ATL@@UAGJPAUIFontDisp@@@Z 100058f5 f i VSNetToolWinShim.obj
 0001:00004921       ?get_Font@CAxHostWindow@ATL@@UAGJPAPAUIFontDisp@@@Z 10005921 f i VSNetToolWinShim.obj
 0001:00004a6b       ?put_MessageReflect@CAxHostWindow@ATL@@UAGJF@Z 10005a6b f i VSNetToolWinShim.obj
 0001:00004a93       ?get_MessageReflect@CAxHostWindow@ATL@@UAGJPAF@Z 10005a93 f i VSNetToolWinShim.obj
 0001:00004ab8       ?get_ShowGrabHandles@CAxHostWindow@ATL@@UAGJPAF@Z 10005ab8 f i VSNetToolWinShim.obj
 0001:00004ac5       ?get_ShowHatching@CAxHostWindow@ATL@@UAGJPAF@Z 10005ac5 f i VSNetToolWinShim.obj
 0001:00004add       ?put_DocHostFlags@CAxHostWindow@ATL@@UAGJK@Z 10005add f i VSNetToolWinShim.obj
 0001:00004afb       ?get_DocHostFlags@CAxHostWindow@ATL@@UAGJPAK@Z 10005afb f i VSNetToolWinShim.obj
 0001:00004b1b       ?put_DocHostDoubleClickFlags@CAxHostWindow@ATL@@UAGJK@Z 10005b1b f i VSNetToolWinShim.obj
 0001:00004b2e       ?get_DocHostDoubleClickFlags@CAxHostWindow@ATL@@UAGJPAK@Z 10005b2e f i VSNetToolWinShim.obj
 0001:00004b4e       ?put_AllowContextMenu@CAxHostWindow@ATL@@UAGJF@Z 10005b4e f i VSNetToolWinShim.obj
 0001:00004b68       ?get_AllowContextMenu@CAxHostWindow@ATL@@UAGJPAF@Z 10005b68 f i VSNetToolWinShim.obj
 0001:00004b8d       ?put_AllowShowUI@CAxHostWindow@ATL@@UAGJF@Z 10005b8d f i VSNetToolWinShim.obj
 0001:00004ba7       ?get_AllowShowUI@CAxHostWindow@ATL@@UAGJPAF@Z 10005ba7 f i VSNetToolWinShim.obj
 0001:00004bcc       ?put_OptionKeyPath@CAxHostWindow@ATL@@UAGJPAG@Z 10005bcc f i VSNetToolWinShim.obj
 0001:00004be6       ?get_OptionKeyPath@CAxHostWindow@ATL@@UAGJPAPAG@Z 10005be6 f i VSNetToolWinShim.obj
 0001:00004c06       ?SetAmbientDispatch@CAxHostWindow@ATL@@UAGJPAUIDispatch@@@Z 10005c06 f i VSNetToolWinShim.obj
 0001:00004c1f       ?SetSite@CAxHostWindow@ATL@@UAGJPAUIUnknown@@@Z 10005c1f f i VSNetToolWinShim.obj
 0001:00004c72       ?GetContainer@CAxHostWindow@ATL@@UAGJPAPAUIOleContainer@@@Z 10005c72 f i VSNetToolWinShim.obj
 0001:00004cb0       ?ShowObject@CAxHostWindow@ATL@@UAGJXZ 10005cb0 f i VSNetToolWinShim.obj
 0001:00004d00       ?GetWindow@CAxHostWindow@ATL@@UAGJPAPAUHWND__@@@Z 10005d00 f i VSNetToolWinShim.obj
 0001:00004d12       ?SetColorScheme@?$IOleObjectImpl@VCVSNetToolWinShim@@@ATL@@UAGJPAUtagLOGPALETTE@@@Z 10005d12 f i VSNetToolWinShim.obj
 0001:00004d12       ?OnPosRectChange@CAxHostWindow@ATL@@UAGJPBUtagRECT@@@Z 10005d12 f i VSNetToolWinShim.obj
 0001:00004d12       ?Unfreeze@?$IViewObjectExImpl@VCVSNetToolWinShim@@@ATL@@UAGJK@Z 10005d12 f i VSNetToolWinShim.obj
 0001:00004d12       ?QueryGetData@?$IDataObjectImpl@VCVSNetToolWinShim@@@ATL@@UAGJPAUtagFORMATETC@@@Z 10005d12 f i VSNetToolWinShim.obj
 0001:00004d12       ?GetDropTarget@?$IOleInPlaceObjectWindowlessImpl@VCVSNetToolWinShim@@@ATL@@UAGJPAPAUIDropTarget@@@Z 10005d12 f i VSNetToolWinShim.obj
 0001:00004d12       ?ContextSensitiveHelp@?$IOleInPlaceObjectWindowlessImpl@VCVSNetToolWinShim@@@ATL@@UAGJH@Z 10005d12 f i VSNetToolWinShim.obj
 0001:00004d12       ?OnMnemonic@?$IOleControlImpl@VCVSNetToolWinShim@@@ATL@@UAGJPAUtagMSG@@@Z 10005d12 f i VSNetToolWinShim.obj
 0001:00004d12       ?ContextSensitiveHelp@CAxHostWindow@ATL@@UAGJH@Z 10005d12 f i VSNetToolWinShim.obj
 0001:00004d12       ?OnShowWindow@CAxHostWindow@ATL@@UAGJH@Z 10005d12 f i VSNetToolWinShim.obj
 0001:00004d12       ?GetControlInfo@?$IOleControlImpl@VCVSNetToolWinShim@@@ATL@@UAGJPAUtagCONTROLINFO@@@Z 10005d12 f i VSNetToolWinShim.obj
 0001:00004d12       ?ContextSensitiveHelp@?$IOleInPlaceActiveObjectImpl@VCVSNetToolWinShim@@@ATL@@UAGJH@Z 10005d12 f i VSNetToolWinShim.obj
 0001:00004d1a       ?OnInPlaceActivate@CAxHostWindow@ATL@@UAGJXZ 10005d1a f i VSNetToolWinShim.obj
 0001:00004d4b       ?OnUIActivate@CAxHostWindow@ATL@@UAGJXZ 10005d4b f i VSNetToolWinShim.obj
 0001:00004d58       ?GetWindowContext@CAxHostWindow@ATL@@UAGJPAPAUIOleInPlaceFrame@@PAPAUIOleInPlaceUIWindow@@PAUtagRECT@@2PAUtagOIFI@@@Z 10005d58 f i VSNetToolWinShim.obj
 0001:00004e73       ?OnUIDeactivate@CAxHostWindow@ATL@@UAGJH@Z 10005e73 f i VSNetToolWinShim.obj
 0001:00004e80       ?OnInPlaceDeactivate@CAxHostWindow@ATL@@UAGJXZ 10005e80 f i VSNetToolWinShim.obj
 0001:00004e9e       ?OnInPlaceActivateEx@CAxHostWindow@ATL@@UAGJPAHK@Z 10005e9e f i VSNetToolWinShim.obj
 0001:00004f05       ?OnInPlaceDeactivateEx@CAxHostWindow@ATL@@UAGJH@Z 10005f05 f i VSNetToolWinShim.obj
 0001:00004f23       ?CanWindowlessActivate@CAxHostWindow@ATL@@UAGJXZ 10005f23 f i VSNetToolWinShim.obj
 0001:00004f35       ?GetCapture@CAxHostWindow@ATL@@UAGJXZ 10005f35 f i VSNetToolWinShim.obj
 0001:00004f47       ?SetCapture@CAxHostWindow@ATL@@UAGJH@Z 10005f47 f i VSNetToolWinShim.obj
 0001:00004f76       ?GetFocus@CAxHostWindow@ATL@@UAGJXZ 10005f76 f i VSNetToolWinShim.obj
 0001:00004f88       ?SetFocus@CAxHostWindow@ATL@@UAGJH@Z 10005f88 f i VSNetToolWinShim.obj
 0001:00004fa1       ?GetDC@CAxHostWindow@ATL@@UAGJPBUtagRECT@@KPAPAUHDC__@@@Z 10005fa1 f i VSNetToolWinShim.obj
 0001:00005074       ?ReleaseDC@CAxHostWindow@ATL@@UAGJPAUHDC__@@@Z 10006074 f i VSNetToolWinShim.obj
 0001:000050e0       ?InvalidateRect@CAxHostWindow@ATL@@UAGJPBUtagRECT@@H@Z 100060e0 f i VSNetToolWinShim.obj
 0001:000050fa       ?InvalidateRgn@CAxHostWindow@ATL@@UAGJPAUHRGN__@@H@Z 100060fa f i VSNetToolWinShim.obj
 0001:00005114       ?ScrollRect@CAxHostWindow@ATL@@UAGJHHPBUtagRECT@@0@Z 10006114 f i VSNetToolWinShim.obj
 0001:00005119       ?OnDefWindowMessage@CAxHostWindow@ATL@@UAGJIIJPAJ@Z 10006119 f i VSNetToolWinShim.obj
 0001:0000513b       ?GetExtendedControl@CAxHostWindow@ATL@@UAGJPAPAUIDispatch@@@Z 1000613b f i VSNetToolWinShim.obj
 0001:00005161       ?SetData@?$IDataObjectImpl@VCVSNetToolWinShim@@@ATL@@UAGJPAUtagFORMATETC@@PAUtagSTGMEDIUM@@H@Z 10006161 f i VSNetToolWinShim.obj
 0001:00005161       ?InitFromData@?$IOleObjectImpl@VCVSNetToolWinShim@@@ATL@@UAGJPAUIDataObject@@HK@Z 10006161 f i VSNetToolWinShim.obj
 0001:00005161       ?TransformCoords@CAxHostWindow@ATL@@UAGJPAU_POINTL@@PAUtagPOINTF@@K@Z 10006161 f i VSNetToolWinShim.obj
 0001:00005161       ?GetMoniker@CAxHostWindow@ATL@@UAGJKKPAPAUIMoniker@@@Z 10006161 f i VSNetToolWinShim.obj
 0001:00005161       ?GetMoniker@?$IOleObjectImpl@VCVSNetToolWinShim@@@ATL@@UAGJKKPAPAUIMoniker@@@Z 10006161 f i VSNetToolWinShim.obj
 0001:00005169       ?OnFocus@CAxHostWindow@ATL@@UAGJH@Z 10006169 f i VSNetToolWinShim.obj
 0001:00005182       ?RequestNewObjectLayout@CAxHostWindow@ATL@@UAGJXZ 10006182 f i VSNetToolWinShim.obj
 0001:00005182       ?ReactivateAndUndo@?$IOleInPlaceObjectWindowlessImpl@VCVSNetToolWinShim@@@ATL@@UAGJXZ 10006182 f i VSNetToolWinShim.obj
 0001:00005182       ?ShowPropertyFrame@CAxHostWindow@ATL@@UAGJXZ 10006182 f i VSNetToolWinShim.obj
 0001:00005182       ?DiscardUndoState@CAxHostWindow@ATL@@UAGJXZ 10006182 f i VSNetToolWinShim.obj
 0001:00005182       ?DeactivateAndUndo@CAxHostWindow@ATL@@UAGJXZ 10006182 f i VSNetToolWinShim.obj
 0001:00005182       ?SaveObject@CAxHostWindow@ATL@@UAGJXZ 10006182 f i VSNetToolWinShim.obj
 0001:0000518a       ?OnDataChange@CAxHostWindow@ATL@@UAGXPAUtagFORMATETC@@PAUtagSTGMEDIUM@@@Z 1000618a f i VSNetToolWinShim.obj
 0001:0000518a       ?OnViewChange@CAxHostWindow@ATL@@UAGXKJ@Z 1000618a f i VSNetToolWinShim.obj
 0001:0000518d       ?OnRename@CAxHostWindow@ATL@@UAGXPAUIMoniker@@@Z 1000618d f i VSNetToolWinShim.obj
 0001:00005190       ?ParseDisplayName@CAxHostWindow@ATL@@UAGJPAUIBindCtx@@PAGPAKPAPAUIMoniker@@@Z 10006190 f i VSNetToolWinShim.obj
 0001:00005190       ?Freeze@?$IViewObjectExImpl@VCVSNetToolWinShim@@@ATL@@UAGJKJPAXPAK@Z 10006190 f i VSNetToolWinShim.obj
 0001:00005198       ?EnumObjects@CAxHostWindow@ATL@@UAGJKPAPAUIEnumUnknown@@@Z 10006198 f i VSNetToolWinShim.obj
 0001:00005249       ?LockContainer@CAxHostWindow@ATL@@UAGJH@Z 10006249 f i VSNetToolWinShim.obj
 0001:00005265       ?ActivateAx@CAxHostWindow@ATL@@QAEJPAUIUnknown@@_NPAUIStream@@@Z 10006265 f i VSNetToolWinShim.obj
 0001:00005614       ?SubclassWindow@CAxHostWindow@ATL@@QAEXPAUHWND__@@@Z 10006614 f i VSNetToolWinShim.obj
 0001:0000562e       ?ReleaseWindow@CAxHostWindow@ATL@@QAEXXZ 1000662e f i VSNetToolWinShim.obj
 0001:00005659       ?ReflectNotifications@CAxHostWindow@ATL@@QAEJIIJAAH@Z 10006659 f i VSNetToolWinShim.obj
 0001:0000576d       ?QueryService@CAxHostWindow@ATL@@UAGJABU_GUID@@0PAPAX@Z 1000676d f i VSNetToolWinShim.obj
 0001:000057a4       ??1?$CWindowImpl@VCAxHostWindow@ATL@@VCWindow@2@V?$CWinTraits@$0FGAAAAAA@$0A@@2@@ATL@@UAE@XZ 100067a4 f i VSNetToolWinShim.obj
 0001:000057ac       ??1?$CComPtr@UIStream@@@ATL@@QAE@XZ 100067ac f i VSNetToolWinShim.obj
 0001:000057ac       ??1?$CComPtr@UIOleControlSite@@@ATL@@QAE@XZ 100067ac f i VSNetToolWinShim.obj
 0001:000057ac       ??1?$CComPtr@UWindow@EnvDTE@@@ATL@@QAE@XZ 100067ac f i VSNetToolWinShim.obj
 0001:000057ac       ??1?$CComPtr@UIOleInPlaceObject@@@ATL@@QAE@XZ 100067ac f i VSNetToolWinShim.obj
 0001:000057ac       ??1?$CComPtr@UIUnknown@@@ATL@@QAE@XZ 100067ac f i VSNetToolWinShim.obj
 0001:000057ac       ??1?$CComPtr@U_ObjectHandle@mscorlib@@@ATL@@QAE@XZ 100067ac f i VSNetToolWinShim.obj
 0001:000057ac       ??1?$CComPtr@UIPersist@@@ATL@@QAE@XZ 100067ac f i VSNetToolWinShim.obj
 0001:000057ac       ??1?$CComPtr@UIAdviseSink@@@ATL@@QAE@XZ 100067ac f i VSNetToolWinShim.obj
 0001:000057ac       ??1?$CComPtr@UIOleClientSite@@@ATL@@QAE@XZ 100067ac f i VSNetToolWinShim.obj
 0001:000057ac       ??1?$CComPtr@UIWin32Window@@@ATL@@QAE@XZ 100067ac f i VSNetToolWinShim.obj
 0001:000057ac       ??1?$CComPtr@UIOleControl@@@ATL@@QAE@XZ 100067ac f i VSNetToolWinShim.obj
 0001:000057ac       ??1?$CComPtr@UIOleInPlaceUIWindow@@@ATL@@QAE@XZ 100067ac f i VSNetToolWinShim.obj
 0001:000057ac       ??1?$CComPtr@UISpecifyPropertyPages@@@ATL@@QAE@XZ 100067ac f i VSNetToolWinShim.obj
 0001:000057ac       ??1?$CComPtr@U_AppDomain@mscorlib@@@ATL@@QAE@XZ 100067ac f i VSNetToolWinShim.obj
 0001:000057ac       ??1?$CComPtr@UIPersistStreamInit@@@ATL@@QAE@XZ 100067ac f i VSNetToolWinShim.obj
 0001:000057ac       ??1?$CComPtr@UIDataObject@@@ATL@@QAE@XZ 100067ac f i VSNetToolWinShim.obj
 0001:000057ac       ??1?$CComPtr@UIOleObject@@@ATL@@QAE@XZ 100067ac f i VSNetToolWinShim.obj
 0001:000057ac       ??1?$CComPtr@UIDispatch@@@ATL@@QAE@XZ 100067ac f i VSNetToolWinShim.obj
 0001:000057ac       ??1?$CComPtr@UIOleInPlaceFrame@@@ATL@@QAE@XZ 100067ac f i VSNetToolWinShim.obj
 0001:000057ac       ??1?$CComPtr@UITypeLib@@@ATL@@QAE@XZ 100067ac f i VSNetToolHostShim.obj
 0001:000057ac       ??1?$CComPtr@UIPictureDisp@@@ATL@@QAE@XZ 100067ac f i VSNetToolWinShim.obj
 0001:000057ac       ??1?$CComPtr@UITypeInfo@@@ATL@@QAE@XZ 100067ac f i VSNetToolWinShim.obj
 0001:000057ac       ??1?$CComPtr@UIViewObjectEx@@@ATL@@QAE@XZ 100067ac f i VSNetToolWinShim.obj
 0001:000057ac       ??1?$CComPtr@UIConnectionPointContainer@@@ATL@@QAE@XZ 100067ac f i VSNetToolWinShim.obj
 0001:000057ac       ??1?$CComPtr@UIPersistStream@@@ATL@@QAE@XZ 100067ac f i VSNetToolWinShim.obj
 0001:000057ac       ??1?$CComPtr@UIAxWinHostWindowLic@@@ATL@@QAE@XZ 100067ac f i VSNetToolWinShim.obj
 0001:000057ac       ??1?$CComPtr@UITypeInfo2@@@ATL@@QAE@XZ 100067ac f i VSNetToolWinShim.obj
 0001:000057ac       ??1?$CComPtr@UIPointerInactive@@@ATL@@QAE@XZ 100067ac f i VSNetToolWinShim.obj
 0001:000057ac       ??1?$CComPtr@UIClassFactory2@@@ATL@@QAE@XZ 100067ac f i VSNetToolWinShim.obj
 0001:000057ac       ??1?$CComPtr@UICorRuntimeHost@@@ATL@@QAE@XZ 100067ac f i VSNetToolWinShim.obj
 0001:000057ac       ??1?$CComPtr@UIAxWinAmbientDispatch@@@ATL@@QAE@XZ 100067ac f i VSNetToolWinShim.obj
 0001:000057ac       ??1?$CComPtr@UIWebBrowser2@@@ATL@@QAE@XZ 100067ac f i VSNetToolWinShim.obj
 0001:000057ac       ??1?$CComPtr@UICatRegister@@@ATL@@QAE@XZ 100067ac f i VSNetToolHostShim.obj
 0001:000057ac       ??1?$CComPtr@UIObjectWithSite@@@ATL@@QAE@XZ 100067ac f i VSNetToolWinShim.obj
 0001:000057ac       ??1?$CComPtr@UIOleInPlaceActiveObject@@@ATL@@QAE@XZ 100067ac f i VSNetToolWinShim.obj
 0001:000057ac       ??1?$CComPtr@UIConnectionPoint@@@ATL@@QAE@XZ 100067ac f i VSNetToolWinShim.obj
 0001:000057ac       ??1?$CComPtr@UIProvideClassInfo2@@@ATL@@QAE@XZ 100067ac f i VSNetToolWinShim.obj
 0001:00005b9e       _AtlAxCreateControlLic@20  10006b9e f i VSNetToolWinShim.obj
 0001:00005bbf       _AtlAxCreateControlLicEx@32 10006bbf f i VSNetToolWinShim.obj
 0001:00005c8c       _AtlAxWinInit@0            10006c8c f i VSNetToolWinShim.obj
 0001:00005dc7       _AtlAxGetControl@8         10006dc7 f i VSNetToolWinShim.obj
 0001:00005df9       _AtlAxGetHost@8            10006df9 f i VSNetToolWinShim.obj
 0001:00005e2b       ?FormatWindowClassName@AtlModuleRegisterWndClassInfoParamW@ATL@@SAXPAGPAX@Z 10006e2b f i VSNetToolWinShim.obj
 0001:00005e42       ?AtlWinModuleRegisterClassExW@ATL@@YGGPAU_ATL_WIN_MODULE70@1@PBUtagWNDCLASSEXW@@@Z 10006e42 f i VSNetToolWinShim.obj
 0001:00005e78       ?AtlCreateTargetDC@ATL@@YGPAUHDC__@@PAU2@PAUtagDVTARGETDEVICE@@@Z 10006e78 f i VSNetToolWinShim.obj
 0001:00005eda       ?AtlHiMetricToPixel@ATL@@YGXPBUtagSIZE@@PAU2@@Z 10006eda f i VSNetToolWinShim.obj
 0001:00005f31       ?AtlPixelToHiMetric@ATL@@YGXPBUtagSIZE@@PAU2@@Z 10006f31 f i VSNetToolWinShim.obj
 0001:00005f88       ??0CComControlBase@ATL@@QAE@AAPAUHWND__@@@Z 10006f88 f i VSNetToolWinShim.obj
 0001:00005fc2       ??1CComControlBase@ATL@@UAE@XZ 10006fc2 f i VSNetToolWinShim.obj
 0001:00006025       ?OnSetFocus@CComControlBase@ATL@@QAEJIIJAAH@Z 10007025 f i VSNetToolWinShim.obj
 0001:000060cd       ?OnKillFocus@CComControlBase@ATL@@QAEJIIJAAH@Z 100070cd f i VSNetToolWinShim.obj
 0001:0000613d       ?OnMouseActivate@CComControlBase@ATL@@QAEJIIJAAH@Z 1000713d f i VSNetToolWinShim.obj
 0001:000061c7       ?GetAmbientProperty@CComControlBase@ATL@@QAEJJAAUtagVARIANT@@@Z 100071c7 f i VSNetToolWinShim.obj
 0001:000061e5       ?GetAmbientBackColor@CComControlBase@ATL@@QAEJAAK@Z 100071e5 f i VSNetToolWinShim.obj
 0001:00006222       ?GetAmbientLocaleID@CComControlBase@ATL@@QAEJAAK@Z 10007222 f i VSNetToolWinShim.obj
 0001:0000625f       ?GetAmbientUserMode@CComControlBase@ATL@@QAEJAAH@Z 1000725f f i VSNetToolWinShim.obj
 0001:000062b4       ?InternalGetSite@CComControlBase@ATL@@QAEJABU_GUID@@PAPAX@Z 100072b4 f i VSNetToolWinShim.obj
 0001:000062db       ?DoesVerbUIActivate@CComControlBase@ATL@@QAEHJ@Z 100072db f i VSNetToolWinShim.obj
 0001:00006306       ?DoesVerbActivate@CComControlBase@ATL@@QAEHJ@Z 10007306 f i VSNetToolWinShim.obj
 0001:0000631f       ??1?$CComQIPtr@UIOleClientSite@@$1?_GUID_00000118_0000_0000_c000_000000000046@@3U__s_GUID@@B@ATL@@QAE@XZ 1000731f f i VSNetToolWinShim.obj
 0001:0000631f       ??1?$CComQIPtr@UIPersistStreamInit@@$1?_GUID_7fd52380_4e07_101b_ae2d_08002b2ec713@@3U__s_GUID@@B@ATL@@QAE@XZ 1000731f f i VSNetToolWinShim.obj
 0001:0000631f       ??1?$CComQIPtr@UIOleControlSite@@$1?_GUID_b196b289_bab4_101a_b69c_00aa00341d07@@3U__s_GUID@@B@ATL@@QAE@XZ 1000731f f i VSNetToolWinShim.obj
 0001:0000631f       ??1?$CComQIPtr@UWindow@EnvDTE@@$1?_GUID_0beab46b_4c07_4f94_a8d7_1626020e4e53@@3U__s_GUID@@B@ATL@@QAE@XZ 1000731f f i VSNetToolWinShim.obj
 0001:0000631f       ??1?$CComQIPtr@UISpecifyPropertyPages@@$1?_GUID_b196b28b_bab4_101a_b69c_00aa00341d07@@3U__s_GUID@@B@ATL@@QAE@XZ 1000731f f i VSNetToolWinShim.obj
 0001:0000631f       ??1?$CComQIPtr@UIOleInPlaceActiveObject@@$1?_GUID_00000117_0000_0000_c000_000000000046@@3U__s_GUID@@B@ATL@@QAE@XZ 1000731f f i VSNetToolWinShim.obj
 0001:0000631f       ??1?$CComQIPtr@UIOleObject@@$1?_GUID_00000112_0000_0000_c000_000000000046@@3U__s_GUID@@B@ATL@@QAE@XZ 1000731f f i VSNetToolWinShim.obj
 0001:0000631f       ??1?$CComQIPtr@UIOleControl@@$1?_GUID_b196b288_bab4_101a_b69c_00aa00341d07@@3U__s_GUID@@B@ATL@@QAE@XZ 1000731f f i VSNetToolWinShim.obj
 0001:0000631f       ??1?$CComQIPtr@UIPersistStream@@$1?_GUID_00000109_0000_0000_c000_000000000046@@3U__s_GUID@@B@ATL@@QAE@XZ 1000731f f i VSNetToolWinShim.obj
 0001:0000631f       ??1?$CComQIPtr@UIAdviseSink@@$1?_GUID_0000010f_0000_0000_c000_000000000046@@3U__s_GUID@@B@ATL@@QAE@XZ 1000731f f i VSNetToolWinShim.obj
 0001:00006324       ?IQuickActivate_QuickActivate@CComControlBase@ATL@@QAEJPAUtagQACONTAINER@@PAUtagQACONTROL@@@Z 10007324 f i VSNetToolWinShim.obj
 0001:000065a9       ?SetControlFocus@CComControlBase@ATL@@QAEHH@Z 100075a9 f i VSNetToolWinShim.obj
 0001:00006638       ?DoVerbProperties@CComControlBase@ATL@@QAEJPBUtagRECT@@PAUHWND__@@@Z 10007638 f i VSNetToolWinShim.obj
 0001:000067ce       ?InPlaceActivate@CComControlBase@ATL@@QAEJJPBUtagRECT@@@Z 100077ce f i VSNetToolWinShim.obj
 0001:00006aca       ?SendOnDataChange@CComControlBase@ATL@@QAEJK@Z 10007aca f i VSNetToolWinShim.obj
 0001:00006b2f       ?IOleObject_SetClientSite@CComControlBase@ATL@@QAEJPAUIOleClientSite@@@Z 10007b2f f i VSNetToolWinShim.obj
 0001:00006b63       ?IOleObject_GetClientSite@CComControlBase@ATL@@QAEJPAPAUIOleClientSite@@@Z 10007b63 f i VSNetToolWinShim.obj
 0001:00006b84       ?IOleObject_Advise@CComControlBase@ATL@@QAEJPAUIAdviseSink@@PAK@Z 10007b84 f i VSNetToolWinShim.obj
 0001:00006bae       ?IOleObject_Close@CComControlBase@ATL@@QAEJK@Z 10007bae f i VSNetToolWinShim.obj
 0001:00006cab       ?IOleInPlaceObject_InPlaceDeactivate@CComControlBase@ATL@@QAEJXZ 10007cab f i VSNetToolWinShim.obj
 0001:00006d36       ?IOleInPlaceObject_UIDeactivate@CComControlBase@ATL@@QAEJXZ 10007d36 f i VSNetToolWinShim.obj
 0001:00006e03       ?IOleInPlaceObject_SetObjectRects@CComControlBase@ATL@@QAEJPBUtagRECT@@0@Z 10007e03 f i VSNetToolWinShim.obj
 0001:00006ebb       ?IOleObject_SetExtent@CComControlBase@ATL@@QAEJKPAUtagSIZE@@@Z 10007ebb f i VSNetToolWinShim.obj
 0001:00006f7b       ?IViewObject_Draw@CComControlBase@ATL@@QAEJKJPAXPAUtagDVTARGETDEVICE@@PAUHDC__@@2PBU_RECTL@@3@Z 10007f7b f i VSNetToolWinShim.obj
 0001:00007022       ?IDataObject_GetData@CComControlBase@ATL@@QAEJPAUtagFORMATETC@@PAUtagSTGMEDIUM@@@Z 10008022 f i VSNetToolWinShim.obj
 0001:000071a2       ?FireViewChange@CComControlBase@ATL@@QAEJXZ 100081a2 f i VSNetToolWinShim.obj
 0001:000071ec       ?GetZoomInfo@CComControlBase@ATL@@QAEXAAUATL_DRAWINFO@@@Z 100081ec f i VSNetToolWinShim.obj
 0001:0000727c       ?OnDrawAdvanced@CComControlBase@ATL@@UAEJAAUATL_DRAWINFO@@@Z 1000827c f i VSNetToolWinShim.obj
 0001:00007354       ??0CVSNetToolWinShim@@QAE@XZ 10008354 f i VSNetToolWinShim.obj
 0001:000073bf       ?UpdateRegistry@CVSNetToolWinShim@@SGJH@Z 100083bf f i VSNetToolWinShim.obj
 0001:00007438       ?ProcessWindowMessage@CVSNetToolWinShim@@UAEHPAUHWND__@@IIJAAJK@Z 10008438 f i VSNetToolWinShim.obj
 0001:0000747f       ?_GetSinkMap@CVSNetToolWinShim@@SAPBU?$_ATL_EVENT_ENTRY@VCVSNetToolWinShim@@@ATL@@XZ 1000847f f i VSNetToolWinShim.obj
 0001:000074aa       ?OnAmbientPropertyChange@CVSNetToolWinShim@@UAGJJ@Z 100084aa f i VSNetToolWinShim.obj
 0001:000074ce       ?InterfaceSupportsErrorInfo@CVSNetToolWinShim@@UAGJABU_GUID@@@Z 100084ce f i VSNetToolWinShim.obj
 0001:000074f5       ??1CVSNetToolWinShim@@UAE@XZ 100084f5 f i VSNetToolWinShim.obj
 0001:00007546       ?OnSize@CVSNetToolWinShim@@QAEJIIJAAH@Z 10008546 f   VSNetToolWinShim.obj
 0001:0000756f       ?Reset@CVSNetToolWinShim@@QAEXXZ 1000856f f   VSNetToolWinShim.obj
 0001:000075aa       ?HostUserControl2@CVSNetToolWinShim@@UAGJPAUIUnknown@@PAG11HPAPAU2@@Z 100085aa f   VSNetToolWinShim.obj
 0001:00007824       ?HostUserControl@CVSNetToolWinShim@@UAGJPAG0PAPAUIDispatch@@@Z 10008824 f   VSNetToolWinShim.obj
 0001:000079b1       ?FinalConstruct@CVSNetToolWinShim@@QAEJXZ 100089b1 f   VSNetToolWinShim.obj
 0001:00007a70       ?CreateDIBPalette@@YAPAUHPALETTE__@@PAUtagBITMAPINFO@@PAH@Z 10008a70 f   VSNetToolWinShim.obj
 0001:00007b12       ?LoadResourceBitmap@@YAPAUHBITMAP__@@PAUHINSTANCE__@@PAGPAPAUHPALETTE__@@@Z 10008b12 f   VSNetToolWinShim.obj
 0001:00007ba4       ?Add@?$CSimpleArray@GV?$CSimpleArrayEqualHelper@G@ATL@@@ATL@@QAEHABG@Z 10008ba4 f i VSNetToolWinShim.obj
 0001:00007bea       ?Create@?$CWindowImpl@VCAxFrameWindow@ATL@@VCWindow@2@V?$CWinTraits@$0FGAAAAAA@$0A@@2@@ATL@@QAEPAUHWND__@@PAU3@V_U_RECT@2@PBGKKV_U_MENUorID@2@PAX@Z 10008bea f i VSNetToolWinShim.obj
 0001:00007c44       ?GetWindowProc@?$CWindowImplBaseT@VCWindow@ATL@@V?$CWinTraits@$0FGAAAAAA@$0A@@2@@ATL@@UAEP6GJPAUHWND__@@IIJ@ZXZ 10008c44 f i VSNetToolWinShim.obj
 0001:00007c4a       ?DefWindowProcW@?$CWindowImplBaseT@VCWindow@ATL@@V?$CWinTraits@$0FGAAAAAA@$0A@@2@@ATL@@QAEJXZ 10008c4a f i VSNetToolWinShim.obj
 0001:00007c64       ?DefWindowProcW@?$CWindowImplBaseT@VCWindow@ATL@@V?$CWinTraits@$0FGAAAAAA@$0A@@2@@ATL@@QAEJIIJ@Z 10008c64 f i VSNetToolWinShim.obj
 0001:00007c7f       ?Create@?$CWindowImpl@VCAxUIWindow@ATL@@VCWindow@2@V?$CWinTraits@$0FGAAAAAA@$0A@@2@@ATL@@QAEPAUHWND__@@PAU3@V_U_RECT@2@PBGKKV_U_MENUorID@2@PAX@Z 10008c7f f i VSNetToolWinShim.obj
 0001:00007cd9       ?SetSite@?$IObjectWithSiteImpl@VCAxHostWindow@ATL@@@ATL@@UAGJPAUIUnknown@@@Z 10008cd9 f i VSNetToolWinShim.obj
 0001:00007cfb       ?GetSite@?$IObjectWithSiteImpl@VCAxHostWindow@ATL@@@ATL@@UAGJABU_GUID@@PAPAX@Z 10008cfb f i VSNetToolWinShim.obj
 0001:00007d33       ?GetTypeInfo@?$IDispatchImpl@UIAxWinAmbientDispatchEx@@$1?_GUID_b2d0778b_ac99_4c58_a5c8_e7724e5316b5@@3U__s_GUID@@B$1?m_libid@CAtlModule@ATL@@2U_GUID@@A$0PPPP@$0PPPP@VCComTypeInfoHolder@ATL@@@ATL@@UAGJIKPAPAUITypeInfo@@@Z 10008d33 f i VSNetToolWinShim.obj
 0001:00007d4a       ?GetIDsOfNames@?$IDispatchImpl@UIAxWinAmbientDispatchEx@@$1?_GUID_b2d0778b_ac99_4c58_a5c8_e7724e5316b5@@3U__s_GUID@@B$1?m_libid@CAtlModule@ATL@@2U_GUID@@A$0PPPP@$0PPPP@VCComTypeInfoHolder@ATL@@@ATL@@UAGJABU_GUID@@PAPAGIKPAJ@Z 10008d4a f i VSNetToolWinShim.obj
 0001:00007d67       ?Invoke@?$IDispatchImpl@UIAxWinAmbientDispatchEx@@$1?_GUID_b2d0778b_ac99_4c58_a5c8_e7724e5316b5@@3U__s_GUID@@B$1?m_libid@CAtlModule@ATL@@2U_GUID@@A$0PPPP@$0PPPP@VCComTypeInfoHolder@ATL@@@ATL@@UAGJJABU_GUID@@KGPAUtagDISPPARAMS@@PAUtagVARIANT@@PAUtagEXCEPINFO@@PAI@Z 10008d67 f i VSNetToolWinShim.obj
 0001:00007d92       ?CopyTo@?$CComPtrBase@UIOleInPlaceUIWindow@@@ATL@@QAEJPAPAUIOleInPlaceUIWindow@@@Z 10008d92 f i VSNetToolWinShim.obj
 0001:00007d92       ?CopyTo@?$CComPtrBase@UIDispatch@@@ATL@@QAEJPAPAUIDispatch@@@Z 10008d92 f i VSNetToolWinShim.obj
 0001:00007d92       ?CopyTo@?$CComPtrBase@UIOleInPlaceFrame@@@ATL@@QAEJPAPAUIOleInPlaceFrame@@@Z 10008d92 f i VSNetToolWinShim.obj
 0001:00007d92       ?CopyTo@?$CComPtrBase@UIFontDisp@@@ATL@@QAEJPAPAUIFontDisp@@@Z 10008d92 f i VSNetToolWinShim.obj
 0001:00007daf       ??0?$CComQIPtr@UIOleInPlaceActiveObject@@$1?_GUID_00000117_0000_0000_c000_000000000046@@3U__s_GUID@@B@ATL@@QAE@PAUIUnknown@@@Z 10008daf f i VSNetToolWinShim.obj
 0001:00007dd1       ??0?$CComQIPtr@UIOleControl@@$1?_GUID_b196b288_bab4_101a_b69c_00aa00341d07@@3U__s_GUID@@B@ATL@@QAE@PAUIUnknown@@@Z 10008dd1 f i VSNetToolWinShim.obj
 0001:00007df3       ??1?$CComObject@VCAxFrameWindow@ATL@@@ATL@@UAE@XZ 10008df3 f i VSNetToolWinShim.obj
 0001:00007e23       ?Release@?$CComObject@VCAxFrameWindow@ATL@@@ATL@@UAGKXZ 10008e23 f i VSNetToolWinShim.obj
 0001:00007e23       ?Release@?$CComObject@VCAxUIWindow@ATL@@@ATL@@UAGKXZ 10008e23 f i VSNetToolWinShim.obj
 0001:00007e44       ?QueryInterface@?$CComObject@VCAxFrameWindow@ATL@@@ATL@@UAGJABU_GUID@@PAPAX@Z 10008e44 f i VSNetToolWinShim.obj
 0001:00007e63       ??1?$CComObject@VCAxUIWindow@ATL@@@ATL@@UAE@XZ 10008e63 f i VSNetToolWinShim.obj
 0001:00007e93       ?AddRef@?$CComObject@VCAxUIWindow@ATL@@@ATL@@UAGKXZ 10008e93 f i VSNetToolWinShim.obj
 0001:00007e93       ?AddRef@?$CComPolyObject@VCAxHostWindow@ATL@@@ATL@@UAGKXZ 10008e93 f i VSNetToolWinShim.obj
 0001:00007e93       ?AddRef@?$CComObject@VCAxFrameWindow@ATL@@@ATL@@UAGKXZ 10008e93 f i VSNetToolWinShim.obj
 0001:00007e93       ?AddRef@?$CComAggObject@VCVSNetToolWinShim@@@ATL@@UAGKXZ 10008e93 f i VSNetToolWinShim.obj
 0001:00007ea0       ?QueryInterface@?$CComObject@VCAxUIWindow@ATL@@@ATL@@UAGJABU_GUID@@PAPAX@Z 10008ea0 f i VSNetToolWinShim.obj
 0001:00007ebf       ??0?$CComObject@V?$CComEnum@UIEnumUnknown@@$1?_GUID_00000100_0000_0000_c000_000000000046@@3U__s_GUID@@BPAUIUnknown@@V?$_CopyInterface@UIUnknown@@@ATL@@VCComSingleThreadModel@6@@ATL@@@ATL@@QAE@PAX@Z 10008ebf f i VSNetToolWinShim.obj
 0001:00007eda       ??1?$CComObject@V?$CComEnum@UIEnumUnknown@@$1?_GUID_00000100_0000_0000_c000_000000000046@@3U__s_GUID@@BPAUIUnknown@@V?$_CopyInterface@UIUnknown@@@ATL@@VCComSingleThreadModel@6@@ATL@@@ATL@@UAE@XZ 10008eda f i VSNetToolWinShim.obj
 0001:00007efd       ?AddRef@?$CComObject@V?$CComEnum@UIEnumUnknown@@$1?_GUID_00000100_0000_0000_c000_000000000046@@3U__s_GUID@@BPAUIUnknown@@V?$_CopyInterface@UIUnknown@@@ATL@@VCComSingleThreadModel@6@@ATL@@@ATL@@UAGKXZ 10008efd f i VSNetToolWinShim.obj
 0001:00007f0a       ?Release@?$CComObject@V?$CComEnum@UIEnumUnknown@@$1?_GUID_00000100_0000_0000_c000_000000000046@@3U__s_GUID@@BPAUIUnknown@@V?$_CopyInterface@UIUnknown@@@ATL@@VCComSingleThreadModel@6@@ATL@@@ATL@@UAGKXZ 10008f0a f i VSNetToolWinShim.obj
 0001:00007f28       ?QueryInterface@?$CComObject@V?$CComEnum@UIEnumUnknown@@$1?_GUID_00000100_0000_0000_c000_000000000046@@3U__s_GUID@@BPAUIUnknown@@V?$_CopyInterface@UIUnknown@@@ATL@@VCComSingleThreadModel@6@@ATL@@@ATL@@UAGJABU_GUID@@PAPAX@Z 10008f28 f i VSNetToolWinShim.obj
 0001:00007f43       ?Reset@?$CComEnumImpl@UIEnumUnknown@@$1?_GUID_00000100_0000_0000_c000_000000000046@@3U__s_GUID@@BPAUIUnknown@@V?$_CopyInterface@UIUnknown@@@ATL@@@ATL@@UAGJXZ 10008f43 f i VSNetToolWinShim.obj
 0001:00007f52       ??0?$CComQIPtr@UIOleClientSite@@$1?_GUID_00000118_0000_0000_c000_000000000046@@3U__s_GUID@@B@ATL@@QAE@PAUIUnknown@@@Z 10008f52 f i VSNetToolWinShim.obj
 0001:00007f74       ??0?$CComQIPtr@UIPersistStreamInit@@$1?_GUID_7fd52380_4e07_101b_ae2d_08002b2ec713@@3U__s_GUID@@B@ATL@@QAE@PAUIUnknown@@@Z 10008f74 f i VSNetToolWinShim.obj
 0001:00007f96       ??0?$CComQIPtr@UIPersistStream@@$1?_GUID_00000109_0000_0000_c000_000000000046@@3U__s_GUID@@B@ATL@@QAE@PAUIUnknown@@@Z 10008f96 f i VSNetToolWinShim.obj
 0001:00007fb8       ??0?$CComQIPtr@UIAdviseSink@@$1?_GUID_0000010f_0000_0000_c000_000000000046@@3U__s_GUID@@B@ATL@@QAE@PAUIUnknown@@@Z 10008fb8 f i VSNetToolWinShim.obj
 0001:00007fda       ?CreateInstance@?$CComCreator@V?$CComPolyObject@VCAxHostWindow@ATL@@@ATL@@@ATL@@SGJPAXABU_GUID@@PAPAX@Z 10008fda f i VSNetToolWinShim.obj
 0001:00008075       ??0?$CComQIPtr@UIOleControlSite@@$1?_GUID_b196b289_bab4_101a_b69c_00aa00341d07@@3U__s_GUID@@B@ATL@@QAE@PAUIUnknown@@@Z 10009075 f i VSNetToolWinShim.obj
 0001:00008097       ?GetTypeInfoCount@?$IDispatchImpl@UIAxWinAmbientDispatchEx@@$1?_GUID_b2d0778b_ac99_4c58_a5c8_e7724e5316b5@@3U__s_GUID@@B$1?m_libid@CAtlModule@ATL@@2U_GUID@@A$0PPPP@$0PPPP@VCComTypeInfoHolder@ATL@@@ATL@@UAGJPAI@Z 10009097 f i VSNetToolWinShim.obj
 0001:00008097       ?GetTypeInfoCount@?$IDispatchImpl@UIVSNetToolWinShim@@$1?IID_IVSNetToolWinShim@@3U_GUID@@B$1?LIBID_VSNetToolHostShimLib@@3U3@B$00$0A@VCComTypeInfoHolder@ATL@@@ATL@@UAGJPAI@Z 10009097 f i VSNetToolWinShim.obj
 0001:000080b1       ?GetTypeInfo@?$IDispatchImpl@UIVSNetToolWinShim@@$1?IID_IVSNetToolWinShim@@3U_GUID@@B$1?LIBID_VSNetToolHostShimLib@@3U3@B$00$0A@VCComTypeInfoHolder@ATL@@@ATL@@UAGJIKPAPAUITypeInfo@@@Z 100090b1 f i VSNetToolWinShim.obj
 0001:000080c8       ?GetIDsOfNames@?$IDispatchImpl@UIVSNetToolWinShim@@$1?IID_IVSNetToolWinShim@@3U_GUID@@B$1?LIBID_VSNetToolHostShimLib@@3U3@B$00$0A@VCComTypeInfoHolder@ATL@@@ATL@@UAGJABU_GUID@@PAPAGIKPAJ@Z 100090c8 f i VSNetToolWinShim.obj
 0001:000080e5       ?Invoke@?$IDispatchImpl@UIVSNetToolWinShim@@$1?IID_IVSNetToolWinShim@@3U_GUID@@B$1?LIBID_VSNetToolHostShimLib@@3U3@B$00$0A@VCComTypeInfoHolder@ATL@@@ATL@@UAGJJABU_GUID@@KGPAUtagDISPPARAMS@@PAUtagVARIANT@@PAUtagEXCEPINFO@@PAI@Z 100090e5 f i VSNetToolWinShim.obj
 0001:00008110       ?IsDirty@?$IPersistStreamInitImpl@VCVSNetToolWinShim@@@ATL@@UAGJXZ 10009110 f i VSNetToolWinShim.obj
 0001:0000812d       ?Load@?$IPersistStreamInitImpl@VCVSNetToolWinShim@@@ATL@@UAGJPAUIStream@@@Z 1000912d f i VSNetToolWinShim.obj
 0001:0000814e       ?Save@?$IPersistStreamInitImpl@VCVSNetToolWinShim@@@ATL@@UAGJPAUIStream@@H@Z 1000914e f i VSNetToolWinShim.obj
 0001:0000817a       ?GetSizeMax@?$IPersistStreamInitImpl@VCVSNetToolWinShim@@@ATL@@UAGJPAT_ULARGE_INTEGER@@@Z 1000917a f i VSNetToolWinShim.obj
 0001:000082aa       ?InitNew@?$IPersistStreamInitImpl@VCVSNetToolWinShim@@@ATL@@UAGJXZ 100092aa f i VSNetToolWinShim.obj
 0001:000082c0       ?FreezeEvents@?$IOleControlImpl@VCVSNetToolWinShim@@@ATL@@UAGJH@Z 100092c0 f i VSNetToolWinShim.obj
 0001:000082e1       ?SetClientSite@?$IOleObjectImpl@VCVSNetToolWinShim@@@ATL@@UAGJPAUIOleClientSite@@@Z 100092e1 f i VSNetToolWinShim.obj
 0001:000082ff       ?GetClientSite@?$IOleObjectImpl@VCVSNetToolWinShim@@@ATL@@UAGJPAPAUIOleClientSite@@@Z 100092ff f i VSNetToolWinShim.obj
 0001:0000831b       ?InsertMenus@CAxFrameWindow@ATL@@UAGJPAUHMENU__@@PAUtagOleMenuGroupWidths@@@Z 1000931b f i VSNetToolWinShim.obj
 0001:0000831b       ?SetHostNames@?$IOleObjectImpl@VCVSNetToolWinShim@@@ATL@@UAGJPBG0@Z 1000931b f i VSNetToolWinShim.obj
 0001:00008320       ?Close@?$IOleObjectImpl@VCVSNetToolWinShim@@@ATL@@UAGJK@Z 10009320 f i VSNetToolWinShim.obj
 0001:0000833e       ?DoVerb@?$IOleObjectImpl@VCVSNetToolWinShim@@@ATL@@UAGJJPAUtagMSG@@PAUIOleClientSite@@JPAUHWND__@@PBUtagRECT@@@Z 1000933e f i VSNetToolWinShim.obj
 0001:00008405       ?EnumVerbs@?$IOleObjectImpl@VCVSNetToolWinShim@@@ATL@@UAGJPAPAUIEnumOLEVERB@@@Z 10009405 f i VSNetToolWinShim.obj
 0001:00008425       ?Release@CRegObject@ATL@@UAGKXZ 10009425 f i VSNetToolHostShim.obj
 0001:00008425       ?HandsOffStorage@?$IPersistStorageImpl@VCVSNetToolWinShim@@@ATL@@UAGJXZ 10009425 f i VSNetToolWinShim.obj
 0001:00008425       ?IsUpToDate@?$IOleObjectImpl@VCVSNetToolWinShim@@@ATL@@UAGJXZ 10009425 f i VSNetToolWinShim.obj
 0001:00008425       ?RequestUIActivate@CAxHostWindow@ATL@@UAGJXZ 10009425 f i VSNetToolWinShim.obj
 0001:00008425       ?CanInPlaceActivate@CAxHostWindow@ATL@@UAGJXZ 10009425 f i VSNetToolWinShim.obj
 0001:00008425       ?OnControlInfoChanged@CAxHostWindow@ATL@@UAGJXZ 10009425 f i VSNetToolWinShim.obj
 0001:00008425       ?Update@?$IOleObjectImpl@VCVSNetToolWinShim@@@ATL@@UAGJXZ 10009425 f i VSNetToolWinShim.obj
 0001:0000842a       ?GetUserType@?$IOleObjectImpl@VCVSNetToolWinShim@@@ATL@@UAGJKPAPAG@Z 1000942a f i VSNetToolWinShim.obj
 0001:00008440       ?SetExtent@?$IOleObjectImpl@VCVSNetToolWinShim@@@ATL@@UAGJKPAUtagSIZE@@@Z 10009440 f i VSNetToolWinShim.obj
 0001:00008465       ?GetExtent@?$IOleObjectImpl@VCVSNetToolWinShim@@@ATL@@UAGJKPAUtagSIZE@@@Z 10009465 f i VSNetToolWinShim.obj
 0001:000084a1       ?Advise@?$IOleObjectImpl@VCVSNetToolWinShim@@@ATL@@UAGJPAUIAdviseSink@@PAK@Z 100094a1 f i VSNetToolWinShim.obj
 0001:000084c1       ?Unadvise@?$IOleObjectImpl@VCVSNetToolWinShim@@@ATL@@UAGJK@Z 100094c1 f i VSNetToolWinShim.obj
 0001:000084e7       ?EnumAdvise@?$IOleObjectImpl@VCVSNetToolWinShim@@@ATL@@UAGJPAPAUIEnumSTATDATA@@@Z 100094e7 f i VSNetToolWinShim.obj
 0001:0000851c       ?GetMiscStatus@?$IOleObjectImpl@VCVSNetToolWinShim@@@ATL@@UAGJKPAK@Z 1000951c f i VSNetToolWinShim.obj
 0001:00008532       ?GetWindow@?$IOleInPlaceActiveObjectImpl@VCVSNetToolWinShim@@@ATL@@UAGJPAPAUHWND__@@@Z 10009532 f i VSNetToolWinShim.obj
 0001:00008570       ?TranslateAcceleratorW@?$IOleInPlaceActiveObjectImpl@VCVSNetToolWinShim@@@ATL@@UAGJPAUtagMSG@@@Z 10009570 f i VSNetToolWinShim.obj
 0001:0000862e       ?OnDocWindowActivate@?$IOleInPlaceActiveObjectImpl@VCVSNetToolWinShim@@@ATL@@UAGJH@Z 1000962e f i VSNetToolWinShim.obj
 0001:00008651       ?Draw@?$IViewObjectExImpl@VCVSNetToolWinShim@@@ATL@@UAGJKJPAXPAUtagDVTARGETDEVICE@@PAUHDC__@@2PBU_RECTL@@3P6GHK@ZK@Z 10009651 f i VSNetToolWinShim.obj
 0001:00008686       ?GetColorSet@?$IViewObjectExImpl@VCVSNetToolWinShim@@@ATL@@UAGJKJPAXPAUtagDVTARGETDEVICE@@PAUHDC__@@PAPAUtagLOGPALETTE@@@Z 10009686 f i VSNetToolWinShim.obj
 0001:0000868e       ?SetAdvise@?$IViewObjectExImpl@VCVSNetToolWinShim@@@ATL@@UAGJKKPAUIAdviseSink@@@Z 1000968e f i VSNetToolWinShim.obj
 0001:000086b0       ?GetAdvise@?$IViewObjectExImpl@VCVSNetToolWinShim@@@ATL@@UAGJPAK0PAPAUIAdviseSink@@@Z 100096b0 f i VSNetToolWinShim.obj
 0001:000086e3       ?GetExtent@?$IViewObjectExImpl@VCVSNetToolWinShim@@@ATL@@UAGJKJPAUtagDVTARGETDEVICE@@PAUtagSIZE@@@Z 100096e3 f i VSNetToolWinShim.obj
 0001:00008711       ?GetViewStatus@?$IViewObjectExImpl@VCVSNetToolWinShim@@@ATL@@UAGJPAK@Z 10009711 f i VSNetToolWinShim.obj
 0001:0000872b       ?QueryHitPoint@?$IViewObjectExImpl@VCVSNetToolWinShim@@@ATL@@UAGJKPBUtagRECT@@UtagPOINT@@JPAK@Z 1000972b f i VSNetToolWinShim.obj
 0001:0000876c       ?QueryHitRect@?$IViewObjectExImpl@VCVSNetToolWinShim@@@ATL@@UAGJKPBUtagRECT@@0JPAK@Z 1000976c f i VSNetToolWinShim.obj
 0001:000087b1       ?GetNaturalExtent@?$IViewObjectExImpl@VCVSNetToolWinShim@@@ATL@@UAGJKJPAUtagDVTARGETDEVICE@@PAUHDC__@@PAUtagExtentInfo@@PAUtagSIZE@@@Z 100097b1 f i VSNetToolWinShim.obj
 0001:000087f9       ?GetWindow@?$IOleInPlaceObjectWindowlessImpl@VCVSNetToolWinShim@@@ATL@@UAGJPAPAUHWND__@@@Z 100097f9 f i VSNetToolWinShim.obj
 0001:00008837       ?InPlaceDeactivate@?$IOleInPlaceObjectWindowlessImpl@VCVSNetToolWinShim@@@ATL@@UAGJXZ 10009837 f i VSNetToolWinShim.obj
 0001:00008851       ?UIDeactivate@?$IOleInPlaceObjectWindowlessImpl@VCVSNetToolWinShim@@@ATL@@UAGJXZ 10009851 f i VSNetToolWinShim.obj
 0001:0000886b       ?SetObjectRects@?$IOleInPlaceObjectWindowlessImpl@VCVSNetToolWinShim@@@ATL@@UAGJPBUtagRECT@@0@Z 1000986b f i VSNetToolWinShim.obj
 0001:0000888e       ?OnWindowMessage@?$IOleInPlaceObjectWindowlessImpl@VCVSNetToolWinShim@@@ATL@@UAGJIIJPAJ@Z 1000988e f i VSNetToolWinShim.obj
 0001:000088f7       ?GetClassID@?$IPersistStorageImpl@VCVSNetToolWinShim@@@ATL@@UAGJPAU_GUID@@@Z 100098f7 f i VSNetToolWinShim.obj
 0001:000088f7       ?GetClassID@?$IPersistStreamInitImpl@VCVSNetToolWinShim@@@ATL@@UAGJPAU_GUID@@@Z 100098f7 f i VSNetToolWinShim.obj
 0001:000088f7       ?GetUserClassID@?$IOleObjectImpl@VCVSNetToolWinShim@@@ATL@@UAGJPAU_GUID@@@Z 100098f7 f i VSNetToolWinShim.obj
 0001:00008918       ?IsDirty@?$IPersistStorageImpl@VCVSNetToolWinShim@@@ATL@@UAGJXZ 10009918 f i VSNetToolWinShim.obj
 0001:0000896d       ?InitNew@?$IPersistStorageImpl@VCVSNetToolWinShim@@@ATL@@UAGJPAUIStorage@@@Z 1000996d f i VSNetToolWinShim.obj
 0001:000089c2       ?Load@?$IPersistStorageImpl@VCVSNetToolWinShim@@@ATL@@UAGJPAUIStorage@@@Z 100099c2 f i VSNetToolWinShim.obj
 0001:00008a5d       ?Save@?$IPersistStorageImpl@VCVSNetToolWinShim@@@ATL@@UAGJPAUIStorage@@H@Z 10009a5d f i VSNetToolWinShim.obj
 0001:00008aff       ?GetPages@?$ISpecifyPropertyPagesImpl@VCVSNetToolWinShim@@@ATL@@UAGJPAUtagCAUUID@@@Z 10009aff f i VSNetToolWinShim.obj
 0001:00008b10       ?QuickActivate@?$IQuickActivateImpl@VCVSNetToolWinShim@@@ATL@@UAGJPAUtagQACONTAINER@@PAUtagQACONTROL@@@Z 10009b10 f i VSNetToolWinShim.obj
 0001:00008b30       ?SetContentExtent@?$IQuickActivateImpl@VCVSNetToolWinShim@@@ATL@@UAGJPAUtagSIZE@@@Z 10009b30 f i VSNetToolWinShim.obj
 0001:00008b51       ?GetContentExtent@?$IQuickActivateImpl@VCVSNetToolWinShim@@@ATL@@UAGJPAUtagSIZE@@@Z 10009b51 f i VSNetToolWinShim.obj
 0001:00008b72       ?GetData@?$IDataObjectImpl@VCVSNetToolWinShim@@@ATL@@UAGJPAUtagFORMATETC@@PAUtagSTGMEDIUM@@@Z 10009b72 f i VSNetToolWinShim.obj
 0001:00008b92       ?DAdvise@?$IDataObjectImpl@VCVSNetToolWinShim@@@ATL@@UAGJPAUtagFORMATETC@@KPAUIAdviseSink@@PAK@Z 10009b92 f i VSNetToolWinShim.obj
 0001:00008bd3       ?DUnadvise@?$IDataObjectImpl@VCVSNetToolWinShim@@@ATL@@UAGJK@Z 10009bd3 f i VSNetToolWinShim.obj
 0001:00008bfb       ?EnumDAdvise@?$IDataObjectImpl@VCVSNetToolWinShim@@@ATL@@UAGJPAPAUIEnumSTATDATA@@@Z 10009bfb f i VSNetToolWinShim.obj
 0001:00008c32       ?GetClassInfoW@?$IProvideClassInfo2Impl@$1?CLSID_VSNetToolWinShim@@3U_GUID@@B$0A@$1?LIBID_VSNetToolHostShimLib@@3U2@B$00$0A@VCComTypeInfoHolder@ATL@@@ATL@@UAGJPAPAUITypeInfo@@@Z 10009c32 f i VSNetToolWinShim.obj
 0001:00008c47       ?GetGUID@?$IProvideClassInfo2Impl@$1?CLSID_VSNetToolWinShim@@3U_GUID@@B$0A@$1?LIBID_VSNetToolHostShimLib@@3U2@B$00$0A@VCComTypeInfoHolder@ATL@@@ATL@@UAGJKPAU_GUID@@@Z 10009c47 f i VSNetToolWinShim.obj
 0001:00008c6b       ??0?$CComCompositeControl@VCVSNetToolWinShim@@@ATL@@QAE@XZ 10009c6b f i VSNetToolWinShim.obj
 0001:00008c8a       ??1?$CComCompositeControl@VCVSNetToolWinShim@@@ATL@@UAE@XZ 10009c8a f i VSNetToolWinShim.obj
 0001:00008caa       ?SetBackgroundColorFromAmbient@?$CComCompositeControl@VCVSNetToolWinShim@@@ATL@@QAEJXZ 10009caa f i VSNetToolWinShim.obj
 0001:00008d03       ?CalcExtent@?$CComCompositeControl@VCVSNetToolWinShim@@@ATL@@QAEHAAUtagSIZE@@@Z 10009d03 f i VSNetToolWinShim.obj
 0001:00008d4e       ?CreateControlWindow@?$CComCompositeControl@VCVSNetToolWinShim@@@ATL@@UAEPAUHWND__@@PAU3@AAUtagRECT@@@Z 10009d4e f i VSNetToolWinShim.obj
 0001:00008d81       ?OnDraw@?$CComCompositeControl@VCVSNetToolWinShim@@@ATL@@UAEJAAUATL_DRAWINFO@@@Z 10009d81 f i VSNetToolWinShim.obj
 0001:00008e03       ?ProcessWindowMessage@?$CComCompositeControl@VCVSNetToolWinShim@@@ATL@@UAEHPAUHWND__@@IIJAAJK@Z 10009e03 f i VSNetToolWinShim.obj
 0001:00008f1c       ?ControlQueryInterface@?$CComControl@VCVSNetToolWinShim@@V?$CAxDialogImpl@VCVSNetToolWinShim@@VCWindow@ATL@@@ATL@@@ATL@@UAEJABU_GUID@@PAPAX@Z 10009f1c f i VSNetToolWinShim.obj
 0001:00008f37       ?GetDialogProc@?$CAxDialogImpl@VCVSNetToolWinShim@@VCWindow@ATL@@@ATL@@UAEP6GHPAUHWND__@@IIJ@ZXZ 10009f37 f i VSNetToolWinShim.obj
 0001:00008f3d       ?CreateActiveXControls@?$CAxDialogImpl@VCVSNetToolWinShim@@VCWindow@ATL@@@ATL@@UAEJI@Z 10009f3d f i VSNetToolWinShim.obj
 0001:0000926f       ?CreateInstance@?$CComCreator@V?$CComObjectCached@VCComClassFactory@ATL@@@ATL@@@ATL@@SGJPAXABU_GUID@@PAPAX@Z 1000a26f f i VSNetToolWinShim.obj
 0001:00009304       ?CreateInstance@?$CComCreator2@V?$CComCreator@V?$CComObject@VCVSNetToolWinShim@@@ATL@@@ATL@@V?$CComCreator@V?$CComAggObject@VCVSNetToolWinShim@@@ATL@@@2@@ATL@@SGJPAXABU_GUID@@PAPAX@Z 1000a304 f i VSNetToolWinShim.obj
 0001:00009324       ??0?$CComQIPtr@UWindow@EnvDTE@@$1?_GUID_0beab46b_4c07_4f94_a8d7_1626020e4e53@@3U__s_GUID@@B@ATL@@QAE@PAUIUnknown@@@Z 1000a324 f i VSNetToolWinShim.obj
 0001:00009346       ??_G?$CComObject@VCAxFrameWindow@ATL@@@ATL@@UAEPAXI@Z 1000a346 f i VSNetToolWinShim.obj
 0001:00009346       ??_E?$CComObject@VCAxFrameWindow@ATL@@@ATL@@UAEPAXI@Z 1000a346 f i VSNetToolWinShim.obj
 0001:00009362       ??_E?$CComObject@VCAxUIWindow@ATL@@@ATL@@UAEPAXI@Z 1000a362 f i VSNetToolWinShim.obj
 0001:00009362       ??_G?$CComObject@VCAxUIWindow@ATL@@@ATL@@UAEPAXI@Z 1000a362 f i VSNetToolWinShim.obj
 0001:0000937e       ??_G?$CComObject@V?$CComEnum@UIEnumUnknown@@$1?_GUID_00000100_0000_0000_c000_000000000046@@3U__s_GUID@@BPAUIUnknown@@V?$_CopyInterface@UIUnknown@@@ATL@@VCComSingleThreadModel@6@@ATL@@@ATL@@UAEPAXI@Z 1000a37e f i VSNetToolWinShim.obj
 0001:0000937e       ??_E?$CComObject@V?$CComEnum@UIEnumUnknown@@$1?_GUID_00000100_0000_0000_c000_000000000046@@3U__s_GUID@@BPAUIUnknown@@V?$_CopyInterface@UIUnknown@@@ATL@@VCComSingleThreadModel@6@@ATL@@@ATL@@UAEPAXI@Z 1000a37e f i VSNetToolWinShim.obj
 0001:0000939a       ??0?$CComEnum@UIEnumUnknown@@$1?_GUID_00000100_0000_0000_c000_000000000046@@3U__s_GUID@@BPAUIUnknown@@V?$_CopyInterface@UIUnknown@@@ATL@@VCComSingleThreadModel@6@@ATL@@QAE@XZ 1000a39a f i VSNetToolWinShim.obj
 0001:000093af       ??1?$CComEnum@UIEnumUnknown@@$1?_GUID_00000100_0000_0000_c000_000000000046@@3U__s_GUID@@BPAUIUnknown@@V?$_CopyInterface@UIUnknown@@@ATL@@VCComSingleThreadModel@6@@ATL@@UAE@XZ 1000a3af f i VSNetToolWinShim.obj
 0001:000093b4       ??_G?$CComCompositeControl@VCVSNetToolWinShim@@@ATL@@UAEPAXI@Z 1000a3b4 f i VSNetToolWinShim.obj
 0001:000093b4       ??_E?$CComCompositeControl@VCVSNetToolWinShim@@@ATL@@UAEPAXI@Z 1000a3b4 f i VSNetToolWinShim.obj
 0001:000093d2       ??1?$CComControl@VCVSNetToolWinShim@@V?$CAxDialogImpl@VCVSNetToolWinShim@@VCWindow@ATL@@@ATL@@@ATL@@UAE@XZ 1000a3d2 f i VSNetToolWinShim.obj
 0001:000093ec       ?InternalSetAtIndex@?$CSimpleArray@GV?$CSimpleArrayEqualHelper@G@ATL@@@ATL@@QAEXHABG@Z 1000a3ec f i VSNetToolWinShim.obj
 0001:00009402       ?Create@?$CAxWindow2T@VCWindow@ATL@@@ATL@@QAEPAUHWND__@@PAU3@V_U_RECT@2@PBGKKV_U_MENUorID@2@PAX@Z 1000a402 f i VSNetToolWinShim.obj
 0001:0000942b       ?CreateControlLic@?$CAxWindow2T@VCWindow@ATL@@@ATL@@QAEJPBGPAUIStream@@PAPAUIUnknown@@PAG@Z 1000a42b f i VSNetToolWinShim.obj
 0001:0000944c       ??0?$CComPtr@UIOleInPlaceActiveObject@@@ATL@@QAE@XZ 1000a44c f i VSNetToolWinShim.obj
 0001:0000944c       ??0?$CComPtr@UIUnknown@@@ATL@@QAE@XZ 1000a44c f i VSNetToolWinShim.obj
 0001:0000944c       ??0?$CComPtr@UIConnectionPointContainer@@@ATL@@QAE@XZ 1000a44c f i VSNetToolWinShim.obj
 0001:0000944c       ??0?$CComPtr@UWindow@EnvDTE@@@ATL@@QAE@XZ 1000a44c f i VSNetToolWinShim.obj
 0001:0000944c       ??0?$CComPtr@UIPersistStream@@@ATL@@QAE@XZ 1000a44c f i VSNetToolWinShim.obj
 0001:0000944c       ??0?$CComPtr@UIAxWinHostWindowLic@@@ATL@@QAE@XZ 1000a44c f i VSNetToolWinShim.obj
 0001:0000944c       ??0?$CComPtr@UIOleControlSite@@@ATL@@QAE@XZ 1000a44c f i VSNetToolWinShim.obj
 0001:0000944c       ??0?$CComPtr@UIAdviseSink@@@ATL@@QAE@XZ 1000a44c f i VSNetToolWinShim.obj
 0001:0000944c       ??0?$CComPtr@UIDispatch@@@ATL@@QAE@XZ 1000a44c f i VSNetToolWinShim.obj
 0001:0000944c       ??0?$CComPtr@UITypeLib@@@ATL@@QAE@XZ 1000a44c f i VSNetToolHostShim.obj
 0001:0000944c       ??0?$CComPtr@UIPersistStreamInit@@@ATL@@QAE@XZ 1000a44c f i VSNetToolWinShim.obj
 0001:0000944c       ??0?$CComPtr@UICatRegister@@@ATL@@QAE@XZ 1000a44c f i VSNetToolHostShim.obj
 0001:0000944c       ??0?$CComPtr@UIPersist@@@ATL@@QAE@XZ 1000a44c f i VSNetToolWinShim.obj
 0001:0000944c       ??0?$CComPtr@UIProvideClassInfo2@@@ATL@@QAE@XZ 1000a44c f i VSNetToolWinShim.obj
 0001:0000944c       ??0?$CComPtr@UIOleControl@@@ATL@@QAE@XZ 1000a44c f i VSNetToolWinShim.obj
 0001:0000944c       ??0?$CComPtr@UIConnectionPoint@@@ATL@@QAE@XZ 1000a44c f i VSNetToolWinShim.obj
 0001:0000944c       ??0?$CComPtr@UIOleClientSite@@@ATL@@QAE@XZ 1000a44c f i VSNetToolWinShim.obj
 0001:0000944c       ??0?$CComPtr@UITypeInfo@@@ATL@@QAE@XZ 1000a44c f i VSNetToolWinShim.obj
 0001:00009450       ?IPersistStreamInit_Load@?$IPersistStreamInitImpl@VCVSNetToolWinShim@@@ATL@@QAEJPAUIStream@@PAUATL_PROPMAP_ENTRY@2@@Z 1000a450 f i VSNetToolWinShim.obj
 0001:00009477       ?DoVerbPrimary@?$IOleObjectImpl@VCVSNetToolWinShim@@@ATL@@QAEJPBUtagRECT@@PAUHWND__@@@Z 1000a477 f i VSNetToolWinShim.obj
 0001:000094f7       ?DoVerbShow@?$IOleObjectImpl@VCVSNetToolWinShim@@@ATL@@QAEJPBUtagRECT@@PAUHWND__@@@Z 1000a4f7 f i VSNetToolWinShim.obj
 0001:00009517       ?DoVerbInPlaceActivate@?$IOleObjectImpl@VCVSNetToolWinShim@@@ATL@@QAEJPBUtagRECT@@PAUHWND__@@@Z 1000a517 f i VSNetToolWinShim.obj
 0001:00009548       ?DoVerbUIActivate@?$IOleObjectImpl@VCVSNetToolWinShim@@@ATL@@QAEJPBUtagRECT@@PAUHWND__@@@Z 1000a548 f i VSNetToolWinShim.obj
 0001:00009570       ?DoVerbHide@?$IOleObjectImpl@VCVSNetToolWinShim@@@ATL@@QAEJPBUtagRECT@@PAUHWND__@@@Z 1000a570 f i VSNetToolWinShim.obj
 0001:0000959c       ?GetPagesHelper@?$ISpecifyPropertyPagesImpl@VCVSNetToolWinShim@@@ATL@@IAEJPAUtagCAUUID@@PAUATL_PROPMAP_ENTRY@2@@Z 1000a59c f i VSNetToolWinShim.obj
 0001:00009694       ?AdviseSinkMap@?$CComCompositeControl@VCVSNetToolWinShim@@@ATL@@QAEJ_N@Z 1000a694 f i VSNetToolWinShim.obj
 0001:000096bf       ?BackgroundColorEnumProc@?$CComCompositeControl@VCVSNetToolWinShim@@@ATL@@SGHPAUHWND__@@J@Z 1000a6bf f i VSNetToolWinShim.obj
 0001:00009722       ?OnDialogColor@?$CComCompositeControl@VCVSNetToolWinShim@@@ATL@@QAEJIIJAAH@Z 1000a722 f i VSNetToolWinShim.obj
 0001:0000977d       ?Create@?$CComCompositeControl@VCVSNetToolWinShim@@@ATL@@QAEPAUHWND__@@PAU3@AAUtagRECT@@J@Z 1000a77d f i VSNetToolWinShim.obj
 0001:000097ac       ?PreTranslateAccelerator@?$CComCompositeControl@VCVSNetToolWinShim@@@ATL@@QAEHPAUtagMSG@@AAJ@Z 1000a7ac f i VSNetToolWinShim.obj
 0001:00009ab7       ?IOleInPlaceObject_InPlaceDeactivate@?$CComCompositeControl@VCVSNetToolWinShim@@@ATL@@QAEJXZ 1000aab7 f i VSNetToolWinShim.obj
 0001:00009ad1       ?IOleInPlaceObject_UIDeactivate@?$CComCompositeControl@VCVSNetToolWinShim@@@ATL@@QAEJXZ 1000aad1 f i VSNetToolWinShim.obj
 0001:00009b75       ?OnSetFocus@?$CComCompositeControl@VCVSNetToolWinShim@@@ATL@@QAEJIIJAAH@Z 1000ab75 f i VSNetToolWinShim.obj
 0001:00009c25       ?OnMouseActivate@?$CComCompositeControl@VCVSNetToolWinShim@@@ATL@@QAEJIIJAAH@Z 1000ac25 f i VSNetToolWinShim.obj
 0001:00009cfe       ??0?$CComControl@VCVSNetToolWinShim@@V?$CAxDialogImpl@VCVSNetToolWinShim@@VCWindow@ATL@@@ATL@@@ATL@@QAE@XZ 1000acfe f i VSNetToolWinShim.obj
 0001:00009d1d       ??0?$CComPolyObject@VCAxHostWindow@ATL@@@ATL@@QAE@PAX@Z 1000ad1d f i VSNetToolWinShim.obj
 0001:00009d67       ??1?$CComPolyObject@VCAxHostWindow@ATL@@@ATL@@UAE@XZ 1000ad67 f i VSNetToolWinShim.obj
 0001:00009db3       ?Release@?$CComPolyObject@VCAxHostWindow@ATL@@@ATL@@UAGKXZ 1000adb3 f i VSNetToolWinShim.obj
 0001:00009db3       ?Release@?$CComAggObject@VCVSNetToolWinShim@@@ATL@@UAGKXZ 1000adb3 f i VSNetToolWinShim.obj
 0001:00009dd1       ?QueryInterface@?$CComPolyObject@VCAxHostWindow@ATL@@@ATL@@UAGJABU_GUID@@PAPAX@Z 1000add1 f i VSNetToolWinShim.obj
 0001:00009e1c       ?AddRef@?$CComContainedObject@VCAxHostWindow@ATL@@@ATL@@UAGKXZ 1000ae1c f i VSNetToolWinShim.obj
 0001:00009e2c       ?Release@?$CComContainedObject@VCAxHostWindow@ATL@@@ATL@@UAGKXZ 1000ae2c f i VSNetToolWinShim.obj
 0001:00009e3c       ?QueryInterface@?$CComContainedObject@VCAxHostWindow@ATL@@@ATL@@UAGJABU_GUID@@PAPAX@Z 1000ae3c f i VSNetToolWinShim.obj
 0001:00009e53       ?GetControllingUnknown@?$CComContainedObject@VCAxHostWindow@ATL@@@ATL@@UAEPAUIUnknown@@XZ 1000ae53 f i VSNetToolWinShim.obj
 0001:00009e57       ??0?$CComObjectCached@VCComClassFactory@ATL@@@ATL@@QAE@PAX@Z 1000ae57 f i VSNetToolWinShim.obj
 0001:00009e8f       ??1?$CComObjectCached@VCComClassFactory@ATL@@@ATL@@UAE@XZ 1000ae8f f i VSNetToolWinShim.obj
 0001:00009ebb       ?AddRef@?$CComObjectCached@VCComClassFactory@ATL@@@ATL@@UAGKXZ 1000aebb f i VSNetToolWinShim.obj
 0001:00009ef7       ?Release@?$CComObjectCached@VCComClassFactory@ATL@@@ATL@@UAGKXZ 1000aef7 f i VSNetToolWinShim.obj
 0001:00009f42       ?QueryInterface@?$CComObjectCached@VCComClassFactory@ATL@@@ATL@@UAGJABU_GUID@@PAPAX@Z 1000af42 f i VSNetToolWinShim.obj
 0001:00009f5d       ?CreateInstance@?$CComCreator@V?$CComObject@VCVSNetToolWinShim@@@ATL@@@ATL@@SGJPAXABU_GUID@@PAPAX@Z 1000af5d f i VSNetToolWinShim.obj
 0001:0000a008       ?CreateInstance@?$CComCreator@V?$CComAggObject@VCVSNetToolWinShim@@@ATL@@@ATL@@SGJPAXABU_GUID@@PAPAX@Z 1000b008 f i VSNetToolWinShim.obj
 0001:0000a0b3       ??_G?$CComPolyObject@VCAxHostWindow@ATL@@@ATL@@UAEPAXI@Z 1000b0b3 f i VSNetToolWinShim.obj
 0001:0000a0b3       ??_E?$CComPolyObject@VCAxHostWindow@ATL@@@ATL@@UAEPAXI@Z 1000b0b3 f i VSNetToolWinShim.obj
 0001:0000a0cf       ??1?$CComContainedObject@VCAxHostWindow@ATL@@@ATL@@UAE@XZ 1000b0cf f i VSNetToolWinShim.obj
 0001:0000a0d4       ??_G?$CComObjectCached@VCComClassFactory@ATL@@@ATL@@UAEPAXI@Z 1000b0d4 f i VSNetToolWinShim.obj
 0001:0000a0d4       ??_E?$CComObjectCached@VCComClassFactory@ATL@@@ATL@@UAEPAXI@Z 1000b0d4 f i VSNetToolWinShim.obj
 0001:0000a0f0       ??0CComClassFactory@ATL@@QAE@XZ 1000b0f0 f i VSNetToolWinShim.obj
 0001:0000a107       ?ExecuteDlgInit@?$CDialogImplBaseT@VCWindow@ATL@@@ATL@@QAEHH@Z 1000b107 f i VSNetToolWinShim.obj
 0001:0000a23c       ?CreateControlLicEx@?$CAxWindow2T@VCWindow@ATL@@@ATL@@QAEJPBGPAUIStream@@PAPAUIUnknown@@2ABU_GUID@@PAU4@PAG@Z 1000b23c f i VSNetToolWinShim.obj
 0001:0000a315       ?Create@?$CAxDialogImpl@VCVSNetToolWinShim@@VCWindow@ATL@@@ATL@@QAEPAUHWND__@@PAU3@J@Z 1000b315 f i VSNetToolWinShim.obj
 0001:0000a346       ??0?$CComContainedObject@VCAxHostWindow@ATL@@@ATL@@QAE@PAX@Z 1000b346 f i VSNetToolWinShim.obj
 0001:0000a3a7       ??0?$CComObject@VCVSNetToolWinShim@@@ATL@@QAE@PAX@Z 1000b3a7 f i VSNetToolWinShim.obj
 0001:0000a423       ??1?$CComObject@VCVSNetToolWinShim@@@ATL@@UAE@XZ 1000b423 f i VSNetToolWinShim.obj
 0001:0000a4ab       ?AddRef@?$CComObject@VCVSNetToolWinShim@@@ATL@@UAGKXZ 1000b4ab f i VSNetToolWinShim.obj
 0001:0000a4bb       ?Release@?$CComObject@VCVSNetToolWinShim@@@ATL@@UAGKXZ 1000b4bb f i VSNetToolWinShim.obj
 0001:0000a4df       ?QueryInterface@?$CComObject@VCVSNetToolWinShim@@@ATL@@UAGJABU_GUID@@PAPAX@Z 1000b4df f i VSNetToolWinShim.obj
 0001:0000a4fa       ??0?$CComAggObject@VCVSNetToolWinShim@@@ATL@@QAE@PAX@Z 1000b4fa f i VSNetToolWinShim.obj
 0001:0000a53f       ??1?$CComAggObject@VCVSNetToolWinShim@@@ATL@@UAE@XZ 1000b53f f i VSNetToolWinShim.obj
 0001:0000a585       ?QueryInterface@?$CComAggObject@VCVSNetToolWinShim@@@ATL@@UAGJABU_GUID@@PAPAX@Z 1000b585 f i VSNetToolWinShim.obj
 0001:0000a5d0       ?AddRef@?$CComContainedObject@VCVSNetToolWinShim@@@ATL@@UAGKXZ 1000b5d0 f i VSNetToolWinShim.obj
 0001:0000a5e3       ?Release@?$CComContainedObject@VCVSNetToolWinShim@@@ATL@@UAGKXZ 1000b5e3 f i VSNetToolWinShim.obj
 0001:0000a5f6       ?QueryInterface@?$CComContainedObject@VCVSNetToolWinShim@@@ATL@@UAGJABU_GUID@@PAPAX@Z 1000b5f6 f i VSNetToolWinShim.obj
 0001:0000a610       ??_E?$CComContainedObject@VCAxHostWindow@ATL@@@ATL@@UAEPAXI@Z 1000b610 f i VSNetToolWinShim.obj
 0001:0000a610       ??_G?$CComContainedObject@VCAxHostWindow@ATL@@@ATL@@UAEPAXI@Z 1000b610 f i VSNetToolWinShim.obj
 0001:0000a62d       ??_E?$CComObject@VCVSNetToolWinShim@@@ATL@@UAEPAXI@Z 1000b62d f i VSNetToolWinShim.obj
 0001:0000a62d       ??_G?$CComObject@VCVSNetToolWinShim@@@ATL@@UAEPAXI@Z 1000b62d f i VSNetToolWinShim.obj
 0001:0000a649       ??_E?$CComAggObject@VCVSNetToolWinShim@@@ATL@@UAEPAXI@Z 1000b649 f i VSNetToolWinShim.obj
 0001:0000a649       ??_G?$CComAggObject@VCVSNetToolWinShim@@@ATL@@UAEPAXI@Z 1000b649 f i VSNetToolWinShim.obj
 0001:0000a665       ??1?$CComContainedObject@VCVSNetToolWinShim@@@ATL@@UAE@XZ 1000b665 f i VSNetToolWinShim.obj
 0001:0000a66a       ??0?$CComContainedObject@VCVSNetToolWinShim@@@ATL@@QAE@PAX@Z 1000b66a f i VSNetToolWinShim.obj
 0001:0000a6e7       ??_E?$CComContainedObject@VCVSNetToolWinShim@@@ATL@@UAEPAXI@Z 1000b6e7 f i VSNetToolWinShim.obj
 0001:0000a6e7       ??_G?$CComContainedObject@VCVSNetToolWinShim@@@ATL@@UAEPAXI@Z 1000b6e7 f i VSNetToolWinShim.obj
 0001:0000a705       ?StartDialogProc@?$CDialogImplBaseT@VCWindow@ATL@@@ATL@@SGHPAUHWND__@@IIJ@Z 1000b705 f i VSNetToolWinShim.obj
 0001:0000a74c       ?DialogProc@?$CDialogImplBaseT@VCWindow@ATL@@@ATL@@SGHPAUHWND__@@IIJ@Z 1000b74c f i VSNetToolWinShim.obj
 0001:0000a814       ?StartWindowProc@?$CWindowImplBaseT@VCWindow@ATL@@V?$CWinTraits@$0FGAAAAAA@$0A@@2@@ATL@@SGJPAUHWND__@@IIJ@Z 1000b814 f i VSNetToolWinShim.obj
 0001:0000a85b       ?WindowProc@?$CWindowImplBaseT@VCWindow@ATL@@V?$CWinTraits@$0FGAAAAAA@$0A@@2@@ATL@@SGJPAUHWND__@@IIJ@Z 1000b85b f i VSNetToolWinShim.obj
 0001:0000a93d       ?Create@?$CWindowImplBaseT@VCWindow@ATL@@V?$CWinTraits@$0FGAAAAAA@$0A@@2@@ATL@@QAEPAUHWND__@@PAU3@V_U_RECT@2@PBGKKV_U_MENUorID@2@GPAX@Z 1000b93d f i VSNetToolWinShim.obj
 0001:0000a9b3       ?SubclassWindow@?$CWindowImplBaseT@VCWindow@ATL@@V?$CWinTraits@$0FGAAAAAA@$0A@@2@@ATL@@QAEHPAUHWND__@@@Z 1000b9b3 f i VSNetToolWinShim.obj
 0001:0000a9df       ?UnsubclassWindow@?$CWindowImplBaseT@VCWindow@ATL@@V?$CWinTraits@$0FGAAAAAA@$0A@@2@@ATL@@QAEPAUHWND__@@H@Z 1000b9df f i VSNetToolWinShim.obj
 0001:0000aa24       ?CreateInstance@?$CComObject@VCAxFrameWindow@ATL@@@ATL@@SGJPAPAV12@@Z 1000ba24 f i VSNetToolWinShim.obj
 0001:0000aa99       ?CreateInstance@?$CComObject@VCAxUIWindow@ATL@@@ATL@@SGJPAPAV12@@Z 1000ba99 f i VSNetToolWinShim.obj
 0001:0000ab0e       ??1?$CComEnumImpl@UIEnumUnknown@@$1?_GUID_00000100_0000_0000_c000_000000000046@@3U__s_GUID@@BPAUIUnknown@@V?$_CopyInterface@UIUnknown@@@ATL@@@ATL@@UAE@XZ 1000bb0e f i VSNetToolWinShim.obj
 0001:0000ab6b       ?Next@?$CComEnumImpl@UIEnumUnknown@@$1?_GUID_00000100_0000_0000_c000_000000000046@@3U__s_GUID@@BPAUIUnknown@@V?$_CopyInterface@UIUnknown@@@ATL@@@ATL@@UAGJKPAPAUIUnknown@@PAK@Z 1000bb6b f i VSNetToolWinShim.obj
 0001:0000ac06       ?Skip@?$CComEnumImpl@UIEnumUnknown@@$1?_GUID_00000100_0000_0000_c000_000000000046@@3U__s_GUID@@BPAUIUnknown@@V?$_CopyInterface@UIUnknown@@@ATL@@@ATL@@UAGJK@Z 1000bc06 f i VSNetToolWinShim.obj
 0001:0000ac3e       ?Clone@?$CComEnumImpl@UIEnumUnknown@@$1?_GUID_00000100_0000_0000_c000_000000000046@@3U__s_GUID@@BPAUIUnknown@@V?$_CopyInterface@UIUnknown@@@ATL@@@ATL@@UAGJPAPAUIEnumUnknown@@@Z 1000bc3e f i VSNetToolWinShim.obj
[...]
  6203 0001:000007cb  6204 0001:000007de  6206 0001:000007e7  6209 0001:000007f5
  6210 0001:0000080a  6211 0001:00000816  6212 0001:00000821  6131 0001:00000831
  6134 0001:00000837  6139 0001:00000842  6141 0001:00000860  6145 0001:00000862
  6147 0001:00000865  6154 0001:0000086d  6156 0001:00000870  6158 0001:0000087e
  6161 0001:00000880  6164 0001:00000883  6147 0001:00000894  4803 0001:000008d4
  4900 0001:000008d9  4902 0001:000008dd  4903 0001:000008e4  4904 0001:000008f9
  4906 0001:000008fd  4908 0001:00000902  4911 0001:00000908  4844 0001:0000090c
  4842 0001:0000090c  4846 0001:00000914  4847 0001:0000091b  4850 0001:0000091e
  5980 0001:0000091f  5981 0001:00000924  5982 0001:00000929  5983 0001:00000931
  5984 0001:00000946  5987 0001:0000094a  5988 0001:00000959  5990 0001:0000095d
  5991 0001:0000097b  5994 0001:00000989  5995 0001:0000099d  5913 0001:000009a1
  5915 0001:000009b3  5918 0001:000009cc  5919 0001:000009cf  5921 0001:000009d1
  5925 0001:000009dd  5926 0001:000009f5  5927 0001:000009f9  5928 0001:00000a05
  5934 0001:00000a13  5936 0001:00000a20  5943 0001:00000a2c  5945 0001:00000a35
  5947 0001:00000a48  5954 0001:00000a59  5955 0001:00000a6b  5959 0001:00000a6f
  5962 0001:00000a95  5968 0001:00000aa5  5970 0001:00000ab3  5972 0001:00000ab7
  5973 0001:00000ac4  5974 0001:00000acd  5976 0001:00000ad4  5916 0001:00000ae4
  5977 0001:00000ae9  6028 0001:00000b0c  6030 0001:00000b13  6031 0001:00000b17
  6034 0001:00000b1e  6036 0001:00000b24  6038 0001:00000b2c  6041 0001:00000b32
  6043 0001:00000b38  6046 0001:00000b48  6047 0001:00000b4d  6050 0001:00000b54
  6051 0001:00000b62  6036 0001:00000b69  6056 0001:00000b71  6057 0001:00000b7d
  6059 0001:00000b8a  6060 0001:00000b90  5998 0001:00000b94  5999 0001:00000ba7
  6000 0001:00000bb2  6001 0001:00000bba  6002 0001:00000bd0  6005 0001:00000bd5
  6006 0001:00000be7  6008 0001:00000bf2  6010 0001:00000bf6  6011 0001:00000c02
  6012 0001:00000c07  6013 0001:00000c1c  6015 0001:00000c1f  6016 0001:00000c2d
  6018 0001:00000c3f  6019 0001:00000c50  5888 0001:00000c68  5890 0001:00000c68
  5891 0001:00000c6c  5905 0001:00000c6e  5895 0001:00000c6f  5897 0001:00000c7b
  5899 0001:00000c82  5900 0001:00000c97  5895 0001:00000c99  5901 0001:00000c9d
  5904 0001:00000ca1  5905 0001:00000ca9  2615 0001:00000caa  2621 0001:00000cb5
  2623 0001:00000cb9  2625 0001:00000cc4  2629 0001:00000cd6  2632 0001:00000cdd
  2633 0001:00000ce1   303 0001:00000dd1   304 0001:00000dd4   306 0001:00000dda
   308 0001:00000de7  2636 0001:00000de8  2638 0001:00000dec  2642 0001:00000df4
  2644 0001:00000dfa  2645 0001:00000dff  2648 0001:00000e03  2649 0001:00000e0a
  2651 0001:00000e10  2653 0001:00000e1a  2654 0001:00000e1f  2351 0001:00000e58
  2352 0001:00000e59  2354 0001:00000e5e  2355 0001:00000e64  2352 0001:00000e6b
  2357 0001:00000e74  5506 0001:00000e77  5507 0001:00000e92  5509 0001:00000e9e
  5511 0001:00000ea2  5514 0001:00000ea4  5515 0001:00000eb1  5519 0001:00000eba
  5520 0001:00000ec5  5528 0001:00000ec9  5523 0001:00000ed0  5525 0001:00000ed6
  5526 0001:00000ee0  5527 0001:00000ef4  5528 0001:00000ef8  5529 0001:00000f02
  5540 0001:00000f10  5543 0001:00000f1e  5559 0001:00000f2e  5550 0001:00000f33
  5551 0001:00000f4d  5552 0001:00000f5a  5553 0001:00000f5c  5555 0001:00000f6f
  5562 0001:00000f84  5565 0001:00000f88  5566 0001:00000f9a  5571 0001:00000f9e
  5572 0001:00000fcb  5573 0001:00000fdb  2766 0001:00001154  2765 0001:00001154
  2768 0001:00001156  2769 0001:0000115b  2770 0001:00001161  2771 0001:00001168
  2773 0001:00001172  2774 0001:00001175  4883 0001:00001f7a  4886 0001:00001f7f
  4888 0001:00001f85  4889 0001:00001fa7  4890 0001:00001fab  4891 0001:00001fb0
  4893 0001:00001fb4  4894 0001:00001fb9  4897 0001:00001fbf  5179 0001:00002350
  5184 0001:00002353  5185 0001:00002377  5188 0001:000023c7  5200 0001:000023c8
  5203 0001:000023cf  5204 0001:000023d7  5205 0001:000023dc  5206 0001:000023de
  5209 0001:000023e3  5210 0001:000023fe  5169 0001:00002401  5167 0001:00002401
  5170 0001:0000241c  5246 0001:0000251e  5248 0001:00002534  5249 0001:00002558
  5255 0001:0000255c  5261 0001:0000256e  5263 0001:00002576  5264 0001:00002582
  5261 0001:00002589  5266 0001:0000259c  5268 0001:000025a9  5269 0001:000025bc
  5270 0001:000025d8  5265 0001:000025f0

Line numbers for .\Release\VSNetToolHostShim.obj(g:\vsnet\vc7\atlmfc\include\statreg.h) segment .text

   262 0001:00001006   260 0001:00001006   263 0001:0000100b   268 0001:0000100e
   266 0001:0000100e   269 0001:00001011   512 0001:00001014   510 0001:00001014
   515 0001:00001020   126 0001:00001023   127 0001:00001027   129 0001:0000102e
   130 0001:0000103f   132 0001:00001056   133 0001:0000105c   134 0001:0000105f
    88 0001:000010ed    89 0001:000010ff    90 0001:00001106   276 0001:0000111a
   324 0001:00001176   325 0001:00001182   328 0001:0000118f   337 0001:00001198
   339 0001:000011af   326 0001:000011cc   340 0001:000011d1    93 0001:000011e0
    95 0001:000011f0   100 0001:00001207   103 0001:0000121a   105 0001:00001236
   107 0001:00001243   109 0001:0000126e   113 0001:00001278   114 0001:00001286
   115 0001:00001292   120 0001:000012a9   121 0001:000012b8   123 0001:000012c2
    96 0001:000012cc   124 0001:000012ce   428 0001:0000135b   429 0001:00001368
   439 0001:00001372   440 0001:00001395   344 0001:000013a7   345 0001:000013c5
   348 0001:000013d3   354 0001:000013e5   364 0001:000013eb   366 0001:000013fd
   369 0001:00001407   370 0001:0000140e   373 0001:00001413   375 0001:00001422
   382 0001:00001424   385 0001:00001426   387 0001:0000142e   391 0001:00001436
   394 0001:00001438   398 0001:00001442   399 0001:0000146d   401 0001:00001475
   402 0001:0000147a   406 0001:0000147c   408 0001:0000149c   409 0001:000014a1
   416 0001:000014a3   418 0001:000014a9   423 0001:000014c3   424 0001:000014cf
   425 0001:000014f3  1092 0001:0000152e  1097 0001:00001550  1098 0001:00001562
  1099 0001:00001564  1104 0001:0000156a  1110 0001:00001574  1113 0001:00001584
  1120 0001:00001599  1123 0001:000015a9  1129 0001:000015b4  1132 0001:000015ba
  1133 0001:000015d8  1136 0001:000015dc  1137 0001:000015df  1149 0001:000015f1
  1151 0001:000015fa  1143 0001:00001614  1147 0001:00001627  1108 0001:0000162e
  1143 0001:00001637  1126 0001:00001639  1127 0001:0000163e  1014 0001:00001640
  1018 0001:00001656  1021 0001:0000166c  1022 0001:0000166f  1023 0001:00001678
  1024 0001:00001685  1025 0001:0000168a  1026 0001:0000169b  1029 0001:0000169d
  1031 0001:000016a8  1033 0001:000016ae  1034 0001:000016b9  1036 0001:000016bf
  1077 0001:000016c0  1084 0001:000016cc  1077 0001:000016dc  1087 0001:000016de
  1088 0001:000016e9  1044 0001:000016fa  1045 0001:00001703  1051 0001:00001708
  1058 0001:00001713  1059 0001:00001720  1060 0001:00001735  1065 0001:00001739
  1067 0001:00001747  1068 0001:0000174e  1072 0001:00001750  1071 0001:0000175a
  1075 0001:0000175e  1053 0001:00001763  1054 0001:0000176a  1062 0001:0000176f
  1063 0001:00001776  1019 0001:0000177b  1089 0001:00001780   182 0001:00001798
   184 0001:00001798   185 0001:0000179d   186 0001:000017a2   187 0001:000017a5
   188 0001:000017a8   189 0001:000017b1   190 0001:000017b8   191 0001:000017bc
   194 0001:000017bf   193 0001:000017bf   195 0001:000017c8   718 0001:000017c9
   719 0001:000017ca   721 0001:000017cc   734 0001:000017d1   726 0001:000017d2
   731 0001:000017d9   726 0001:000017e8   728 0001:000017ea   733 0001:000017ec
   734 0001:000017ef    71 0001:00001841    70 0001:00001841    74 0001:00001855
   225 0001:00001856   226 0001:0000185a   227 0001:00001860   228 0001:00001866
   234 0001:0000186c   235 0001:00001894   199 0001:00001898   197 0001:00001898
   202 0001:000018a3   203 0001:000018b5   204 0001:000018c1   206 0001:000018c5
   208 0001:000018c8   209 0001:000018de   210 0001:000018e2   211 0001:000018ea
   212 0001:000018f0   686 0001:000018f3   709 0001:000018f4   711 0001:000018f6
   714 0001:00001911   715 0001:00001914   712 0001:00001915   715 0001:0000191d
   763 0001:0000191e   764 0001:00001929   767 0001:0000192e   768 0001:00001938
   772 0001:00001942   774 0001:0000194c   776 0001:00001959   778 0001:00001964
   779 0001:0000196c   781 0001:00001971   782 0001:00001973   784 0001:00001979
   786 0001:0000198b   787 0001:00001994   776 0001:000019a4   790 0001:000019ac
   793 0001:000019b2   796 0001:000019b4   797 0001:000019b8   800 0001:000019be
   785 0001:000019c0   803 0001:000019c7   806 0001:000019d5   807 0001:000019dc
   809 0001:000019ee   810 0001:000019f6   803 0001:00001a06   813 0001:00001a0e
   815 0001:00001a12   816 0001:00001a17   165 0001:00001a19   744 0001:00001a35
   743 0001:00001a35   750 0001:00001a4c   754 0001:00001a4f   753 0001:00001a50
   754 0001:00001a52  1154 0001:00001a53  1155 0001:00001a68  1159 0001:00001a7e
  1163 0001:00001a81  1164 0001:00001a97  1167 0001:00001a9c  1170 0001:00001aa7
  1172 0001:00001ac3  1174 0001:00001ad6  1177 0001:00001aed  1181 0001:00001af3
  1184 0001:00001b05  1186 0001:00001b0f  1188 0001:00001b12  1191 0001:00001b1e
  1193 0001:00001b22  1195 0001:00001b39  1197 0001:00001b46  1203 0001:00001b4b
  1205 0001:00001b5b  1206 0001:00001b61  1210 0001:00001b78  1214 0001:00001b8c
  1216 0001:00001ba9  1220 0001:00001bc0  1223 0001:00001bca  1227 0001:00001bd3
  1228 0001:00001bdd  1231 0001:00001bf6  1389 0001:00001bfe  1393 0001:00001c02
  1395 0001:00001c14  1397 0001:00001c35  1167 0001:00001c4c  1397 0001:00001c56
  1238 0001:00001c5b  1243 0001:00001c68  1244 0001:00001c7c  1246 0001:00001c84
  1247 0001:00001c95  1259 0001:00001ca2  1260 0001:00001cad  1262 0001:00001cba
  1266 0001:00001cbc  1269 0001:00001cce  1271 0001:00001cd9  1272 0001:00001ced
  1275 0001:00001cf1  1276 0001:00001d05  1280 0001:00001d09  1281 0001:00001d22
  1286 0001:00001d2a  1290 0001:00001d41  1292 0001:00001d4b  1296 0001:00001d6a
  1298 0001:00001d6f  1299 0001:00001d74  1300 0001:00001d8b  1301 0001:00001d8d
  1305 0001:00001d94  1306 0001:00001d99  1317 0001:00001da0  1319 0001:00001db3
  1321 0001:00001dc6  1324 0001:00001dd9  1326 0001:00001ddf  1328 0001:00001df8
  1331 0001:00001e02  1341 0001:00001e15  1345 0001:00001e28  1348 0001:00001e31
  1383 0001:00001e3d  1403 0001:00001e44  1404 0001:00001e5c  1358 0001:00001e74
  1361 0001:00001e8b  1365 0001:00001eac  1367 0001:00001ebe  1370 0001:00001ec3
  1371 0001:00001ed7  1374 0001:00001ee5  1379 0001:00001ef1  1381 0001:00001f01
  1386 0001:00001f09  1221 0001:00001f0e  1232 0001:00001f16  1250 0001:00001f21
  1251 0001:00001f26  1256 0001:00001f33  1257 0001:00001f38  1267 0001:00001f51
  1282 0001:00001f6b  1372 0001:00001f70   819 0001:00001fc3   827 0001:00001fdf
   828 0001:00002000   829 0001:00002006   832 0001:0000201f   835 0001:00002029
   836 0001:0000202e   837 0001:0000203d   839 0001:00002043   850 0001:0000206f
   851 0001:0000207d   852 0001:00002083   853 0001:00002098   858 0001:000020a2
   860 0001:000020b8   861 0001:000020bb   863 0001:000020ca   864 0001:000020cf
   866 0001:000020d5   852 0001:000020d7   868 0001:000020dd   877 0001:000020e0
   878 0001:000020e2   858 0001:000020e4   882 0001:000020ea   883 0001:000020ee
   885 0001:00002101   887 0001:00002103   889 0001:00002106   890 0001:00002123
   894 0001:00002128   901 0001:0000212e   903 0001:0000214a   905 0001:0000215b
   909 0001:0000216d   910 0001:0000217a   913 0001:00002182   916 0001:00002184
   917 0001:0000219f   918 0001:000021bd   919 0001:000021c7   920 0001:000021e6
   921 0001:000021f6   922 0001:000021ff   923 0001:00002238   924 0001:00002254
   843 0001:0000226f   928 0001:00002285   931 0001:0000228b   934 0001:00002294
   935 0001:000022a1   937 0001:000022a3   938 0001:000022a5   628 0001:000022be
   618 0001:000022be   629 0001:000022e1   630 0001:000022f4   631 0001:00002307
   636 0001:0000231b   638 0001:0000231d   645 0001:00002338   647 0001:0000233b
   640 0001:0000233c   641 0001:0000234b   647 0001:0000234f   651 0001:0000242c
   650 0001:0000242c   677 0001:0000244d   683 0001:00002450   670 0001:00002451
   683 0001:00002454   663 0001:00002455   683 0001:00002458   681 0001:00002459
   683 0001:0000245b   994 0001:0000245c   998 0001:00002466  1000 0001:0000247b
  1001 0001:00002484  1003 0001:00002486  1004 0001:0000248b  1005 0001:00002498
  1006 0001:0000249a  1007 0001:000024a5  1010 0001:000024a7  1011 0001:000024a9
   950 0001:000024bd   951 0001:000024c1   955 0001:000024c3   959 0001:000024e1
   962 0001:000024e5   963 0001:000024ee   941 0001:000024f2   942 0001:000024f3
   943 0001:000024f8   946 0001:00002513   947 0001:00002517   944 0001:0000251a
   757 0001:00002612   758 0001:00002612   759 0001:00002614   760 0001:0000262c
   460 0001:0000262d   461 0001:0000263a   470 0001:00002645   471 0001:00002666

Line numbers for .\Release\VSNetToolHostShim.obj(g:\vsnet\vc7\atlmfc\include\atlcomcli.h) segment .text

    27 0001:00000af7    26 0001:00000af7    28 0001:00000afd    29 0001:00000b0b
    33 0001:00002603    32 0001:00002603    34 0001:00002611

Line numbers for .\Release\stdafx.obj(g:\vsnet\vc7\atlmfc\include\atlbase.h) segment .text

  2573 0001:000001e9  2576 0001:000001f1  2577 0001:000001fd  2578 0001:00000201
  2579 0001:00000208  2582 0001:0000020c  2583 0001:0000020d  2584 0001:0000021b
  6215 0001:0000023e  6216 0001:0000023f  6217 0001:00000245  6218 0001:00000247
  6219 0001:0000024b  6220 0001:0000024d  6221 0001:00000252  6223 0001:0000025a
  6224 0001:00000265  6225 0001:00000282  6226 0001:0000028a  6227 0001:00000294
  6228 0001:00000298  6229 0001:0000029b  2602 0001:0000da07

Line numbers for .\Release\stdafx.obj(g:\vsnet\vc7\atlmfc\include\atlbase.inl) segment .text

   353 0001:0000029e   352 0001:0000029e   354 0001:000002a4   357 0001:000002a6
   358 0001:000002ab   360 0001:000002b2   362 0001:000002b6   369 0001:000002be

Line numbers for .\Release\stdafx.obj(g:\vsnet\vc7\atlmfc\include\atlconv.h) segment .text

   101 0001:000000b2   102 0001:000000c1   104 0001:000000c3   110 0001:000000c9
   113 0001:000000df   116 0001:000000e9   120 0001:000000fa   121 0001:000000fe
   124 0001:00000106   128 0001:00000113   127 0001:00000113   129 0001:00000116
   134 0001:00000117   139 0001:00000130   140 0001:00000141   143 0001:0000014b
   147 0001:00000152   149 0001:00000157   151 0001:00000163   152 0001:00000169

Line numbers for .\Release\stdafx.obj(g:\vsnet\vc7\atlmfc\include\atlcore.h) segment .text

   114 0001:0000017c   116 0001:0000017d   117 0001:0000018c   129 0001:00000190
   130 0001:0000019c   131 0001:0000019e   133 0001:000001a1   136 0001:000001aa
   138 0001:000001bb   143 0001:000001d8   144 0001:000001da

Line numbers for .\Release\stdafx.obj(g:\vsnet\vc7\atlmfc\include\atlcomcli.h) segment .text

   629 0001:000001e0   628 0001:000001e0   630 0001:000001e8

Line numbers for .\Release\stdafx.obj(g:\vsnet\vc7\atlmfc\include\atlsimpcoll.h) segment .text

   173 0001:00000311   174 0001:00000314   178 0001:0000031a   179 0001:00000321
   181 0001:00000325   182 0001:00000329   183 0001:0000032e   196 0001:0000032f
   194 0001:0000032f   200 0001:0000033c   201 0001:00000341

Line numbers for .\Release\dlldatax.obj(d:\dev\booktwo\disk\simpletoolwindow\vsnettoolhostshim\dlldata.c) segment .text

    32 0001:00000000    32 0001:00000034    32 0001:00000040    32 0001:00000051
    32 0001:00000052    32 0001:00000064    32 0001:0000008b

Line numbers for .\Release\dlldatax.obj(d:\dev\booktwo\disk\simpletoolwindow\vsnettoolhostshim\vsnettoolhostshim_p.c) segment .orpc

   423 0002:00000000   421 0002:00000000   425 0002:0000001a   426 0002:00000021
   429 0002:00000026   430 0002:00000028

Line numbers for G:\VSNET\Vc7\lib\MSVCRT.lib(F:\VS70Builds\3036\vc\crtbld\crt\src\intel\chkstk.asm) segment .text

    69 0001:0000d440    65 0001:0000d440    70 0001:0000d445    72 0001:0000d447
    73 0001:0000d449    74 0001:0000d44b    75 0001:0000d44e    76 0001:0000d450
    77 0001:0000d451    78 0001:0000d453    79 0001:0000d454    82 0001:0000d455
    83 0001:0000d456    88 0001:0000d45a    89 0001:0000d460    91 0001:0000d465
    93 0001:0000d467    94 0001:0000d46c    97 0001:0000d46e    98 0001:0000d470
   100 0001:0000d472   102 0001:0000d474   104 0001:0000d476   105 0001:0000d478
   107 0001:0000d47b   109 0001:0000d47c

Line numbers for G:\VSNET\Vc7\lib\MSVCRT.lib(f:\vs70builds\3036\vc\crtbld\crt\src\atonexit.c) segment .text

    81 0001:0000ce38    76 0001:0000ce38    90 0001:0000ce5d    96 0001:0000ce5e
    95 0001:0000ce5e    97 0001:0000ce6f

Line numbers for G:\VSNET\Vc7\lib\MSVCRT.lib(f:\vs70builds\3036\vc\crtbld\crt\src\crtdll.c) segment .text

   134 0001:0000cf42   129 0001:0000cf42   135 0001:0000cf4a   136 0001:0000cf52
   158 0001:0000cf58   163 0001:0000cf6b   168 0001:0000cf80   170 0001:0000cf84
   172 0001:0000cf87   178 0001:0000cf91   179 0001:0000cf96   184 0001:0000cfa0
   189 0001:0000cfb1   192 0001:0000cfb8   219 0001:0000cfbe   220 0001:0000cfc7
   225 0001:0000cfc9   226 0001:0000cfd5   234 0001:0000cfeb   236 0001:0000cff2
   234 0001:0000cff9   240 0001:0000cffa   241 0001:0000cffd   249 0001:0000d000
   250 0001:0000d00c   252 0001:0000d012   257 0001:0000d017   258 0001:0000d024
   260 0001:0000d02a   262 0001:0000d033   263 0001:0000d03c   265 0001:0000d048
   266 0001:0000d051   268 0001:0000d060   269 0001:0000d062   272 0001:0000d064
   275 0001:0000d074   283 0001:0000d07d   286 0001:0000d087   288 0001:0000d090
   289 0001:0000d09e   291 0001:0000d0a1   292 0001:0000d0af   298 0001:0000d0bd
   294 0001:0000d0c2   295 0001:0000d0da   299 0001:0000d0dc

Line numbers for G:\VSNET\Vc7\lib\MSVCRT.lib(f:\vs70builds\3036\vc\crtbld\crt\src\secchk.c) segment .text

   114 0001:0000d358   116 0001:0000d364   117 0001:0000d368   119 0001:0000d375
   123 0001:0000d380   100 0001:0000d389   103 0001:0000d389   104 0001:0000d38f
   105 0001:0000d391   107 0001:0000d392

Line numbers for G:\VSNET\Vc7\lib\MSVCRT.lib(f:\vs70builds\3036\vc\crtbld\crt\src\seccinit.c) segment .text

    49 0001:0000d397    58 0001:0000d39d    67 0001:0000d3ae    70 0001:0000d3b8
    75 0001:0000d3be    76 0001:0000d3c6    77 0001:0000d3ce    79 0001:0000d3d6
    93 0001:0000d3e0    94 0001:0000d3fb

Line numbers for G:\VSNET\Vc7\atlmfc\lib\atls.lib(f:\vs70builds\3036\vc\mfcatl\ship\atlmfc\src\atl\atls\atlbase.cpp) segment .text

    67 0001:0000d215    68 0001:0000d218    69 0001:0000d222    29 0001:0000d22b
    32 0001:0000d246    36 0001:0000d24b    38 0001:0000d26e    39 0001:0000d27f
    41 0001:0000d285    46 0001:0000d28b    49 0001:0000d293    51 0001:0000d2a1
    58 0001:0000d2a5    62 0001:0000d2bf    64 0001:0000d2c6   126 0001:0000da35

Line numbers for G:\VSNET\Vc7\atlmfc\lib\atls.lib(f:\vs70builds\3036\vc\mfcatl\ship\atlmfc\include\atlsimpcoll.h) segment .text

   173 0001:0000d1de   174 0001:0000d1e1   178 0001:0000d1e7   179 0001:0000d1ed
   181 0001:0000d1f1   182 0001:0000d1f5   183 0001:0000d1fa

Line numbers for G:\VSNET\Vc7\atlmfc\lib\atls.lib(f:\vs70builds\3036\vc\mfcatl\ship\atlmfc\src\atl\atls\atlcommodule.cpp) segment .text

    20 0001:0000da4b

Line numbers for G:\VSNET\Vc7\atlmfc\lib\atls.lib(f:\vs70builds\3036\vc\mfcatl\ship\atlmfc\include\atlbase.h) segment .text

  2272 0001:0000d2d6  2273 0001:0000d2d9  2276 0001:0000d2df  2278 0001:0000d2e8
  2281 0001:0000d2ee  2282 0001:0000d2f5  2283 0001:0000d2fb  2276 0001:0000d2ff
  2286 0001:0000d308  2290 0001:0000d312  2291 0001:0000d317  2248 0001:0000d318
  2257 0001:0000d326  2261 0001:0000d34c  2263 0001:0000d354

 Exports

  ordinal    name

        1    _DllCanUnloadNow@0
               exported name: DllCanUnloadNow
        2    _DllGetClassObject@12
               exported name: DllGetClassObject
        3    _DllRegisterServer@0
               exported name: DllRegisterServer
        4    _DllUnregisterServer@0
               exported name: DllUnregisterServer
