 WDBG

 Timestamp is 3e4e57e2 (Sat Feb 15 10:08:18 2003)

 Preferred load address is 00400000

 Start         Length     Name                   Class
 0001:00000000 0000a5b4H .text                   CODE
 0001:0000a5b4 000007f3H .text$x                 CODE
 0001:0000ada7 0000004bH .text$yc                CODE
 0001:0000adf2 00000014H .text$yd                CODE
 0002:00000000 000007fcH .idata$5                DATA
 0002:00000800 00003498H .rdata                  DATA
 0002:00003c98 0000003dH .rdata$debug            DATA
 0002:00003cd8 00000044H .rdata$r                DATA
 0002:00003d20 000000e4H .rdata$sxdata           DATA
 0002:00003e04 00000004H .rtc$IAA                DATA
 0002:00003e08 00000004H .rtc$IZZ                DATA
 0002:00003e0c 00000004H .rtc$TAA                DATA
 0002:00003e10 00000004H .rtc$TZZ                DATA
 0002:00003e18 00000ca0H .xdata$x                DATA
 0002:00004ab8 00000000H ATL$__a                 DATA
 0002:00004ab8 00000000H ATL$__z                 DATA
 0002:00004ab8 000000dcH .idata$2                DATA
 0002:00004b94 00000014H .idata$3                DATA
 0002:00004ba8 000007fcH .idata$4                DATA
 0002:000053a4 000009d0H .idata$6                DATA
 0002:00005d74 00000000H .edata                  DATA
 0003:00000000 00000004H .CRT$XCA                DATA
 0003:00000004 00000004H .CRT$XCAA               DATA
 0003:00000008 00000008H .CRT$XCL                DATA
 0003:00000010 00000008H .CRT$XCU                DATA
 0003:00000018 00000004H .CRT$XCZ                DATA
 0003:0000001c 00000004H .CRT$XIA                DATA
 0003:00000020 00000004H .CRT$XIZ                DATA
 0003:00000030 000000d0H .data                   DATA
 0003:00000100 00000114H .bss                    DATA
 0004:00000000 00000820H .rsrc$01                DATA
 0004:00000820 00004340H .rsrc$02                DATA

  Address         Publics by Value              Rva+Base     Lib:Object

 0000:00000000       __except_list              00000000     <absolute>
 0000:00000039       ___safe_se_handler_count   00000039     <absolute>
 0000:00009876       __ldused                   00009876     <absolute>
 0000:00009876       __fltused                  00009876     <absolute>
 0000:00000000       ___ImageBase               00400000     <linker-defined>
 0001:00000000       ??_GCAboutDlg@@UAEPAXI@Z   00401000 f i AboutDlg.obj
 0001:00000000       ??_ECAboutDlg@@UAEPAXI@Z   00401000 f i AboutDlg.obj
 0001:0000001c       ??1CAboutDlg@@UAE@XZ       0040101c f i AboutDlg.obj
 0001:00000021       ??0CAboutDlg@@QAE@XZ       00401021 f   AboutDlg.obj
 0001:00000035       ?DoDataExchange@CAboutDlg@@MAEXPAVCDataExchange@@@Z 00401035 f   AboutDlg.obj
 0001:00000035       ?Serialize@CObject@@UAEXAAVCArchive@@@Z 00401035 f   AboutDlg.obj
 0001:00000035       ?DoDataExchange@CWnd@@MAEXPAVCDataExchange@@@Z 00401035 f   AboutDlg.obj
 0001:00000035       ?Dump@CObject@@UBEXAAVCDumpContext@@@Z 00401035 f   AboutDlg.obj
 0001:00000035       ?OnDraw@CWDBGLogView@@UAEXPAVCDC@@@Z 00401035 f   WDBGLogView.obj
 0001:00000038       ?Create@CDialog@@UAEHIPAVCWnd@@@Z 00401038 f i AboutDlg.obj
 0001:0000004d       ?EndModalState@CWnd@@UAEXXZ 0040104d f i AboutDlg.obj
 0001:00000059       ?BeginModalState@CWnd@@UAEXXZ 00401059 f i AboutDlg.obj
 0001:00000065       ??3CObject@@SGXPAX@Z       00401065 f i AboutDlg.obj
 0001:00000072       ??0CBreakpoint@@QAE@XZ     00401072 f i Breakpoint.obj
 0001:00000097       ??0CLocationBP@@QAE@XZ     00401097 f i Breakpoint.obj
 0001:000000ad       ?GetType@CLocationBP@@UAE?AW4eBreakpointType@@XZ 004010ad f i Breakpoint.obj
 0001:000000b1       ??_GCBreakpoint@@UAEPAXI@Z 004010b1 f i Breakpoint.obj
 0001:000000b1       ??_GCLocationBP@@UAEPAXI@Z 004010b1 f i Breakpoint.obj
 0001:000000b1       ??_ECBreakpoint@@UAEPAXI@Z 004010b1 f i Breakpoint.obj
 0001:000000b1       ??_GCOneShotBP@@UAEPAXI@Z  004010b1 f i WDBGProjDoc.obj
 0001:000000b1       ??_ECLocationBP@@UAEPAXI@Z 004010b1 f i Breakpoint.obj
 0001:000000b1       ??_ECOneShotBP@@UAEPAXI@Z  004010b1 f i WDBGProjDoc.obj
 0001:000000cd       ??1CLocationBP@@UAE@XZ     004010cd f i Breakpoint.obj
 0001:000000cd       ??1COneShotBP@@UAE@XZ      004010cd f i WDBGProjDoc.obj
 0001:000000cd       ??1CBreakpoint@@UAE@XZ     004010cd f i Breakpoint.obj
 0001:000000d6       ?SetBreakpointLocation@CBreakpoint@@UAEHPBX@Z 004010d6 f   Breakpoint.obj
 0001:000000ea       ?SetBreakpointName@CBreakpoint@@UAEXPBG@Z 004010ea f   Breakpoint.obj
 0001:000000f3       ?ArmBreakpoint@CBreakpoint@@UAEHPAX@Z 004010f3 f   Breakpoint.obj
 0001:00000151       ?GetBreakpointLocation@CBreakpoint@@UAEPBXXZ 00401151 f   Breakpoint.obj
 0001:00000155       ?GetBreakpointName@CBreakpoint@@UAEPBGXZ 00401155 f   Breakpoint.obj
 0001:00000159       ?ClearBreakpoint@CBreakpoint@@UAEHXZ 00401159 f   Breakpoint.obj
 0001:000001c2       ?GetState@CBreakpoint@@UAE?AW4eBreakpointState@@XZ 004011c2 f   Breakpoint.obj
 0001:000001c6       ?SetToUnresolved@CBreakpoint@@UAEXXZ 004011c6 f   Breakpoint.obj
 0001:000001ce       ?SetToDisabled@CBreakpoint@@UAEXXZ 004011ce f   Breakpoint.obj
 0001:000001e5       ?HandleBreakpoint@COneShotBP@@UAEPBXPAXAAU_CONTEXT@@@Z 004011e5 f   Breakpoint.obj
 0001:0000024b       ?HandleSingleStep@COneShotBP@@UAEHPAXAAU_CONTEXT@@PAK@Z 0040124b f   Breakpoint.obj
 0001:00000251       ?HandleBreakpoint@CLocationBP@@UAEPBXPAXAAU_CONTEXT@@@Z 00401251 f   Breakpoint.obj
 0001:000002ca       ?HandleSingleStep@CLocationBP@@UAEHPAXAAU_CONTEXT@@PAK@Z 004012ca f   Breakpoint.obj
 0001:00000331       ?ClearSingleStep@CLocationBP@@UAEHXZ 00401331 f   Breakpoint.obj
 0001:0000039c       ?CreateObject@CLocationBP@@SGPAVCObject@@XZ 0040139c f   Breakpoint.obj
 0001:000003b0       ?GetRuntimeClass@CLocationBP@@UBEPAUCRuntimeClass@@XZ 004013b0 f   Breakpoint.obj
 0001:000003b6       ?Serialize@CLocationBP@@UAEXAAVCArchive@@@Z 004013b6 f   Breakpoint.obj
 0001:00000406       ??$?6GV?$StrTraitMFC_DLL@GV?$ChTraitsCRT@G@ATL@@@@@@YGAAVCArchive@@AAV0@ABV?$CStringT@GV?$StrTraitMFC_DLL@GV?$ChTraitsCRT@G@ATL@@@@@ATL@@@Z 00401406 f i Breakpoint.obj
 0001:0000042f       ??$?5GV?$StrTraitMFC_DLL@GV?$ChTraitsCRT@G@ATL@@@@@@YGAAVCArchive@@AAV0@AAV?$CStringT@GV?$StrTraitMFC_DLL@GV?$ChTraitsCRT@G@ATL@@@@@ATL@@@Z 0040142f f i Breakpoint.obj
 0001:00000547       ??1?$CTempBuffer@D$0IA@VCCRTAllocator@ATL@@@ATL@@QAE@XZ 00401547 f i Breakpoint.obj
 0001:00000547       ??1?$CTempBuffer@G$0IA@VCCRTAllocator@ATL@@@ATL@@QAE@XZ 00401547 f i Breakpoint.obj
 0001:00000554       ?FreeHeap@?$CTempBuffer@G$0IA@VCCRTAllocator@ATL@@@ATL@@AAEXXZ 00401554 f i Breakpoint.obj
 0001:00000554       ?FreeHeap@?$CTempBuffer@D$0IA@VCCRTAllocator@ATL@@@ATL@@AAEXXZ 00401554 f i Breakpoint.obj
 0001:0000055e       ?AllocateBytes@?$CTempBuffer@G$0IA@VCCRTAllocator@ATL@@@ATL@@QAEPAGI@Z 0040155e f i Breakpoint.obj
 0001:0000055e       ?AllocateBytes@?$CTempBuffer@D$0IA@VCCRTAllocator@ATL@@@ATL@@QAEPADI@Z 0040155e f i Breakpoint.obj
 0001:0000057e       ?AllocateHeap@?$CTempBuffer@D$0IA@VCCRTAllocator@ATL@@@ATL@@AAEXI@Z 0040157e f i Breakpoint.obj
 0001:0000057e       ?AllocateHeap@?$CTempBuffer@G$0IA@VCCRTAllocator@ATL@@@ATL@@AAEXI@Z 0040157e f i Breakpoint.obj
 0001:000005a0       ?AtlThrow@ATL@@YGXJ@Z      004015a0 f i Breakpoint.obj
 0001:000005b9       ??5CArchive@@QAEAAV0@AAJ@Z 004015b9 f i Breakpoint.obj
 0001:000005f7       ??6CArchive@@QAEAAV0@J@Z   004015f7 f i Breakpoint.obj
 0001:0000062e       ??0CLocationBP@@QAE@ABV0@@Z 0040162e f i BreakpointsDlg.obj
 0001:0000068b       ??0CBreakpointsDlg@@QAE@PAV?$CArray@PAVCLocationBP@@PAV1@@@PAVCWDBGProjDoc@@PAVCWnd@@@Z 0040168b f   BreakpointsDlg.obj
 0001:00000713       ??_GCBreakpointsDlg@@UAEPAXI@Z 00401713 f i BreakpointsDlg.obj
 0001:00000713       ??_ECBreakpointsDlg@@UAEPAXI@Z 00401713 f i BreakpointsDlg.obj
 0001:00000730       ??1CBreakpointsDlg@@UAE@XZ 00401730 f i BreakpointsDlg.obj
 0001:00000785       ?DoDataExchange@CBreakpointsDlg@@MAEXPAVCDataExchange@@@Z 00401785 f   BreakpointsDlg.obj
 0001:000007bf       ?GetMessageMap@CBreakpointsDlg@@MBEPBUAFX_MSGMAP@@XZ 004017bf f   BreakpointsDlg.obj
 0001:000007c5       ?OnOK@CBreakpointsDlg@@MAEXXZ 004017c5 f   BreakpointsDlg.obj
 0001:00000a07       ?OnCancel@CBreakpointsDlg@@MAEXXZ 00401a07 f   BreakpointsDlg.obj
 0001:00000a4b       ?OnEdit@CBreakpointsDlg@@IAEXXZ 00401a4b f   BreakpointsDlg.obj
 0001:00000bab       ??1CNewEditBPDlg@@UAE@XZ   00401bab f i BreakpointsDlg.obj
 0001:00000c0c       ?OnNew@CBreakpointsDlg@@IAEXXZ 00401c0c f   BreakpointsDlg.obj
 0001:00000ccd       ?OnRemove@CBreakpointsDlg@@IAEXXZ 00401ccd f   BreakpointsDlg.obj
 0001:00000d24       ?OnInitDialog@CBreakpointsDlg@@MAEHXZ 00401d24 f   BreakpointsDlg.obj
 0001:00000df0       ?OnSelchangeBplist@CBreakpointsDlg@@IAEXXZ 00401df0 f   BreakpointsDlg.obj
 0001:00000e27       ??1?$CArray@PAVCLocationBP@@PAV1@@@UAE@XZ 00401e27 f i BreakpointsDlg.obj
 0001:00000e3c       ?Serialize@?$CArray@PAVCLocationBP@@PAV1@@@UAEXAAVCArchive@@@Z 00401e3c f i BreakpointsDlg.obj
 0001:00000e7b       ??_E?$CArray@PAVCLocationBP@@PAV1@@@UAEPAXI@Z 00401e7b f i BreakpointsDlg.obj
 0001:00000e7b       ??_G?$CArray@PAVCLocationBP@@PAV1@@@UAEPAXI@Z 00401e7b f i BreakpointsDlg.obj
 0001:00000e99       ?SetSize@?$CArray@PAVCLocationBP@@PAV1@@@QAEXHH@Z 00401e99 f i BreakpointsDlg.obj
 0001:00000fb8       ?SetAtGrow@?$CArray@PAVCLocationBP@@PAV1@@@QAEXHPAVCLocationBP@@@Z 00401fb8 f i BreakpointsDlg.obj
 0001:00000fe4       ??$SerializeElements@PAVCLocationBP@@@@YGXAAVCArchive@@PAPAVCLocationBP@@H@Z 00401fe4 f i BreakpointsDlg.obj
 0001:00001058       ?AddString@CListBox@@QAEHPBG@Z 00402058 f i BreakpointsDlg.obj
 0001:0000106f       ?SetCurSel@CListBox@@QAEHH@Z 0040206f f i BreakpointsDlg.obj
 0001:00001086       ?SetItemData@CListBox@@QAEHHK@Z 00402086 f i BreakpointsDlg.obj
 0001:0000109f       ?InsertString@CListBox@@QAEHHPBG@Z 0040209f f i BreakpointsDlg.obj
 0001:000010b8       ?GetItemData@CListBox@@QBEKH@Z 004020b8 f i BreakpointsDlg.obj
 0001:000010b8       ?GetItemDataPtr@CListBox@@QBEPAXH@Z 004020b8 f i BreakpointsDlg.obj
 0001:000010cf       ?GetCurSel@CListBox@@QBEHXZ 004020cf f i BreakpointsDlg.obj
 0001:000010e2       ?DeleteString@CListBox@@QAEHI@Z 004020e2 f i BreakpointsDlg.obj
 0001:000010f9       ?GetCount@CListBox@@QBEHXZ 004020f9 f i BreakpointsDlg.obj
 0001:0000110c       ??_GCButton@@UAEPAXI@Z     0040210c f i BreakpointsDlg.obj
 0001:0000110c       ??_ECButton@@UAEPAXI@Z     0040210c f i BreakpointsDlg.obj
 0001:00001128       ??1CCheckListBox@@UAE@XZ   00402128 f i BreakpointsDlg.obj
 0001:0000112d       ??0CCheckListBox@@QAE@XZ   0040212d f i BreakpointsDlg.obj
 0001:00001149       ??_GCCheckListBox@@UAEPAXI@Z 00402149 f i BreakpointsDlg.obj
 0001:00001149       ??_ECCheckListBox@@UAEPAXI@Z 00402149 f i BreakpointsDlg.obj
 0001:00001165       ??0CDisasmDisplayDlg@@QAE@PAVCWnd@@@Z 00402165 f   DisasmDisplayDlg.obj
 0001:000011cd       ?DoDataExchange@CDisasmDisplayDlg@@MAEXPAVCDataExchange@@@Z 004021cd f   DisasmDisplayDlg.obj
 0001:000011fb       ?OnOK@CMemoryDisplayDlg@@MAEXXZ 004021fb f   MemoryDisplayDlg.obj
 0001:000011fb       ?OnOK@CDisasmDisplayDlg@@MAEXXZ 004021fb f   DisasmDisplayDlg.obj
 0001:00001232       ?GetMessageMap@CDocNotifyWnd@@MBEPBUAFX_MSGMAP@@XZ 00402232 f   DocNotifyWnd.obj
 0001:00001238       ??0CDocNotifyWnd@@QAE@XZ   00402238 f   DocNotifyWnd.obj
 0001:00001292       ??_ECDocNotifyWnd@@UAEPAXI@Z 00402292 f i DocNotifyWnd.obj
 0001:00001292       ??_GCDocNotifyWnd@@UAEPAXI@Z 00402292 f i DocNotifyWnd.obj
 0001:000012ae       ??1CDocNotifyWnd@@UAE@XZ   004022ae f   DocNotifyWnd.obj
 0001:000012c8       ?Create@CDocNotifyWnd@@QAEHPAVCWDBGProjDoc@@@Z 004022c8 f   DocNotifyWnd.obj
 0001:0000130a       ?HandleExitProcessEvent@CDocNotifyWnd@@IAEJIJ@Z 0040230a f   DocNotifyWnd.obj
 0001:0000131c       ?HandleExceptionEvent@CDocNotifyWnd@@IAEJIJ@Z 0040231c f   DocNotifyWnd.obj
 0001:00001331       ?HandleCreateProcessEvent@CDocNotifyWnd@@IAEJIJ@Z 00402331 f   DocNotifyWnd.obj
 0001:00001342       ?ForceAGo@CDocNotifyWnd@@IAEJIJ@Z 00402342 f   DocNotifyWnd.obj
 0001:0000135b       ?HandleThreadCreateEvent@CDocNotifyWnd@@IAEJIJ@Z 0040235b f   DocNotifyWnd.obj
 0001:0000136a       ?HandleThreadExitEvent@CDocNotifyWnd@@IAEJIJ@Z 0040236a f   DocNotifyWnd.obj
 0001:0000137b       ?HandleLoadDllEvent@CDocNotifyWnd@@IAEJIJ@Z 0040237b f   DocNotifyWnd.obj
 0001:0000138e       ?HandleUnloadDllEvent@CDocNotifyWnd@@IAEJIJ@Z 0040238e f   DocNotifyWnd.obj
 0001:0000139d       ?HandleOutputDebugStringEvent@CDocNotifyWnd@@IAEJIJ@Z 0040239d f   DocNotifyWnd.obj
 0001:000013ae       ??_GCMainFrame@@UAEPAXI@Z  004023ae f i MainFrm.obj
 0001:000013ae       ??_ECMainFrame@@UAEPAXI@Z  004023ae f i MainFrm.obj
 0001:000013ca       ??1CMDIFrameWnd@@UAE@XZ    004023ca f i MainFrm.obj
 0001:000013cf       ?GetRuntimeClass@CMainFrame@@UBEPAUCRuntimeClass@@XZ 004023cf f   MainFrm.obj
 0001:000013d5       ?GetMessageMap@CMainFrame@@MBEPBUAFX_MSGMAP@@XZ 004023d5 f   MainFrm.obj
 0001:000013db       ??0CMainFrame@@QAE@XZ      004023db f   MainFrm.obj
 0001:00001425       ??1CMainFrame@@UAE@XZ      00402425 f   MainFrm.obj
 0001:00001475       ?OnCreate@CMainFrame@@IAEHPAUtagCREATESTRUCTW@@@Z 00402475 f   MainFrm.obj
 0001:00001520       ?PreCreateWindow@CMainFrame@@UAEHAAUtagCREATESTRUCTW@@@Z 00402520 f   MainFrm.obj
 0001:00001532       ??0CMemoryDisplayDlg@@QAE@PAVCWnd@@@Z 00402532 f   MemoryDisplayDlg.obj
 0001:000015a0       ??_ECDisasmDisplayDlg@@UAEPAXI@Z 004025a0 f i DisasmDisplayDlg.obj
 0001:000015a0       ??_GCDisasmDisplayDlg@@UAEPAXI@Z 004025a0 f i DisasmDisplayDlg.obj
 0001:000015a0       ??_ECMemoryDisplayDlg@@UAEPAXI@Z 004025a0 f i MemoryDisplayDlg.obj
 0001:000015a0       ??_GCMemoryDisplayDlg@@UAEPAXI@Z 004025a0 f i MemoryDisplayDlg.obj
 0001:000015bc       ??1CDisasmDisplayDlg@@UAE@XZ 004025bc f i DisasmDisplayDlg.obj
 0001:000015bc       ??1CMemoryDisplayDlg@@UAE@XZ 004025bc f i MemoryDisplayDlg.obj
 0001:000015cc       ?DoDataExchange@CMemoryDisplayDlg@@MAEXPAVCDataExchange@@@Z 004025cc f   MemoryDisplayDlg.obj
 0001:000015fa       ?GetMessageMap@CMemoryDisplayDlg@@MBEPBUAFX_MSGMAP@@XZ 004025fa f   MemoryDisplayDlg.obj
 0001:00001600       ?OnInitDialog@CMemoryDisplayDlg@@MAEHXZ 00402600 f   MemoryDisplayDlg.obj
 0001:00001648       ?OnByte@CMemoryDisplayDlg@@IAEXXZ 00402648 f   MemoryDisplayDlg.obj
 0001:00001653       ?OnDword@CMemoryDisplayDlg@@IAEXXZ 00402653 f   MemoryDisplayDlg.obj
 0001:0000165e       ?OnWord@CMemoryDisplayDlg@@IAEXXZ 0040265e f   MemoryDisplayDlg.obj
 0001:00001669       ??0CNewEditBPDlg@@QAE@HPAVCWDBGProjDoc@@PAVCWnd@@@Z 00402669 f   NewEditBPDlg.obj
 0001:00001731       ??_GCNewEditBPDlg@@UAEPAXI@Z 00402731 f i NewEditBPDlg.obj
 0001:00001731       ??_ECNewEditBPDlg@@UAEPAXI@Z 00402731 f i NewEditBPDlg.obj
 0001:0000174e       ?DoDataExchange@CNewEditBPDlg@@MAEXPAVCDataExchange@@@Z 0040274e f   NewEditBPDlg.obj
 0001:000017b1       ?GetMessageMap@CNewEditBPDlg@@MBEPBUAFX_MSGMAP@@XZ 004027b1 f   NewEditBPDlg.obj
 0001:000017b7       ?OnInitDialog@CNewEditBPDlg@@MAEHXZ 004027b7 f   NewEditBPDlg.obj
 0001:000018c6       ?OnSelchangeBptype@CNewEditBPDlg@@IAEXXZ 004028c6 f   NewEditBPDlg.obj
 0001:00001914       ?OnOK@CNewEditBPDlg@@MAEXXZ 00402914 f   NewEditBPDlg.obj
 0001:0000198f       ?GetItemData@CComboBox@@QBEKH@Z 0040298f f i NewEditBPDlg.obj
 0001:000019a6       ?GetCurSel@CComboBox@@QBEHXZ 004029a6 f i NewEditBPDlg.obj
 0001:000019b9       ?SetItemData@CComboBox@@QAEHHK@Z 004029b9 f i NewEditBPDlg.obj
 0001:000019d2       ?AddString@CComboBox@@QAEHPBG@Z 004029d2 f i NewEditBPDlg.obj
 0001:000019e9       ??_GCStatic@@UAEPAXI@Z     004029e9 f i NewEditBPDlg.obj
 0001:000019e9       ??_ECStatic@@UAEPAXI@Z     004029e9 f i NewEditBPDlg.obj
 0001:00001a05       ??_ECEdit@@UAEPAXI@Z       00402a05 f i NewEditBPDlg.obj
 0001:00001a05       ??_GCEdit@@UAEPAXI@Z       00402a05 f i NewEditBPDlg.obj
 0001:00001a21       ??_ECComboBox@@UAEPAXI@Z   00402a21 f i NewEditBPDlg.obj
 0001:00001a21       ??_GCComboBox@@UAEPAXI@Z   00402a21 f i NewEditBPDlg.obj
 0001:00001a3d       ??0CProjectSettings@@QAE@PAVCWnd@@@Z 00402a3d f   ProjectSettings.obj
 0001:00001ab9       ??_GCProjectSettings@@UAEPAXI@Z 00402ab9 f i ProjectSettings.obj
 0001:00001ab9       ??_ECProjectSettings@@UAEPAXI@Z 00402ab9 f i ProjectSettings.obj
 0001:00001ad5       ??1CProjectSettings@@UAE@XZ 00402ad5 f i ProjectSettings.obj
 0001:00001afa       ?DoDataExchange@CProjectSettings@@MAEXPAVCDataExchange@@@Z 00402afa f   ProjectSettings.obj
 0001:00001b34       ?OnOK@CProjectSettings@@MAEXXZ 00402b34 f   ProjectSettings.obj
 0001:00001b39       ?OnInitDialog@CProjectSettings@@MAEHXZ 00402b39 f   ProjectSettings.obj
 0001:00001b94       ??0CSymbolsDisplayDlg@@QAE@PAV?$vector@VCLoadedModule@@V?$allocator@VCLoadedModule@@@std@@@std@@PAVCWnd@@@Z 00402b94 f   SymbolsDisplayDlg.obj
 0001:00001c0d       ??_ECSymbolsDisplayDlg@@UAEPAXI@Z 00402c0d f i SymbolsDisplayDlg.obj
 0001:00001c0d       ??_GCSymbolsDisplayDlg@@UAEPAXI@Z 00402c0d f i SymbolsDisplayDlg.obj
 0001:00001c2a       ??1CSymbolsDisplayDlg@@UAE@XZ 00402c2a f i SymbolsDisplayDlg.obj
 0001:00001c6a       ?DoDataExchange@CSymbolsDisplayDlg@@MAEXPAVCDataExchange@@@Z 00402c6a f   SymbolsDisplayDlg.obj
 0001:00001c97       ?OnInitDialog@CSymbolsDisplayDlg@@MAEHXZ 00402c97 f   SymbolsDisplayDlg.obj
 0001:00001cf4       ??0CThreadPickerDlg@@QAE@PAV?$vector@VCDebuggeeThread@@V?$allocator@VCDebuggeeThread@@@std@@@std@@PBGPAVCWnd@@@Z 00402cf4 f   ThreadPickerDlg.obj
 0001:00001d88       ??_GCThreadPickerDlg@@UAEPAXI@Z 00402d88 f i ThreadPickerDlg.obj
 0001:00001d88       ??_ECThreadPickerDlg@@UAEPAXI@Z 00402d88 f i ThreadPickerDlg.obj
 0001:00001da5       ??1CThreadPickerDlg@@UAE@XZ 00402da5 f i ThreadPickerDlg.obj
 0001:00001df1       ?DoDataExchange@CThreadPickerDlg@@MAEXPAVCDataExchange@@@Z 00402df1 f   ThreadPickerDlg.obj
 0001:00001e1e       ?GetMessageMap@CProjectSettings@@MBEPBUAFX_MSGMAP@@XZ 00402e1e f   ProjectSettings.obj
 0001:00001e1e       ?GetMessageMap@CSymbolsDisplayDlg@@MBEPBUAFX_MSGMAP@@XZ 00402e1e f   SymbolsDisplayDlg.obj
 0001:00001e1e       ?GetMessageMap@CThreadPickerDlg@@MBEPBUAFX_MSGMAP@@XZ 00402e1e f   ThreadPickerDlg.obj
 0001:00001e1e       ?GetMessageMap@CAboutDlg@@MBEPBUAFX_MSGMAP@@XZ 00402e1e f   AboutDlg.obj
 0001:00001e1e       ?GetMessageMap@CDisasmDisplayDlg@@MBEPBUAFX_MSGMAP@@XZ 00402e1e f   DisasmDisplayDlg.obj
 0001:00001e24       ?OnOK@CThreadPickerDlg@@MAEXXZ 00402e24 f   ThreadPickerDlg.obj
 0001:00001e24       ?OnOK@CSymbolsDisplayDlg@@MAEXXZ 00402e24 f   SymbolsDisplayDlg.obj
 0001:00001e50       ?OnInitDialog@CThreadPickerDlg@@MAEHXZ 00402e50 f   ThreadPickerDlg.obj
 0001:00001ef7       ??_ECWDBGApp@@UAEPAXI@Z    00402ef7 f i WDBG.obj
 0001:00001ef7       ??_GCWDBGApp@@UAEPAXI@Z    00402ef7 f i WDBG.obj
 0001:00001f13       ??1CWDBGApp@@UAE@XZ        00402f13 f i WDBG.obj
 0001:00001f18       ?GetMessageMap@CWDBGApp@@MBEPBUAFX_MSGMAP@@XZ 00402f18 f   WDBG.obj
 0001:00001f1e       ??0CWDBGApp@@QAE@XZ        00402f1e f   WDBG.obj
 0001:00001f37       ?InitInstance@CWDBGApp@@UAEHXZ 00402f37 f   WDBG.obj
 0001:0000205b       ?OnAppAbout@CWDBGApp@@QAEXXZ 0040305b f   WDBG.obj
 0001:00002094       ?OnFileOpen@CWDBGApp@@QAEXXZ 00403094 f   WDBG.obj
 0001:00002416       ?OpenDocumentFile@CWDBGApp@@UAEPAVCDocument@@PBG@Z 00403416 f   WDBG.obj
 0001:00002436       ?MDITile@CMDIFrameWnd@@QAEXH@Z 00403436 f i WDBG.obj
 0001:00002450       ?CreateObject@CWDBGChildFrame@@SGPAVCObject@@XZ 00403450 f   WDBGChildFrame.obj
 0001:00002487       ?GetRuntimeClass@CWDBGChildFrame@@UBEPAUCRuntimeClass@@XZ 00403487 f   WDBGChildFrame.obj
 0001:0000248d       ??0CWDBGChildFrame@@IAE@XZ 0040348d f   WDBGChildFrame.obj
 0001:0000249d       ??_ECWDBGChildFrame@@MAEPAXI@Z 0040349d f i WDBGChildFrame.obj
 0001:0000249d       ??_GCWDBGChildFrame@@MAEPAXI@Z 0040349d f i WDBGChildFrame.obj
 0001:000024b9       ??1CWDBGChildFrame@@MAE@XZ 004034b9 f   WDBGChildFrame.obj
 0001:000024c4       ?DisableCloseButton@CWDBGChildFrame@@QAEXXZ 004034c4 f   WDBGChildFrame.obj
 0001:000024ea       ?EnableCloseButton@CWDBGChildFrame@@QAEXXZ 004034ea f   WDBGChildFrame.obj
 0001:00002510       ?GetMessageMap@CWDBGChildFrame@@MBEPBUAFX_MSGMAP@@XZ 00403510 f   WDBGChildFrame.obj
 0001:00002516       ?PreCreateWindow@CWDBGChildFrame@@MAEHAAUtagCREATESTRUCTW@@@Z 00403516 f   WDBGChildFrame.obj
 0001:00002530       ??_ECWDBGLogView@@UAEPAXI@Z 00403530 f i WDBGLogView.obj
 0001:00002530       ??_GCWDBGLogView@@UAEPAXI@Z 00403530 f i WDBGLogView.obj
 0001:0000254c       ?CreateObject@CWDBGLogView@@SGPAVCObject@@XZ 0040354c f   WDBGLogView.obj
 0001:00002583       ?GetRuntimeClass@CWDBGLogView@@UBEPAUCRuntimeClass@@XZ 00403583 f   WDBGLogView.obj
 0001:00002589       ?GetMessageMap@CWDBGLogView@@MBEPBUAFX_MSGMAP@@XZ 00403589 f   WDBGLogView.obj
 0001:0000258f       ??0CWDBGLogView@@IAE@XZ    0040358f f   WDBGLogView.obj
 0001:000025af       ??1CWDBGLogView@@UAE@XZ    004035af f   WDBGLogView.obj
 0001:000025f3       ?PreCreateWindow@CWDBGLogView@@UAEHAAUtagCREATESTRUCTW@@@Z 004035f3 f   WDBGLogView.obj
 0001:000025f8       ?OnPreparePrinting@CWDBGLogView@@MAEHPAUCPrintInfo@@@Z 004035f8 f   WDBGLogView.obj
 0001:000025fd       ?OnBeginPrinting@CWDBGLogView@@MAEXPAVCDC@@PAUCPrintInfo@@@Z 004035fd f   WDBGLogView.obj
 0001:00002602       ?OnEndPrinting@CWDBGLogView@@MAEXPAVCDC@@PAUCPrintInfo@@@Z 00403602 f   WDBGLogView.obj
 0001:00002607       ?Clear@CWDBGLogView@@QAEXXZ 00403607 f   WDBGLogView.obj
 0001:00002623       ?OnChar@CWDBGLogView@@IAEXIII@Z 00403623 f   WDBGLogView.obj
 0001:00002657       ?OnInitialUpdate@CWDBGLogView@@UAEXXZ 00403657 f   WDBGLogView.obj
 0001:000026d9       ?SetViewText@CWDBGLogView@@QAEXPBGH@Z 004036d9 f   WDBGLogView.obj
 0001:00002718       ?DeleteLine@CWDBGLogView@@QAEXH@Z 00403718 f   WDBGLogView.obj
 0001:0000275f       ?DebuggerOutputMsg@CWDBGLogView@@IAEJIJ@Z 0040375f f   WDBGLogView.obj
 0001:00002771       ?AppendText@CWDBGLogView@@QAEXPBGH@Z 00403771 f   WDBGLogView.obj
 0001:000027b0       ?AppendLast@CWDBGLogView@@QAEXPBGH@Z 004037b0 f   WDBGLogView.obj
 0001:000027f0       ?OnRButtonDown@CWDBGLogView@@IAEXIVCPoint@@@Z 004037f0 f   WDBGLogView.obj
 0001:000027f3       ?OnChange@CWDBGLogView@@IAEXXZ 004037f3 f   WDBGLogView.obj
 0001:000027f3       ?OnEditPaste@CWDBGLogView@@IAEXXZ 004037f3 f   WDBGLogView.obj
 0001:000027f3       ?AssertValid@CObject@@UBEXXZ 004037f3 f   AboutDlg.obj
 0001:000027f3       ?OnEditCut@CWDBGLogView@@IAEXXZ 004037f3 f   WDBGLogView.obj
 0001:000027f4       ?OnUpdateEditCut@CWDBGLogView@@IAEXPAVCCmdUI@@@Z 004037f4 f   WDBGLogView.obj
 0001:000027f4       ?OnUpdateEditPaste@CWDBGLogView@@IAEXPAVCCmdUI@@@Z 004037f4 f   WDBGLogView.obj
 0001:00002801       ?OnDestroy@CWDBGLogView@@IAEXXZ 00403801 f   WDBGLogView.obj
 0001:00002816       ?SetSel@CEdit@@QAEXHHH@Z   00403816 f i WDBGLogView.obj
 0001:00002847       ?LineLength@CEdit@@QBEHH@Z 00403847 f i WDBGLogView.obj
 0001:0000285e       ?LineIndex@CEdit@@QBEHH@Z  0040385e f i WDBGLogView.obj
 0001:00002875       ?SetFont@CWnd@@QAEXPAVCFont@@H@Z 00403875 f i WDBGLogView.obj
 0001:00002893       ??1CFont@@UAE@XZ           00403893 f i WDBGLogView.obj
 0001:00002893       ??1CGdiObject@@UAE@XZ      00403893 f i WDBGLogView.obj
 0001:0000289e       ??_GCFont@@UAEPAXI@Z       0040389e f i WDBGLogView.obj
 0001:0000289e       ??_ECFont@@UAEPAXI@Z       0040389e f i WDBGLogView.obj
 0001:0000289e       ??_ECGdiObject@@UAEPAXI@Z  0040389e f i WDBGLogView.obj
 0001:0000289e       ??_GCGdiObject@@UAEPAXI@Z  0040389e f i WDBGLogView.obj
 0001:000028ba       ??0COneShotBP@@QAE@XZ      004038ba f i WDBGProjDoc.obj
 0001:000028d3       ?GetType@COneShotBP@@UAE?AW4eBreakpointType@@XZ 004038d3 f i WDBGProjDoc.obj
 0001:000028d7       ??0CLoadedModule@@QAE@PBX0W4SYM_TYPE@@PBG2@Z 004038d7 f i WDBGProjDoc.obj
 0001:0000290e       ??_GCWDBGProjDoc@@UAEPAXI@Z 0040390e f i WDBGProjDoc.obj
 0001:0000290e       ??_ECWDBGProjDoc@@UAEPAXI@Z 0040390e f i WDBGProjDoc.obj
 0001:0000292a       ?CreateObject@CWDBGProjDoc@@SGPAVCObject@@XZ 0040392a f   WDBGProjDoc.obj
 0001:00002961       ?GetRuntimeClass@CWDBGProjDoc@@UBEPAUCRuntimeClass@@XZ 00403961 f   WDBGProjDoc.obj
 0001:00002967       ?GetMessageMap@CWDBGProjDoc@@MBEPBUAFX_MSGMAP@@XZ 00403967 f   WDBGProjDoc.obj
 0001:0000296d       ??0CWDBGProjDoc@@IAE@XZ    0040396d f   WDBGProjDoc.obj
 0001:00002acd       ??1CWDBGProjDoc@@UAE@XZ    00403acd f   WDBGProjDoc.obj
 0001:00002c11       ?OnNewDocument@CWDBGProjDoc@@UAEHXZ 00403c11 f   WDBGProjDoc.obj
 0001:00002c1d       ?Serialize@CWDBGProjDoc@@UAEXAAVCArchive@@@Z 00403c1d f   WDBGProjDoc.obj
 0001:00002d41       ?ClearAllViews@CWDBGProjDoc@@QAEXXZ 00403d41 f   WDBGProjDoc.obj
 0001:00002e66       ?ViewDestroyed@CWDBGProjDoc@@QAEXPAVCView@@@Z 00403e66 f   WDBGProjDoc.obj
 0001:0000307f       ?OnOpenDocument@CWDBGProjDoc@@UAEHPBG@Z 0040407f f   WDBGProjDoc.obj
 0001:00003457       ?OnCloseDocument@CWDBGProjDoc@@UAEXXZ 00404457 f   WDBGProjDoc.obj
 0001:0000347f       ?OnEditProject@CWDBGProjDoc@@IAEXXZ 0040447f f   WDBGProjDoc.obj
 0001:00003560       ?SetTitle@CWDBGProjDoc@@UAEXPBG@Z 00404560 f   WDBGProjDoc.obj
 0001:000036c6       ?SetPathName@CWDBGProjDoc@@UAEXPBGH@Z 004046c6 f   WDBGProjDoc.obj
 0001:000037ce       ?OnSaveDocument@CWDBGProjDoc@@UAEHPBG@Z 004047ce f   WDBGProjDoc.obj
 0001:000037eb       ?CreateNewView@CWDBGProjDoc@@IAEPAVCWDBGLogView@@PBGH@Z 004047eb f   WDBGProjDoc.obj
 0001:0000383c       ?OnDebugGo@CWDBGProjDoc@@IAEXXZ 0040483c f   WDBGProjDoc.obj
 0001:00003995       ?OnUpdateDebugGo@CWDBGProjDoc@@IAEXPAVCCmdUI@@@Z 00404995 f   WDBGProjDoc.obj
 0001:000039b7       ?OnDebugStop@CWDBGProjDoc@@IAEXXZ 004049b7 f   WDBGProjDoc.obj
 0001:000039f0       ?OnUpdateDebugStop@CWDBGProjDoc@@IAEXPAVCCmdUI@@@Z 004049f0 f   WDBGProjDoc.obj
 0001:00003a1c       ?ResetDebuggeeInfoStates@CWDBGProjDoc@@IAEXXZ 00404a1c f   WDBGProjDoc.obj
 0001:00003a80       ?HandleCreateProcessEvent@CWDBGProjDoc@@QAEKKPAUtag_STCREATEPROCESSEVENT@@@Z 00404a80 f   WDBGProjDoc.obj
 0001:00003bcc       ?HandleExceptionEvent@CWDBGProjDoc@@QAEKKPAUtag_STEXCEPTIONEVENT@@@Z 00404bcc f   WDBGProjDoc.obj
 0001:00003c1a       ?HandleBreakpoint@CWDBGProjDoc@@IAEKKPAUtag_STEXCEPTIONEVENT@@@Z 00404c1a f   WDBGProjDoc.obj
 0001:00003d58       ?IsOneShotBP@CWDBGProjDoc@@IAEHKPAUtag_STEXCEPTIONEVENT@@@Z 00404d58 f   WDBGProjDoc.obj
 0001:00003ee8       ?IsUserBP@CWDBGProjDoc@@IAEHKPAUtag_STEXCEPTIONEVENT@@@Z 00404ee8 f   WDBGProjDoc.obj
 0001:00004054       ?HandleStep@CWDBGProjDoc@@IAEKKPAUtag_STEXCEPTIONEVENT@@@Z 00405054 f   WDBGProjDoc.obj
 0001:000042f9       ?HandleGeneralException@CWDBGProjDoc@@IAEKKPAUtag_STEXCEPTIONEVENT@@@Z 004052f9 f   WDBGProjDoc.obj
 0001:0000444f       ?ConvertAddrToString@CWDBGProjDoc@@QAEXPBXPAG@Z 0040544f f   WDBGProjDoc.obj
 0001:0000450a       ?ConvertStringToAddr@CWDBGProjDoc@@QAEHPBGPAPBX@Z 0040550a f   WDBGProjDoc.obj
 0001:000045d8       ?HandleThreadCreateEvent@CWDBGProjDoc@@QAEKKPAUtag_STCREATETHREADEVENT@@@Z 004055d8 f   WDBGProjDoc.obj
 0001:00004620       ?HandleThreadExitEvent@CWDBGProjDoc@@QAEKKPAUtag_STEXITPROCESSEVENT@@@Z 00405620 f   WDBGProjDoc.obj
 0001:00004678       ?HandleLoadDllEvent@CWDBGProjDoc@@QAEKKPAUtag_STLOADDLLEVENT@@@Z 00405678 f   WDBGProjDoc.obj
 0001:000047b7       ?HandleUnloadedDllEvent@CWDBGProjDoc@@QAEKKPAUtag_STUNLOADDLLEVENT@@@Z 004057b7 f   WDBGProjDoc.obj
 0001:00004880       ?HandleOutputDebugStringEvent@CWDBGProjDoc@@QAEKKPAUtag_STOUTPUTDEBUGSTRINGEVENT@@@Z 00405880 f   WDBGProjDoc.obj
 0001:000048a0       ?AppendToActiveThreads@CWDBGProjDoc@@IAEXAAVCDebuggeeThread@@@Z 004058a0 f   WDBGProjDoc.obj
 0001:0000492c       ?RemoveFromActiveThreads@CWDBGProjDoc@@IAEXH@Z 0040592c f   WDBGProjDoc.obj
 0001:00004944       ?AppendToActiveModules@CWDBGProjDoc@@IAEXAAVCLoadedModule@@@Z 00405944 f   WDBGProjDoc.obj
 0001:000049b6       ?FindThreadHandle@CWDBGProjDoc@@IAEPAXK@Z 004059b6 f   WDBGProjDoc.obj
 0001:000049de       ?OnViewDisassembly@CWDBGProjDoc@@IAEXXZ 004059de f   WDBGProjDoc.obj
 0001:00004c93       ?OnViewMemory@CWDBGProjDoc@@IAEXXZ 00405c93 f   WDBGProjDoc.obj
 0001:00004dab       ?OnViewSymbols@CWDBGProjDoc@@IAEXXZ 00405dab f   WDBGProjDoc.obj
 0001:00004e99       ?DisplayMemoryInfo@CWDBGProjDoc@@IAEXPAVCMemDisplay@@@Z 00405e99 f   WDBGProjDoc.obj
 0001:0000516f       ?UpdateAllDynamicWindows@CWDBGProjDoc@@IAEXXZ 0040616f f   WDBGProjDoc.obj
 0001:000051f5       ?OnViewCallstack@CWDBGProjDoc@@IAEXXZ 004061f5 f   WDBGProjDoc.obj
 0001:000052e4       ?OnUpdateViewCallstack@CWDBGProjDoc@@IAEXPAVCCmdUI@@@Z 004062e4 f   WDBGProjDoc.obj
 0001:000052e4       ?OnUpdateViewSymbols@CWDBGProjDoc@@IAEXPAVCCmdUI@@@Z 004062e4 f   WDBGProjDoc.obj
 0001:000052e4       ?OnUpdateViewRegisters@CWDBGProjDoc@@IAEXPAVCCmdUI@@@Z 004062e4 f   WDBGProjDoc.obj
 0001:000052e4       ?OnUpdateViewDisassembly@CWDBGProjDoc@@IAEXPAVCCmdUI@@@Z 004062e4 f   WDBGProjDoc.obj
 0001:000052e4       ?OnUpdateViewMemory@CWDBGProjDoc@@IAEXPAVCCmdUI@@@Z 004062e4 f   WDBGProjDoc.obj
 0001:00005300       ?EnumerateLocalsIntoStackWnd@CWDBGProjDoc@@KGH_KPBG11HPAX@Z 00406300 f   WDBGProjDoc.obj
 0001:000053fa       ?IsSharedUserDataSystemStubCallRet@@YAH_K@Z 004063fa f   WDBGProjDoc.obj
 0001:00005437       ?DisplayCallStack@CWDBGProjDoc@@IAEXPAVCStackDisplay@@@Z 00406437 f   WDBGProjDoc.obj
 0001:000057aa       ?OnViewRegisters@CWDBGProjDoc@@IAEXXZ 004067aa f   WDBGProjDoc.obj
 0001:000058a3       ?DisplayRegisterSet@CWDBGProjDoc@@IAEXPAVCStackDisplay@@@Z 004068a3 f   WDBGProjDoc.obj
 0001:00005990       ?OnDebugBreak@CWDBGProjDoc@@IAEXXZ 00406990 f   WDBGProjDoc.obj
 0001:000059b6       ?OnUpdateDebugBreak@CWDBGProjDoc@@IAEXPAVCCmdUI@@@Z 004069b6 f   WDBGProjDoc.obj
 0001:000059d7       ?OnDebugBreakpoints@CWDBGProjDoc@@IAEXXZ 004069d7 f   WDBGProjDoc.obj
 0001:00005a4e       ?ResolveAllUnresolvedBP@CWDBGProjDoc@@IAEXXZ 00406a4e f   WDBGProjDoc.obj
 0001:00005adb       ?ClearAllEnabledBP@CWDBGProjDoc@@IAEXXZ 00406adb f   WDBGProjDoc.obj
 0001:00005b3c       ?ResetBP@CWDBGProjDoc@@IAEXXZ 00406b3c f   WDBGProjDoc.obj
 0001:00005b7e       ?push_back@?$vector@VCDebuggeeThread@@V?$allocator@VCDebuggeeThread@@@std@@@std@@QAEXABVCDebuggeeThread@@@Z 00406b7e f i WDBGProjDoc.obj
 0001:00005bc5       ?erase@?$vector@VCDebuggeeThread@@V?$allocator@VCDebuggeeThread@@@std@@@std@@QAE?AViterator@12@V312@@Z 00406bc5 f i WDBGProjDoc.obj
 0001:00005be4       ?push_back@?$vector@VCLoadedModule@@V?$allocator@VCLoadedModule@@@std@@@std@@QAEXABVCLoadedModule@@@Z 00406be4 f i WDBGProjDoc.obj
 0001:00005c27       ?erase@?$vector@VCLoadedModule@@V?$allocator@VCLoadedModule@@@std@@@std@@QAE?AViterator@12@V312@@Z 00406c27 f i WDBGProjDoc.obj
 0001:00005c4c       ??1?$vector@VCLoadedModule@@V?$allocator@VCLoadedModule@@@std@@@std@@QAE@XZ 00406c4c f i WDBGProjDoc.obj
 0001:00005c4c       ??1?$vector@VCStackDisplay@@V?$allocator@VCStackDisplay@@@std@@@std@@QAE@XZ 00406c4c f i WDBGProjDoc.obj
 0001:00005c4c       ??1?$vector@VCDebuggeeThread@@V?$allocator@VCDebuggeeThread@@@std@@@std@@QAE@XZ 00406c4c f i WDBGProjDoc.obj
 0001:00005c4c       ??1?$vector@VCMemDisplay@@V?$allocator@VCMemDisplay@@@std@@@std@@QAE@XZ 00406c4c f i WDBGProjDoc.obj
 0001:00005c51       ?size@?$vector@VCMemDisplay@@V?$allocator@VCMemDisplay@@@std@@@std@@QBEIXZ 00406c51 f i WDBGProjDoc.obj
 0001:00005c64       ?push_back@?$vector@VCMemDisplay@@V?$allocator@VCMemDisplay@@@std@@@std@@QAEXABVCMemDisplay@@@Z 00406c64 f i WDBGProjDoc.obj
 0001:00005ca7       ?erase@?$vector@VCMemDisplay@@V?$allocator@VCMemDisplay@@@std@@@std@@QAE?AViterator@12@V312@@Z 00406ca7 f i WDBGProjDoc.obj
 0001:00005cc6       ?size@?$vector@VCStackDisplay@@V?$allocator@VCStackDisplay@@@std@@@std@@QBEIXZ 00406cc6 f i WDBGProjDoc.obj
 0001:00005cd9       ?push_back@?$vector@VCStackDisplay@@V?$allocator@VCStackDisplay@@@std@@@std@@QAEXABVCStackDisplay@@@Z 00406cd9 f i WDBGProjDoc.obj
 0001:00005d25       ?erase@?$vector@VCStackDisplay@@V?$allocator@VCStackDisplay@@@std@@@std@@QAE?AViterator@12@V312@@Z 00406d25 f i WDBGProjDoc.obj
 0001:00005d4b       ?capacity@?$vector@VCDebuggeeThread@@V?$allocator@VCDebuggeeThread@@@std@@@std@@QBEIXZ 00406d4b f i WDBGProjDoc.obj
 0001:00005d61       ?size@?$vector@VCDebuggeeThread@@V?$allocator@VCDebuggeeThread@@@std@@@std@@QBEIXZ 00406d61 f i WDBGProjDoc.obj
 0001:00005d77       ?insert@?$vector@VCDebuggeeThread@@V?$allocator@VCDebuggeeThread@@@std@@@std@@QAE?AViterator@12@V312@ABVCDebuggeeThread@@@Z 00406d77 f i WDBGProjDoc.obj
 0001:00005db8       ?_Tidy@?$vector@VCDebuggeeThread@@V?$allocator@VCDebuggeeThread@@@std@@@std@@IAEXXZ 00406db8 f i WDBGProjDoc.obj
 0001:00005db8       ?_Tidy@?$vector@VCStackDisplay@@V?$allocator@VCStackDisplay@@@std@@@std@@IAEXXZ 00406db8 f i WDBGProjDoc.obj
 0001:00005db8       ?_Tidy@?$vector@VCLoadedModule@@V?$allocator@VCLoadedModule@@@std@@@std@@IAEXXZ 00406db8 f i WDBGProjDoc.obj
 0001:00005db8       ?_Tidy@?$vector@VCMemDisplay@@V?$allocator@VCMemDisplay@@@std@@@std@@IAEXXZ 00406db8 f i WDBGProjDoc.obj
 0001:00005dd3       ?_Ufill@?$vector@VCDebuggeeThread@@V?$allocator@VCDebuggeeThread@@@std@@@std@@IAEPAVCDebuggeeThread@@PAV3@IABV3@@Z 00406dd3 f i WDBGProjDoc.obj
 0001:00005df1       ?capacity@?$vector@VCLoadedModule@@V?$allocator@VCLoadedModule@@@std@@@std@@QBEIXZ 00406df1 f i WDBGProjDoc.obj
 0001:00005e09       ?size@?$vector@VCLoadedModule@@V?$allocator@VCLoadedModule@@@std@@@std@@QBEIXZ 00406e09 f i WDBGProjDoc.obj
 0001:00005e21       ?insert@?$vector@VCLoadedModule@@V?$allocator@VCLoadedModule@@@std@@@std@@QAE?AViterator@12@V312@ABVCLoadedModule@@@Z 00406e21 f i WDBGProjDoc.obj
 0001:00005e64       ?_Ufill@?$vector@VCLoadedModule@@V?$allocator@VCLoadedModule@@@std@@@std@@IAEPAVCLoadedModule@@PAV3@IABV3@@Z 00406e64 f i WDBGProjDoc.obj
 0001:00005e8b       ?capacity@?$vector@VCMemDisplay@@V?$allocator@VCMemDisplay@@@std@@@std@@QBEIXZ 00406e8b f i WDBGProjDoc.obj
 0001:00005e9e       ?insert@?$vector@VCMemDisplay@@V?$allocator@VCMemDisplay@@@std@@@std@@QAE?AViterator@12@V312@ABVCMemDisplay@@@Z 00406e9e f i WDBGProjDoc.obj
 0001:00005ed7       ?_Ufill@?$vector@VCMemDisplay@@V?$allocator@VCMemDisplay@@@std@@@std@@IAEPAVCMemDisplay@@PAV3@IABV3@@Z 00406ed7 f i WDBGProjDoc.obj
 0001:00005efb       ?capacity@?$vector@VCStackDisplay@@V?$allocator@VCStackDisplay@@@std@@@std@@QBEIXZ 00406efb f i WDBGProjDoc.obj
 0001:00005f0e       ?insert@?$vector@VCStackDisplay@@V?$allocator@VCStackDisplay@@@std@@@std@@QAE?AViterator@12@V312@ABVCStackDisplay@@@Z 00406f0e f i WDBGProjDoc.obj
 0001:00005f48       ?_Insert_n@?$vector@VCDebuggeeThread@@V?$allocator@VCDebuggeeThread@@@std@@@std@@IAEXViterator@12@IABVCDebuggeeThread@@@Z 00406f48 f i WDBGProjDoc.obj
 0001:0000612b       ?_Insert_n@?$vector@VCLoadedModule@@V?$allocator@VCLoadedModule@@@std@@@std@@IAEXViterator@12@IABVCLoadedModule@@@Z 0040712b f i WDBGProjDoc.obj
 0001:00006333       ?_Insert_n@?$vector@VCMemDisplay@@V?$allocator@VCMemDisplay@@@std@@@std@@IAEXViterator@12@IABVCMemDisplay@@@Z 00407333 f i WDBGProjDoc.obj
 0001:000064ef       ?_Xlen@?$vector@VCMemDisplay@@V?$allocator@VCMemDisplay@@@std@@@std@@IBEXXZ 004074ef f i WDBGProjDoc.obj
 0001:000064ef       ?_Xlen@?$vector@VCStackDisplay@@V?$allocator@VCStackDisplay@@@std@@@std@@IBEXXZ 004074ef f i WDBGProjDoc.obj
 0001:000064ef       ?_Xlen@?$vector@VCLoadedModule@@V?$allocator@VCLoadedModule@@@std@@@std@@IBEXXZ 004074ef f i WDBGProjDoc.obj
 0001:000064ef       ?_Xlen@?$vector@VCDebuggeeThread@@V?$allocator@VCDebuggeeThread@@@std@@@std@@IBEXXZ 004074ef f i WDBGProjDoc.obj
 0001:00006531       ?_Insert_n@?$vector@VCStackDisplay@@V?$allocator@VCStackDisplay@@@std@@@std@@IAEXViterator@12@IABVCStackDisplay@@@Z 00407531 f i WDBGProjDoc.obj
 0001:00006713       ??0length_error@std@@QAE@ABV01@@Z 00407713 f i WDBGProjDoc.obj
 0001:0000672b       ??0logic_error@std@@QAE@ABV01@@Z 0040772b f i WDBGProjDoc.obj
 0001:00006770       ??1?$CArray@VCOneShotBP@@V1@@@UAE@XZ 00407770 f i WDBGProjDoc.obj
 0001:000067a9       ?Serialize@?$CArray@VCOneShotBP@@V1@@@UAEXAAVCArchive@@@Z 004077a9 f i WDBGProjDoc.obj
 0001:000067e6       ??$copy@PAVCDebuggeeThread@@PAV1@@std@@YAPAVCDebuggeeThread@@PAV1@00@Z 004077e6 f i WDBGProjDoc.obj
 0001:000067fd       ??$copy@PAVCLoadedModule@@PAV1@@std@@YAPAVCLoadedModule@@PAV1@00@Z 004077fd f i WDBGProjDoc.obj
 0001:00006814       ??$copy@PAVCMemDisplay@@PAV1@@std@@YAPAVCMemDisplay@@PAV1@00@Z 00407814 f i WDBGProjDoc.obj
 0001:0000682b       ??$fill@PAVCDebuggeeThread@@V1@@std@@YAXPAVCDebuggeeThread@@0ABV1@@Z 0040782b f i WDBGProjDoc.obj
 0001:00006848       ??$copy_backward@PAVCDebuggeeThread@@PAV1@@std@@YAPAVCDebuggeeThread@@PAV1@00@Z 00407848 f i WDBGProjDoc.obj
 0001:0000685f       ??$fill@PAVCLoadedModule@@V1@@std@@YAXPAVCLoadedModule@@0ABV1@@Z 0040785f f i WDBGProjDoc.obj
 0001:00006882       ??$copy_backward@PAVCLoadedModule@@PAV1@@std@@YAPAVCLoadedModule@@PAV1@00@Z 00407882 f i WDBGProjDoc.obj
 0001:00006899       ??$fill@PAVCMemDisplay@@V1@@std@@YAXPAVCMemDisplay@@0ABV1@@Z 00407899 f i WDBGProjDoc.obj
 0001:000068b7       ??$copy_backward@PAVCMemDisplay@@PAV1@@std@@YAPAVCMemDisplay@@PAV1@00@Z 004078b7 f i WDBGProjDoc.obj
 0001:000068ce       ??_G?$CArray@VCOneShotBP@@V1@@@UAEPAXI@Z 004078ce f i WDBGProjDoc.obj
 0001:000068ce       ??_E?$CArray@VCOneShotBP@@V1@@@UAEPAXI@Z 004078ce f i WDBGProjDoc.obj
 0001:000068ea       ?SetSize@?$CArray@VCOneShotBP@@V1@@@QAEXHH@Z 004078ea f i WDBGProjDoc.obj
 0001:00006ae9       ?ElementAt@?$CArray@VCOneShotBP@@V1@@@QAEAAVCOneShotBP@@H@Z 00407ae9 f i WDBGProjDoc.obj
 0001:00006afe       ??$SerializeElements@VCOneShotBP@@@@YGXAAVCArchive@@PAVCOneShotBP@@H@Z 00407afe f i WDBGProjDoc.obj
 0001:00006b72       ?ElementAt@?$CArray@PAVCLocationBP@@PAV1@@@QAEAAPAVCLocationBP@@H@Z 00407b72 f i WDBGProjDoc.obj
 0001:00006b72       ?GetAt@?$CArray@PAVCLocationBP@@PAV1@@@QAEAAPAVCLocationBP@@H@Z 00407b72 f i BreakpointsDlg.obj
 0001:00006b87       ??$_Copy_opt@PAVCDebuggeeThread@@PAV1@@std@@YAPAVCDebuggeeThread@@PAV1@00U_Nonscalar_ptr_iterator_tag@0@@Z 00407b87 f i WDBGProjDoc.obj
 0001:00006bac       ??$_Copy_opt@PAVCLoadedModule@@PAV1@@std@@YAPAVCLoadedModule@@PAV1@00U_Nonscalar_ptr_iterator_tag@0@@Z 00407bac f i WDBGProjDoc.obj
 0001:00006bd8       ??$_Copy_opt@PAVCMemDisplay@@PAV1@@std@@YAPAVCMemDisplay@@PAV1@00U_Nonscalar_ptr_iterator_tag@0@@Z 00407bd8 f i WDBGProjDoc.obj
 0001:00006bfe       ??$_Copy_opt@PAVCStackDisplay@@PAV1@@std@@YAPAVCStackDisplay@@PAV1@00U_Nonscalar_ptr_iterator_tag@0@@Z 00407bfe f i WDBGProjDoc.obj
 0001:00006c17       ??$_Uninit_fill_n@PAVCDebuggeeThread@@IV1@V?$allocator@VCDebuggeeThread@@@std@@@std@@YAXPAVCDebuggeeThread@@IABV1@AAV?$allocator@VCDebuggeeThread@@@0@U_Nonscalar_ptr_iterator_tag@0@@Z 00407c17 f i WDBGProjDoc.obj
 0001:00006c3a       ??$_Uninit_fill_n@PAVCLoadedModule@@IV1@V?$allocator@VCLoadedModule@@@std@@@std@@YAXPAVCLoadedModule@@IABV1@AAV?$allocator@VCLoadedModule@@@0@U_Nonscalar_ptr_iterator_tag@0@@Z 00407c3a f i WDBGProjDoc.obj
 0001:00006c64       ??$_Uninit_fill_n@PAVCMemDisplay@@IV1@V?$allocator@VCMemDisplay@@@std@@@std@@YAXPAVCMemDisplay@@IABV1@AAV?$allocator@VCMemDisplay@@@0@U_Nonscalar_ptr_iterator_tag@0@@Z 00407c64 f i WDBGProjDoc.obj
 0001:00006c88       ??$_Uninit_fill_n@PAVCStackDisplay@@IV1@V?$allocator@VCStackDisplay@@@std@@@std@@YAXPAVCStackDisplay@@IABV1@AAV?$allocator@VCStackDisplay@@@0@U_Nonscalar_ptr_iterator_tag@0@@Z 00407c88 f i WDBGProjDoc.obj
 0001:00006ca3       ??$_Copy_backward_opt@PAVCDebuggeeThread@@PAV1@@std@@YAPAVCDebuggeeThread@@PAV1@00U_Nonscalar_ptr_iterator_tag@0@@Z 00407ca3 f i WDBGProjDoc.obj
 0001:00006cc8       ??$_Copy_backward_opt@PAVCLoadedModule@@PAV1@@std@@YAPAVCLoadedModule@@PAV1@00U_Nonscalar_ptr_iterator_tag@0@@Z 00407cc8 f i WDBGProjDoc.obj
 0001:00006cf4       ??$_Copy_backward_opt@PAVCMemDisplay@@PAV1@@std@@YAPAVCMemDisplay@@PAV1@00U_Nonscalar_ptr_iterator_tag@0@@Z 00407cf4 f i WDBGProjDoc.obj
 0001:00006d1a       ??$_Copy_backward_opt@PAVCStackDisplay@@PAV1@@std@@YAPAVCStackDisplay@@PAV1@00U_Nonscalar_ptr_iterator_tag@0@@Z 00407d1a f i WDBGProjDoc.obj
 0001:00006d37       ??$_Uninit_copy@PAVCDebuggeeThread@@PAV1@V?$allocator@VCDebuggeeThread@@@std@@@std@@YAPAVCDebuggeeThread@@PAV1@00AAV?$allocator@VCDebuggeeThread@@@0@U_Nonscalar_ptr_iterator_tag@0@@Z 00407d37 f i WDBGProjDoc.obj
 0001:00006d59       ??$_Uninit_copy@PAVCLoadedModule@@PAV1@V?$allocator@VCLoadedModule@@@std@@@std@@YAPAVCLoadedModule@@PAV1@00AAV?$allocator@VCLoadedModule@@@0@U_Nonscalar_ptr_iterator_tag@0@@Z 00407d59 f i WDBGProjDoc.obj
 0001:00006d86       ??$_Uninit_copy@PAVCMemDisplay@@PAV1@V?$allocator@VCMemDisplay@@@std@@@std@@YAPAVCMemDisplay@@PAV1@00AAV?$allocator@VCMemDisplay@@@0@U_Nonscalar_ptr_iterator_tag@0@@Z 00407d86 f i WDBGProjDoc.obj
 0001:00006da9       ??$_Uninit_copy@PAVCStackDisplay@@PAV1@V?$allocator@VCStackDisplay@@@std@@@std@@YAPAVCStackDisplay@@PAV1@00AAV?$allocator@VCStackDisplay@@@0@U_Nonscalar_ptr_iterator_tag@0@@Z 00407da9 f i WDBGProjDoc.obj
 0001:00006dc6       ?SetModifiedFlag@CDocument@@UAEXH@Z 00407dc6 f i WDBGProjDoc.obj
 0001:00006dd0       ?IsModified@CDocument@@UAEHXZ 00407dd0 f i WDBGProjDoc.obj
 0001:00006dd4       ??_Glogic_error@std@@UAEPAXI@Z 00407dd4 f i WDBGProjDoc.obj
 0001:00006dd4       ??_Elogic_error@std@@UAEPAXI@Z 00407dd4 f i WDBGProjDoc.obj
 0001:00006df0       ?what@logic_error@std@@UBEPBDXZ 00407df0 f i WDBGProjDoc.obj
 0001:00006dfe       ??_Glength_error@std@@UAEPAXI@Z 00407dfe f i WDBGProjDoc.obj
 0001:00006dfe       ??_Elength_error@std@@UAEPAXI@Z 00407dfe f i WDBGProjDoc.obj
 0001:00006e1a       ??1logic_error@std@@UAE@XZ 00407e1a f i WDBGProjDoc.obj
 0001:00006e57       ??1length_error@std@@UAE@XZ 00407e57 f i WDBGProjDoc.obj
 0001:00006e62       ??0logic_error@std@@QAE@ABV?$basic_string@DU?$char_traits@D@std@@V?$allocator@D@2@@1@@Z 00407e62 f i WDBGProjDoc.obj
 0001:00006e9f       ?SymEnumerateSymbols@CSymbolEngine@@QAEH_KP6GHPAD0KPAX@Z2@Z 00407e9f f i WDBGProjDoc.obj
 0001:00006ebb       ??1CWaitCursor@@QAE@XZ     00407ebb f i WDBGProjDoc.obj
 0001:00006ec8       ?SymGetSymFromAddr@CSymbolEngine@@QAEH_KPA_KPAU_IMAGEHLP_SYMBOL64@@@Z 00407ec8 f i WDBGProjDoc.obj
 0001:00006ec8       ?SymGetSymFromAddr64@CSymbolEngine@@QAEH_KPA_KPAU_IMAGEHLP_SYMBOL64@@@Z 00407ec8 f i WDBGProjDoc.obj
 0001:00006ee4       ??1CSymbolEngine@@UAE@XZ   00407ee4 f i WDBGProjDoc.obj
 0001:00006ef2       ??_ECSymbolEngine@@UAEPAXI@Z 00407ef2 f i WDBGProjDoc.obj
 0001:00006ef2       ??_GCSymbolEngine@@UAEPAXI@Z 00407ef2 f i WDBGProjDoc.obj
 0001:00006f0e       ??1CVariableInfo@@UAE@XZ   00407f0e f i WDBGProjDoc.obj
 0001:00006f22       ??_GCVariableInfo@@UAEPAXI@Z 00407f22 f i WDBGProjDoc.obj
 0001:00006f22       ??_ECVariableInfo@@UAEPAXI@Z 00407f22 f i WDBGProjDoc.obj
 0001:00006f3e       ??0CSymbolEngine@@QAE@XZ   00407f3e f i WDBGProjDoc.obj
 0001:00006f8e       ??0CVariableInfo@@QAE@XZ   00407f8e f i WDBGProjDoc.obj
 0001:00006fa9       ?ZeroData@CVariableInfo@@QAEXXZ 00407fa9 f i WDBGProjDoc.obj
 0001:0000701e       ?ZeroLocalEnumerationMemberVars@CSymbolEngine@@IAEXXZ 0040801e f i WDBGProjDoc.obj
 0001:00007040       ?OutputCRLF@CWDBGUser@@UAEXXZ 00408040 f i WDBGUser.obj
 0001:0000704e       ??0CWDBGUser@@QAE@XZ       0040804e f   WDBGUser.obj
 0001:000070a8       ??_ECWDBGUser@@UAEPAXI@Z   004080a8 f i WDBGUser.obj
 0001:000070a8       ??_GCWDBGUser@@UAEPAXI@Z   004080a8 f i WDBGUser.obj
 0001:000070c4       ??1CWDBGUser@@UAE@XZ       004080c4 f   WDBGUser.obj
 0001:000070fb       ?Initialize@CWDBGUser@@QAEHPAUHWND__@@0PBG@Z 004080fb f   WDBGUser.obj
 0001:00007125       ?SendMsgToUI@CWDBGUser@@IAEHIIJ@Z 00408125 f   WDBGUser.obj
 0001:00007140       ?Output@CWDBGUser@@UAAXPBGZZ 00408140 f   WDBGUser.obj
 0001:0000717e       ?ConvertCRLF@CWDBGUser@@UAEPBGPAGH@Z 0040817e f   WDBGUser.obj
 0001:000071ec       ?ExitProcessEvent@CWDBGUser@@UAEXKKK@Z 004081ec f   WDBGUser.obj
 0001:0000722f       ?ExceptionEvent@CWDBGUser@@UAEKKKAAU_EXCEPTION_DEBUG_INFO@@@Z 0040822f f   WDBGUser.obj
 0001:00007284       ?CreateProcessEvent@CWDBGUser@@UAEKKKAAU_CREATE_PROCESS_DEBUG_INFO@@@Z 00408284 f   WDBGUser.obj
 0001:000072d9       ?CreateThreadEvent@CWDBGUser@@UAEKKKAAU_CREATE_THREAD_DEBUG_INFO@@@Z 004082d9 f   WDBGUser.obj
 0001:0000732e       ?ExitThreadEvent@CWDBGUser@@UAEKKKK@Z 0040832e f   WDBGUser.obj
 0001:00007383       ?LoadDllEvent@CWDBGUser@@UAEKKKAAU_LOAD_DLL_DEBUG_INFO@@PBGAAU_IMAGEHLP_MODULE64@@@Z 00408383 f   WDBGUser.obj
 0001:0000740c       ?UnloadDllEvent@CWDBGUser@@UAEKKKPBX@Z 0040840c f   WDBGUser.obj
 0001:00007461       ?OutputDebugStringEvent@CWDBGUser@@UAEKKKPBG@Z 00408461 f   WDBGUser.obj
 0001:000074b6       ??1CDebugBaseUser@@UAE@XZ  004084b6 f i WDBGUser.obj
 0001:000074bd       ??_GCDebugBaseUser@@UAEPAXI@Z 004084bd f i WDBGUser.obj
 0001:000074bd       ??_ECDebugBaseUser@@UAEPAXI@Z 004084bd f i WDBGUser.obj
 0001:000074da       ?OutputCRLF@CDebugBaseUser@@UAEXXZ 004084da f i WDBGUser.obj
 0001:000074e8       ?ConvertCRLF@CDebugBaseUser@@UAEPBGPAGH@Z 004084e8 f i WDBGUser.obj
 0001:000074ed       ?CreateThreadEvent@CDebugBaseUser@@UAEKKKAAU_CREATE_THREAD_DEBUG_INFO@@@Z 004084ed f i WDBGUser.obj
 0001:00007512       ?UnknownEvent@CDebugBaseUser@@UAEKKKK@Z 00408512 f i WDBGUser.obj
 0001:00007512       ?CreateProcessEvent@CDebugBaseUser@@UAEKKKAAU_CREATE_PROCESS_DEBUG_INFO@@@Z 00408512 f i WDBGUser.obj
 0001:00007512       ?RipEvent@CDebugBaseUser@@UAEKKKAAU_RIP_INFO@@@Z 00408512 f i WDBGUser.obj
 0001:0000751a       ?ExitThreadEvent@CDebugBaseUser@@UAEKKKK@Z 0040851a f i WDBGUser.obj
 0001:00007543       ?LoadDllEvent@CDebugBaseUser@@UAEKKKAAU_LOAD_DLL_DEBUG_INFO@@PBGAAU_IMAGEHLP_MODULE64@@@Z 00408543 f i WDBGUser.obj
 0001:0000757f       ?UnloadDllEvent@CDebugBaseUser@@UAEKKKPBX@Z 0040857f f i WDBGUser.obj
 0001:000075a4       ?OutputDebugStringEvent@CDebugBaseUser@@UAEKKKPBG@Z 004085a4 f i WDBGUser.obj
 0001:000075e0       ??0JString@@QAE@XZ         004085e0 f   SymbolEngine_Release:JString.obj
 0001:000075f6       ??1JString@@QAE@XZ         004085f6 f   SymbolEngine_Release:JString.obj
 0001:0000760f       ??8@YA_NABVJString@@PBG@Z  0040860f f   SymbolEngine_Release:JString.obj
 0001:00007624       ??4JString@@QAEAAV0@ABV0@@Z 00408624 f   SymbolEngine_Release:JString.obj
 0001:00007695       ??4JString@@QAEAAV0@PBG@Z  00408695 f   SymbolEngine_Release:JString.obj
 0001:00007703       ?Length@JString@@QBEIXZ    00408703 f   SymbolEngine_Release:JString.obj
 0001:00007714       ??YJString@@QAEAAV0@ABV0@@Z 00408714 f   SymbolEngine_Release:JString.obj
 0001:000077bd       ??YJString@@QAEAAV0@PBG@Z  004087bd f   SymbolEngine_Release:JString.obj
 0001:0000785c       ?NullString@JString@@QAEXXZ 0040885c f   SymbolEngine_Release:JString.obj
 0001:0000786c       ?SymAppendSearchPath@CSymbolEngine@@QAEHPBG@Z 0040886c f   SymbolEngine_Release:SymEngWIDE.obj
 0001:000078eb       ?DecodeVariable@CSymbolEngine@@IAEHAAVCVariableInfo@@H@Z 004088eb f   SymbolEngine_Release:SymbolEngine.obj
 0001:00007c11       ?DumpArray@CSymbolEngine@@IAEHAAVCVariableInfo@@H@Z 00408c11 f   SymbolEngine_Release:SymbolEngine.obj
 0001:00007df1       ?LocalsEnumSymbols@@YGHPAU_SYMBOL_INFO@@KPAX@Z 00408df1 f   SymbolEngine_Release:SymbolEngine.obj
 0001:00007e4c       ?EnumLocalVariables@CSymbolEngine@@QAEHP6GH_KPBG11HPAX@ZHHP6GH202KPAK@ZPAU_tagSTACKFRAME64@@PAU_CONTEXT@@2@Z 00408e4c f   SymbolEngine_Release:SymbolEngine.obj
 0001:00007efd       ?OutputVariable@CSymbolEngine@@IAEHAAVCVariableInfo@@H@Z 00408efd f   SymbolEngine_Release:SymbolEngine.obj
 0001:00007f24       ?MemRead@CSymbolEngine@@IAEHPBXPAEHPAK@Z 00408f24 f   SymbolEngine_Release:SymbolEngine.obj
 0001:00007f51       ?ReadPointerAddress@CSymbolEngine@@IAEHAAVCVariableInfo@@@Z 00408f51 f   SymbolEngine_Release:SymbolEngine.obj
 0001:00007fda       ?GetDbgHelpAddress@CSymbolEngine@@IAEP6GHXZPBD@Z 00408fda f   SymbolEngine_Release:SymbolEngine.obj
 0001:00007fff       ?SymEnumSymbols@CSymbolEngine@@QAEH_KPBDP6GHPAU_SYMBOL_INFO@@KPAX@Z3@Z 00408fff f   SymbolEngine_Release:SymbolEngine.obj
 0001:0000803b       ?SymSetContext@CSymbolEngine@@QAEKPAU_IMAGEHLP_STACK_FRAME@@PAX@Z 0040903b f   SymbolEngine_Release:SymbolEngine.obj
 0001:0000806c       ?SymGetTypeInfo@CSymbolEngine@@QAEH_KKW4_IMAGEHLP_SYMBOL_TYPE_INFO@@PAX@Z 0040906c f   SymbolEngine_Release:SymbolEngine.obj
 0001:000080a8       ?InitializeFromSymbolInfo@CVariableInfo@@QAEXPAU_SYMBOL_INFO@@W4SymTagEnum@@@Z 004090a8 f i SymbolEngine_Release:SymbolEngine.obj
 0001:00008159       ?DecodeTypeSymTagBaseType@CSymbolEngine@@IAEHAAVCVariableInfo@@@Z 00409159 f   SymbolEngine_Release:TypeDecoding.obj
 0001:00008334       ?DecodeTypeSymTagPointerType@CSymbolEngine@@IAEHAAVCVariableInfo@@@Z 00409334 f   SymbolEngine_Release:TypeDecoding.obj
 0001:00008391       ?DecodeTypeSymTagUDT@CSymbolEngine@@IAEHAAVCVariableInfo@@@Z 00409391 f   SymbolEngine_Release:TypeDecoding.obj
 0001:000083db       ?DecodeTypeTagArrayType@CSymbolEngine@@IAEHAAVCVariableInfo@@@Z 004093db f   SymbolEngine_Release:TypeDecoding.obj
 0001:0000848c       ?DecodeTypeSymTagFunctionType@CSymbolEngine@@IAEHAAVCVariableInfo@@@Z 0040948c f   SymbolEngine_Release:TypeDecoding.obj
 0001:00008684       ?DecodeTypeSymTagFunctionArgType@CSymbolEngine@@IAEHAAVCVariableInfo@@@Z 00409684 f   SymbolEngine_Release:TypeDecoding.obj
 0001:000086da       ?DecodeTypeSymTagEnum@CSymbolEngine@@IAEHAAVCVariableInfo@@@Z 004096da f   SymbolEngine_Release:TypeDecoding.obj
 0001:00008721       ?DecodeTypeSymTagData@CSymbolEngine@@IAEHAAVCVariableInfo@@@Z 00409721 f   SymbolEngine_Release:TypeDecoding.obj
 0001:000087c2       ?DecodeTypeSymTagVTable@CSymbolEngine@@IAEHAAVCVariableInfo@@@Z 004097c2 f   SymbolEngine_Release:TypeDecoding.obj
 0001:00008834       ?DecodeTypeSymTagBaseClass@CSymbolEngine@@IAEHAAVCVariableInfo@@@Z 00409834 f   SymbolEngine_Release:TypeDecoding.obj
 0001:000088c4       ?DecodeType@CSymbolEngine@@IAEHAAVCVariableInfo@@@Z 004098c4 f   SymbolEngine_Release:TypeDecoding.obj
 0001:00008965       ?DetermineAddress@CSymbolEngine@@IAEHAAVCVariableInfo@@@Z 00409965 f   SymbolEngine_Release:DetermineAddress.obj
 0001:00008a48       ?ConvertRegisterToValueIA32@CSymbolEngine@@IAEHW4CV_HREG_e@@AA_KPAU_CONTEXT@@@Z 00409a48 f   SymbolEngine_Release:DetermineAddress.obj
 0001:00008c2d       ?DecodeValue@CSymbolEngine@@IAEHAAVCVariableInfo@@@Z 00409c2d f   SymbolEngine_Release:ValueDecoding.obj
 0001:00008c61       ?DecodeValueSymTagArrayType@CSymbolEngine@@IAEHAAVCVariableInfo@@@Z 00409c61 f   SymbolEngine_Release:ValueDecoding.obj
 0001:00008df8       ?DecodeValueSymTagEnum@CSymbolEngine@@IAEHAAVCVariableInfo@@@Z 00409df8 f   SymbolEngine_Release:ValueDecoding.obj
 0001:00008fb8       ?DecodeValueSymTagPointerType@CSymbolEngine@@IAEHAAVCVariableInfo@@@Z 00409fb8 f   SymbolEngine_Release:ValueDecoding.obj
 0001:0000917a       ?DecodeValueSymTagBaseType@CSymbolEngine@@IAEHAAVCVariableInfo@@@Z 0040a17a f   SymbolEngine_Release:ValueDecoding.obj
 0001:000094fa       ??1CDialog@@UAE@XZ         0040a4fa f   mfc71u:MFC71U.DLL
 0001:00009500       ??0CDialog@@QAE@IPAVCWnd@@@Z 0040a500 f   mfc71u:MFC71U.DLL
 0001:00009506       ?GetThisMessageMap@CDialog@@KGPBUAFX_MSGMAP@@XZ 0040a506 f   mfc71u:MFC71U.DLL
 0001:0000950c       ??3@YAXPAX@Z               0040a50c f   mfc71u:MFC71U.DLL
 0001:00009512       ?OnFinalRelease@CWnd@@UAEXXZ 0040a512 f   mfc71u:MFC71U.DLL
 0001:00009518       ?IsInvokeAllowed@CCmdTarget@@UAEHJ@Z 0040a518 f   mfc71u:MFC71U.DLL
 0001:0000951e       ?GetDispatchIID@CCmdTarget@@UAEHPAU_GUID@@@Z 0040a51e f   mfc71u:MFC71U.DLL
 0001:00009524       ?GetTypeInfoCount@CCmdTarget@@UAEIXZ 0040a524 f   mfc71u:MFC71U.DLL
 0001:0000952a       ?GetTypeLibCache@CCmdTarget@@UAEPAVCTypeLibCache@@XZ 0040a52a f   mfc71u:MFC71U.DLL
 0001:00009530       ?GetTypeLib@CCmdTarget@@UAEJKPAPAUITypeLib@@@Z 0040a530 f   mfc71u:MFC71U.DLL
 0001:00009536       ?GetCommandMap@CCmdTarget@@MBEPBUAFX_OLECMDMAP@@XZ 0040a536 f   mfc71u:MFC71U.DLL
 0001:0000953c       ?GetDispatchMap@CCmdTarget@@MBEPBUAFX_DISPMAP@@XZ 0040a53c f   mfc71u:MFC71U.DLL
 0001:00009542       ?GetConnectionMap@CCmdTarget@@MBEPBUAFX_CONNECTIONMAP@@XZ 0040a542 f   mfc71u:MFC71U.DLL
 0001:00009548       ?GetInterfaceMap@CWnd@@MBEPBUAFX_INTERFACEMAP@@XZ 0040a548 f   mfc71u:MFC71U.DLL
 0001:0000954e       ?GetEventSinkMap@CCmdTarget@@MBEPBUAFX_EVENTSINKMAP@@XZ 0040a54e f   mfc71u:MFC71U.DLL
 0001:00009554       ?OnCreateAggregates@CCmdTarget@@UAEHXZ 0040a554 f   mfc71u:MFC71U.DLL
 0001:0000955a       ?GetInterfaceHook@CCmdTarget@@UAEPAUIUnknown@@PBX@Z 0040a55a f   mfc71u:MFC71U.DLL
 0001:00009560       ?GetExtraConnectionPoints@CCmdTarget@@MAEHPAVCPtrArray@@@Z 0040a560 f   mfc71u:MFC71U.DLL
 0001:00009566       ?GetConnectionHook@CCmdTarget@@MAEPAUIConnectionPoint@@ABU_GUID@@@Z 0040a566 f   mfc71u:MFC71U.DLL
 0001:0000956c       ?PreSubclassWindow@CWnd@@UAEXXZ 0040a56c f   mfc71u:MFC71U.DLL
 0001:00009580       ?DestroyWindow@CWnd@@UAEHXZ 0040a580 f   mfc71u:MFC71U.DLL
 0001:00009586       ?OnToolHitTest@CWnd@@UBEHVCPoint@@PAUtagTOOLINFOW@@@Z 0040a586 f   mfc71u:MFC71U.DLL
 0001:0000958c       ?WinHelpW@CWnd@@UAEXKI@Z   0040a58c f   mfc71u:MFC71U.DLL
 0001:00009592       ?HtmlHelpW@CWnd@@UAEXKI@Z  0040a592 f   mfc71u:MFC71U.DLL
 0001:00009598       ?WinHelpInternal@CWnd@@UAEXKI@Z 0040a598 f   mfc71u:MFC71U.DLL
 0001:0000959e       ?ContinueModal@CWnd@@UAEHXZ 0040a59e f   mfc71u:MFC71U.DLL
 0001:000095a4       ?EndModalLoop@CWnd@@UAEXH@Z 0040a5a4 f   mfc71u:MFC71U.DLL
 0001:000095aa       ?EnsureStdObj@CWnd@@UAEJXZ 0040a5aa f   mfc71u:MFC71U.DLL
 0001:000095b0       ?get_accParent@CWnd@@UAEJPAPAUIDispatch@@@Z 0040a5b0 f   mfc71u:MFC71U.DLL
 0001:000095b6       ?get_accChildCount@CWnd@@UAEJPAJ@Z 0040a5b6 f   mfc71u:MFC71U.DLL
 0001:000095bc       ?get_accChild@CWnd@@UAEJUtagVARIANT@@PAPAUIDispatch@@@Z 0040a5bc f   mfc71u:MFC71U.DLL
 0001:000095d0       ?get_accRole@CWnd@@UAEJUtagVARIANT@@PAU2@@Z 0040a5d0 f   mfc71u:MFC71U.DLL
 0001:000095d6       ?get_accState@CWnd@@UAEJUtagVARIANT@@PAU2@@Z 0040a5d6 f   mfc71u:MFC71U.DLL
 0001:000095e0       ?get_accFocus@CWnd@@UAEJPAUtagVARIANT@@@Z 0040a5e0 f   mfc71u:MFC71U.DLL
 0001:000095e6       ?get_accSelection@CWnd@@UAEJPAUtagVARIANT@@@Z 0040a5e6 f   mfc71u:MFC71U.DLL
 0001:000095f0       ?accSelect@CWnd@@UAEJJUtagVARIANT@@@Z 0040a5f0 f   mfc71u:MFC71U.DLL
 0001:000095f6       ?accLocation@CWnd@@UAEJPAJ000UtagVARIANT@@@Z 0040a5f6 f   mfc71u:MFC71U.DLL
 0001:000095fc       ?accNavigate@CWnd@@UAEJJUtagVARIANT@@PAU2@@Z 0040a5fc f   mfc71u:MFC71U.DLL
 0001:00009602       ?accHitTest@CWnd@@UAEJJJPAUtagVARIANT@@@Z 0040a602 f   mfc71u:MFC71U.DLL
 0001:00009608       ?accDoDefaultAction@CWnd@@UAEJUtagVARIANT@@@Z 0040a608 f   mfc71u:MFC71U.DLL
 0001:00009610       ?SetProxy@CWnd@@UAEJPAUIAccessibleProxy@@@Z 0040a610 f   mfc71u:MFC71U.DLL
 0001:00009616       ?CreateAccessibleProxy@CWnd@@UAEJIJPAJ@Z 0040a616 f   mfc71u:MFC71U.DLL
 0001:0000961c       ?OnCommand@CWnd@@MAEHIJ@Z  0040a61c f   mfc71u:MFC71U.DLL
 0001:00009622       ?OnNotify@CWnd@@MAEHIJPAJ@Z 0040a622 f   mfc71u:MFC71U.DLL
 0001:00009628       ?GetSuperWndProcAddr@CWnd@@MAEPAP6GJPAUHWND__@@IIJ@ZXZ 0040a628 f   mfc71u:MFC71U.DLL
 0001:0000962e       ?OnAmbientProperty@CWnd@@UAEHPAVCOleControlSite@@JPAUtagVARIANT@@@Z 0040a62e f   mfc71u:MFC71U.DLL
 0001:00009634       ?WindowProc@CWnd@@MAEJIIJ@Z 0040a634 f   mfc71u:MFC71U.DLL
 0001:0000963a       ?OnWndMsg@CWnd@@MAEHIIJPAJ@Z 0040a63a f   mfc71u:MFC71U.DLL
 0001:00009640       ?DefWindowProcW@CWnd@@MAEJIIJ@Z 0040a640 f   mfc71u:MFC71U.DLL
 0001:00009646       ?OnChildNotify@CWnd@@MAEHIIJPAJ@Z 0040a646 f   mfc71u:MFC71U.DLL
 0001:0000964c       ?IsFrameWnd@CWnd@@UBEHXZ   0040a64c f   mfc71u:MFC71U.DLL
 0001:00009652       ?CreateControlContainer@CWnd@@MAEHPAPAVCOleControlContainer@@@Z 0040a652 f   mfc71u:MFC71U.DLL
 0001:00009658       ?CreateControlSite@CWnd@@MAEHPAVCOleControlContainer@@PAPAVCOleControlSite@@IABU_GUID@@@Z 0040a658 f   mfc71u:MFC71U.DLL
 0001:0000965e       ?GetRuntimeClass@CDialog@@UBEPAUCRuntimeClass@@XZ 0040a65e f   mfc71u:MFC71U.DLL
 0001:00009664       ?OnCmdMsg@CDialog@@UAEHIHPAXPAUAFX_CMDHANDLERINFO@@@Z 0040a664 f   mfc71u:MFC71U.DLL
 0001:0000966a       ?PreCreateWindow@CWnd@@UAEHAAUtagCREATESTRUCTW@@@Z 0040a66a f   mfc71u:MFC71U.DLL
 0001:00009670       ?CalcWindowRect@CWnd@@UAEXPAUtagRECT@@I@Z 0040a670 f   mfc71u:MFC71U.DLL
 0001:00009676       ?GetScrollBarCtrl@CWnd@@UBEPAVCScrollBar@@H@Z 0040a676 f   mfc71u:MFC71U.DLL
 0001:0000967c       ?PreTranslateMessage@CDialog@@UAEHPAUtagMSG@@@Z 0040a67c f   mfc71u:MFC71U.DLL
 0001:00009682       ?PostNcDestroy@CWnd@@MAEXXZ 0040a682 f   mfc71u:MFC71U.DLL
 0001:00009688       ?CheckAutoCenter@CDialog@@UAEHXZ 0040a688 f   mfc71u:MFC71U.DLL
 0001:0000968e       ?SetOccDialogInfo@CDialog@@MAEHPAU_AFX_OCC_DIALOG_INFO@@@Z 0040a68e f   mfc71u:MFC71U.DLL
 0001:000096a0       ?CreateIndirect@CDialog@@UAEHPAXPAVCWnd@@@Z 0040a6a0 f   mfc71u:MFC71U.DLL
 0001:000096a6       ?CreateIndirect@CDialog@@UAEHPBUDLGTEMPLATE@@PAVCWnd@@PAX@Z 0040a6a6 f   mfc71u:MFC71U.DLL
 0001:000096ac       ?DoModal@CDialog@@UAEHXZ   0040a6ac f   mfc71u:MFC71U.DLL
 0001:000096b2       ?OnInitDialog@CDialog@@UAEHXZ 0040a6b2 f   mfc71u:MFC71U.DLL
 0001:000096b8       ?OnSetFont@CDialog@@UAEXPAVCFont@@@Z 0040a6b8 f   mfc71u:MFC71U.DLL
 0001:000096be       ?OnOK@CDialog@@MAEXXZ      0040a6be f   mfc71u:MFC71U.DLL
 0001:000096c4       ?OnCancel@CDialog@@MAEXXZ  0040a6c4 f   mfc71u:MFC71U.DLL
 0001:000096ca       ?PreInitDialog@CDialog@@MAEXXZ 0040a6ca f   mfc71u:MFC71U.DLL
 0001:000096d0       ?GetThisClass@CObject@@SGPAUCRuntimeClass@@XZ 0040a6d0 f   mfc71u:MFC71U.DLL
 0001:000096d6       ?AfxClassInit@@YGXPAUCRuntimeClass@@@Z 0040a6d6 f   mfc71u:MFC71U.DLL
 0001:000096dc       ?Flush@CArchive@@QAEXXZ    0040a6dc f   mfc71u:MFC71U.DLL
 0001:000096e2       ?FillBuffer@CArchive@@QAEXI@Z 0040a6e2 f   mfc71u:MFC71U.DLL
 0001:000096e8       ?AfxWriteStringLength@@YGXAAVCArchive@@IH@Z 0040a6e8 f   mfc71u:MFC71U.DLL
 0001:000096f0       ?Write@CArchive@@QAEXPBXI@Z 0040a6f0 f   mfc71u:MFC71U.DLL
 0001:000096f6       ?AfxReadStringLength@@YGIAAVCArchive@@AAH@Z 0040a6f6 f   mfc71u:MFC71U.DLL
 0001:000096fc       ?Read@CArchive@@QAEIPAXI@Z 0040a6fc f   mfc71u:MFC71U.DLL
 0001:00009710       ??2@YAPAXI@Z               0040a710 f   mfc71u:MFC71U.DLL
 0001:00009716       ?AfxThrowOleException@@YGXJ@Z 0040a716 f   mfc71u:MFC71U.DLL
 0001:0000971c       ?AfxThrowMemoryException@@YGXXZ 0040a71c f   mfc71u:MFC71U.DLL
 0001:00009722       ?GetRuntimeClass@CObject@@UBEPAUCRuntimeClass@@XZ 0040a722 f   mfc71u:MFC71U.DLL
 0001:00009730       ?OnGetCheckPosition@CCheckListBox@@UAE?AVCRect@@V2@0@Z 0040a730 f   mfc71u:MFC71U.DLL
 0001:00009736       ?MeasureItem@CCheckListBox@@UAEXPAUtagMEASUREITEMSTRUCT@@@Z 0040a736 f   mfc71u:MFC71U.DLL
 0001:0000973c       ?DrawItem@CCheckListBox@@UAEXPAUtagDRAWITEMSTRUCT@@@Z 0040a73c f   mfc71u:MFC71U.DLL
 0001:00009742       ?Create@CCheckListBox@@UAEHKABUtagRECT@@PAVCWnd@@I@Z 0040a742 f   mfc71u:MFC71U.DLL
 0001:00009748       ?OnChildNotify@CCheckListBox@@MAEHIIJPAJ@Z 0040a748 f   mfc71u:MFC71U.DLL
 0001:0000974e       ?accDoDefaultAction@CCheckListBox@@MAEJUtagVARIANT@@@Z 0040a74e f   mfc71u:MFC71U.DLL
 0001:00009760       ?get_accState@CCheckListBox@@MAEJUtagVARIANT@@PAU2@@Z 0040a760 f   mfc71u:MFC71U.DLL
 0001:00009766       ?get_accRole@CCheckListBox@@MAEJUtagVARIANT@@PAU2@@Z 0040a766 f   mfc71u:MFC71U.DLL
 0001:0000976c       ?GetMessageMap@CCheckListBox@@MBEPBUAFX_MSGMAP@@XZ 0040a76c f   mfc71u:MFC71U.DLL
 0001:00009772       ?GetRuntimeClass@CCheckListBox@@UBEPAUCRuntimeClass@@XZ 0040a772 f   mfc71u:MFC71U.DLL
 0001:00009778       ?CharToItem@CListBox@@UAEHII@Z 0040a778 f   mfc71u:MFC71U.DLL
 0001:0000977e       ?VKeyToItem@CListBox@@UAEHII@Z 0040a77e f   mfc71u:MFC71U.DLL
 0001:00009784       ?DeleteItem@CListBox@@UAEXPAUtagDELETEITEMSTRUCT@@@Z 0040a784 f   mfc71u:MFC71U.DLL
 0001:0000978a       ?CompareItem@CListBox@@UAEHPAUtagCOMPAREITEMSTRUCT@@@Z 0040a78a f   mfc71u:MFC71U.DLL
 0001:00009790       ??1CListBox@@UAE@XZ        0040a790 f   mfc71u:MFC71U.DLL
 0001:00009796       ?DrawItem@CButton@@UAEXPAUtagDRAWITEMSTRUCT@@@Z 0040a796 f   mfc71u:MFC71U.DLL
 0001:000097a0       ?OnChildNotify@CButton@@MAEHIIJPAJ@Z 0040a7a0 f   mfc71u:MFC71U.DLL
 0001:000097a6       ?GetMessageMap@CWnd@@MBEPBUAFX_MSGMAP@@XZ 0040a7a6 f   mfc71u:MFC71U.DLL
 0001:000097ac       ?GetRuntimeClass@CButton@@UBEPAUCRuntimeClass@@XZ 0040a7ac f   mfc71u:MFC71U.DLL
 0001:000097b2       ??1CWnd@@UAE@XZ            0040a7b2 f   mfc71u:MFC71U.DLL
 0001:000097b8       ??0CWnd@@QAE@XZ            0040a7b8 f   mfc71u:MFC71U.DLL
 0001:000097be       ??1CButton@@UAE@XZ         0040a7be f   mfc71u:MFC71U.DLL
 0001:000097c4       ?DDX_Control@@YGXPAVCDataExchange@@HAAVCWnd@@@Z 0040a7c4 f   mfc71u:MFC71U.DLL
 0001:000097ca       ?GetCheck@CCheckListBox@@QAEHH@Z 0040a7ca f   mfc71u:MFC71U.DLL
 0001:000097d0       ?SetCheck@CCheckListBox@@QAEXHH@Z 0040a7d0 f   mfc71u:MFC71U.DLL
 0001:000097d6       ??1CComboBox@@UAE@XZ       0040a7d6 f   mfc71u:MFC71U.DLL
 0001:000097dc       ??1CEdit@@UAE@XZ           0040a7dc f   mfc71u:MFC71U.DLL
 0001:000097e2       ??1CStatic@@UAE@XZ         0040a7e2 f   mfc71u:MFC71U.DLL
 0001:000097e8       ?EnableWindow@CWnd@@QAEHH@Z 0040a7e8 f   mfc71u:MFC71U.DLL
 0001:000097ee       ??_V@YAXPAX@Z              0040a7ee f   mfc71u:MFC71U.DLL
 0001:000097f4       ?WriteCount@CArchive@@QAEXK@Z 0040a7f4 f   mfc71u:MFC71U.DLL
 0001:000097fa       ?ReadCount@CArchive@@QAEKXZ 0040a7fa f   mfc71u:MFC71U.DLL
 0001:00009800       ?AfxThrowInvalidArgException@@YGXXZ 0040a800 f   mfc71u:MFC71U.DLL
 0001:00009806       ??_U@YAPAXI@Z              0040a806 f   mfc71u:MFC71U.DLL
 0001:0000980c       ?PreTranslateMessage@CWnd@@UAEHPAUtagMSG@@@Z 0040a80c f   mfc71u:MFC71U.DLL
 0001:00009812       ?CheckAutoCenter@CWnd@@UAEHXZ 0040a812 f   mfc71u:MFC71U.DLL
 0001:00009818       ?SetOccDialogInfo@CWnd@@MAEHPAU_AFX_OCC_DIALOG_INFO@@@Z 0040a818 f   mfc71u:MFC71U.DLL
 0001:0000981e       ?OnCmdMsg@CCmdTarget@@UAEHIHPAXPAUAFX_CMDHANDLERINFO@@@Z 0040a81e f   mfc71u:MFC71U.DLL
 0001:00009830       ?DDX_Text@@YGXPAVCDataExchange@@HAAI@Z 0040a830 f   mfc71u:MFC71U.DLL
 0001:00009836       ?UpdateData@CWnd@@QAEHH@Z  0040a836 f   mfc71u:MFC71U.DLL
 0001:0000983c       ?AfxMessageBox@@YGHIII@Z   0040a83c f   mfc71u:MFC71U.DLL
 0001:00009842       ?GetThisMessageMap@CWnd@@KGPBUAFX_MSGMAP@@XZ 0040a842 f   mfc71u:MFC71U.DLL
 0001:00009850       ?AfxGetModuleState@@YGPAVAFX_MODULE_STATE@@XZ 0040a850 f   mfc71u:MFC71U.DLL
 0001:00009856       ?GetRuntimeClass@CWnd@@UBEPAUCRuntimeClass@@XZ 0040a856 f   mfc71u:MFC71U.DLL
 0001:0000985c       ??0CMDIFrameWnd@@QAE@XZ    0040a85c f   mfc71u:MFC71U.DLL
 0001:00009862       ??0CStatusBar@@QAE@XZ      0040a862 f   mfc71u:MFC71U.DLL
 0001:00009868       ??1CStatusBar@@UAE@XZ      0040a868 f   mfc71u:MFC71U.DLL
 0001:0000986e       ??0CToolBar@@QAE@XZ        0040a86e f   mfc71u:MFC71U.DLL
 0001:00009874       ??1CToolBar@@UAE@XZ        0040a874 f   mfc71u:MFC71U.DLL
 0001:0000987a       ??1CFrameWnd@@UAE@XZ       0040a87a f   mfc71u:MFC71U.DLL
 0001:00009880       ?GetThisClass@CMDIFrameWnd@@SGPAUCRuntimeClass@@XZ 0040a880 f   mfc71u:MFC71U.DLL
 0001:00009886       ?GetThisMessageMap@CMDIFrameWnd@@KGPBUAFX_MSGMAP@@XZ 0040a886 f   mfc71u:MFC71U.DLL
 0001:0000988c       ?OnCreate@CFrameWnd@@IAEHPAUtagCREATESTRUCTW@@@Z 0040a88c f   mfc71u:MFC71U.DLL
 0001:000098a0       ?SetIndicators@CStatusBar@@QAEHPBIH@Z 0040a8a0 f   mfc71u:MFC71U.DLL
 0001:000098a6       ?PreCreateWindow@CMDIFrameWnd@@UAEHAAUtagCREATESTRUCTW@@@Z 0040a8a6 f   mfc71u:MFC71U.DLL
 0001:000098ac       ?OnCmdMsg@CMDIFrameWnd@@UAEHIHPAXPAUAFX_CMDHANDLERINFO@@@Z 0040a8ac f   mfc71u:MFC71U.DLL
 0001:000098b2       ?OnCommand@CMDIFrameWnd@@MAEHIJ@Z 0040a8b2 f   mfc71u:MFC71U.DLL
 0001:000098b8       ?BeginModalState@CFrameWnd@@UAEXXZ 0040a8b8 f   mfc71u:MFC71U.DLL
 0001:000098be       ?EndModalState@CFrameWnd@@UAEXXZ 0040a8be f   mfc71u:MFC71U.DLL
 0001:000098c4       ?PreTranslateMessage@CMDIFrameWnd@@UAEHPAUtagMSG@@@Z 0040a8c4 f   mfc71u:MFC71U.DLL
 0001:000098ca       ?DefWindowProcW@CMDIFrameWnd@@MAEJIIJ@Z 0040a8ca f   mfc71u:MFC71U.DLL
 0001:000098d0       ?PostNcDestroy@CFrameWnd@@MAEXXZ 0040a8d0 f   mfc71u:MFC71U.DLL
 0001:000098d6       ?IsFrameWnd@CFrameWnd@@UBEHXZ 0040a8d6 f   mfc71u:MFC71U.DLL
 0001:000098e0       ?LoadFrame@CMDIFrameWnd@@UAEHIKPAVCWnd@@PAUCCreateContext@@@Z 0040a8e0 f   mfc71u:MFC71U.DLL
 0001:000098e6       ?GetActiveDocument@CFrameWnd@@UAEPAVCDocument@@XZ 0040a8e6 f   mfc71u:MFC71U.DLL
 0001:000098ec       ?GetActiveFrame@CMDIFrameWnd@@UAEPAVCFrameWnd@@XZ 0040a8ec f   mfc71u:MFC71U.DLL
 0001:00009900       ?RecalcLayout@CFrameWnd@@UAEXH@Z 0040a900 f   mfc71u:MFC71U.DLL
 0001:00009906       ?ActivateFrame@CFrameWnd@@UAEXH@Z 0040a906 f   mfc71u:MFC71U.DLL
 0001:0000990c       ?OnSetPreviewMode@CFrameWnd@@UAEXHPAUCPrintPreviewState@@@Z 0040a90c f   mfc71u:MFC71U.DLL
 0001:00009912       ?GetMessageBar@CFrameWnd@@UAEPAVCWnd@@XZ 0040a912 f   mfc71u:MFC71U.DLL
 0001:00009918       ?NegotiateBorderSpace@CFrameWnd@@UAEHIPAUtagRECT@@@Z 0040a918 f   mfc71u:MFC71U.DLL
 0001:0000991e       ?OnCreateClient@CMDIFrameWnd@@UAEHPAUtagCREATESTRUCTW@@PAUCCreateContext@@@Z 0040a91e f   mfc71u:MFC71U.DLL
 0001:00009924       ?OnUpdateFrameTitle@CMDIFrameWnd@@UAEXH@Z 0040a924 f   mfc71u:MFC71U.DLL
 0001:0000992a       ?OnUpdateFrameMenu@CMDIFrameWnd@@UAEXPAUHMENU__@@@Z 0040a92a f   mfc71u:MFC71U.DLL
 0001:00009930       ?GetDefaultAccelerator@CFrameWnd@@UAEPAUHACCEL__@@XZ 0040a930 f   mfc71u:MFC71U.DLL
 0001:00009936       ?DelayUpdateFrameMenu@CMDIFrameWnd@@UAEXPAUHMENU__@@@Z 0040a936 f   mfc71u:MFC71U.DLL
 0001:0000993c       ?ExitHelpMode@CFrameWnd@@UAEXXZ 0040a93c f   mfc71u:MFC71U.DLL
 0001:00009942       ?CreateClient@CMDIFrameWnd@@UAEHPAUtagCREATESTRUCTW@@PAVCMenu@@@Z 0040a942 f   mfc71u:MFC71U.DLL
 0001:00009948       ?GetWindowMenuPopup@CMDIFrameWnd@@UAEPAUHMENU__@@PAU2@@Z 0040a948 f   mfc71u:MFC71U.DLL
 0001:0000994e       ?GetDlgItem@CWnd@@QBEPAV1@H@Z 0040a94e f   mfc71u:MFC71U.DLL
 0001:00009954       ?DeleteItem@CComboBox@@UAEXPAUtagDELETEITEMSTRUCT@@@Z 0040a954 f   mfc71u:MFC71U.DLL
 0001:0000995a       ?CompareItem@CComboBox@@UAEHPAUtagCOMPAREITEMSTRUCT@@@Z 0040a95a f   mfc71u:MFC71U.DLL
 0001:00009960       ?MeasureItem@CComboBox@@UAEXPAUtagMEASUREITEMSTRUCT@@@Z 0040a960 f   mfc71u:MFC71U.DLL
 0001:00009966       ?DrawItem@CComboBox@@UAEXPAUtagDRAWITEMSTRUCT@@@Z 0040a966 f   mfc71u:MFC71U.DLL
 0001:0000996c       ?Create@CComboBox@@UAEHKABUtagRECT@@PAVCWnd@@I@Z 0040a96c f   mfc71u:MFC71U.DLL
 0001:00009972       ?OnChildNotify@CComboBox@@MAEHIIJPAJ@Z 0040a972 f   mfc71u:MFC71U.DLL
 0001:00009978       ?GetRuntimeClass@CComboBox@@UBEPAUCRuntimeClass@@XZ 0040a978 f   mfc71u:MFC71U.DLL
 0001:0000997e       ?Create@CEdit@@UAEHKABUtagRECT@@PAVCWnd@@I@Z 0040a97e f   mfc71u:MFC71U.DLL
 0001:00009984       ?GetRuntimeClass@CEdit@@UBEPAUCRuntimeClass@@XZ 0040a984 f   mfc71u:MFC71U.DLL
 0001:0000998a       ?DrawItem@CStatic@@UAEXPAUtagDRAWITEMSTRUCT@@@Z 0040a98a f   mfc71u:MFC71U.DLL
 0001:00009990       ?OnChildNotify@CStatic@@MAEHIIJPAJ@Z 0040a990 f   mfc71u:MFC71U.DLL
 0001:00009996       ?GetRuntimeClass@CStatic@@UBEPAUCRuntimeClass@@XZ 0040a996 f   mfc71u:MFC71U.DLL
 0001:000099a0       ?DDX_Check@@YGXPAVCDataExchange@@HAAH@Z 0040a9a0 f   mfc71u:MFC71U.DLL
 0001:000099b0       ??1CWinApp@@UAE@XZ         0040a9b0 f   mfc71u:MFC71U.DLL
 0001:000099b6       ?GetThisMessageMap@CWinApp@@KGPBUAFX_MSGMAP@@XZ 0040a9b6 f   mfc71u:MFC71U.DLL
 0001:000099bc       ?OnFileOpen@CWinApp@@IAEXXZ 0040a9bc f   mfc71u:MFC71U.DLL
 0001:000099c2       ?OnFilePrintSetup@CWinApp@@IAEXXZ 0040a9c2 f   mfc71u:MFC71U.DLL
 0001:000099d0       ?LoadStdProfileSettings@CWinApp@@IAEXI@Z 0040a9d0 f   mfc71u:MFC71U.DLL
 0001:000099d6       ??0CMultiDocTemplate@@QAE@IPAUCRuntimeClass@@00@Z 0040a9d6 f   mfc71u:MFC71U.DLL
 0001:000099dc       ?AddDocTemplate@CWinApp@@QAEXPAVCDocTemplate@@@Z 0040a9dc f   mfc71u:MFC71U.DLL
 0001:000099e2       ?EnableShellOpen@CWinApp@@IAEXXZ 0040a9e2 f   mfc71u:MFC71U.DLL
 0001:000099e8       ?RegisterShellFileTypes@CWinApp@@IAEXH@Z 0040a9e8 f   mfc71u:MFC71U.DLL
 0001:000099ee       ??0CCommandLineInfo@@QAE@XZ 0040a9ee f   mfc71u:MFC71U.DLL
 0001:000099f4       ??1CCommandLineInfo@@UAE@XZ 0040a9f4 f   mfc71u:MFC71U.DLL
 0001:000099fa       ?ParseCommandLine@CWinApp@@QAEXAAVCCommandLineInfo@@@Z 0040a9fa f   mfc71u:MFC71U.DLL
 0001:00009a00       ?ProcessShellCommand@CWinApp@@QAEHAAVCCommandLineInfo@@@Z 0040aa00 f   mfc71u:MFC71U.DLL
 0001:00009a06       ?ShowWindow@CWnd@@QAEHH@Z  0040aa06 f   mfc71u:MFC71U.DLL
 0001:00009a10       ??1CFileDialog@@UAE@XZ     0040aa10 f   mfc71u:MFC71U.DLL
 0001:00009a16       ?GetOFN@CFileDialog@@QAEAAUtagOFNW@@XZ 0040aa16 f   mfc71u:MFC71U.DLL
 0001:00009a20       ?GetFirstDocTemplatePosition@CWinApp@@QBEPAU__POSITION@@XZ 0040aa20 f   mfc71u:MFC71U.DLL
 0001:00009a26       ?GetNextDocTemplate@CWinApp@@QBEPAVCDocTemplate@@AAPAU__POSITION@@@Z 0040aa26 f   mfc71u:MFC71U.DLL
 0001:00009a30       ?DoModal@CFileDialog@@UAEHXZ 0040aa30 f   mfc71u:MFC71U.DLL
 0001:00009a40       ?GetRuntimeClass@CWinApp@@UBEPAUCRuntimeClass@@XZ 0040aa40 f   mfc71u:MFC71U.DLL
 0001:00009a46       ?OnFinalRelease@CCmdTarget@@UAEXXZ 0040aa46 f   mfc71u:MFC71U.DLL
 0001:00009a4c       ?GetInterfaceMap@CCmdTarget@@MBEPBUAFX_INTERFACEMAP@@XZ 0040aa4c f   mfc71u:MFC71U.DLL
 0001:00009a52       ?Run@CWinApp@@UAEHXZ       0040aa52 f   mfc71u:MFC71U.DLL
 0001:00009a58       ?PreTranslateMessage@CWinThread@@UAEHPAUtagMSG@@@Z 0040aa58 f   mfc71u:MFC71U.DLL
 0001:00009a5e       ?PumpMessage@CWinThread@@UAEHXZ 0040aa5e f   mfc71u:MFC71U.DLL
 0001:00009a64       ?OnIdle@CWinApp@@UAEHJ@Z   0040aa64 f   mfc71u:MFC71U.DLL
 0001:00009a6a       ?IsIdleMessage@CWinThread@@UAEHPAUtagMSG@@@Z 0040aa6a f   mfc71u:MFC71U.DLL
 0001:00009a70       ?ExitInstance@CWinApp@@UAEHXZ 0040aa70 f   mfc71u:MFC71U.DLL
 0001:00009a76       ?ProcessWndProcException@CWinApp@@UAEJPAVCException@@PBUtagMSG@@@Z 0040aa76 f   mfc71u:MFC71U.DLL
 0001:00009a7c       ?ProcessMessageFilter@CWinThread@@UAEHHPAUtagMSG@@@Z 0040aa7c f   mfc71u:MFC71U.DLL
 0001:00009a82       ?GetMainWnd@CWinThread@@UAEPAVCWnd@@XZ 0040aa82 f   mfc71u:MFC71U.DLL
 0001:00009a88       ?Delete@CWinThread@@UAEXXZ 0040aa88 f   mfc71u:MFC71U.DLL
 0001:00009a8e       ?InitLibId@CWinApp@@UAEXXZ 0040aa8e f   mfc71u:MFC71U.DLL
 0001:00009a94       ?Register@CWinApp@@UAEHXZ  0040aa94 f   mfc71u:MFC71U.DLL
 0001:00009a9a       ?Unregister@CWinApp@@UAEHXZ 0040aa9a f   mfc71u:MFC71U.DLL
 0001:00009aa0       ?InitApplication@CWinApp@@UAEHXZ 0040aaa0 f   mfc71u:MFC71U.DLL
 0001:00009aa6       ?SaveAllModified@CWinApp@@UAEHXZ 0040aaa6 f   mfc71u:MFC71U.DLL
 0001:00009ab0       ?DoWaitCursor@CWinApp@@UAEXH@Z 0040aab0 f   mfc71u:MFC71U.DLL
 0001:00009ac0       ?WinHelpW@CWinApp@@UAEXKI@Z 0040aac0 f   mfc71u:MFC71U.DLL
 0001:00009ac6       ?HtmlHelpW@CWinApp@@UAEXKI@Z 0040aac6 f   mfc71u:MFC71U.DLL
 0001:00009acc       ?WinHelpInternal@CWinApp@@UAEXKI@Z 0040aacc f   mfc71u:MFC71U.DLL
 0001:00009ad2       ?LoadAppLangResourceDLL@CWinApp@@UAEPAUHINSTANCE__@@XZ 0040aad2 f   mfc71u:MFC71U.DLL
 0001:00009ad8       ?LoadSysPolicies@CWinApp@@UAEHXZ 0040aad8 f   mfc71u:MFC71U.DLL
 0001:00009ae0       ?GetThisClass@CMDIChildWnd@@SGPAUCRuntimeClass@@XZ 0040aae0 f   mfc71u:MFC71U.DLL
 0001:00009ae6       ??0CMDIChildWnd@@QAE@XZ    0040aae6 f   mfc71u:MFC71U.DLL
 0001:00009aec       ?FromHandle@CMenu@@SGPAV1@PAUHMENU__@@@Z 0040aaec f   mfc71u:MFC71U.DLL
 0001:00009af2       ?GetThisMessageMap@CMDIChildWnd@@KGPBUAFX_MSGMAP@@XZ 0040aaf2 f   mfc71u:MFC71U.DLL
 0001:00009af8       ?PreCreateWindow@CMDIChildWnd@@UAEHAAUtagCREATESTRUCTW@@@Z 0040aaf8 f   mfc71u:MFC71U.DLL
 0001:00009afe       ?OnCmdMsg@CFrameWnd@@UAEHIHPAXPAUAFX_CMDHANDLERINFO@@@Z 0040aafe f   mfc71u:MFC71U.DLL
 0001:00009b04       ?DestroyWindow@CMDIChildWnd@@UAEHXZ 0040ab04 f   mfc71u:MFC71U.DLL
 0001:00009b0a       ?OnCommand@CFrameWnd@@MAEHIJ@Z 0040ab0a f   mfc71u:MFC71U.DLL
 0001:00009b10       ?PreTranslateMessage@CMDIChildWnd@@UAEHPAUtagMSG@@@Z 0040ab10 f   mfc71u:MFC71U.DLL
 0001:00009b16       ?DefWindowProcW@CMDIChildWnd@@MAEJIIJ@Z 0040ab16 f   mfc71u:MFC71U.DLL
 0001:00009b1c       ?LoadFrame@CMDIChildWnd@@UAEHIKPAVCWnd@@PAUCCreateContext@@@Z 0040ab1c f   mfc71u:MFC71U.DLL
 0001:00009b22       ?GetActiveFrame@CFrameWnd@@UAEPAV1@XZ 0040ab22 f   mfc71u:MFC71U.DLL
 0001:00009b28       ?ActivateFrame@CMDIChildWnd@@UAEXH@Z 0040ab28 f   mfc71u:MFC71U.DLL
 0001:00009b2e       ?GetMessageBar@CMDIChildWnd@@MAEPAVCWnd@@XZ 0040ab2e f   mfc71u:MFC71U.DLL
 0001:00009b34       ?OnCreateClient@CFrameWnd@@MAEHPAUtagCREATESTRUCTW@@PAUCCreateContext@@@Z 0040ab34 f   mfc71u:MFC71U.DLL
 0001:00009b3a       ?OnUpdateFrameTitle@CMDIChildWnd@@MAEXH@Z 0040ab3a f   mfc71u:MFC71U.DLL
 0001:00009b40       ?OnUpdateFrameMenu@CFrameWnd@@UAEXPAUHMENU__@@@Z 0040ab40 f   mfc71u:MFC71U.DLL
 0001:00009b46       ?DelayUpdateFrameMenu@CFrameWnd@@UAEXPAUHMENU__@@@Z 0040ab46 f   mfc71u:MFC71U.DLL
 0001:00009b50       ?OnUpdateFrameMenu@CMDIChildWnd@@UAEXHPAVCWnd@@PAUHMENU__@@@Z 0040ab50 f   mfc71u:MFC71U.DLL
 0001:00009b56       ??0CEditView@@QAE@XZ       0040ab56 f   mfc71u:MFC71U.DLL
 0001:00009b5c       ??1CEditView@@UAE@XZ       0040ab5c f   mfc71u:MFC71U.DLL
 0001:00009b62       ?DeleteObject@CGdiObject@@QAEHXZ 0040ab62 f   mfc71u:MFC71U.DLL
 0001:00009b68       ?GetRuntimeClass@CGdiObject@@UBEPAUCRuntimeClass@@XZ 0040ab68 f   mfc71u:MFC71U.DLL
 0001:00009b6e       ?GetRuntimeClass@CFont@@UBEPAUCRuntimeClass@@XZ 0040ab6e f   mfc71u:MFC71U.DLL
 0001:00009b74       ?GetThisClass@CEditView@@SGPAUCRuntimeClass@@XZ 0040ab74 f   mfc71u:MFC71U.DLL
 0001:00009b7a       ?GetThisMessageMap@CEditView@@KGPBUAFX_MSGMAP@@XZ 0040ab7a f   mfc71u:MFC71U.DLL
 0001:00009b80       ?OnFilePrint@CView@@IAEXXZ 0040ab80 f   mfc71u:MFC71U.DLL
 0001:00009b86       ?OnFilePrintPreview@CView@@IAEXXZ 0040ab86 f   mfc71u:MFC71U.DLL
 0001:00009b8c       ?PreCreateWindow@CEditView@@MAEHAAUtagCREATESTRUCTW@@@Z 0040ab8c f   mfc71u:MFC71U.DLL
 0001:00009b92       ?OnPreparePrinting@CEditView@@MAEHPAUCPrintInfo@@@Z 0040ab92 f   mfc71u:MFC71U.DLL
 0001:00009b98       ?OnBeginPrinting@CEditView@@MAEXPAVCDC@@PAUCPrintInfo@@@Z 0040ab98 f   mfc71u:MFC71U.DLL
 0001:00009b9e       ?OnEndPrinting@CEditView@@MAEXPAVCDC@@PAUCPrintInfo@@@Z 0040ab9e f   mfc71u:MFC71U.DLL
 0001:00009ba4       ?Default@CWnd@@IAEJXZ      0040aba4 f   mfc71u:MFC71U.DLL
 0001:00009baa       ?OnInitialUpdate@CView@@UAEXXZ 0040abaa f   mfc71u:MFC71U.DLL
 0001:00009bb0       ?FromHandle@CWnd@@SGPAV1@PAUHWND__@@@Z 0040abb0 f   mfc71u:MFC71U.DLL
 0001:00009bb6       ?GetWindowTextLengthW@CWnd@@QBEHXZ 0040abb6 f   mfc71u:MFC71U.DLL
 0001:00009bbc       ?AfxGetThread@@YGPAVCWinThread@@XZ 0040abbc f   mfc71u:MFC71U.DLL
 0001:00009bc2       ?OnDestroy@CEditView@@IAEXXZ 0040abc2 f   mfc71u:MFC71U.DLL
 0001:00009bc8       ?Serialize@CEditView@@UAEXAAVCArchive@@@Z 0040abc8 f   mfc71u:MFC71U.DLL
 0001:00009bce       ?OnCmdMsg@CView@@UAEHIHPAXPAUAFX_CMDHANDLERINFO@@@Z 0040abce f   mfc71u:MFC71U.DLL
 0001:00009bd4       ?CalcWindowRect@CEditView@@MAEXPAUtagRECT@@I@Z 0040abd4 f   mfc71u:MFC71U.DLL
 0001:00009bda       ?GetScrollBarCtrl@CView@@UBEPAVCScrollBar@@H@Z 0040abda f   mfc71u:MFC71U.DLL
 0001:00009be0       ?PostNcDestroy@CView@@MAEXXZ 0040abe0 f   mfc71u:MFC71U.DLL
 0001:00009be6       ?IsSelected@CView@@UBEHPBVCObject@@@Z 0040abe6 f   mfc71u:MFC71U.DLL
 0001:00009bec       ?OnScroll@CView@@UAEHIIH@Z 0040abec f   mfc71u:MFC71U.DLL
 0001:00009bf2       ?OnScrollBy@CView@@UAEHVCSize@@H@Z 0040abf2 f   mfc71u:MFC71U.DLL
 0001:00009bf8       ?OnDragEnter@CView@@UAEKPAVCOleDataObject@@KVCPoint@@@Z 0040abf8 f   mfc71u:MFC71U.DLL
 0001:00009bfe       ?OnDragOver@CView@@UAEKPAVCOleDataObject@@KVCPoint@@@Z 0040abfe f   mfc71u:MFC71U.DLL
 0001:00009c04       ?OnDragLeave@CView@@UAEXXZ 0040ac04 f   mfc71u:MFC71U.DLL
 0001:00009c0a       ?OnDrop@CView@@UAEHPAVCOleDataObject@@KVCPoint@@@Z 0040ac0a f   mfc71u:MFC71U.DLL
 0001:00009c10       ?OnDropEx@CView@@UAEKPAVCOleDataObject@@KKVCPoint@@@Z 0040ac10 f   mfc71u:MFC71U.DLL
 0001:00009c16       ?OnDragScroll@CView@@UAEKKVCPoint@@@Z 0040ac16 f   mfc71u:MFC71U.DLL
 0001:00009c1c       ?OnPrepareDC@CEditView@@UAEXPAVCDC@@PAUCPrintInfo@@@Z 0040ac1c f   mfc71u:MFC71U.DLL
 0001:00009c22       ?OnActivateView@CView@@MAEXHPAV1@0@Z 0040ac22 f   mfc71u:MFC71U.DLL
 0001:00009c28       ?OnActivateFrame@CView@@MAEXIPAVCFrameWnd@@@Z 0040ac28 f   mfc71u:MFC71U.DLL
 0001:00009c2e       ?OnUpdate@CView@@MAEXPAV1@JPAVCObject@@@Z 0040ac2e f   mfc71u:MFC71U.DLL
 0001:00009c34       ?OnPrint@CEditView@@MAEXPAVCDC@@PAUCPrintInfo@@@Z 0040ac34 f   mfc71u:MFC71U.DLL
 0001:00009c3a       ?OnEndPrintPreview@CView@@MAEXPAVCDC@@PAUCPrintInfo@@UtagPOINT@@PAVCPreviewView@@@Z 0040ac3a f   mfc71u:MFC71U.DLL
 0001:00009c40       ?DeleteContents@CEditView@@UAEXXZ 0040ac40 f   mfc71u:MFC71U.DLL
 0001:00009c46       ??0CDocument@@QAE@XZ       0040ac46 f   mfc71u:MFC71U.DLL
 0001:00009c4c       ??1CDocument@@UAE@XZ       0040ac4c f   mfc71u:MFC71U.DLL
 0001:00009c52       ?GetThisClass@CDocument@@SGPAUCRuntimeClass@@XZ 0040ac52 f   mfc71u:MFC71U.DLL
 0001:00009c58       ?GetThisMessageMap@CDocument@@KGPBUAFX_MSGMAP@@XZ 0040ac58 f   mfc71u:MFC71U.DLL
 0001:00009c5e       ?OnNewDocument@CDocument@@UAEHXZ 0040ac5e f   mfc71u:MFC71U.DLL
 0001:00009c64       ?IsKindOf@CObject@@QBEHPBUCRuntimeClass@@@Z 0040ac64 f   mfc71u:MFC71U.DLL
 0001:00009c70       ??0CFile@@QAE@XZ           0040ac70 f   mfc71u:MFC71U.DLL
 0001:00009c76       ??1CFile@@UAE@XZ           0040ac76 f   mfc71u:MFC71U.DLL
 0001:00009c80       ??0CArchive@@QAE@PAVCFile@@IHPAX@Z 0040ac80 f   mfc71u:MFC71U.DLL
 0001:00009c86       ??1CArchive@@QAE@XZ        0040ac86 f   mfc71u:MFC71U.DLL
 0001:00009c8c       ?Flush@CFile@@UAEXXZ       0040ac8c f   mfc71u:MFC71U.DLL
 0001:00009c92       ?Close@CFile@@UAEXXZ       0040ac92 f   mfc71u:MFC71U.DLL
 0001:00009c98       ?Delete@CException@@QAEXXZ 0040ac98 f   mfc71u:MFC71U.DLL
 0001:00009ca0       ?OnCloseDocument@CDocument@@UAEXXZ 0040aca0 f   mfc71u:MFC71U.DLL
 0001:00009cb0       ?GetActiveView@CFrameWnd@@QBEPAVCView@@XZ 0040acb0 f   mfc71u:MFC71U.DLL
 0001:00009cb6       ?BeginWaitCursor@CCmdTarget@@QAEXXZ 0040acb6 f   mfc71u:MFC71U.DLL
 0001:00009cbc       ?EndWaitCursor@CCmdTarget@@QAEXXZ 0040acbc f   mfc71u:MFC71U.DLL
 0001:00009cc2       ?OnCmdMsg@CDocument@@UAEHIHPAXPAUAFX_CMDHANDLERINFO@@@Z 0040acc2 f   mfc71u:MFC71U.DLL
 0001:00009cc8       ?OnFinalRelease@CDocument@@UAEXXZ 0040acc8 f   mfc71u:MFC71U.DLL
 0001:00009cce       ?GetFirstViewPosition@CDocument@@UBEPAU__POSITION@@XZ 0040acce f   mfc71u:MFC71U.DLL
 0001:00009cd4       ?GetNextView@CDocument@@UBEPAVCView@@AAPAU__POSITION@@@Z 0040acd4 f   mfc71u:MFC71U.DLL
 0001:00009cda       ?OnChangedViewList@CDocument@@UAEXXZ 0040acda f   mfc71u:MFC71U.DLL
 0001:00009ce0       ?DeleteContents@CDocument@@UAEXXZ 0040ace0 f   mfc71u:MFC71U.DLL
 0001:00009cf0       ?ReleaseFile@CDocument@@UAEXPAVCFile@@H@Z 0040acf0 f   mfc71u:MFC71U.DLL
 0001:00009cf6       ?CanCloseFrame@CDocument@@UAEHPAVCFrameWnd@@@Z 0040acf6 f   mfc71u:MFC71U.DLL
 0001:00009cfc       ?SaveModified@CDocument@@UAEHXZ 0040acfc f   mfc71u:MFC71U.DLL
 0001:00009d02       ?PreCloseFrame@CDocument@@UAEXPAVCFrameWnd@@@Z 0040ad02 f   mfc71u:MFC71U.DLL
 0001:00009d10       ?DoFileSave@CDocument@@UAEHXZ 0040ad10 f   mfc71u:MFC71U.DLL
 0001:00009d16       ?UpdateFrameCounts@CDocument@@UAEXXZ 0040ad16 f   mfc71u:MFC71U.DLL
 0001:00009d1c       ?GetDefaultMenu@CDocument@@UAEPAUHMENU__@@XZ 0040ad1c f   mfc71u:MFC71U.DLL
 0001:00009d22       ?GetDefaultAccelerator@CDocument@@UAEPAUHACCEL__@@XZ 0040ad22 f   mfc71u:MFC71U.DLL
 0001:00009d28       ?OnIdle@CDocument@@UAEXXZ  0040ad28 f   mfc71u:MFC71U.DLL
 0001:00009d2e       ?Create@CWnd@@UAEHPB_W0KABUtagRECT@@PAV1@IPAUCCreateContext@@@Z 0040ad2e f   mfc71u:MFC71U.DLL
[...]
   169 0001:00008b47   170 0001:00008b4d   172 0001:00008b4f   173 0001:00008b55
   175 0001:00008b57   176 0001:00008b5d   178 0001:00008b5f   179 0001:00008b65
   181 0001:00008b67   182 0001:00008b6d   184 0001:00008b6f   185 0001:00008b75
   187 0001:00008b7a   188 0001:00008b80   190 0001:00008b85   191 0001:00008b8b
   193 0001:00008b8d   194 0001:00008b99   197 0001:00008b9b   200 0001:00008b9d
   201 0001:00008ba0

Line numbers for \Dev\BookTwo\Disk\Release\SymbolEngine_Release.lib(d:\dev\booktwo\disk\jfx\jstring.cpp) segment .text

    17 0001:000075b8    21 0001:000075b8    23 0001:000075cb    26 0001:000075cc
    27 0001:000075cc    29 0001:000075df    34 0001:000075e0    33 0001:000075e0
    35 0001:000075e4    36 0001:000075e7    37 0001:000075ee    38 0001:000075f2
    39 0001:000075f5    95 0001:000075f6    94 0001:000075f6    97 0001:000075fc
    98 0001:00007603    99 0001:00007608   100 0001:0000760b   102 0001:0000760e
   111 0001:0000760f   112 0001:0000760f   113 0001:00007623   129 0001:00007624
   128 0001:00007624   131 0001:00007627   133 0001:00007631   135 0001:00007636
   136 0001:0000763b   139 0001:0000763d   142 0001:00007640   145 0001:00007649
   147 0001:0000764e   149 0001:00007654   152 0001:0000765b   153 0001:00007665
   154 0001:0000766f   156 0001:0000767b   159 0001:0000767d   161 0001:00007689
   163 0001:00007692   164 0001:00007694   169 0001:00007695   167 0001:00007695
   180 0001:000076a1   183 0001:000076aa   185 0001:000076b0   187 0001:000076b6
   190 0001:000076bd   191 0001:000076c7   192 0001:000076cf   194 0001:000076dc
   197 0001:000076de   199 0001:000076e9   171 0001:000076f1   173 0001:000076f6
   174 0001:000076fb   201 0001:00007700   202 0001:00007702   263 0001:00007703
   264 0001:00007703   266 0001:00007709   269 0001:0000770b   268 0001:0000770c
   269 0001:00007713   321 0001:00007714   322 0001:0000771a   324 0001:00007728
   327 0001:0000772e   329 0001:00007733   330 0001:00007738   333 0001:0000773b
   334 0001:00007744   336 0001:0000774b   338 0001:00007756   339 0001:00007765
   341 0001:0000776c   343 0001:0000776e   345 0001:0000777a   347 0001:00007782
   348 0001:0000778d   349 0001:00007790   352 0001:000077a2   354 0001:000077b2
   356 0001:000077b6   357 0001:000077b9   360 0001:000077bd   361 0001:000077c2
   363 0001:000077ca   366 0001:000077d0   368 0001:000077d5   369 0001:000077da
   372 0001:000077dd   373 0001:000077e7   375 0001:000077ee   377 0001:000077f9
   378 0001:00007806   380 0001:0000780d   382 0001:0000780f   384 0001:0000781b
   387 0001:00007823   388 0001:0000782e   389 0001:00007831   392 0001:00007841
   395 0001:00007851   397 0001:00007854   398 0001:00007858   527 0001:0000785c
   528 0001:0000785c   530 0001:00007862   532 0001:00007866   533 0001:0000786b

Line numbers for \Dev\BookTwo\Disk\Release\SymbolEngine_Release.lib(d:\dev\booktwo\disk\include\variableinfo.h) segment .text

    95 0001:000080a8    94 0001:000080a8    96 0001:000080b4    97 0001:000080bd
    98 0001:000080c3    99 0001:000080c9   100 0001:000080d2   101 0001:000080d8
   102 0001:000080e1   105 0001:000080ee   111 0001:000080fa   112 0001:000080fd
   115 0001:0000812f   123 0001:0000813d   124 0001:0000814f   130 0001:00008158

Line numbers for \Dev\BookTwo\Disk\Release\SymbolEngine_Release.lib(d:\dev\booktwo\disk\symbolengine\symbolengine.cpp) segment .text

    11 0001:000078eb    14 0001:00007907    16 0001:00007912    21 0001:0000791b
    23 0001:00007930    27 0001:00007938    30 0001:00007940    33 0001:0000794c
    35 0001:00007952    37 0001:00007954    41 0001:00007956    43 0001:0000795f
    45 0001:00007963    49 0001:0000796a    51 0001:00007976    60 0001:00007982
    63 0001:000079a0    68 0001:000079a7    73 0001:000079da    78 0001:000079e7
    81 0001:000079fd    83 0001:00007a09    84 0001:00007a19    89 0001:00007a2b
    93 0001:00007a36   100 0001:00007a43   101 0001:00007a5d   107 0001:00007a60
   109 0001:00007a67   110 0001:00007a6e   115 0001:00007a70   126 0001:00007a75
   130 0001:00007a92   132 0001:00007a96   138 0001:00007aa4   142 0001:00007ab2
   143 0001:00007acd    84 0001:00007ad4   149 0001:00007aec   164 0001:00007b05
   167 0001:00007b3b   170 0001:00007b44   180 0001:00007b54   183 0001:00007b8d
   184 0001:00007b8f   188 0001:00007b9e   190 0001:00007bac   198 0001:00007bb4
   206 0001:00007bce   209 0001:00007bd0   211 0001:00007be8   216 0001:00007bf5
   217 0001:00007bfa   222 0001:00007c11   227 0001:00007c26   231 0001:00007c38
   233 0001:00007c54   235 0001:00007c64   241 0001:00007c6f   245 0001:00007c91
   251 0001:00007ca4   255 0001:00007cb5   262 0001:00007cca   264 0001:00007ced
   269 0001:00007cfc   272 0001:00007d15   285 0001:00007d20   290 0001:00007d58
   292 0001:00007d6f   294 0001:00007d74   298 0001:00007d8b   300 0001:00007d9c
   308 0001:00007dbe   310 0001:00007dd4   316 0001:00007df1   324 0001:00007df6
   331 0001:00007dfc   335 0001:00007e0d   337 0001:00007e24   340 0001:00007e28
   342 0001:00007e37   345 0001:00007e45   346 0001:00007e48   357 0001:00007e4c
   363 0001:00007e59   371 0001:00007e79   372 0001:00007e7f   373 0001:00007e85
   374 0001:00007e8b   375 0001:00007e91   380 0001:00007e97   382 0001:00007eae
   383 0001:00007eb9   384 0001:00007ec5   387 0001:00007ed4   388 0001:00007ede
   390 0001:00007ee0   394 0001:00007ee2   396 0001:00007ef0   365 0001:00007ef5
   398 0001:00007ef9   408 0001:00007efd   402 0001:00007efd   410 0001:00007f21
   416 0001:00007f24   424 0001:00007f28   426 0001:00007f42   432 0001:00007f44
   435 0001:00007f4d   438 0001:00007f51   443 0001:00007f5c   445 0001:00007f81
   447 0001:00007f95   454 0001:00007f97   460 0001:00007f9a   461 0001:00007faf
   463 0001:00007fb4   465 0001:00007fbf   467 0001:00007fc7   469 0001:00007fc9
   474 0001:00007fd3   475 0001:00007fd8   530 0001:00007fda   532 0001:00007fdb
   534 0001:00007fe8   536 0001:00007fec   538 0001:00007ff9   539 0001:00007ffc
   546 0001:00007fff   547 0001:00008003   550 0001:0000800e   553 0001:0000801a
   559 0001:00008022   562 0001:00008037   566 0001:0000803b   567 0001:0000803c
   570 0001:00008047   573 0001:00008053   577 0001:0000805b   580 0001:00008069
   640 0001:0000806c   641 0001:00008070   644 0001:0000807b   647 0001:00008087
   653 0001:0000808f   656 0001:000080a4

Line numbers for \Dev\BookTwo\Disk\Release\SymbolEngine_Release.lib(d:\dev\booktwo\disk\symbolengine\symengwide.cpp) segment .text

   173 0001:0000786c   178 0001:0000786e   180 0001:00007883   182 0001:00007892
   184 0001:00007897   186 0001:0000789e   187 0001:000078a2   189 0001:000078a7
   191 0001:000078a8   202 0001:000078ab   204 0001:000078c8   207 0001:000078d4
   209 0001:000078e5   210 0001:000078e8

Line numbers for \Dev\BookTwo\Disk\Release\SymbolEngine_Release.lib(d:\dev\booktwo\disk\symbolengine\typedecoding.cpp) segment .text

    10 0001:00008159    15 0001:00008162    18 0001:00008182    19 0001:00008184
    27 0001:00008189    29 0001:000081aa    31 0001:000081af    34 0001:000081d4
    36 0001:000081d9    38 0001:000081de    39 0001:000081e3    41 0001:000081e8
    42 0001:000081ed    44 0001:000081f2    45 0001:000081f7    48 0001:000081fc
    50 0001:0000820a    52 0001:0000820f    54 0001:0000821d    56 0001:00008222
    58 0001:00008227    61 0001:0000822c    64 0001:00008231    65 0001:00008241
    67 0001:00008252    69 0001:00008257    71 0001:00008262    73 0001:0000826e
    75 0001:00008273    78 0001:00008278    80 0001:0000827a    81 0001:0000827f
    83 0001:00008281    84 0001:00008286    86 0001:00008288    87 0001:0000828d
    89 0001:0000828f    90 0001:00008294    31 0001:00008296   101 0001:000082ad
   102 0001:000082b2    98 0001:000082b4    99 0001:000082b9    95 0001:000082bb
    96 0001:000082c0    92 0001:000082c2    93 0001:000082c7   104 0001:000082c9
   105 0001:000082ce    31 0001:000082d0   116 0001:000082db   118 0001:000082e0
   113 0001:000082e2   114 0001:000082e7   110 0001:000082e9   111 0001:000082ee
   107 0001:000082f0   120 0001:00008300   121 0001:00008306   124 0001:00008334
   134 0001:00008336   137 0001:0000836e   138 0001:00008378   140 0001:00008388
   143 0001:0000838a   145 0001:0000838d   146 0001:00008390   149 0001:00008391
   150 0001:00008395   156 0001:0000839d   158 0001:000083b6   160 0001:000083bc
   161 0001:000083ca   162 0001:000083d3   165 0001:000083d9   168 0001:000083db
   172 0001:000083e6   182 0001:000083f2   184 0001:0000842b   187 0001:00008433
   192 0001:0000843b   195 0001:00008452   200 0001:0000845a   201 0001:0000846e
   207 0001:0000847d   211 0001:0000848c   212 0001:000084a5   216 0001:000084ae
   227 0001:000084c2   230 0001:000084ff   233 0001:0000850d   236 0001:0000851c
   237 0001:00008530   245 0001:0000853c   250 0001:00008575   256 0001:0000857b
   259 0001:0000859b   261 0001:000085aa   263 0001:000085b6   264 0001:000085c0
   269 0001:000085c7   271 0001:000085dc   273 0001:000085e7   276 0001:000085f5
   278 0001:00008600   279 0001:00008612   281 0001:0000861d   285 0001:0000862d
   261 0001:00008636   293 0001:00008643   295 0001:00008653   296 0001:00008668
   300 0001:00008684   301 0001:00008688   310 0001:0000868e   313 0001:000086c8
   314 0001:000086d0   316 0001:000086d3   317 0001:000086d8   320 0001:000086da
   327 0001:000086e2   329 0001:00008703   330 0001:00008711   331 0001:0000871a
   333 0001:0000871c   334 0001:0000871f   337 0001:00008721   341 0001:00008728
   350 0001:0000872e   353 0001:00008764   358 0001:00008768   360 0001:00008781
   361 0001:00008796   367 0001:0000879e   368 0001:000087aa   370 0001:000087ac
   372 0001:000087ba   375 0001:000087bc   378 0001:000087c0   381 0001:000087c2
   382 0001:000087c8   385 0001:000087de   390 0001:000087e2   392 0001:00008801
   393 0001:00008816   394 0001:00008821   396 0001:0000882b   397 0001:00008830
   400 0001:00008834   410 0001:0000883a   412 0001:00008872   417 0001:00008876
   419 0001:0000888e   420 0001:000088a0   421 0001:000088ab   424 0001:000088b4
   426 0001:000088bc   428 0001:000088be   432 0001:000088c2   435 0001:000088c4
   437 0001:000088c5   460 0001:000088ee   461 0001:000088f5   457 0001:000088f7
   458 0001:000088fc   454 0001:000088fe   455 0001:00008907   451 0001:00008909
   452 0001:00008910   442 0001:00008912   443 0001:0000891b   463 0001:0000891d
   464 0001:00008924   437 0001:00008926   479 0001:00008938   480 0001:00008940
   476 0001:00008942   477 0001:00008949   471 0001:0000894b   472 0001:00008952
   466 0001:00008954   484 0001:0000895d   485 0001:00008962

Line numbers for \Dev\BookTwo\Disk\Release\SymbolEngine_Release.lib(d:\dev\booktwo\disk\symbolengine\valuedecoding.cpp) segment .text

    14 0001:00008c2d    11 0001:00008c2d    29 0001:00008c42    33 0001:00008c45
    17 0001:00008c46    26 0001:00008c4c    33 0001:00008c56    20 0001:00008c57
    23 0001:00008c5c    36 0001:00008c61    44 0001:00008c7b    45 0001:00008c81
    46 0001:00008c84    59 0001:00008c8a    66 0001:00008ce9    72 0001:00008d05
    74 0001:00008d0d    76 0001:00008d10    77 0001:00008d12    79 0001:00008d35
    85 0001:00008d38    93 0001:00008d3b    99 0001:00008d4b   100 0001:00008d60
   101 0001:00008d69   106 0001:00008d6b   108 0001:00008d6f   114 0001:00008d76
   115 0001:00008d98   117 0001:00008da2   124 0001:00008da8   126 0001:00008dc5
   128 0001:00008dc7   130 0001:00008dd0   135 0001:00008dda   138 0001:00008ddc
   141 0001:00008de0   145 0001:00008df8   151 0001:00008e12   153 0001:00008e39
   155 0001:00008e3e   162 0001:00008e43   170 0001:00008e46   171 0001:00008e5b
   180 0001:00008e64   185 0001:00008e92   191 0001:00008e98   194 0001:00008eb8
   196 0001:00008ebd   203 0001:00008ec8   205 0001:00008ee2   207 0001:00008ee7
   209 0001:00008ef0   215 0001:00008ef4   196 0001:00008f0c   246 0001:00008f17
   250 0001:00008f1b   252 0001:00008f2a   217 0001:00008f2c   221 0001:00008f30
   223 0001:00008f3f   227 0001:00008f41   230 0001:00008f50   232 0001:00008f61
   234 0001:00008f6d   236 0001:00008f78   238 0001:00008f81   256 0001:00008f83
   258 0001:00008f92   262 0001:00008fa5   265 0001:00008fb8   267 0001:00008fcb
   271 0001:00008fdc   275 0001:00008ffb   282 0001:00009001   288 0001:00009008
   289 0001:0000901a   291 0001:00009023   295 0001:0000902f   297 0001:0000904a
   301 0001:0000904c   308 0001:00009064   310 0001:0000907b   312 0001:00009082
   313 0001:00009084   315 0001:000090aa   319 0001:000090b1   324 0001:000090b4
   330 0001:000090c0   331 0001:000090d5   332 0001:000090de   337 0001:000090e0
   340 0001:000090e4   346 0001:000090e9   347 0001:0000910b   349 0001:00009115
   356 0001:0000911b   359 0001:00009138   361 0001:0000913a   363 0001:00009143
   367 0001:0000914b   369 0001:0000914d   374 0001:00009161   377 0001:0000917a
   381 0001:00009189   383 0001:00009197   391 0001:0000919e   392 0001:000091a6
   397 0001:000091ac   398 0001:000091bc   400 0001:000091c0   401 0001:000091d4
   406 0001:000091d9   411 0001:000091e4   413 0001:000091f5   415 0001:000091f7
   418 0001:000091fc   420 0001:00009207   432 0001:0000920a   435 0001:00009224
   436 0001:00009227   439 0001:0000922b   441 0001:0000923a   443 0001:0000923d
   436 0001:0000923f   446 0001:00009244   448 0001:00009247   450 0001:00009252
   452 0001:00009254   455 0001:00009263   456 0001:00009274   457 0001:00009280
   459 0001:0000928b   461 0001:00009294   463 0001:00009299   465 0001:0000929c
   467 0001:000092a7   469 0001:000092a9   471 0001:000092b8   474 0001:000092c9
   478 0001:000092d7   482 0001:000092e0   484 0001:000092e7   488 0001:000092f8
   490 0001:00009305   494 0001:0000930a   497 0001:00009317   501 0001:0000931c
   619 0001:0000934c   620 0001:00009351   576 0001:00009356   590 0001:00009368
   593 0001:0000936e   595 0001:00009377   599 0001:0000937b   601 0001:00009381
   604 0001:00009386   606 0001:0000938b   610 0001:0000938f   612 0001:00009391
   616 0001:00009396   535 0001:0000939b   537 0001:000093af   539 0001:000093b3
   543 0001:000093be   548 0001:000093c3   550 0001:000093c8   556 0001:000093cf
   652 0001:000093d1   654 0001:000093d7   656 0001:000093dc   528 0001:000093e1
   530 0001:000093f1   532 0001:000093f6   515 0001:000093fb   519 0001:00009404
   504 0001:00009406   639 0001:0000940b   641 0001:00009410   643 0001:00009416
   645 0001:0000941b   647 0001:00009420   650 0001:00009425   658 0001:0000942a
   662 0001:0000942f   501 0001:00009434   722 0001:00009448   723 0001:0000944d
   718 0001:00009452   719 0001:00009457   714 0001:00009459   715 0001:0000945e
   710 0001:00009460   711 0001:00009465   706 0001:00009467   707 0001:0000946c
   665 0001:0000946e   667 0001:00009482   669 0001:00009486   673 0001:0000948d
   677 0001:00009492   678 0001:000094a9   680 0001:000094ab   682 0001:000094b4
   684 0001:000094be   686 0001:000094c3   693 0001:000094c5   695 0001:000094c9
   699 0001:000094d0   725 0001:000094d5   728 0001:000094e9   729 0001:000094ed

Line numbers for G:\VSNET\Vc7\atlmfc\lib\mfcs71u.lib(f:\vs70builds\3036\vc\mfcatl\ship\atlmfc\include\atlcore.h) segment .text

   114 0001:00009e42   116 0001:00009e43   117 0001:00009e52   129 0001:00009e56
   130 0001:00009e62   131 0001:00009e64   133 0001:00009e67   136 0001:00009e70
   138 0001:00009e81   143 0001:00009e9e   144 0001:00009ea0

Line numbers for G:\VSNET\Vc7\atlmfc\lib\mfcs71u.lib(f:\vs70builds\3036\vc\mfcatl\ship\atlmfc\src\mfc\appmodul.cpp) segment .text

    24 0001:0000a4d4    22 0001:0000a4d4    32 0001:0000a4d9    31 0001:0000a4d9
    33 0001:0000a4de    37 0001:0000a4e5    44 0001:0000a4ef    45 0001:0000a4f2
    66 0001:0000ade0

Line numbers for G:\VSNET\Vc7\lib\msvcrt.lib(F:\VS70Builds\3036\vc\crtbld\crt\src\intel\chkstk.asm) segment .text

    69 0001:0000a540    65 0001:0000a540    70 0001:0000a545    72 0001:0000a547
    73 0001:0000a549    74 0001:0000a54b    75 0001:0000a54e    76 0001:0000a550
    77 0001:0000a551    78 0001:0000a553    79 0001:0000a554    82 0001:0000a555
    83 0001:0000a556    88 0001:0000a55a    89 0001:0000a560    91 0001:0000a565
    93 0001:0000a567    94 0001:0000a56c    97 0001:0000a56e    98 0001:0000a570
   100 0001:0000a572   102 0001:0000a574   104 0001:0000a576   105 0001:0000a578
   107 0001:0000a57b   109 0001:0000a57c

Line numbers for G:\VSNET\Vc7\lib\msvcrt.lib(f:\vs70builds\3036\vc\crtbld\crt\src\atonexit.c) segment .text

    81 0001:0000a0c8    76 0001:0000a0c8    90 0001:0000a0ed    96 0001:0000a0ee
    95 0001:0000a0ee    97 0001:0000a0ff

Line numbers for G:\VSNET\Vc7\lib\msvcrt.lib(f:\vs70builds\3036\vc\crtbld\crt\src\merr.c) segment .text

    33 0001:0000a354    32 0001:0000a354    34 0001:0000a356

Line numbers for G:\VSNET\Vc7\lib\msvcrt.lib(f:\vs70builds\3036\vc\crtbld\crt\src\crtexe.c) segment .text

   202 0001:00009ea6   214 0001:00009eb2   222 0001:00009eb7   229 0001:00009f12
   234 0001:00009f15   244 0001:00009f1e   249 0001:00009f2c   250 0001:00009f3a
   257 0001:00009f48   264 0001:00009f54   273 0001:00009f59   282 0001:00009f5e
   283 0001:00009f66   286 0001:00009f72   305 0001:00009f77   308 0001:00009f86
   319 0001:00009f90   322 0001:00009f98   329 0001:00009fba   330 0001:00009fbe
   336 0001:00009fc6   345 0001:00009fd7   346 0001:00009fe6   347 0001:00009ff0
   353 0001:00009ff3   372 0001:0000a006   373 0001:0000a014   374 0001:0000a019
   376 0001:0000a01b   377 0001:0000a01e   390 0001:0000a02b   403 0001:0000a04b
   404 0001:0000a050   406 0001:0000a057   358 0001:0000a05f   366 0001:0000a070
   367 0001:0000a072   409 0001:0000a077   415 0001:0000a08e   417 0001:0000a091
   418 0001:0000a097   420 0001:0000a09e   424 0001:0000a0a8   425 0001:0000a0aa

Line numbers for G:\VSNET\Vc7\lib\msvcrt.lib(f:\vs70builds\3036\vc\crtbld\crt\src\dllargv.c) segment .text

    49 0001:0000a354    48 0001:0000a354    50 0001:0000a356

Line numbers for G:\VSNET\Vc7\lib\msvcrt.lib(f:\vs70builds\3036\vc\crtbld\crt\src\intel\fp8.c) segment .text

    19 0001:0000a342    18 0001:0000a342    20 0001:0000a353

Line numbers for G:\VSNET\Vc7\lib\msvcrt.lib(F:\VS70Builds\3036\vc\crtbld\crt\src\intel\llmul.asm) segment .text

    62 0001:0000a580    47 0001:0000a580    63 0001:0000a584    64 0001:0000a588
    65 0001:0000a58a    66 0001:0000a58e    68 0001:0000a590    69 0001:0000a594
    71 0001:0000a596    74 0001:0000a599    81 0001:0000a59a    82 0001:0000a59c
    84 0001:0000a59e    85 0001:0000a5a2    86 0001:0000a5a6    88 0001:0000a5a8
    89 0001:0000a5ac    90 0001:0000a5ae    92 0001:0000a5b0    94 0001:0000a5b1

Line numbers for G:\VSNET\Vc7\lib\msvcrt.lib(f:\vs70builds\3036\vc\crtbld\crt\src\secchk.c) segment .text

   114 0001:0000a158   116 0001:0000a164   117 0001:0000a168   119 0001:0000a175
   123 0001:0000a180   100 0001:0000a189   103 0001:0000a189   104 0001:0000a18f
   105 0001:0000a191   107 0001:0000a192

Line numbers for G:\VSNET\Vc7\lib\msvcrt.lib(f:\vs70builds\3036\vc\crtbld\crt\src\seccinit.c) segment .text

    49 0001:0000a364    58 0001:0000a36a    67 0001:0000a37b    70 0001:0000a385
    75 0001:0000a38b    76 0001:0000a393    77 0001:0000a39b    79 0001:0000a3a3
    93 0001:0000a3ad    94 0001:0000a3c8

Line numbers for G:\VSNET\Vc7\atlmfc\lib\atls.lib(f:\vs70builds\3036\vc\mfcatl\ship\atlmfc\src\atl\atls\atlbase.cpp) segment .text

    67 0001:0000a413    68 0001:0000a416    69 0001:0000a420    29 0001:0000a429
    32 0001:0000a444    36 0001:0000a449    38 0001:0000a46c    39 0001:0000a47d
    41 0001:0000a483    46 0001:0000a489    49 0001:0000a491    51 0001:0000a49f
    58 0001:0000a4a3    62 0001:0000a4bd    64 0001:0000a4c4   126 0001:0000adca

Line numbers for G:\VSNET\Vc7\atlmfc\lib\atls.lib(f:\vs70builds\3036\vc\mfcatl\ship\atlmfc\include\atlsimpcoll.h) segment .text

   173 0001:0000a3dc   174 0001:0000a3df   178 0001:0000a3e5   179 0001:0000a3eb
   181 0001:0000a3ef   182 0001:0000a3f3   183 0001:0000a3f8
