 XPExceptMonTests

 Timestamp is 3e4e59d0 (Sat Feb 15 10:16:32 2003)

 Preferred load address is 00400000

 Start         Length     Name                   Class
 0001:00000000 00000556H .text                   CODE
 0001:00000556 0000000aH .text$x                 CODE
 0002:00000000 00000080H .idata$5                DATA
 0002:00000080 000001c0H .rdata                  DATA
 0002:00000240 00000049H .rdata$debug            DATA
 0002:0000028c 00000044H .rdata$r                DATA
 0002:000002d0 00000008H .rdata$sxdata           DATA
 0002:000002d8 00000004H .rtc$IAA                DATA
 0002:000002dc 00000004H .rtc$IZZ                DATA
 0002:000002e0 00000004H .rtc$TAA                DATA
 0002:000002e4 00000004H .rtc$TZZ                DATA
 0002:000002e8 000000a4H .xdata$x                DATA
 0002:0000038c 00000028H .idata$2                DATA
 0002:000003b4 00000014H .idata$3                DATA
 0002:000003c8 00000080H .idata$4                DATA
 0002:00000448 000001f4H .idata$6                DATA
 0002:0000063c 00000000H .edata                  DATA
 0003:00000000 00000004H .CRT$XCA                DATA
 0003:00000004 00000004H .CRT$XCZ                DATA
 0003:00000008 00000004H .CRT$XIA                DATA
 0003:0000000c 00000004H .CRT$XIZ                DATA
 0003:00000010 00000044H .data                   DATA
 0003:00000054 0000001cH .bss                    DATA
 0004:00000000 00000058H .rsrc$01                DATA
 0004:00000060 000003a8H .rsrc$02                DATA

  Address         Publics by Value              Rva+Base     Lib:Object

 0000:00000000       __except_list              00000000     <absolute>
 0000:00000002       ___safe_se_handler_count   00000002     <absolute>
 0000:00009876       __fltused                  00009876     <absolute>
 0000:00009876       __ldused                   00009876     <absolute>
 0001:00000000       ?CPPException@@YAXXZ       00401000 f   XPExceptMonTests.obj
 0001:0000004c       ?Raised@@YAXXZ             0040104c f   XPExceptMonTests.obj
 0001:0000008a       ?Access@@YAXXZ             0040108a f   XPExceptMonTests.obj
 0001:000000c0       ?DoEmAll@@YAXXZ            004010c0 f   XPExceptMonTests.obj
 0001:000000cf       ?DaThread@@YGIPAX@Z        004010cf f   XPExceptMonTests.obj
 0001:000000e3       _wmain                     004010e3 f   XPExceptMonTests.obj
 0001:00000129       ??_Etype_info@@UAEPAXI@Z   00401129 f i MSVCRT:ti_inst.obj
 0001:00000174       _wmainCRTStartup           00401174 f   MSVCRT:wcrtexe.obj
 0001:0000030c       ??3@YAXPAX@Z               0040130c f   MSVCRT:MSVCR71.dll
 0001:00000312       ?__ArrayUnwind@@YGXPAXIHP6EX0@Z@Z 00401312 f   MSVCRT:ehvecdtr.obj
 0001:00000370       ??_M@YGXPAXIHP6EX0@Z@Z     00401370 f   MSVCRT:ehvecdtr.obj
 0001:000003d0       ??1type_info@@UAE@XZ       004013d0 f   MSVCRT:MSVCR71.dll
 0001:000003d6       __XcptFilter               004013d6 f   MSVCRT:MSVCR71.dll
 0001:000003dc       __amsg_exit                004013dc f   MSVCRT:MSVCR71.dll
 0001:000003e2       __onexit                   004013e2 f   MSVCRT:atonexit.obj
 0001:00000408       _atexit                    00401408 f   MSVCRT:atonexit.obj
 0001:0000041a       __RTC_Initialize           0040141a f   MSVCRT:initsect.obj
 0001:0000045e       __RTC_Terminate            0040145e f   MSVCRT:initsect.obj
 0001:000004a2       __initterm                 004014a2 f   MSVCRT:MSVCR71.dll
 0001:000004a8       __setdefaultprecision      004014a8 f   MSVCRT:fp8.obj
 0001:000004ba       __matherr                  004014ba f   MSVCRT:merr.obj
 0001:000004ba       __wsetargv                 004014ba f   MSVCRT:wdllargv.obj
 0001:000004c0       __SEH_prolog               004014c0 f   MSVCRT:sehprolg.obj
 0001:000004fb       __SEH_epilog               004014fb f   MSVCRT:sehprolg.obj
 0001:0000050c       __except_handler3          0040150c f   MSVCRT:MSVCR71.dll
 0001:00000512       ?terminate@@YAXXZ          00401512 f   MSVCRT:MSVCR71.dll
 0001:00000518       ___dllonexit               00401518 f   MSVCRT:MSVCR71.dll
 0001:0000051e       __controlfp                0040151e f   MSVCRT:MSVCR71.dll
 0001:00000524       ___CxxFrameHandler         00401524 f   MSVCRT:MSVCR71.dll
 0001:00000530       __EH_prolog                00401530 f   MSVCRT:ehprolog.obj
 0001:00000550       __CxxThrowException@8      00401550 f   MSVCRT:MSVCR71.dll
 0002:00000000       __imp__RaiseException@16   00402000     kernel32:KERNEL32.dll
 0002:00000004       __imp__LoadLibraryW@4      00402004     kernel32:KERNEL32.dll
 0002:00000008       __imp__WaitForSingleObject@8 00402008     kernel32:KERNEL32.dll
 0002:0000000c       __imp__CloseHandle@4       0040200c     kernel32:KERNEL32.dll
 0002:00000010       __imp__GetModuleHandleA@4  00402010     kernel32:KERNEL32.dll
 0002:00000014       \177KERNEL32_NULL_THUNK_DATA 00402014     kernel32:KERNEL32.dll
 0002:00000018       __imp___beginthreadex      00402018     MSVCRT:MSVCR71.dll
 0002:0000001c       __imp_??3@YAXPAX@Z         0040201c     MSVCRT:MSVCR71.dll
 0002:00000020       __imp_??1type_info@@UAE@XZ 00402020     MSVCRT:MSVCR71.dll
 0002:00000024       __imp___c_exit             00402024     MSVCRT:MSVCR71.dll
 0002:00000028       __imp___exit               00402028     MSVCRT:MSVCR71.dll
 0002:0000002c       __imp___XcptFilter         0040202c     MSVCRT:MSVCR71.dll
 0002:00000030       __imp___cexit              00402030     MSVCRT:MSVCR71.dll
 0002:00000034       __imp__exit                00402034     MSVCRT:MSVCR71.dll
 0002:00000038       __imp____p___winitenv      00402038     MSVCRT:MSVCR71.dll
 0002:0000003c       __imp__wprintf             0040203c     MSVCRT:MSVCR71.dll
 0002:00000040       __imp____wgetmainargs      00402040     MSVCRT:MSVCR71.dll
 0002:00000044       __imp___initterm           00402044     MSVCRT:MSVCR71.dll
 0002:00000048       __imp____setusermatherr    00402048     MSVCRT:MSVCR71.dll
 0002:0000004c       __imp___adjust_fdiv        0040204c     MSVCRT:MSVCR71.dll
 0002:00000050       __imp____p__commode        00402050     MSVCRT:MSVCR71.dll
 0002:00000054       __imp____p__fmode          00402054     MSVCRT:MSVCR71.dll
 0002:00000058       __imp____set_app_type      00402058     MSVCRT:MSVCR71.dll
 0002:0000005c       __imp___except_handler3    0040205c     MSVCRT:MSVCR71.dll
 0002:00000060       __imp_?terminate@@YAXXZ    00402060     MSVCRT:MSVCR71.dll
 0002:00000064       __imp____dllonexit         00402064     MSVCRT:MSVCR71.dll
 0002:00000068       __imp___onexit             00402068     MSVCRT:MSVCR71.dll
 0002:0000006c       __imp___controlfp          0040206c     MSVCRT:MSVCR71.dll
 0002:00000070       __imp___amsg_exit          00402070     MSVCRT:MSVCR71.dll
 0002:00000074       __imp____CxxFrameHandler   00402074     MSVCRT:MSVCR71.dll
 0002:00000078       __imp___CxxThrowException@8 00402078     MSVCRT:MSVCR71.dll
 0002:0000007c       \177MSVCR71_NULL_THUNK_DATA 0040207c     MSVCRT:MSVCR71.dll
 0002:000000a0       ??_7type_info@@6B@         004020a0     MSVCRT:ti_inst.obj
 0002:000000f4       ??_C@_1CA@GIDKLHPI@?$AAX?$AAP?$AAE?$AAx?$AAc?$AAe?$AAp?$AAt?$AAM?$AAo?$AAn?$AA?4?$AAd?$AAl?$AAl?$AA?$AA@ 004020f4     XPExceptMonTests.obj
 0002:00000114       ??_C@_1DE@HGEBLOJH@?$AAA?$AAt?$AAe?$AA?5?$AAa?$AAn?$AA?5?$AAa?$AAc?$AAc?$AAe?$AAs?$AAs?$AA?5?$AAv?$AAi?$AAo?$AAl?$AAa?$AAt@ 00402114     XPExceptMonTests.obj
 0002:00000148       ??_C@_1DO@GNJBLOHJ@?$AAC?$AAa?$AAu?$AAg?$AAh?$AAt?$AA?5?$AAa?$AA?5?$AAR?$AAa?$AAi?$AAs?$AAe?$AAE?$AAx?$AAc?$AAe?$AAp?$AAt@ 00402148     XPExceptMonTests.obj
 0002:00000188       ??_C@_1CE@NMPCOCPF@?$AAD?$AAi?$AAd?$AA?5?$AAa?$AA?5?$AAC?$AA?$CL?$AA?$CL?$AA?5?$AAc?$AAa?$AAt?$AAc?$AAh?$AA?4?$AA?6?$AA?$AA@ 00402188     XPExceptMonTests.obj
 0002:000001ac       ??_C@_1CI@NBPGMBGI@?$AAT?$AAh?$AAi?$AAs?$AA?5?$AAi?$AAs?$AA?5?$AAa?$AA?5?$AAs?$AAt?$AAr?$AAi?$AAn?$AAg?$AA?4?$AA?4?$AA?4?$AA?$AA@ 004021ac     XPExceptMonTests.obj
 0002:000001f8       __load_config_used         004021f8     MSVCRT:loadcfg.obj
 0002:0000028c       ??_R1A@?0A@A@type_info@@8  0040228c     MSVCRT:ti_inst.obj
 0002:000002a4       ??_R2type_info@@8          004022a4     MSVCRT:ti_inst.obj
 0002:000002ac       ??_R3type_info@@8          004022ac     MSVCRT:ti_inst.obj
 0002:000002bc       ??_R4type_info@@6B@        004022bc     MSVCRT:ti_inst.obj
 0002:000002d0       ___safe_se_handler_table   004022d0     <linker-defined>
 0002:000002d8       ___rtc_iaa                 004022d8     MSVCRT:initsect.obj
 0002:000002dc       ___rtc_izz                 004022dc     MSVCRT:initsect.obj
 0002:000002e0       ___rtc_taa                 004022e0     MSVCRT:initsect.obj
 0002:000002e4       ___rtc_tzz                 004022e4     MSVCRT:initsect.obj
 0002:000002e8       __TI2PAG                   004022e8     XPExceptMonTests.obj
 0002:000002f8       __CTA2PAG                  004022f8     XPExceptMonTests.obj
 0002:00000304       __CT??_R0PAX@84            00402304     XPExceptMonTests.obj
 0002:00000320       __CT??_R0PAG@84            00402320     XPExceptMonTests.obj
 0002:0000038c       __IMPORT_DESCRIPTOR_KERNEL32 0040238c     kernel32:KERNEL32.dll
 0002:000003a0       __IMPORT_DESCRIPTOR_MSVCR71 004023a0     MSVCRT:MSVCR71.dll
 0002:000003b4       __NULL_IMPORT_DESCRIPTOR   004023b4     kernel32:KERNEL32.dll
 0003:00000000       ___xc_a                    00403000     MSVCRT:cinitexe.obj
 0003:00000004       ___xc_z                    00403004     MSVCRT:cinitexe.obj
 0003:00000008       ___xi_a                    00403008     MSVCRT:cinitexe.obj
 0003:0000000c       ___xi_z                    0040300c     MSVCRT:cinitexe.obj
 0003:00000010       ??_R0?AVtype_info@@@8      00403010     MSVCRT:ti_inst.obj
 0003:00000028       ___defaultmatherr          00403028     MSVCRT:merr.obj
 0003:0000002c       ??_R0PAX@8                 0040302c     XPExceptMonTests.obj
 0003:0000003c       ??_R0PAG@8                 0040303c     XPExceptMonTests.obj
 0003:00000050       ___security_cookie         00403050     MSVCRT:seccook.obj
 0003:00000054       __dowildcard               00403054     MSVCRT:wildcard.obj
 0003:00000058       __newmode                  00403058     MSVCRT:_newmode.obj
 0003:0000005c       __commode                  0040305c     MSVCRT:xncommod.obj
 0003:00000060       __fmode                    00403060     MSVCRT:xtxtmode.obj
 0003:00000064       __adjust_fdiv              00403064     <common>
 0003:00000068       ___onexitend               00403068     <common>
 0003:0000006c       ___onexitbegin             0040306c     <common>

 entry point at        0001:00000174

 Static symbols

 0001:0000002b       $L19946                    0040102b f    CIL library: CIL module
 0001:00000556       __ehhandler$?CPPException@@YAXXZ 00401556 f    CIL library: CIL module

Line numbers for .\Release\XPExceptMonTests.obj(d:\dev\booktwo\disk\xpexceptmon\tests\xpexceptmontests\xpexceptmontests.cpp) segment .text

     8 0001:00000000    10 0001:0000000c    11 0001:00000016    15 0001:0000002b
    16 0001:00000037    17 0001:0000003d    20 0001:0000004c    21 0001:00000058
    23 0001:0000005d    25 0001:0000006d    27 0001:00000074    29 0001:00000084
    32 0001:0000008a    33 0001:00000096    35 0001:0000009b    36 0001:0000009e
    38 0001:000000a3    40 0001:000000aa    42 0001:000000ba    46 0001:000000c0
    45 0001:000000c0    47 0001:000000c5    48 0001:000000ca    52 0001:000000cf
    53 0001:000000cf    54 0001:000000d4    55 0001:000000d9    56 0001:000000de
    57 0001:000000e0    60 0001:000000e3    61 0001:000000e4    62 0001:000000ef
    70 0001:000000f4    71 0001:0000010f    72 0001:00000114    73 0001:0000011d
    75 0001:00000125

Line numbers for G:\VSNET\Vc7\lib\MSVCRT.lib(f:\vs70builds\3036\vc\crtbld\crt\src\atonexit.c) segment .text

    81 0001:000003e2    76 0001:000003e2    90 0001:00000407    96 0001:00000408
    95 0001:00000408    97 0001:00000419

Line numbers for G:\VSNET\Vc7\lib\MSVCRT.lib(f:\vs70builds\3036\vc\crtbld\crt\src\merr.c) segment .text

    33 0001:000004ba    32 0001:000004ba    34 0001:000004bc

Line numbers for G:\VSNET\Vc7\lib\MSVCRT.lib(f:\vs70builds\3036\vc\crtbld\crt\src\crtexe.c) segment .text

   202 0001:00000174   222 0001:00000180   229 0001:000001db   236 0001:000001de
   244 0001:000001e7   249 0001:000001f5   250 0001:00000203   257 0001:00000211
   264 0001:0000021d   273 0001:00000222   282 0001:00000227   283 0001:0000022f
   286 0001:0000023b   305 0001:00000240   308 0001:0000024f   319 0001:00000259
   322 0001:00000261   329 0001:00000283   330 0001:00000287   336 0001:0000028f
   394 0001:0000029e   395 0001:000002a9   403 0001:000002bf   404 0001:000002c4
   406 0001:000002cb   409 0001:000002d3   415 0001:000002ea   417 0001:000002ed
   418 0001:000002f3   420 0001:000002fa   424 0001:00000304   425 0001:00000306

Line numbers for G:\VSNET\Vc7\lib\MSVCRT.lib(f:\vs70builds\3036\vc\crtbld\crt\src\dllargv.c) segment .text

    49 0001:000004ba    48 0001:000004ba    50 0001:000004bc

Line numbers for G:\VSNET\Vc7\lib\MSVCRT.lib(f:\vs70builds\3036\vc\crtbld\crt\src\intel\fp8.c) segment .text

    19 0001:000004a8    18 0001:000004a8    20 0001:000004b9
